
> api@1.0.0 test:ci
> jest --ci --runInBand --forceExit --detectOpenHandles --config jest.config.js

node.exe : warn The configuration property `package.json#prisma` is deprecated and will be removed in Prisma 7. Please migrate to a Prisma config file (e.g., 
`prisma.config.ts`).
At C:\Program Files\nodejs\npm.ps1:29 char:3
+   & $NODE_EXE $NPM_CLI_JS $args
+   ~~~~~~~~~~~~~~~~~~~~~~~~~~~~~
    + CategoryInfo          : NotSpecified: (warn The config...ma.config.ts`).:String) [], RemoteException
    + FullyQualifiedErrorId : NativeCommandError
 
For more information, see: https://pris.ly/prisma-config

Loaded Prisma config from prisma.config.ts.

warn The Prisma config file in prisma.config.ts overrides the deprecated `package.json#prisma` property in package.json.
  For more information, see: https://pris.ly/prisma-config

Prisma config detected, skipping environment variable loading.
Prisma schema loaded from prisma\schema.prisma
Datasource "db": PostgreSQL database "param_adventures", schema "public" at "localhost:5433"

57 migrations found in prisma/migrations


No pending migrations to apply.
FAIL tests/unit/user.service.test.ts (8.697 s)
  UserService
    getUserWithPermissions
      ΓêÜ should fetch user with roles and permissions (10 ms)
      ΓêÜ should return null if user not found (2 ms)
      ΓêÜ should handle user with no roles (4 ms)
      ΓêÜ should deduplicate permissions from multiple roles (2 ms)
    hasPermission
      ΓêÜ should return true if user has the permission (1 ms)
      ΓêÜ should return false if user does not have the permission (1 ms)
      ΓêÜ should return false if user not found (3 ms)
    updateProfile
      ├ù should update user profile with all fields (12 ms)
      ΓêÜ should log audit trail after profile update (4 ms)
      ΓêÜ should handle partial profile updates (9 ms)
      ΓêÜ should convert age to number if provided (2 ms)
      ΓêÜ should set age to null if not provided (1 ms)
      ΓêÜ should handle avatar image update (2 ms)
      ΓêÜ should propagate errors from database (6 ms)
      ΓêÜ should handle complex preferences object (1 ms)

  ΓùÅ UserService ΓÇ║ updateProfile ΓÇ║ should update user profile with all fields

    expect(jest.fn()).toHaveBeenCalledWith(...expected)

    - Expected
    + Received

    @@ -1,10 +1,14 @@
      Object {
        "data": Object {
          "address": "456 New St",
          "age": 30,
    -     "avatarImageId": "img-456",
    +     "avatarImage": Object {
    +       "connect": Object {
    +         "id": "img-456",
    +       },
    +     },
          "bio": "Updated bio",
          "gender": "FEMALE",
          "name": "Updated Name",
          "nickname": "NewNick",
          "phoneNumber": "+9876543210",,

    Number of calls: 1

    [0m [90m 297 |[39m
     [90m 298 |[39m       expect(result)[33m.[39mtoEqual(mockUpdatedUser)[33m;[39m
    [31m[1m>[22m[39m[90m 299 |[39m       expect(prisma[33m.[39muser[33m.[39mupdate)[33m.[39mtoHaveBeenCalledWith({
     [90m     |[39m                                  [31m[1m^[22m[39m
     [90m 300 |[39m         where[33m:[39m { id[33m:[39m [32m"user-123"[39m }[33m,[39m
     [90m 301 |[39m         data[33m:[39m {
     [90m 302 |[39m           name[33m:[39m [32m"Updated Name"[39m[33m,[39m[0m

      at Object.<anonymous> (tests/unit/user.service.test.ts:299:34)

warn The configuration property `package.json#prisma` is deprecated and will be removed in Prisma 7. Please migrate to a Prisma config file (e.g., 
`prisma.config.ts`).
For more information, see: https://pris.ly/prisma-config

Loaded Prisma config from prisma.config.ts.

warn The Prisma config file in prisma.config.ts overrides the deprecated `package.json#prisma` property in package.json.
  For more information, see: https://pris.ly/prisma-config

Prisma config detected, skipping environment variable loading.
Prisma schema loaded from prisma\schema.prisma
Datasource "db": PostgreSQL database "param_adventures", schema "public" at "localhost:5433"

57 migrations found in prisma/migrations


No pending migrations to apply.
  console.error
    Failed to enqueue notification: TypeError: Cannot read properties of undefined (reading 'title')
        at C:\Users\akash\Documents\Param_Adventures_Phase1\apps\api\src\services\booking.service.ts:59:37
        at BookingService.createBooking (C:\Users\akash\Documents\Param_Adventures_Phase1\apps\api\src\services\booking.service.ts:69:7)
        at Object.<anonymous> (C:\Users\akash\Documents\Param_Adventures_Phase1\apps\api\tests\unit\booking.service.test.ts:63:22)

    [0m [90m 65 |[39m         })[33m;[39m
     [90m 66 |[39m       } [36mcatch[39m (err) {
    [31m[1m>[22m[39m[90m 67 |[39m         console[33m.[39merror([32m"Failed to enqueue notification:"[39m[33m,[39m err)[33m;[39m
     [90m    |[39m                 [31m[1m^[22m[39m
     [90m 68 |[39m       }
     [90m 69 |[39m     })()[33m;[39m
     [90m 70 |[39m[0m

      at src/services/booking.service.ts:67:17
      at BookingService.createBooking (src/services/booking.service.ts:69:7)
      at Object.<anonymous> (tests/unit/booking.service.test.ts:63:22)

FAIL tests/unit/booking.service.test.ts
  BookingService
    createBooking
      ├ù should create a booking successfully (65 ms)
      ΓêÜ should throw error if trip not found (2 ms)
      ΓêÜ should throw error if trip is not published (2 ms)
    cancelBooking
      ΓêÜ should cancel a booking successfully (6 ms)
      ΓêÜ should throw error if unauthorized (1 ms)

  ΓùÅ BookingService ΓÇ║ createBooking ΓÇ║ should create a booking successfully

    expect(jest.fn()).toHaveBeenCalled()

    Expected number of calls: >= 1
    Received number of calls:    0

    [0m [90m 66 |[39m       expect(result[33m.[39mtotalPrice)[33m.[39mtoBe([35m200[39m)[33m;[39m
     [90m 67 |[39m       expect(prismaMock[33m.[39mbooking[33m.[39mcreate)[33m.[39mtoHaveBeenCalled()[33m;[39m
    [31m[1m>[22m[39m[90m 68 |[39m       expect(notificationQueue[33m.[39madd)[33m.[39mtoHaveBeenCalled()[33m;[39m
     [90m    |[39m                                     [31m[1m^[22m[39m
     [90m 69 |[39m     })[33m;[39m
     [90m 70 |[39m
     [90m 71 |[39m     it([32m"should throw error if trip not found"[39m[33m,[39m [36masync[39m () [33m=>[39m {[0m

      at Object.<anonymous> (tests/unit/booking.service.test.ts:68:37)

warn The configuration property `package.json#prisma` is deprecated and will be removed in Prisma 7. Please migrate to a Prisma config file (e.g., 
`prisma.config.ts`).
For more information, see: https://pris.ly/prisma-config

Loaded Prisma config from prisma.config.ts.

warn The Prisma config file in prisma.config.ts overrides the deprecated `package.json#prisma` property in package.json.
  For more information, see: https://pris.ly/prisma-config

Prisma config detected, skipping environment variable loading.
Prisma schema loaded from prisma\schema.prisma
Datasource "db": PostgreSQL database "param_adventures", schema "public" at "localhost:5433"

57 migrations found in prisma/migrations


No pending migrations to apply.
  console.log
    Sentry Disabled (No DSN)

      at Object.<anonymous> (src/instrument.ts:7:11)

  console.log
    Param Adventures API: Sentry Instrumented ≡ƒö¡

      at Object.<anonymous> (src/instrument.ts:20:9)

2026-01-28 12:27:27 [33mwarn[39m: Google OAuth credentials missing. Social login disabled.
  console.log
    --> Backend Initialized (v1.2.0) - Restore Route Active <--

      at Object.<anonymous> (src/app.ts:52:9)

2026-01-28 12:27:29 [31merror[39m: Failed to check token denylist
  console.log
    prisma:info Starting a postgresql pool with 25 connections.

      at Object.zc (../../node_modules/@prisma/internals/src/logger.ts:13:11)

  console.log
    prisma:query SELECT "public"."User"."id", "public"."User"."email", "public"."User"."password", "public"."User"."name", "public"."User"."nickname", "public"."User"."bio", "public"."User"."age", "public"."User"."gender"::text, "public"."User"."phoneNumber", "public"."User"."address", "public"."User"."status"::text, "public"."User"."statusReason", "public"."User"."preferences", "public"."User"."googleId", "public"."User"."avatarUrl", "public"."User"."createdAt", "public"."User"."updatedAt", "public"."User"."avatarImageId", "public"."User"."deletedAt" FROM "public"."User" WHERE ("public"."User"."id" = $1 AND 1=1) LIMIT $2 OFFSET $3

      at Object.zc (../../node_modules/@prisma/internals/src/logger.ts:13:11)

  console.log
    prisma:query SELECT "public"."UserRole"."userId", "public"."UserRole"."roleId" FROM "public"."UserRole" WHERE "public"."UserRole"."userId" IN ($1) OFFSET $2

      at Object.zc (../../node_modules/@prisma/internals/src/logger.ts:13:11)

  console.log
    prisma:query SELECT "public"."Role"."id", "public"."Role"."name", "public"."Role"."description", "public"."Role"."isSystem", "public"."Role"."createdAt" FROM "public"."Role" WHERE "public"."Role"."id" IN ($1) OFFSET $2

      at Object.zc (../../node_modules/@prisma/internals/src/logger.ts:13:11)

  console.log
    prisma:query SELECT "public"."RolePermission"."roleId", "public"."RolePermission"."permissionId" FROM "public"."RolePermission" WHERE "public"."RolePermission"."roleId" IN ($1) OFFSET $2

      at Object.zc (../../node_modules/@prisma/internals/src/logger.ts:13:11)

2026-01-28 12:27:29 [32minfo[39m: ::ffff:127.0.0.1 - - [28/Jan/2026:06:57:29 +0000] "GET /api/v1/users/profile HTTP/1.1" 200 125 "-" "-"
2026-01-28 12:27:29 [32minfo[39m: ::ffff:127.0.0.1 - - [28/Jan/2026:06:57:29 +0000] "GET /api/v1/users/profile HTTP/1.1" 401 25 "-" "-"
  console.error
    Auth Fail JsonWebTokenError {
      name: 'JsonWebTokenError',
      message: 'jwt malformed'
    }

    [0m [90m 153 |[39m     next()[33m;[39m
     [90m 154 |[39m   } [36mcatch[39m (err) {
    [31m[1m>[22m[39m[90m 155 |[39m     console[33m.[39merror([32m"Auth Fail"[39m[33m,[39m err)[33m;[39m
     [90m     |[39m             [31m[1m^[22m[39m
     [90m 156 |[39m     [36mreturn[39m res[33m.[39mstatus([35m401[39m)[33m.[39mjson({ error[33m:[39m [32m"Invalid token"[39m })[33m;[39m
     [90m 157 |[39m   }
     [90m 158 |[39m }[0m

      at requireAuth (src/middlewares/auth.middleware.ts:155:13)
      at Layer.handleRequest (../../node_modules/router/lib/layer.js:152:17)
      at next (../../node_modules/router/lib/route.js:157:13)
      at Route.dispatch (../../node_modules/router/lib/route.js:117:3)
      at handle (../../node_modules/router/index.js:435:11)
      at Layer.handleRequest (../../node_modules/router/lib/layer.js:152:17)
      at ../../node_modules/router/index.js:295:15
      at processParams (../../node_modules/router/index.js:582:12)
      at next (../../node_modules/router/index.js:291:5)
      at Function.handle (../../node_modules/router/index.js:186:3)
      at router (../../node_modules/router/index.js:60:12)
      at Layer.handleRequest (../../node_modules/router/lib/layer.js:152:17)
      at trimPrefix (../../node_modules/router/index.js:342:13)
      at ../../node_modules/router/index.js:297:9
      at processParams (../../node_modules/router/index.js:582:12)
      at next (../../node_modules/router/index.js:291:5)
      at ../../node_modules/express-rate-limit/dist/index.cjs:942:7
      at ../../node_modules/express-rate-limit/dist/index.cjs:825:5

2026-01-28 12:27:29 [32minfo[39m: ::ffff:127.0.0.1 - - [28/Jan/2026:06:57:29 +0000] "GET /api/v1/users/profile HTTP/1.1" 401 25 "-" "-"
2026-01-28 12:27:29 [31merror[39m: Failed to check token denylist
  console.log
    prisma:query SELECT "public"."User"."id", "public"."User"."email", "public"."User"."password", "public"."User"."name", "public"."User"."nickname", "public"."User"."bio", "public"."User"."age", "public"."User"."gender"::text, "public"."User"."phoneNumber", "public"."User"."address", "public"."User"."status"::text, "public"."User"."statusReason", "public"."User"."preferences", "public"."User"."googleId", "public"."User"."avatarUrl", "public"."User"."createdAt", "public"."User"."updatedAt", "public"."User"."avatarImageId", "public"."User"."deletedAt" FROM "public"."User" WHERE ("public"."User"."id" = $1 AND 1=1) LIMIT $2 OFFSET $3

      at Object.zc (../../node_modules/@prisma/internals/src/logger.ts:13:11)

  console.log
    prisma:query SELECT "public"."UserRole"."userId", "public"."UserRole"."roleId" FROM "public"."UserRole" WHERE "public"."UserRole"."userId" IN ($1) OFFSET $2

      at Object.zc (../../node_modules/@prisma/internals/src/logger.ts:13:11)

  console.log
    prisma:query SELECT "public"."Role"."id", "public"."Role"."name", "public"."Role"."description", "public"."Role"."isSystem", "public"."Role"."createdAt" FROM "public"."Role" WHERE "public"."Role"."id" IN ($1) OFFSET $2

      at Object.zc (../../node_modules/@prisma/internals/src/logger.ts:13:11)

  console.log
    prisma:query SELECT "public"."RolePermission"."roleId", "public"."RolePermission"."permissionId" FROM "public"."RolePermission" WHERE "public"."RolePermission"."roleId" IN ($1) OFFSET $2

      at Object.zc (../../node_modules/@prisma/internals/src/logger.ts:13:11)

  console.log
    prisma:query BEGIN

      at Object.zc (../../node_modules/@prisma/internals/src/logger.ts:13:11)

  console.log
    prisma:query UPDATE "public"."User" SET "name" = $1, "nickname" = $2, "bio" = $3, "age" = $4, "gender" = CAST($5::text AS "public"."Gender"), "phoneNumber" = $6, "address" = $7, "preferences" = $8, "updatedAt" = $9 WHERE ("public"."User"."id" = $10 AND 1=1) RETURNING "public"."User"."id", "public"."User"."email", "public"."User"."password", "public"."User"."name", "public"."User"."nickname", "public"."User"."bio", "public"."User"."age", "public"."User"."gender"::text, "public"."User"."phoneNumber", "public"."User"."address", "public"."User"."status"::text, "public"."User"."statusReason", "public"."User"."preferences", "public"."User"."googleId", "public"."User"."avatarUrl", "public"."User"."createdAt", "public"."User"."updatedAt", "public"."User"."avatarImageId", "public"."User"."deletedAt"

      at Object.zc (../../node_modules/@prisma/internals/src/logger.ts:13:11)

  console.log
    prisma:query SELECT "public"."User"."id", "public"."User"."email", "public"."User"."password", "public"."User"."name", "public"."User"."nickname", "public"."User"."bio", "public"."User"."age", "public"."User"."gender"::text, "public"."User"."phoneNumber", "public"."User"."address", "public"."User"."status"::text, "public"."User"."statusReason", "public"."User"."preferences", "public"."User"."googleId", "public"."User"."avatarUrl", "public"."User"."createdAt", "public"."User"."updatedAt", "public"."User"."avatarImageId", "public"."User"."deletedAt" FROM "public"."User" WHERE "public"."User"."id" = $1 LIMIT $2 OFFSET $3

      at Object.zc (../../node_modules/@prisma/internals/src/logger.ts:13:11)

  console.log
    prisma:query COMMIT

      at Object.zc (../../node_modules/@prisma/internals/src/logger.ts:13:11)

  console.log
    prisma:query INSERT INTO "public"."AuditLog" ("id","actorId","action","targetType","targetId","metadata","createdAt") VALUES ($1,$2,CAST($3::text AS "public"."AuditAction"),$4,$5,$6,$7) RETURNING "public"."AuditLog"."id", "public"."AuditLog"."actorId", "public"."AuditLog"."action"::text, "public"."AuditLog"."targetType", "public"."AuditLog"."targetId", "public"."AuditLog"."metadata", "public"."AuditLog"."createdAt"

      at Object.zc (../../node_modules/@prisma/internals/src/logger.ts:13:11)

2026-01-28 12:27:30 [32minfo[39m: ::ffff:127.0.0.1 - - [28/Jan/2026:06:57:30 +0000] "PATCH /api/v1/users/profile HTTP/1.1" 200 622 "-" "-"
2026-01-28 12:27:30 [31merror[39m: Failed to check token denylist
  console.log
    prisma:query SELECT "public"."User"."id", "public"."User"."email", "public"."User"."password", "public"."User"."name", "public"."User"."nickname", "public"."User"."bio", "public"."User"."age", "public"."User"."gender"::text, "public"."User"."phoneNumber", "public"."User"."address", "public"."User"."status"::text, "public"."User"."statusReason", "public"."User"."preferences", "public"."User"."googleId", "public"."User"."avatarUrl", "public"."User"."createdAt", "public"."User"."updatedAt", "public"."User"."avatarImageId", "public"."User"."deletedAt" FROM "public"."User" WHERE ("public"."User"."id" = $1 AND 1=1) LIMIT $2 OFFSET $3

      at Object.zc (../../node_modules/@prisma/internals/src/logger.ts:13:11)

  console.log
    prisma:query SELECT "public"."UserRole"."userId", "public"."UserRole"."roleId" FROM "public"."UserRole" WHERE "public"."UserRole"."userId" IN ($1) OFFSET $2

      at Object.zc (../../node_modules/@prisma/internals/src/logger.ts:13:11)

  console.log
    prisma:query SELECT "public"."Role"."id", "public"."Role"."name", "public"."Role"."description", "public"."Role"."isSystem", "public"."Role"."createdAt" FROM "public"."Role" WHERE "public"."Role"."id" IN ($1) OFFSET $2

      at Object.zc (../../node_modules/@prisma/internals/src/logger.ts:13:11)

  console.log
    prisma:query SELECT "public"."RolePermission"."roleId", "public"."RolePermission"."permissionId" FROM "public"."RolePermission" WHERE "public"."RolePermission"."roleId" IN ($1) OFFSET $2

      at Object.zc (../../node_modules/@prisma/internals/src/logger.ts:13:11)

  console.log
    prisma:query BEGIN

      at Object.zc (../../node_modules/@prisma/internals/src/logger.ts:13:11)

  console.log
    prisma:query UPDATE "public"."User" SET "bio" = $1, "updatedAt" = $2 WHERE ("public"."User"."id" = $3 AND 1=1) RETURNING "public"."User"."id", "public"."User"."email", "public"."User"."password", "public"."User"."name", "public"."User"."nickname", "public"."User"."bio", "public"."User"."age", "public"."User"."gender"::text, "public"."User"."phoneNumber", "public"."User"."address", "public"."User"."status"::text, "public"."User"."statusReason", "public"."User"."preferences", "public"."User"."googleId", "public"."User"."avatarUrl", "public"."User"."createdAt", "public"."User"."updatedAt", "public"."User"."avatarImageId", "public"."User"."deletedAt"

      at Object.zc (../../node_modules/@prisma/internals/src/logger.ts:13:11)

  console.log
    prisma:query SELECT "public"."User"."id", "public"."User"."email", "public"."User"."password", "public"."User"."name", "public"."User"."nickname", "public"."User"."bio", "public"."User"."age", "public"."User"."gender"::text, "public"."User"."phoneNumber", "public"."User"."address", "public"."User"."status"::text, "public"."User"."statusReason", "public"."User"."preferences", "public"."User"."googleId", "public"."User"."avatarUrl", "public"."User"."createdAt", "public"."User"."updatedAt", "public"."User"."avatarImageId", "public"."User"."deletedAt" FROM "public"."User" WHERE "public"."User"."id" = $1 LIMIT $2 OFFSET $3

      at Object.zc (../../node_modules/@prisma/internals/src/logger.ts:13:11)

  console.log
    prisma:query COMMIT

      at Object.zc (../../node_modules/@prisma/internals/src/logger.ts:13:11)

  console.log
    prisma:query INSERT INTO "public"."AuditLog" ("id","actorId","action","targetType","targetId","metadata","createdAt") VALUES ($1,$2,CAST($3::text AS "public"."AuditAction"),$4,$5,$6,$7) RETURNING "public"."AuditLog"."id", "public"."AuditLog"."actorId", "public"."AuditLog"."action"::text, "public"."AuditLog"."targetType", "public"."AuditLog"."targetId", "public"."AuditLog"."metadata", "public"."AuditLog"."createdAt"

      at Object.zc (../../node_modules/@prisma/internals/src/logger.ts:13:11)

2026-01-28 12:27:30 [32minfo[39m: ::ffff:127.0.0.1 - - [28/Jan/2026:06:57:30 +0000] "PATCH /api/v1/users/profile HTTP/1.1" 200 622 "-" "-"
2026-01-28 12:27:30 [31merror[39m: Failed to check token denylist
  console.log
    prisma:query SELECT "public"."User"."id", "public"."User"."email", "public"."User"."password", "public"."User"."name", "public"."User"."nickname", "public"."User"."bio", "public"."User"."age", "public"."User"."gender"::text, "public"."User"."phoneNumber", "public"."User"."address", "public"."User"."status"::text, "public"."User"."statusReason", "public"."User"."preferences", "public"."User"."googleId", "public"."User"."avatarUrl", "public"."User"."createdAt", "public"."User"."updatedAt", "public"."User"."avatarImageId", "public"."User"."deletedAt" FROM "public"."User" WHERE ("public"."User"."id" = $1 AND 1=1) LIMIT $2 OFFSET $3

      at Object.zc (../../node_modules/@prisma/internals/src/logger.ts:13:11)

  console.log
    prisma:query SELECT "public"."UserRole"."userId", "public"."UserRole"."roleId" FROM "public"."UserRole" WHERE "public"."UserRole"."userId" IN ($1) OFFSET $2

      at Object.zc (../../node_modules/@prisma/internals/src/logger.ts:13:11)

  console.log
    prisma:query SELECT "public"."Role"."id", "public"."Role"."name", "public"."Role"."description", "public"."Role"."isSystem", "public"."Role"."createdAt" FROM "public"."Role" WHERE "public"."Role"."id" IN ($1) OFFSET $2

      at Object.zc (../../node_modules/@prisma/internals/src/logger.ts:13:11)

  console.log
    prisma:query SELECT "public"."RolePermission"."roleId", "public"."RolePermission"."permissionId" FROM "public"."RolePermission" WHERE "public"."RolePermission"."roleId" IN ($1) OFFSET $2

      at Object.zc (../../node_modules/@prisma/internals/src/logger.ts:13:11)

  console.log
    prisma:query BEGIN

      at Object.zc (../../node_modules/@prisma/internals/src/logger.ts:13:11)

  console.log
    prisma:query UPDATE "public"."User" SET "preferences" = $1, "updatedAt" = $2 WHERE ("public"."User"."id" = $3 AND 1=1) RETURNING "public"."User"."id", "public"."User"."email", "public"."User"."password", "public"."User"."name", "public"."User"."nickname", "public"."User"."bio", "public"."User"."age", "public"."User"."gender"::text, "public"."User"."phoneNumber", "public"."User"."address", "public"."User"."status"::text, "public"."User"."statusReason", "public"."User"."preferences", "public"."User"."googleId", "public"."User"."avatarUrl", "public"."User"."createdAt", "public"."User"."updatedAt", "public"."User"."avatarImageId", "public"."User"."deletedAt"

      at Object.zc (../../node_modules/@prisma/internals/src/logger.ts:13:11)

  console.log
    prisma:query SELECT "public"."User"."id", "public"."User"."email", "public"."User"."password", "public"."User"."name", "public"."User"."nickname", "public"."User"."bio", "public"."User"."age", "public"."User"."gender"::text, "public"."User"."phoneNumber", "public"."User"."address", "public"."User"."status"::text, "public"."User"."statusReason", "public"."User"."preferences", "public"."User"."googleId", "public"."User"."avatarUrl", "public"."User"."createdAt", "public"."User"."updatedAt", "public"."User"."avatarImageId", "public"."User"."deletedAt" FROM "public"."User" WHERE "public"."User"."id" = $1 LIMIT $2 OFFSET $3

      at Object.zc (../../node_modules/@prisma/internals/src/logger.ts:13:11)

  console.log
    prisma:query COMMIT

      at Object.zc (../../node_modules/@prisma/internals/src/logger.ts:13:11)

  console.log
    prisma:query INSERT INTO "public"."AuditLog" ("id","actorId","action","targetType","targetId","metadata","createdAt") VALUES ($1,$2,CAST($3::text AS "public"."AuditAction"),$4,$5,$6,$7) RETURNING "public"."AuditLog"."id", "public"."AuditLog"."actorId", "public"."AuditLog"."action"::text, "public"."AuditLog"."targetType", "public"."AuditLog"."targetId", "public"."AuditLog"."metadata", "public"."AuditLog"."createdAt"

      at Object.zc (../../node_modules/@prisma/internals/src/logger.ts:13:11)

2026-01-28 12:27:30 [32minfo[39m: ::ffff:127.0.0.1 - - [28/Jan/2026:06:57:30 +0000] "PATCH /api/v1/users/profile HTTP/1.1" 200 631 "-" "-"
2026-01-28 12:27:30 [31merror[39m: Failed to check token denylist
  console.log
    prisma:query SELECT "public"."User"."id", "public"."User"."email", "public"."User"."password", "public"."User"."name", "public"."User"."nickname", "public"."User"."bio", "public"."User"."age", "public"."User"."gender"::text, "public"."User"."phoneNumber", "public"."User"."address", "public"."User"."status"::text, "public"."User"."statusReason", "public"."User"."preferences", "public"."User"."googleId", "public"."User"."avatarUrl", "public"."User"."createdAt", "public"."User"."updatedAt", "public"."User"."avatarImageId", "public"."User"."deletedAt" FROM "public"."User" WHERE ("public"."User"."id" = $1 AND 1=1) LIMIT $2 OFFSET $3

      at Object.zc (../../node_modules/@prisma/internals/src/logger.ts:13:11)

  console.log
    prisma:query SELECT "public"."UserRole"."userId", "public"."UserRole"."roleId" FROM "public"."UserRole" WHERE "public"."UserRole"."userId" IN ($1) OFFSET $2

      at Object.zc (../../node_modules/@prisma/internals/src/logger.ts:13:11)

  console.log
    prisma:query SELECT "public"."Role"."id", "public"."Role"."name", "public"."Role"."description", "public"."Role"."isSystem", "public"."Role"."createdAt" FROM "public"."Role" WHERE "public"."Role"."id" IN ($1) OFFSET $2

      at Object.zc (../../node_modules/@prisma/internals/src/logger.ts:13:11)

  console.log
    prisma:query SELECT "public"."RolePermission"."roleId", "public"."RolePermission"."permissionId" FROM "public"."RolePermission" WHERE "public"."RolePermission"."roleId" IN ($1) OFFSET $2

      at Object.zc (../../node_modules/@prisma/internals/src/logger.ts:13:11)

  console.log
    prisma:query BEGIN

      at Object.zc (../../node_modules/@prisma/internals/src/logger.ts:13:11)

  console.log
    prisma:query UPDATE "public"."User" SET "preferences" = $1, "updatedAt" = $2 WHERE ("public"."User"."id" = $3 AND 1=1) RETURNING "public"."User"."id", "public"."User"."email", "public"."User"."password", "public"."User"."name", "public"."User"."nickname", "public"."User"."bio", "public"."User"."age", "public"."User"."gender"::text, "public"."User"."phoneNumber", "public"."User"."address", "public"."User"."status"::text, "public"."User"."statusReason", "public"."User"."preferences", "public"."User"."googleId", "public"."User"."avatarUrl", "public"."User"."createdAt", "public"."User"."updatedAt", "public"."User"."avatarImageId", "public"."User"."deletedAt"

      at Object.zc (../../node_modules/@prisma/internals/src/logger.ts:13:11)

  console.log
    prisma:query SELECT "public"."User"."id", "public"."User"."email", "public"."User"."password", "public"."User"."name", "public"."User"."nickname", "public"."User"."bio", "public"."User"."age", "public"."User"."gender"::text, "public"."User"."phoneNumber", "public"."User"."address", "public"."User"."status"::text, "public"."User"."statusReason", "public"."User"."preferences", "public"."User"."googleId", "public"."User"."avatarUrl", "public"."User"."createdAt", "public"."User"."updatedAt", "public"."User"."avatarImageId", "public"."User"."deletedAt" FROM "public"."User" WHERE "public"."User"."id" = $1 LIMIT $2 OFFSET $3

      at Object.zc (../../node_modules/@prisma/internals/src/logger.ts:13:11)

  console.log
    prisma:query COMMIT

      at Object.zc (../../node_modules/@prisma/internals/src/logger.ts:13:11)

  console.log
    prisma:query INSERT INTO "public"."AuditLog" ("id","actorId","action","targetType","targetId","metadata","createdAt") VALUES ($1,$2,CAST($3::text AS "public"."AuditAction"),$4,$5,$6,$7) RETURNING "public"."AuditLog"."id", "public"."AuditLog"."actorId", "public"."AuditLog"."action"::text, "public"."AuditLog"."targetType", "public"."AuditLog"."targetId", "public"."AuditLog"."metadata", "public"."AuditLog"."createdAt"

      at Object.zc (../../node_modules/@prisma/internals/src/logger.ts:13:11)

2026-01-28 12:27:30 [32minfo[39m: ::ffff:127.0.0.1 - - [28/Jan/2026:06:57:30 +0000] "PATCH /api/v1/users/profile HTTP/1.1" 200 587 "-" "-"
2026-01-28 12:27:30 [31merror[39m: Failed to check token denylist
  console.log
    prisma:query SELECT "public"."User"."id", "public"."User"."email", "public"."User"."password", "public"."User"."name", "public"."User"."nickname", "public"."User"."bio", "public"."User"."age", "public"."User"."gender"::text, "public"."User"."phoneNumber", "public"."User"."address", "public"."User"."status"::text, "public"."User"."statusReason", "public"."User"."preferences", "public"."User"."googleId", "public"."User"."avatarUrl", "public"."User"."createdAt", "public"."User"."updatedAt", "public"."User"."avatarImageId", "public"."User"."deletedAt" FROM "public"."User" WHERE ("public"."User"."id" = $1 AND 1=1) LIMIT $2 OFFSET $3

      at Object.zc (../../node_modules/@prisma/internals/src/logger.ts:13:11)

  console.log
    prisma:query SELECT "public"."UserRole"."userId", "public"."UserRole"."roleId" FROM "public"."UserRole" WHERE "public"."UserRole"."userId" IN ($1) OFFSET $2

      at Object.zc (../../node_modules/@prisma/internals/src/logger.ts:13:11)

  console.log
    prisma:query SELECT "public"."Role"."id", "public"."Role"."name", "public"."Role"."description", "public"."Role"."isSystem", "public"."Role"."createdAt" FROM "public"."Role" WHERE "public"."Role"."id" IN ($1) OFFSET $2

      at Object.zc (../../node_modules/@prisma/internals/src/logger.ts:13:11)

  console.log
    prisma:query SELECT "public"."RolePermission"."roleId", "public"."RolePermission"."permissionId" FROM "public"."RolePermission" WHERE "public"."RolePermission"."roleId" IN ($1) OFFSET $2

      at Object.zc (../../node_modules/@prisma/internals/src/logger.ts:13:11)

  console.log
    prisma:query BEGIN

      at Object.zc (../../node_modules/@prisma/internals/src/logger.ts:13:11)

  console.log
    prisma:query UPDATE "public"."User" SET "bio" = $1, "phoneNumber" = $2, "updatedAt" = $3 WHERE ("public"."User"."id" = $4 AND 1=1) RETURNING "public"."User"."id", "public"."User"."email", "public"."User"."password", "public"."User"."name", "public"."User"."nickname", "public"."User"."bio", "public"."User"."age", "public"."User"."gender"::text, "public"."User"."phoneNumber", "public"."User"."address", "public"."User"."status"::text, "public"."User"."statusReason", "public"."User"."preferences", "public"."User"."googleId", "public"."User"."avatarUrl", "public"."User"."createdAt", "public"."User"."updatedAt", "public"."User"."avatarImageId", "public"."User"."deletedAt"

      at Object.zc (../../node_modules/@prisma/internals/src/logger.ts:13:11)

  console.log
    prisma:query SELECT "public"."User"."id", "public"."User"."email", "public"."User"."password", "public"."User"."name", "public"."User"."nickname", "public"."User"."bio", "public"."User"."age", "public"."User"."gender"::text, "public"."User"."phoneNumber", "public"."User"."address", "public"."User"."status"::text, "public"."User"."statusReason", "public"."User"."preferences", "public"."User"."googleId", "public"."User"."avatarUrl", "public"."User"."createdAt", "public"."User"."updatedAt", "public"."User"."avatarImageId", "public"."User"."deletedAt" FROM "public"."User" WHERE "public"."User"."id" = $1 LIMIT $2 OFFSET $3

      at Object.zc (../../node_modules/@prisma/internals/src/logger.ts:13:11)

  console.log
    prisma:query COMMIT

      at Object.zc (../../node_modules/@prisma/internals/src/logger.ts:13:11)

  console.log
    prisma:query INSERT INTO "public"."AuditLog" ("id","actorId","action","targetType","targetId","metadata","createdAt") VALUES ($1,$2,CAST($3::text AS "public"."AuditAction"),$4,$5,$6,$7) RETURNING "public"."AuditLog"."id", "public"."AuditLog"."actorId", "public"."AuditLog"."action"::text, "public"."AuditLog"."targetType", "public"."AuditLog"."targetId", "public"."AuditLog"."metadata", "public"."AuditLog"."createdAt"

      at Object.zc (../../node_modules/@prisma/internals/src/logger.ts:13:11)

2026-01-28 12:27:30 [32minfo[39m: ::ffff:127.0.0.1 - - [28/Jan/2026:06:57:30 +0000] "PATCH /api/v1/users/profile HTTP/1.1" 200 564 "-" "-"
2026-01-28 12:27:30 [32minfo[39m: ::ffff:127.0.0.1 - - [28/Jan/2026:06:57:30 +0000] "PATCH /api/v1/users/profile HTTP/1.1" 401 25 "-" "-"
2026-01-28 12:27:30 [31merror[39m: Failed to check token denylist
  console.log
    prisma:query SELECT "public"."User"."id", "public"."User"."email", "public"."User"."password", "public"."User"."name", "public"."User"."nickname", "public"."User"."bio", "public"."User"."age", "public"."User"."gender"::text, "public"."User"."phoneNumber", "public"."User"."address", "public"."User"."status"::text, "public"."User"."statusReason", "public"."User"."preferences", "public"."User"."googleId", "public"."User"."avatarUrl", "public"."User"."createdAt", "public"."User"."updatedAt", "public"."User"."avatarImageId", "public"."User"."deletedAt" FROM "public"."User" WHERE ("public"."User"."id" = $1 AND 1=1) LIMIT $2 OFFSET $3

      at Object.zc (../../node_modules/@prisma/internals/src/logger.ts:13:11)

  console.log
    prisma:query SELECT "public"."UserRole"."userId", "public"."UserRole"."roleId" FROM "public"."UserRole" WHERE "public"."UserRole"."userId" IN ($1) OFFSET $2

      at Object.zc (../../node_modules/@prisma/internals/src/logger.ts:13:11)

  console.log
    prisma:query SELECT "public"."Role"."id", "public"."Role"."name", "public"."Role"."description", "public"."Role"."isSystem", "public"."Role"."createdAt" FROM "public"."Role" WHERE "public"."Role"."id" IN ($1) OFFSET $2

      at Object.zc (../../node_modules/@prisma/internals/src/logger.ts:13:11)

  console.log
    prisma:query SELECT "public"."RolePermission"."roleId", "public"."RolePermission"."permissionId" FROM "public"."RolePermission" WHERE "public"."RolePermission"."roleId" IN ($1) OFFSET $2

      at Object.zc (../../node_modules/@prisma/internals/src/logger.ts:13:11)

  console.log
    prisma:query BEGIN

      at Object.zc (../../node_modules/@prisma/internals/src/logger.ts:13:11)

  console.log
    prisma:query UPDATE "public"."User" SET "age" = $1, "updatedAt" = $2 WHERE ("public"."User"."id" = $3 AND 1=1) RETURNING "public"."User"."id", "public"."User"."email", "public"."User"."password", "public"."User"."name", "public"."User"."nickname", "public"."User"."bio", "public"."User"."age", "public"."User"."gender"::text, "public"."User"."phoneNumber", "public"."User"."address", "public"."User"."status"::text, "public"."User"."statusReason", "public"."User"."preferences", "public"."User"."googleId", "public"."User"."avatarUrl", "public"."User"."createdAt", "public"."User"."updatedAt", "public"."User"."avatarImageId", "public"."User"."deletedAt"

      at Object.zc (../../node_modules/@prisma/internals/src/logger.ts:13:11)

  console.log
    prisma:query SELECT "public"."User"."id", "public"."User"."email", "public"."User"."password", "public"."User"."name", "public"."User"."nickname", "public"."User"."bio", "public"."User"."age", "public"."User"."gender"::text, "public"."User"."phoneNumber", "public"."User"."address", "public"."User"."status"::text, "public"."User"."statusReason", "public"."User"."preferences", "public"."User"."googleId", "public"."User"."avatarUrl", "public"."User"."createdAt", "public"."User"."updatedAt", "public"."User"."avatarImageId", "public"."User"."deletedAt" FROM "public"."User" WHERE "public"."User"."id" = $1 LIMIT $2 OFFSET $3

      at Object.zc (../../node_modules/@prisma/internals/src/logger.ts:13:11)

  console.log
    prisma:query COMMIT

      at Object.zc (../../node_modules/@prisma/internals/src/logger.ts:13:11)

  console.log
    prisma:query INSERT INTO "public"."AuditLog" ("id","actorId","action","targetType","targetId","metadata","createdAt") VALUES ($1,$2,CAST($3::text AS "public"."AuditAction"),$4,$5,$6,$7) RETURNING "public"."AuditLog"."id", "public"."AuditLog"."actorId", "public"."AuditLog"."action"::text, "public"."AuditLog"."targetType", "public"."AuditLog"."targetId", "public"."AuditLog"."metadata", "public"."AuditLog"."createdAt"

      at Object.zc (../../node_modules/@prisma/internals/src/logger.ts:13:11)

2026-01-28 12:27:30 [32minfo[39m: ::ffff:127.0.0.1 - - [28/Jan/2026:06:57:30 +0000] "PATCH /api/v1/users/profile HTTP/1.1" 200 564 "-" "-"
2026-01-28 12:27:30 [31merror[39m: Failed to check token denylist
  console.log
    prisma:query SELECT "public"."User"."id", "public"."User"."email", "public"."User"."password", "public"."User"."name", "public"."User"."nickname", "public"."User"."bio", "public"."User"."age", "public"."User"."gender"::text, "public"."User"."phoneNumber", "public"."User"."address", "public"."User"."status"::text, "public"."User"."statusReason", "public"."User"."preferences", "public"."User"."googleId", "public"."User"."avatarUrl", "public"."User"."createdAt", "public"."User"."updatedAt", "public"."User"."avatarImageId", "public"."User"."deletedAt" FROM "public"."User" WHERE ("public"."User"."id" = $1 AND 1=1) LIMIT $2 OFFSET $3

      at Object.zc (../../node_modules/@prisma/internals/src/logger.ts:13:11)

  console.log
    prisma:query SELECT "public"."UserRole"."userId", "public"."UserRole"."roleId" FROM "public"."UserRole" WHERE "public"."UserRole"."userId" IN ($1) OFFSET $2

      at Object.zc (../../node_modules/@prisma/internals/src/logger.ts:13:11)

  console.log
    prisma:query SELECT "public"."Role"."id", "public"."Role"."name", "public"."Role"."description", "public"."Role"."isSystem", "public"."Role"."createdAt" FROM "public"."Role" WHERE "public"."Role"."id" IN ($1) OFFSET $2

      at Object.zc (../../node_modules/@prisma/internals/src/logger.ts:13:11)

  console.log
    prisma:query SELECT "public"."RolePermission"."roleId", "public"."RolePermission"."permissionId" FROM "public"."RolePermission" WHERE "public"."RolePermission"."roleId" IN ($1) OFFSET $2

      at Object.zc (../../node_modules/@prisma/internals/src/logger.ts:13:11)

  console.log
    prisma:query BEGIN

      at Object.zc (../../node_modules/@prisma/internals/src/logger.ts:13:11)

  console.log
    prisma:query UPDATE "public"."User" SET "preferences" = $1, "updatedAt" = $2 WHERE ("public"."User"."id" = $3 AND 1=1) RETURNING "public"."User"."id", "public"."User"."email", "public"."User"."password", "public"."User"."name", "public"."User"."nickname", "public"."User"."bio", "public"."User"."age", "public"."User"."gender"::text, "public"."User"."phoneNumber", "public"."User"."address", "public"."User"."status"::text, "public"."User"."statusReason", "public"."User"."preferences", "public"."User"."googleId", "public"."User"."avatarUrl", "public"."User"."createdAt", "public"."User"."updatedAt", "public"."User"."avatarImageId", "public"."User"."deletedAt"

      at Object.zc (../../node_modules/@prisma/internals/src/logger.ts:13:11)

  console.log
    prisma:query SELECT "public"."User"."id", "public"."User"."email", "public"."User"."password", "public"."User"."name", "public"."User"."nickname", "public"."User"."bio", "public"."User"."age", "public"."User"."gender"::text, "public"."User"."phoneNumber", "public"."User"."address", "public"."User"."status"::text, "public"."User"."statusReason", "public"."User"."preferences", "public"."User"."googleId", "public"."User"."avatarUrl", "public"."User"."createdAt", "public"."User"."updatedAt", "public"."User"."avatarImageId", "public"."User"."deletedAt" FROM "public"."User" WHERE "public"."User"."id" = $1 LIMIT $2 OFFSET $3

      at Object.zc (../../node_modules/@prisma/internals/src/logger.ts:13:11)

  console.log
    prisma:query COMMIT

      at Object.zc (../../node_modules/@prisma/internals/src/logger.ts:13:11)

  console.log
    prisma:query INSERT INTO "public"."AuditLog" ("id","actorId","action","targetType","targetId","metadata","createdAt") VALUES ($1,$2,CAST($3::text AS "public"."AuditAction"),$4,$5,$6,$7) RETURNING "public"."AuditLog"."id", "public"."AuditLog"."actorId", "public"."AuditLog"."action"::text, "public"."AuditLog"."targetType", "public"."AuditLog"."targetId", "public"."AuditLog"."metadata", "public"."AuditLog"."createdAt"

      at Object.zc (../../node_modules/@prisma/internals/src/logger.ts:13:11)

2026-01-28 12:27:30 [32minfo[39m: ::ffff:127.0.0.1 - - [28/Jan/2026:06:57:30 +0000] "PATCH /api/v1/users/profile HTTP/1.1" 200 680 "-" "-"
2026-01-28 12:27:30 [31merror[39m: Failed to check token denylist
  console.log
    prisma:query SELECT "public"."User"."id", "public"."User"."email", "public"."User"."password", "public"."User"."name", "public"."User"."nickname", "public"."User"."bio", "public"."User"."age", "public"."User"."gender"::text, "public"."User"."phoneNumber", "public"."User"."address", "public"."User"."status"::text, "public"."User"."statusReason", "public"."User"."preferences", "public"."User"."googleId", "public"."User"."avatarUrl", "public"."User"."createdAt", "public"."User"."updatedAt", "public"."User"."avatarImageId", "public"."User"."deletedAt" FROM "public"."User" WHERE ("public"."User"."id" = $1 AND 1=1) LIMIT $2 OFFSET $3

      at Object.zc (../../node_modules/@prisma/internals/src/logger.ts:13:11)

  console.log
    prisma:query SELECT "public"."UserRole"."userId", "public"."UserRole"."roleId" FROM "public"."UserRole" WHERE "public"."UserRole"."userId" IN ($1) OFFSET $2

      at Object.zc (../../node_modules/@prisma/internals/src/logger.ts:13:11)

  console.log
    prisma:query SELECT "public"."Role"."id", "public"."Role"."name", "public"."Role"."description", "public"."Role"."isSystem", "public"."Role"."createdAt" FROM "public"."Role" WHERE "public"."Role"."id" IN ($1) OFFSET $2

      at Object.zc (../../node_modules/@prisma/internals/src/logger.ts:13:11)

  console.log
    prisma:query SELECT "public"."RolePermission"."roleId", "public"."RolePermission"."permissionId" FROM "public"."RolePermission" WHERE "public"."RolePermission"."roleId" IN ($1) OFFSET $2

      at Object.zc (../../node_modules/@prisma/internals/src/logger.ts:13:11)

  console.log
    prisma:query SELECT "public"."TripsOnGuides"."tripId", "public"."TripsOnGuides"."guideId", "public"."TripsOnGuides"."assignedAt", "public"."TripsOnGuides"."updatedAt" FROM "public"."TripsOnGuides" LEFT JOIN "public"."Trip" AS "orderby_1" ON ("orderby_1"."id") = ("public"."TripsOnGuides"."tripId") WHERE "public"."TripsOnGuides"."guideId" = $1 ORDER BY "orderby_1"."startDate" ASC OFFSET $2

      at Object.zc (../../node_modules/@prisma/internals/src/logger.ts:13:11)

  console.log
    prisma:query SELECT "public"."Trip"."id", "public"."Trip"."title", "public"."Trip"."slug", "public"."Trip"."description", "public"."Trip"."itinerary", "public"."Trip"."durationDays", "public"."Trip"."difficulty"::text, "public"."Trip"."location", "public"."Trip"."price", "public"."Trip"."status"::text, "public"."Trip"."category"::text, "public"."Trip"."startPoint", "public"."Trip"."endPoint", "public"."Trip"."altitude", "public"."Trip"."distance", "public"."Trip"."itineraryPdf", "public"."Trip"."highlights", "public"."Trip"."inclusions", "public"."Trip"."exclusions", "public"."Trip"."cancellationPolicy", "public"."Trip"."thingsToPack", "public"."Trip"."faqs", "public"."Trip"."seasons", "public"."Trip"."coverImageId", "public"."Trip"."heroImageId", "public"."Trip"."deletedAt", "public"."Trip"."createdById", "public"."Trip"."approvedById", "public"."Trip"."publishedAt", "public"."Trip"."createdAt", "public"."Trip"."updatedAt", "public"."Trip"."capacity", "public"."Trip"."startDate", "public"."Trip"."endDate", "public"."Trip"."managerId", "public"."Trip"."documentation", "public"."Trip"."isFeatured" FROM "public"."Trip" WHERE "public"."Trip"."id" IN ($1) OFFSET $2

      at Object.zc (../../node_modules/@prisma/internals/src/logger.ts:13:11)

  console.log
    prisma:query SELECT "public"."Booking"."id", "public"."Booking"."userId", "public"."Booking"."tripId", "public"."Booking"."status"::text, "public"."Booking"."notes", "public"."Booking"."startDate", "public"."Booking"."guests", "public"."Booking"."guestDetails", "public"."Booking"."totalPrice", "public"."Booking"."createdAt", "public"."Booking"."updatedAt", "public"."Booking"."paymentStatus"::text FROM "public"."Booking" WHERE ("public"."Booking"."status" = CAST($1::text AS "public"."BookingStatus") AND "public"."Booking"."tripId" IN ($2)) OFFSET $3

      at Object.zc (../../node_modules/@prisma/internals/src/logger.ts:13:11)

  console.log
    prisma:query SELECT "public"."User"."id", "public"."User"."name", "public"."User"."phoneNumber", "public"."User"."email" FROM "public"."User" WHERE "public"."User"."id" IN ($1) OFFSET $2

      at Object.zc (../../node_modules/@prisma/internals/src/logger.ts:13:11)

2026-01-28 12:27:30 [32minfo[39m: ::ffff:127.0.0.1 - - [28/Jan/2026:06:57:30 +0000] "GET /api/v1/users/guide/trips HTTP/1.1" 200 1425 "-" "-"
2026-01-28 12:27:30 [31merror[39m: Failed to check token denylist
  console.log
    prisma:query SELECT "public"."User"."id", "public"."User"."email", "public"."User"."password", "public"."User"."name", "public"."User"."nickname", "public"."User"."bio", "public"."User"."age", "public"."User"."gender"::text, "public"."User"."phoneNumber", "public"."User"."address", "public"."User"."status"::text, "public"."User"."statusReason", "public"."User"."preferences", "public"."User"."googleId", "public"."User"."avatarUrl", "public"."User"."createdAt", "public"."User"."updatedAt", "public"."User"."avatarImageId", "public"."User"."deletedAt" FROM "public"."User" WHERE ("public"."User"."id" = $1 AND 1=1) LIMIT $2 OFFSET $3

      at Object.zc (../../node_modules/@prisma/internals/src/logger.ts:13:11)

  console.log
    prisma:query SELECT "public"."UserRole"."userId", "public"."UserRole"."roleId" FROM "public"."UserRole" WHERE "public"."UserRole"."userId" IN ($1) OFFSET $2

      at Object.zc (../../node_modules/@prisma/internals/src/logger.ts:13:11)

  console.log
    prisma:query SELECT "public"."Role"."id", "public"."Role"."name", "public"."Role"."description", "public"."Role"."isSystem", "public"."Role"."createdAt" FROM "public"."Role" WHERE "public"."Role"."id" IN ($1) OFFSET $2

      at Object.zc (../../node_modules/@prisma/internals/src/logger.ts:13:11)

  console.log
    prisma:query SELECT "public"."RolePermission"."roleId", "public"."RolePermission"."permissionId" FROM "public"."RolePermission" WHERE "public"."RolePermission"."roleId" IN ($1) OFFSET $2

      at Object.zc (../../node_modules/@prisma/internals/src/logger.ts:13:11)

  console.log
    prisma:query SELECT "public"."TripsOnGuides"."tripId", "public"."TripsOnGuides"."guideId", "public"."TripsOnGuides"."assignedAt", "public"."TripsOnGuides"."updatedAt" FROM "public"."TripsOnGuides" LEFT JOIN "public"."Trip" AS "orderby_1" ON ("orderby_1"."id") = ("public"."TripsOnGuides"."tripId") WHERE "public"."TripsOnGuides"."guideId" = $1 ORDER BY "orderby_1"."startDate" ASC OFFSET $2

      at Object.zc (../../node_modules/@prisma/internals/src/logger.ts:13:11)

  console.log
    prisma:query SELECT "public"."Trip"."id", "public"."Trip"."title", "public"."Trip"."slug", "public"."Trip"."description", "public"."Trip"."itinerary", "public"."Trip"."durationDays", "public"."Trip"."difficulty"::text, "public"."Trip"."location", "public"."Trip"."price", "public"."Trip"."status"::text, "public"."Trip"."category"::text, "public"."Trip"."startPoint", "public"."Trip"."endPoint", "public"."Trip"."altitude", "public"."Trip"."distance", "public"."Trip"."itineraryPdf", "public"."Trip"."highlights", "public"."Trip"."inclusions", "public"."Trip"."exclusions", "public"."Trip"."cancellationPolicy", "public"."Trip"."thingsToPack", "public"."Trip"."faqs", "public"."Trip"."seasons", "public"."Trip"."coverImageId", "public"."Trip"."heroImageId", "public"."Trip"."deletedAt", "public"."Trip"."createdById", "public"."Trip"."approvedById", "public"."Trip"."publishedAt", "public"."Trip"."createdAt", "public"."Trip"."updatedAt", "public"."Trip"."capacity", "public"."Trip"."startDate", "public"."Trip"."endDate", "public"."Trip"."managerId", "public"."Trip"."documentation", "public"."Trip"."isFeatured" FROM "public"."Trip" WHERE "public"."Trip"."id" IN ($1) OFFSET $2

      at Object.zc (../../node_modules/@prisma/internals/src/logger.ts:13:11)

  console.log
    prisma:query SELECT "public"."Booking"."id", "public"."Booking"."userId", "public"."Booking"."tripId", "public"."Booking"."status"::text, "public"."Booking"."notes", "public"."Booking"."startDate", "public"."Booking"."guests", "public"."Booking"."guestDetails", "public"."Booking"."totalPrice", "public"."Booking"."createdAt", "public"."Booking"."updatedAt", "public"."Booking"."paymentStatus"::text FROM "public"."Booking" WHERE ("public"."Booking"."status" = CAST($1::text AS "public"."BookingStatus") AND "public"."Booking"."tripId" IN ($2)) OFFSET $3

      at Object.zc (../../node_modules/@prisma/internals/src/logger.ts:13:11)

  console.log
    prisma:query SELECT "public"."User"."id", "public"."User"."name", "public"."User"."phoneNumber", "public"."User"."email" FROM "public"."User" WHERE "public"."User"."id" IN ($1) OFFSET $2

      at Object.zc (../../node_modules/@prisma/internals/src/logger.ts:13:11)

2026-01-28 12:27:30 [32minfo[39m: ::ffff:127.0.0.1 - - [28/Jan/2026:06:57:30 +0000] "GET /api/v1/users/guide/trips HTTP/1.1" 200 1425 "-" "-"
2026-01-28 12:27:30 [31merror[39m: Failed to check token denylist
  console.log
    prisma:query SELECT "public"."User"."id", "public"."User"."email", "public"."User"."password", "public"."User"."name", "public"."User"."nickname", "public"."User"."bio", "public"."User"."age", "public"."User"."gender"::text, "public"."User"."phoneNumber", "public"."User"."address", "public"."User"."status"::text, "public"."User"."statusReason", "public"."User"."preferences", "public"."User"."googleId", "public"."User"."avatarUrl", "public"."User"."createdAt", "public"."User"."updatedAt", "public"."User"."avatarImageId", "public"."User"."deletedAt" FROM "public"."User" WHERE ("public"."User"."id" = $1 AND 1=1) LIMIT $2 OFFSET $3

      at Object.zc (../../node_modules/@prisma/internals/src/logger.ts:13:11)

  console.log
    prisma:query SELECT "public"."UserRole"."userId", "public"."UserRole"."roleId" FROM "public"."UserRole" WHERE "public"."UserRole"."userId" IN ($1) OFFSET $2

      at Object.zc (../../node_modules/@prisma/internals/src/logger.ts:13:11)

  console.log
    prisma:query SELECT "public"."TripsOnGuides"."tripId", "public"."TripsOnGuides"."guideId", "public"."TripsOnGuides"."assignedAt", "public"."TripsOnGuides"."updatedAt" FROM "public"."TripsOnGuides" LEFT JOIN "public"."Trip" AS "orderby_1" ON ("orderby_1"."id") = ("public"."TripsOnGuides"."tripId") WHERE "public"."TripsOnGuides"."guideId" = $1 ORDER BY "orderby_1"."startDate" ASC OFFSET $2

      at Object.zc (../../node_modules/@prisma/internals/src/logger.ts:13:11)

2026-01-28 12:27:30 [32minfo[39m: ::ffff:127.0.0.1 - - [28/Jan/2026:06:57:30 +0000] "GET /api/v1/users/guide/trips HTTP/1.1" 200 2 "-" "-"
2026-01-28 12:27:30 [32minfo[39m: ::ffff:127.0.0.1 - - [28/Jan/2026:06:57:30 +0000] "GET /api/v1/users/guide/trips HTTP/1.1" 401 25 "-" "-"
2026-01-28 12:27:30 [31merror[39m: Failed to check token denylist
  console.log
    prisma:query SELECT "public"."User"."id", "public"."User"."email", "public"."User"."password", "public"."User"."name", "public"."User"."nickname", "public"."User"."bio", "public"."User"."age", "public"."User"."gender"::text, "public"."User"."phoneNumber", "public"."User"."address", "public"."User"."status"::text, "public"."User"."statusReason", "public"."User"."preferences", "public"."User"."googleId", "public"."User"."avatarUrl", "public"."User"."createdAt", "public"."User"."updatedAt", "public"."User"."avatarImageId", "public"."User"."deletedAt" FROM "public"."User" WHERE ("public"."User"."id" = $1 AND 1=1) LIMIT $2 OFFSET $3

      at Object.zc (../../node_modules/@prisma/internals/src/logger.ts:13:11)

  console.log
    prisma:query SELECT "public"."UserRole"."userId", "public"."UserRole"."roleId" FROM "public"."UserRole" WHERE "public"."UserRole"."userId" IN ($1) OFFSET $2

      at Object.zc (../../node_modules/@prisma/internals/src/logger.ts:13:11)

  console.log
    prisma:query SELECT "public"."Role"."id", "public"."Role"."name", "public"."Role"."description", "public"."Role"."isSystem", "public"."Role"."createdAt" FROM "public"."Role" WHERE "public"."Role"."id" IN ($1) OFFSET $2

      at Object.zc (../../node_modules/@prisma/internals/src/logger.ts:13:11)

  console.log
    prisma:query SELECT "public"."RolePermission"."roleId", "public"."RolePermission"."permissionId" FROM "public"."RolePermission" WHERE "public"."RolePermission"."roleId" IN ($1) OFFSET $2

      at Object.zc (../../node_modules/@prisma/internals/src/logger.ts:13:11)

  console.log
    prisma:query SELECT "public"."TripsOnGuides"."tripId", "public"."TripsOnGuides"."guideId", "public"."TripsOnGuides"."assignedAt", "public"."TripsOnGuides"."updatedAt" FROM "public"."TripsOnGuides" LEFT JOIN "public"."Trip" AS "orderby_1" ON ("orderby_1"."id") = ("public"."TripsOnGuides"."tripId") WHERE "public"."TripsOnGuides"."guideId" = $1 ORDER BY "orderby_1"."startDate" ASC OFFSET $2

      at Object.zc (../../node_modules/@prisma/internals/src/logger.ts:13:11)

2026-01-28 12:27:30 [32minfo[39m: ::ffff:127.0.0.1 - - [28/Jan/2026:06:57:30 +0000] "GET /api/v1/users/guide/trips HTTP/1.1" 200 2 "-" "-"
2026-01-28 12:27:30 [31merror[39m: Failed to check token denylist
  console.log
    prisma:query SELECT "public"."User"."id", "public"."User"."email", "public"."User"."password", "public"."User"."name", "public"."User"."nickname", "public"."User"."bio", "public"."User"."age", "public"."User"."gender"::text, "public"."User"."phoneNumber", "public"."User"."address", "public"."User"."status"::text, "public"."User"."statusReason", "public"."User"."preferences", "public"."User"."googleId", "public"."User"."avatarUrl", "public"."User"."createdAt", "public"."User"."updatedAt", "public"."User"."avatarImageId", "public"."User"."deletedAt" FROM "public"."User" WHERE ("public"."User"."id" = $1 AND 1=1) LIMIT $2 OFFSET $3

      at Object.zc (../../node_modules/@prisma/internals/src/logger.ts:13:11)

  console.log
    prisma:query SELECT "public"."UserRole"."userId", "public"."UserRole"."roleId" FROM "public"."UserRole" WHERE "public"."UserRole"."userId" IN ($1) OFFSET $2

      at Object.zc (../../node_modules/@prisma/internals/src/logger.ts:13:11)

  console.log
    prisma:query SELECT "public"."Role"."id", "public"."Role"."name", "public"."Role"."description", "public"."Role"."isSystem", "public"."Role"."createdAt" FROM "public"."Role" WHERE "public"."Role"."id" IN ($1) OFFSET $2

      at Object.zc (../../node_modules/@prisma/internals/src/logger.ts:13:11)

  console.log
    prisma:query SELECT "public"."RolePermission"."roleId", "public"."RolePermission"."permissionId" FROM "public"."RolePermission" WHERE "public"."RolePermission"."roleId" IN ($1) OFFSET $2

      at Object.zc (../../node_modules/@prisma/internals/src/logger.ts:13:11)

  console.log
    prisma:query SELECT "public"."TripsOnGuides"."tripId", "public"."TripsOnGuides"."guideId", "public"."TripsOnGuides"."assignedAt", "public"."TripsOnGuides"."updatedAt" FROM "public"."TripsOnGuides" LEFT JOIN "public"."Trip" AS "orderby_1" ON ("orderby_1"."id") = ("public"."TripsOnGuides"."tripId") WHERE "public"."TripsOnGuides"."guideId" = $1 ORDER BY "orderby_1"."startDate" ASC OFFSET $2

      at Object.zc (../../node_modules/@prisma/internals/src/logger.ts:13:11)

  console.log
    prisma:query SELECT "public"."Trip"."id", "public"."Trip"."title", "public"."Trip"."slug", "public"."Trip"."description", "public"."Trip"."itinerary", "public"."Trip"."durationDays", "public"."Trip"."difficulty"::text, "public"."Trip"."location", "public"."Trip"."price", "public"."Trip"."status"::text, "public"."Trip"."category"::text, "public"."Trip"."startPoint", "public"."Trip"."endPoint", "public"."Trip"."altitude", "public"."Trip"."distance", "public"."Trip"."itineraryPdf", "public"."Trip"."highlights", "public"."Trip"."inclusions", "public"."Trip"."exclusions", "public"."Trip"."cancellationPolicy", "public"."Trip"."thingsToPack", "public"."Trip"."faqs", "public"."Trip"."seasons", "public"."Trip"."coverImageId", "public"."Trip"."heroImageId", "public"."Trip"."deletedAt", "public"."Trip"."createdById", "public"."Trip"."approvedById", "public"."Trip"."publishedAt", "public"."Trip"."createdAt", "public"."Trip"."updatedAt", "public"."Trip"."capacity", "public"."Trip"."startDate", "public"."Trip"."endDate", "public"."Trip"."managerId", "public"."Trip"."documentation", "public"."Trip"."isFeatured" FROM "public"."Trip" WHERE "public"."Trip"."id" IN ($1) OFFSET $2

      at Object.zc (../../node_modules/@prisma/internals/src/logger.ts:13:11)

  console.log
    prisma:query SELECT "public"."Booking"."id", "public"."Booking"."userId", "public"."Booking"."tripId", "public"."Booking"."status"::text, "public"."Booking"."notes", "public"."Booking"."startDate", "public"."Booking"."guests", "public"."Booking"."guestDetails", "public"."Booking"."totalPrice", "public"."Booking"."createdAt", "public"."Booking"."updatedAt", "public"."Booking"."paymentStatus"::text FROM "public"."Booking" WHERE ("public"."Booking"."status" = CAST($1::text AS "public"."BookingStatus") AND "public"."Booking"."tripId" IN ($2)) OFFSET $3

      at Object.zc (../../node_modules/@prisma/internals/src/logger.ts:13:11)

  console.log
    prisma:query SELECT "public"."User"."id", "public"."User"."name", "public"."User"."phoneNumber", "public"."User"."email" FROM "public"."User" WHERE "public"."User"."id" IN ($1) OFFSET $2

      at Object.zc (../../node_modules/@prisma/internals/src/logger.ts:13:11)

2026-01-28 12:27:30 [32minfo[39m: ::ffff:127.0.0.1 - - [28/Jan/2026:06:57:30 +0000] "GET /api/v1/users/guide/trips HTTP/1.1" 200 1425 "-" "-"
2026-01-28 12:27:30 [31merror[39m: Failed to check token denylist
  console.log
    prisma:query SELECT "public"."User"."id", "public"."User"."email", "public"."User"."password", "public"."User"."name", "public"."User"."nickname", "public"."User"."bio", "public"."User"."age", "public"."User"."gender"::text, "public"."User"."phoneNumber", "public"."User"."address", "public"."User"."status"::text, "public"."User"."statusReason", "public"."User"."preferences", "public"."User"."googleId", "public"."User"."avatarUrl", "public"."User"."createdAt", "public"."User"."updatedAt", "public"."User"."avatarImageId", "public"."User"."deletedAt" FROM "public"."User" WHERE ("public"."User"."id" = $1 AND 1=1) LIMIT $2 OFFSET $3

      at Object.zc (../../node_modules/@prisma/internals/src/logger.ts:13:11)

  console.log
    prisma:query SELECT "public"."UserRole"."userId", "public"."UserRole"."roleId" FROM "public"."UserRole" WHERE "public"."UserRole"."userId" IN ($1) OFFSET $2

      at Object.zc (../../node_modules/@prisma/internals/src/logger.ts:13:11)

  console.log
    prisma:query SELECT "public"."Role"."id", "public"."Role"."name", "public"."Role"."description", "public"."Role"."isSystem", "public"."Role"."createdAt" FROM "public"."Role" WHERE "public"."Role"."id" IN ($1) OFFSET $2

      at Object.zc (../../node_modules/@prisma/internals/src/logger.ts:13:11)

  console.log
    prisma:query SELECT "public"."RolePermission"."roleId", "public"."RolePermission"."permissionId" FROM "public"."RolePermission" WHERE "public"."RolePermission"."roleId" IN ($1) OFFSET $2

      at Object.zc (../../node_modules/@prisma/internals/src/logger.ts:13:11)

  console.log
    prisma:query BEGIN

      at Object.zc (../../node_modules/@prisma/internals/src/logger.ts:13:11)

  console.log
    prisma:query UPDATE "public"."User" SET "name" = $1, "updatedAt" = $2 WHERE ("public"."User"."id" = $3 AND 1=1) RETURNING "public"."User"."id", "public"."User"."email", "public"."User"."password", "public"."User"."name", "public"."User"."nickname", "public"."User"."bio", "public"."User"."age", "public"."User"."gender"::text, "public"."User"."phoneNumber", "public"."User"."address", "public"."User"."status"::text, "public"."User"."statusReason", "public"."User"."preferences", "public"."User"."googleId", "public"."User"."avatarUrl", "public"."User"."createdAt", "public"."User"."updatedAt", "public"."User"."avatarImageId", "public"."User"."deletedAt"

      at Object.zc (../../node_modules/@prisma/internals/src/logger.ts:13:11)

  console.log
    prisma:query SELECT "public"."User"."id", "public"."User"."email", "public"."User"."password", "public"."User"."name", "public"."User"."nickname", "public"."User"."bio", "public"."User"."age", "public"."User"."gender"::text, "public"."User"."phoneNumber", "public"."User"."address", "public"."User"."status"::text, "public"."User"."statusReason", "public"."User"."preferences", "public"."User"."googleId", "public"."User"."avatarUrl", "public"."User"."createdAt", "public"."User"."updatedAt", "public"."User"."avatarImageId", "public"."User"."deletedAt" FROM "public"."User" WHERE "public"."User"."id" = $1 LIMIT $2 OFFSET $3

      at Object.zc (../../node_modules/@prisma/internals/src/logger.ts:13:11)

  console.log
    prisma:query COMMIT

      at Object.zc (../../node_modules/@prisma/internals/src/logger.ts:13:11)

  console.log
    prisma:query INSERT INTO "public"."AuditLog" ("id","actorId","action","targetType","targetId","metadata","createdAt") VALUES ($1,$2,CAST($3::text AS "public"."AuditAction"),$4,$5,$6,$7) RETURNING "public"."AuditLog"."id", "public"."AuditLog"."actorId", "public"."AuditLog"."action"::text, "public"."AuditLog"."targetType", "public"."AuditLog"."targetId", "public"."AuditLog"."metadata", "public"."AuditLog"."createdAt"

      at Object.zc (../../node_modules/@prisma/internals/src/logger.ts:13:11)

2026-01-28 12:27:30 [32minfo[39m: ::ffff:127.0.0.1 - - [28/Jan/2026:06:57:30 +0000] "PATCH /api/v1/users/profile HTTP/1.1" 200 685 "-" "-"
2026-01-28 12:27:30 [31merror[39m: Failed to check token denylist
  console.log
    prisma:query SELECT "public"."User"."id", "public"."User"."email", "public"."User"."password", "public"."User"."name", "public"."User"."nickname", "public"."User"."bio", "public"."User"."age", "public"."User"."gender"::text, "public"."User"."phoneNumber", "public"."User"."address", "public"."User"."status"::text, "public"."User"."statusReason", "public"."User"."preferences", "public"."User"."googleId", "public"."User"."avatarUrl", "public"."User"."createdAt", "public"."User"."updatedAt", "public"."User"."avatarImageId", "public"."User"."deletedAt" FROM "public"."User" WHERE ("public"."User"."id" = $1 AND 1=1) LIMIT $2 OFFSET $3

      at Object.zc (../../node_modules/@prisma/internals/src/logger.ts:13:11)

  console.log
    prisma:query SELECT "public"."UserRole"."userId", "public"."UserRole"."roleId" FROM "public"."UserRole" WHERE "public"."UserRole"."userId" IN ($1) OFFSET $2

      at Object.zc (../../node_modules/@prisma/internals/src/logger.ts:13:11)

  console.log
    prisma:query SELECT "public"."Role"."id", "public"."Role"."name", "public"."Role"."description", "public"."Role"."isSystem", "public"."Role"."createdAt" FROM "public"."Role" WHERE "public"."Role"."id" IN ($1) OFFSET $2

      at Object.zc (../../node_modules/@prisma/internals/src/logger.ts:13:11)

  console.log
    prisma:query SELECT "public"."RolePermission"."roleId", "public"."RolePermission"."permissionId" FROM "public"."RolePermission" WHERE "public"."RolePermission"."roleId" IN ($1) OFFSET $2

      at Object.zc (../../node_modules/@prisma/internals/src/logger.ts:13:11)

2026-01-28 12:27:30 [32minfo[39m: ::ffff:127.0.0.1 - - [28/Jan/2026:06:57:30 +0000] "GET /api/v1/users/profile HTTP/1.1" 200 130 "-" "-"
2026-01-28 12:27:30 [31merror[39m: Failed to check token denylist
  console.log
    prisma:query SELECT "public"."User"."id", "public"."User"."email", "public"."User"."password", "public"."User"."name", "public"."User"."nickname", "public"."User"."bio", "public"."User"."age", "public"."User"."gender"::text, "public"."User"."phoneNumber", "public"."User"."address", "public"."User"."status"::text, "public"."User"."statusReason", "public"."User"."preferences", "public"."User"."googleId", "public"."User"."avatarUrl", "public"."User"."createdAt", "public"."User"."updatedAt", "public"."User"."avatarImageId", "public"."User"."deletedAt" FROM "public"."User" WHERE ("public"."User"."id" = $1 AND 1=1) LIMIT $2 OFFSET $3

      at Object.zc (../../node_modules/@prisma/internals/src/logger.ts:13:11)

  console.log
    prisma:query SELECT "public"."UserRole"."userId", "public"."UserRole"."roleId" FROM "public"."UserRole" WHERE "public"."UserRole"."userId" IN ($1) OFFSET $2

      at Object.zc (../../node_modules/@prisma/internals/src/logger.ts:13:11)

  console.log
    prisma:query SELECT "public"."Role"."id", "public"."Role"."name", "public"."Role"."description", "public"."Role"."isSystem", "public"."Role"."createdAt" FROM "public"."Role" WHERE "public"."Role"."id" IN ($1) OFFSET $2

      at Object.zc (../../node_modules/@prisma/internals/src/logger.ts:13:11)

  console.log
    prisma:query SELECT "public"."RolePermission"."roleId", "public"."RolePermission"."permissionId" FROM "public"."RolePermission" WHERE "public"."RolePermission"."roleId" IN ($1) OFFSET $2

      at Object.zc (../../node_modules/@prisma/internals/src/logger.ts:13:11)

  console.log
    prisma:query BEGIN

      at Object.zc (../../node_modules/@prisma/internals/src/logger.ts:13:11)

  console.log
    prisma:query UPDATE "public"."User" SET "name" = $1, "updatedAt" = $2 WHERE ("public"."User"."id" = $3 AND 1=1) RETURNING "public"."User"."id", "public"."User"."email", "public"."User"."password", "public"."User"."name", "public"."User"."nickname", "public"."User"."bio", "public"."User"."age", "public"."User"."gender"::text, "public"."User"."phoneNumber", "public"."User"."address", "public"."User"."status"::text, "public"."User"."statusReason", "public"."User"."preferences", "public"."User"."googleId", "public"."User"."avatarUrl", "public"."User"."createdAt", "public"."User"."updatedAt", "public"."User"."avatarImageId", "public"."User"."deletedAt"

      at Object.zc (../../node_modules/@prisma/internals/src/logger.ts:13:11)

  console.log
    prisma:query SELECT "public"."User"."id", "public"."User"."email", "public"."User"."password", "public"."User"."name", "public"."User"."nickname", "public"."User"."bio", "public"."User"."age", "public"."User"."gender"::text, "public"."User"."phoneNumber", "public"."User"."address", "public"."User"."status"::text, "public"."User"."statusReason", "public"."User"."preferences", "public"."User"."googleId", "public"."User"."avatarUrl", "public"."User"."createdAt", "public"."User"."updatedAt", "public"."User"."avatarImageId", "public"."User"."deletedAt" FROM "public"."User" WHERE "public"."User"."id" = $1 LIMIT $2 OFFSET $3

      at Object.zc (../../node_modules/@prisma/internals/src/logger.ts:13:11)

  console.log
    prisma:query COMMIT

      at Object.zc (../../node_modules/@prisma/internals/src/logger.ts:13:11)

  console.log
    prisma:query INSERT INTO "public"."AuditLog" ("id","actorId","action","targetType","targetId","metadata","createdAt") VALUES ($1,$2,CAST($3::text AS "public"."AuditAction"),$4,$5,$6,$7) RETURNING "public"."AuditLog"."id", "public"."AuditLog"."actorId", "public"."AuditLog"."action"::text, "public"."AuditLog"."targetType", "public"."AuditLog"."targetId", "public"."AuditLog"."metadata", "public"."AuditLog"."createdAt"

      at Object.zc (../../node_modules/@prisma/internals/src/logger.ts:13:11)

2026-01-28 12:27:30 [32minfo[39m: ::ffff:127.0.0.1 - - [28/Jan/2026:06:57:30 +0000] "PATCH /api/v1/users/profile HTTP/1.1" 200 678 "-" "-"
2026-01-28 12:27:30 [31merror[39m: Failed to check token denylist
  console.log
    prisma:query SELECT "public"."User"."id", "public"."User"."email", "public"."User"."password", "public"."User"."name", "public"."User"."nickname", "public"."User"."bio", "public"."User"."age", "public"."User"."gender"::text, "public"."User"."phoneNumber", "public"."User"."address", "public"."User"."status"::text, "public"."User"."statusReason", "public"."User"."preferences", "public"."User"."googleId", "public"."User"."avatarUrl", "public"."User"."createdAt", "public"."User"."updatedAt", "public"."User"."avatarImageId", "public"."User"."deletedAt" FROM "public"."User" WHERE ("public"."User"."id" = $1 AND 1=1) LIMIT $2 OFFSET $3

      at Object.zc (../../node_modules/@prisma/internals/src/logger.ts:13:11)

  console.log
    prisma:query SELECT "public"."UserRole"."userId", "public"."UserRole"."roleId" FROM "public"."UserRole" WHERE "public"."UserRole"."userId" IN ($1) OFFSET $2

      at Object.zc (../../node_modules/@prisma/internals/src/logger.ts:13:11)

  console.log
    prisma:query SELECT "public"."Role"."id", "public"."Role"."name", "public"."Role"."description", "public"."Role"."isSystem", "public"."Role"."createdAt" FROM "public"."Role" WHERE "public"."Role"."id" IN ($1) OFFSET $2

      at Object.zc (../../node_modules/@prisma/internals/src/logger.ts:13:11)

  console.log
    prisma:query SELECT "public"."RolePermission"."roleId", "public"."RolePermission"."permissionId" FROM "public"."RolePermission" WHERE "public"."RolePermission"."roleId" IN ($1) OFFSET $2

      at Object.zc (../../node_modules/@prisma/internals/src/logger.ts:13:11)

  console.log
    prisma:query BEGIN

      at Object.zc (../../node_modules/@prisma/internals/src/logger.ts:13:11)

  console.log
    prisma:query UPDATE "public"."User" SET "bio" = $1, "updatedAt" = $2 WHERE ("public"."User"."id" = $3 AND 1=1) RETURNING "public"."User"."id", "public"."User"."email", "public"."User"."password", "public"."User"."name", "public"."User"."nickname", "public"."User"."bio", "public"."User"."age", "public"."User"."gender"::text, "public"."User"."phoneNumber", "public"."User"."address", "public"."User"."status"::text, "public"."User"."statusReason", "public"."User"."preferences", "public"."User"."googleId", "public"."User"."avatarUrl", "public"."User"."createdAt", "public"."User"."updatedAt", "public"."User"."avatarImageId", "public"."User"."deletedAt"

      at Object.zc (../../node_modules/@prisma/internals/src/logger.ts:13:11)

  console.log
    prisma:query SELECT "public"."User"."id", "public"."User"."email", "public"."User"."password", "public"."User"."name", "public"."User"."nickname", "public"."User"."bio", "public"."User"."age", "public"."User"."gender"::text, "public"."User"."phoneNumber", "public"."User"."address", "public"."User"."status"::text, "public"."User"."statusReason", "public"."User"."preferences", "public"."User"."googleId", "public"."User"."avatarUrl", "public"."User"."createdAt", "public"."User"."updatedAt", "public"."User"."avatarImageId", "public"."User"."deletedAt" FROM "public"."User" WHERE "public"."User"."id" = $1 LIMIT $2 OFFSET $3

      at Object.zc (../../node_modules/@prisma/internals/src/logger.ts:13:11)

  console.log
    prisma:query COMMIT

      at Object.zc (../../node_modules/@prisma/internals/src/logger.ts:13:11)

  console.log
    prisma:query INSERT INTO "public"."AuditLog" ("id","actorId","action","targetType","targetId","metadata","createdAt") VALUES ($1,$2,CAST($3::text AS "public"."AuditAction"),$4,$5,$6,$7) RETURNING "public"."AuditLog"."id", "public"."AuditLog"."actorId", "public"."AuditLog"."action"::text, "public"."AuditLog"."targetType", "public"."AuditLog"."targetId", "public"."AuditLog"."metadata", "public"."AuditLog"."createdAt"

      at Object.zc (../../node_modules/@prisma/internals/src/logger.ts:13:11)

2026-01-28 12:27:30 [32minfo[39m: ::ffff:127.0.0.1 - - [28/Jan/2026:06:57:30 +0000] "PATCH /api/v1/users/profile HTTP/1.1" 200 1676 "-" "-"
2026-01-28 12:27:30 [31merror[39m: Failed to check token denylist
  console.log
    prisma:query SELECT "public"."User"."id", "public"."User"."email", "public"."User"."password", "public"."User"."name", "public"."User"."nickname", "public"."User"."bio", "public"."User"."age", "public"."User"."gender"::text, "public"."User"."phoneNumber", "public"."User"."address", "public"."User"."status"::text, "public"."User"."statusReason", "public"."User"."preferences", "public"."User"."googleId", "public"."User"."avatarUrl", "public"."User"."createdAt", "public"."User"."updatedAt", "public"."User"."avatarImageId", "public"."User"."deletedAt" FROM "public"."User" WHERE ("public"."User"."id" = $1 AND 1=1) LIMIT $2 OFFSET $3

      at Object.zc (../../node_modules/@prisma/internals/src/logger.ts:13:11)

  console.log
    prisma:query SELECT "public"."UserRole"."userId", "public"."UserRole"."roleId" FROM "public"."UserRole" WHERE "public"."UserRole"."userId" IN ($1) OFFSET $2

      at Object.zc (../../node_modules/@prisma/internals/src/logger.ts:13:11)

  console.log
    prisma:query SELECT "public"."Role"."id", "public"."Role"."name", "public"."Role"."description", "public"."Role"."isSystem", "public"."Role"."createdAt" FROM "public"."Role" WHERE "public"."Role"."id" IN ($1) OFFSET $2

      at Object.zc (../../node_modules/@prisma/internals/src/logger.ts:13:11)

  console.log
    prisma:query SELECT "public"."RolePermission"."roleId", "public"."RolePermission"."permissionId" FROM "public"."RolePermission" WHERE "public"."RolePermission"."roleId" IN ($1) OFFSET $2

      at Object.zc (../../node_modules/@prisma/internals/src/logger.ts:13:11)

  console.log
    prisma:query BEGIN

      at Object.zc (../../node_modules/@prisma/internals/src/logger.ts:13:11)

  console.log
    prisma:query UPDATE "public"."User" SET "name" = $1, "nickname" = $2, "bio" = $3, "address" = $4, "updatedAt" = $5 WHERE ("public"."User"."id" = $6 AND 1=1) RETURNING "public"."User"."id", "public"."User"."email", "public"."User"."password", "public"."User"."name", "public"."User"."nickname", "public"."User"."bio", "public"."User"."age", "public"."User"."gender"::text, "public"."User"."phoneNumber", "public"."User"."address", "public"."User"."status"::text, "public"."User"."statusReason", "public"."User"."preferences", "public"."User"."googleId", "public"."User"."avatarUrl", "public"."User"."createdAt", "public"."User"."updatedAt", "public"."User"."avatarImageId", "public"."User"."deletedAt"

      at Object.zc (../../node_modules/@prisma/internals/src/logger.ts:13:11)

  console.log
    prisma:query SELECT "public"."User"."id", "public"."User"."email", "public"."User"."password", "public"."User"."name", "public"."User"."nickname", "public"."User"."bio", "public"."User"."age", "public"."User"."gender"::text, "public"."User"."phoneNumber", "public"."User"."address", "public"."User"."status"::text, "public"."User"."statusReason", "public"."User"."preferences", "public"."User"."googleId", "public"."User"."avatarUrl", "public"."User"."createdAt", "public"."User"."updatedAt", "public"."User"."avatarImageId", "public"."User"."deletedAt" FROM "public"."User" WHERE "public"."User"."id" = $1 LIMIT $2 OFFSET $3

      at Object.zc (../../node_modules/@prisma/internals/src/logger.ts:13:11)

  console.log
    prisma:query COMMIT

      at Object.zc (../../node_modules/@prisma/internals/src/logger.ts:13:11)

  console.log
    prisma:query INSERT INTO "public"."AuditLog" ("id","actorId","action","targetType","targetId","metadata","createdAt") VALUES ($1,$2,CAST($3::text AS "public"."AuditAction"),$4,$5,$6,$7) RETURNING "public"."AuditLog"."id", "public"."AuditLog"."actorId", "public"."AuditLog"."action"::text, "public"."AuditLog"."targetType", "public"."AuditLog"."targetId", "public"."AuditLog"."metadata", "public"."AuditLog"."createdAt"

      at Object.zc (../../node_modules/@prisma/internals/src/logger.ts:13:11)

2026-01-28 12:27:30 [32minfo[39m: ::ffff:127.0.0.1 - - [28/Jan/2026:06:57:30 +0000] "PATCH /api/v1/users/profile HTTP/1.1" 200 728 "-" "-"
PASS tests/integration/user-endpoints.test.ts (9.665 s)
  User Endpoints Integration
    GET /users/profile
      ΓêÜ should return current user profile with authentication (169 ms)
      ΓêÜ should return 401 without authentication (33 ms)
      ΓêÜ should return 401 with invalid token (20 ms)
    PATCH /users/profile
      ΓêÜ should update user profile with valid data (75 ms)
      ΓêÜ should handle partial profile updates (42 ms)
      ΓêÜ should update preferences without affecting other fields (33 ms)
      ΓêÜ should handle empty preferences object (32 ms)
      ΓêÜ should handle null values for optional fields (32 ms)
      ΓêÜ should return 401 without authentication (17 ms)
      ΓêÜ should convert age string to number (36 ms)
      ΓêÜ should handle complex nested preferences (37 ms)
    GET /users/guide/trips
      ΓêÜ should return trips assigned to the guide (43 ms)
      ΓêÜ should include booking details with user info (40 ms)
      ΓêÜ should return empty array if guide has no trips (42 ms)
      ΓêÜ should return 401 without authentication (10 ms)
      ΓêÜ should work for regular users (returns empty if not a guide) (22 ms)
      ΓêÜ should include coverImage in trip details (29 ms)
    Profile Security
      ΓêÜ should not allow updating another user's profile (37 ms)
      ΓêÜ should not expose sensitive data in profile response (25 ms)
    Profile Validation
      ΓêÜ should accept valid email format in profile (if updatable) (29 ms)
      ΓêÜ should handle very long bio text (29 ms)
      ΓêÜ should handle special characters in profile fields (28 ms)

warn The configuration property `package.json#prisma` is deprecated and will be removed in Prisma 7. Please migrate to a Prisma config file (e.g., 
`prisma.config.ts`).
For more information, see: https://pris.ly/prisma-config

Loaded Prisma config from prisma.config.ts.

warn The Prisma config file in prisma.config.ts overrides the deprecated `package.json#prisma` property in package.json.
  For more information, see: https://pris.ly/prisma-config

Prisma config detected, skipping environment variable loading.
Prisma schema loaded from prisma\schema.prisma
Datasource "db": PostgreSQL database "param_adventures", schema "public" at "localhost:5433"

57 migrations found in prisma/migrations


No pending migrations to apply.
  console.log
    Sentry Disabled (No DSN)

      at Object.<anonymous> (src/instrument.ts:7:11)

  console.log
    Param Adventures API: Sentry Instrumented ≡ƒö¡

      at Object.<anonymous> (src/instrument.ts:20:9)

2026-01-28 12:27:33 [33mwarn[39m: Google OAuth credentials missing. Social login disabled.
  console.log
    --> Backend Initialized (v1.2.0) - Restore Route Active <--

      at Object.<anonymous> (src/app.ts:52:9)

  console.log
    prisma:info Starting a postgresql pool with 25 connections.

      at Object.zc (../../node_modules/@prisma/internals/src/logger.ts:13:11)

  console.log
    prisma:query SELECT "public"."User"."id", "public"."User"."email", "public"."User"."password", "public"."User"."name", "public"."User"."nickname", "public"."User"."bio", "public"."User"."age", "public"."User"."gender"::text, "public"."User"."phoneNumber", "public"."User"."address", "public"."User"."status"::text, "public"."User"."statusReason", "public"."User"."preferences", "public"."User"."googleId", "public"."User"."avatarUrl", "public"."User"."createdAt", "public"."User"."updatedAt", "public"."User"."avatarImageId", "public"."User"."deletedAt" FROM "public"."User" WHERE ("public"."User"."email" = $1 AND 1=1) LIMIT $2 OFFSET $3

      at Object.zc (../../node_modules/@prisma/internals/src/logger.ts:13:11)

  console.log
    prisma:query INSERT INTO "public"."User" ("id","email","password","name","status","preferences","createdAt","updatedAt") VALUES ($1,$2,$3,$4,CAST($5::text AS "public"."UserStatus"),$6,$7,$8) RETURNING "public"."User"."id", "public"."User"."email", "public"."User"."password", "public"."User"."name", "public"."User"."nickname", "public"."User"."bio", "public"."User"."age", "public"."User"."gender"::text, "public"."User"."phoneNumber", "public"."User"."address", "public"."User"."status"::text, "public"."User"."statusReason", "public"."User"."preferences", "public"."User"."googleId", "public"."User"."avatarUrl", "public"."User"."createdAt", "public"."User"."updatedAt", "public"."User"."avatarImageId", "public"."User"."deletedAt"

      at Object.zc (../../node_modules/@prisma/internals/src/logger.ts:13:11)

  console.log
    prisma:query INSERT INTO "public"."AuditLog" ("id","actorId","action","targetType","targetId","metadata","createdAt") VALUES ($1,$2,CAST($3::text AS "public"."AuditAction"),$4,$5,$6,$7) RETURNING "public"."AuditLog"."id", "public"."AuditLog"."actorId", "public"."AuditLog"."action"::text, "public"."AuditLog"."targetType", "public"."AuditLog"."targetId", "public"."AuditLog"."metadata", "public"."AuditLog"."createdAt"

      at Object.zc (../../node_modules/@prisma/internals/src/logger.ts:13:11)

2026-01-28 12:27:34 [32minfo[39m: ::ffff:127.0.0.1 - - [28/Jan/2026:06:57:34 +0000] "POST /api/v1/auth/register HTTP/1.1" 201 213 "-" "-"
  console.log
    prisma:query SELECT "public"."User"."id", "public"."User"."email", "public"."User"."password", "public"."User"."name", "public"."User"."nickname", "public"."User"."bio", "public"."User"."age", "public"."User"."gender"::text, "public"."User"."phoneNumber", "public"."User"."address", "public"."User"."status"::text, "public"."User"."statusReason", "public"."User"."preferences", "public"."User"."googleId", "public"."User"."avatarUrl", "public"."User"."createdAt", "public"."User"."updatedAt", "public"."User"."avatarImageId", "public"."User"."deletedAt" FROM "public"."User" WHERE ("public"."User"."email" = $1 AND 1=1) LIMIT $2 OFFSET $3

      at Object.zc (../../node_modules/@prisma/internals/src/logger.ts:13:11)

  console.warn
    [AuthService] Registration failed: Email test@example.com already registered

    [0m [90m 19 |[39m     [36mconst[39m existing [33m=[39m [36mawait[39m prisma[33m.[39muser[33m.[39mfindUnique({ where[33m:[39m { email[33m:[39m normalizedEmail } })[33m;[39m
     [90m 20 |[39m     [36mif[39m (existing) {
    [31m[1m>[22m[39m[90m 21 |[39m       console[33m.[39mwarn(
     [90m    |[39m               [31m[1m^[22m[39m
     [90m 22 |[39m         [32m`[AuthService] Registration failed: Email ${normalizedEmail} already registered`[39m[33m,[39m
     [90m 23 |[39m       )[33m;[39m
     [90m 24 |[39m       [36mthrow[39m [36mnew[39m [33mHttpError[39m([35m409[39m[33m,[39m [32m"EMAIL_REGISTERED"[39m[33m,[39m [32m"Email already registered"[39m)[33m;[39m[0m

      at AuthService.register (src/services/auth.service.ts:21:15)
      at src/controllers/auth.controller.ts:50:16

2026-01-28 12:27:34 [31merror[39m: HttpError: Email already registered
    at new HttpError (C:\Users\akash\Documents\Param_Adventures_Phase1\apps\api\src\utils\httpError.js:32:24)
    at AuthService.register (C:\Users\akash\Documents\Param_Adventures_Phase1\apps\api\src\services\auth.service.ts:24:13)
    at C:\Users\akash\Documents\Param_Adventures_Phase1\apps\api\src\controllers\auth.controller.ts:50:16
2026-01-28 12:27:34 [32minfo[39m: ::ffff:127.0.0.1 - - [28/Jan/2026:06:57:34 +0000] "POST /api/v1/auth/register HTTP/1.1" 409 138 "-" "-"
2026-01-28 12:27:34 [33mwarn[39m: Validation failed
2026-01-28 12:27:34 [32minfo[39m: ::ffff:127.0.0.1 - - [28/Jan/2026:06:57:34 +0000] "POST /api/v1/auth/register HTTP/1.1" 400 175 "-" "-"
  console.log
    prisma:query SELECT "public"."User"."id", "public"."User"."email", "public"."User"."password", "public"."User"."name", "public"."User"."nickname", "public"."User"."bio", "public"."User"."age", "public"."User"."gender"::text, "public"."User"."phoneNumber", "public"."User"."address", "public"."User"."status"::text, "public"."User"."statusReason", "public"."User"."preferences", "public"."User"."googleId", "public"."User"."avatarUrl", "public"."User"."createdAt", "public"."User"."updatedAt", "public"."User"."avatarImageId", "public"."User"."deletedAt" FROM "public"."User" WHERE ("public"."User"."email" = $1 AND 1=1) LIMIT $2 OFFSET $3

      at Object.zc (../../node_modules/@prisma/internals/src/logger.ts:13:11)

  console.log
    prisma:query INSERT INTO "public"."User" ("id","email","password","name","status","preferences","createdAt","updatedAt") VALUES ($1,$2,$3,$4,CAST($5::text AS "public"."UserStatus"),$6,$7,$8) RETURNING "public"."User"."id", "public"."User"."email", "public"."User"."password", "public"."User"."name", "public"."User"."nickname", "public"."User"."bio", "public"."User"."age", "public"."User"."gender"::text, "public"."User"."phoneNumber", "public"."User"."address", "public"."User"."status"::text, "public"."User"."statusReason", "public"."User"."preferences", "public"."User"."googleId", "public"."User"."avatarUrl", "public"."User"."createdAt", "public"."User"."updatedAt", "public"."User"."avatarImageId", "public"."User"."deletedAt"

      at Object.zc (../../node_modules/@prisma/internals/src/logger.ts:13:11)

  console.log
    prisma:query INSERT INTO "public"."AuditLog" ("id","actorId","action","targetType","targetId","metadata","createdAt") VALUES ($1,$2,CAST($3::text AS "public"."AuditAction"),$4,$5,$6,$7) RETURNING "public"."AuditLog"."id", "public"."AuditLog"."actorId", "public"."AuditLog"."action"::text, "public"."AuditLog"."targetType", "public"."AuditLog"."targetId", "public"."AuditLog"."metadata", "public"."AuditLog"."createdAt"

      at Object.zc (../../node_modules/@prisma/internals/src/logger.ts:13:11)

2026-01-28 12:27:35 [32minfo[39m: ::ffff:127.0.0.1 - - [28/Jan/2026:06:57:35 +0000] "POST /api/v1/auth/register HTTP/1.1" 201 219 "-" "-"
  console.log
    prisma:query SELECT "public"."User"."id", "public"."User"."email", "public"."User"."password", "public"."User"."name", "public"."User"."nickname", "public"."User"."bio", "public"."User"."age", "public"."User"."gender"::text, "public"."User"."phoneNumber", "public"."User"."address", "public"."User"."status"::text, "public"."User"."statusReason", "public"."User"."preferences", "public"."User"."googleId", "public"."User"."avatarUrl", "public"."User"."createdAt", "public"."User"."updatedAt", "public"."User"."avatarImageId", "public"."User"."deletedAt" FROM "public"."User" WHERE ("public"."User"."email" = $1 AND 1=1) LIMIT $2 OFFSET $3

      at Object.zc (../../node_modules/@prisma/internals/src/logger.ts:13:11)

  console.log
    prisma:query INSERT INTO "public"."AuditLog" ("id","actorId","action","targetType","targetId","metadata","createdAt") VALUES ($1,$2,CAST($3::text AS "public"."AuditAction"),$4,$5,$6,$7) RETURNING "public"."AuditLog"."id", "public"."AuditLog"."actorId", "public"."AuditLog"."action"::text, "public"."AuditLog"."targetType", "public"."AuditLog"."targetId", "public"."AuditLog"."metadata", "public"."AuditLog"."createdAt"

      at Object.zc (../../node_modules/@prisma/internals/src/logger.ts:13:11)

  console.log
    prisma:query SELECT "public"."User"."id", "public"."User"."email", "public"."User"."name", "public"."User"."nickname", "public"."User"."bio", "public"."User"."age", "public"."User"."gender"::text, "public"."User"."phoneNumber", "public"."User"."address", "public"."User"."status"::text, "public"."User"."createdAt", "public"."User"."avatarImageId", "public"."User"."preferences" FROM "public"."User" WHERE ("public"."User"."id" = $1 AND 1=1) LIMIT $2 OFFSET $3

      at Object.zc (../../node_modules/@prisma/internals/src/logger.ts:13:11)

  console.log
    prisma:query SELECT "public"."UserRole"."userId", "public"."UserRole"."roleId" FROM "public"."UserRole" WHERE "public"."UserRole"."userId" IN ($1) OFFSET $2

      at Object.zc (../../node_modules/@prisma/internals/src/logger.ts:13:11)

  console.log
    prisma:query SELECT "public"."RolePermission"."roleId", "public"."RolePermission"."permissionId" FROM "public"."RolePermission" LEFT JOIN "public"."Role" AS "j0" ON ("j0"."id") = ("public"."RolePermission"."roleId") WHERE (1=0 AND ("j0"."id" IS NOT NULL)) OFFSET $1

      at Object.zc (../../node_modules/@prisma/internals/src/logger.ts:13:11)

2026-01-28 12:27:35 [32minfo[39m: ::ffff:127.0.0.1 - - [28/Jan/2026:06:57:35 +0000] "POST /api/v1/auth/login HTTP/1.1" 200 679 "-" "-"
  console.log
    prisma:query SELECT "public"."User"."id", "public"."User"."email", "public"."User"."password", "public"."User"."name", "public"."User"."nickname", "public"."User"."bio", "public"."User"."age", "public"."User"."gender"::text, "public"."User"."phoneNumber", "public"."User"."address", "public"."User"."status"::text, "public"."User"."statusReason", "public"."User"."preferences", "public"."User"."googleId", "public"."User"."avatarUrl", "public"."User"."createdAt", "public"."User"."updatedAt", "public"."User"."avatarImageId", "public"."User"."deletedAt" FROM "public"."User" WHERE ("public"."User"."email" = $1 AND 1=1) LIMIT $2 OFFSET $3

      at Object.zc (../../node_modules/@prisma/internals/src/logger.ts:13:11)

2026-01-28 12:27:36 [31merror[39m: HttpError: Invalid credentials
    at new HttpError (C:\Users\akash\Documents\Param_Adventures_Phase1\apps\api\src\utils\httpError.js:32:24)
    at AuthService.login (C:\Users\akash\Documents\Param_Adventures_Phase1\apps\api\src\services\auth.service.ts:52:15)
    at C:\Users\akash\Documents\Param_Adventures_Phase1\apps\api\src\controllers\auth.controller.ts:64:57
2026-01-28 12:27:36 [32minfo[39m: ::ffff:127.0.0.1 - - [28/Jan/2026:06:57:36 +0000] "POST /api/v1/auth/login HTTP/1.1" 401 136 "-" "-"
  console.log
    prisma:query SELECT "public"."User"."id", "public"."User"."email", "public"."User"."password", "public"."User"."name", "public"."User"."nickname", "public"."User"."bio", "public"."User"."age", "public"."User"."gender"::text, "public"."User"."phoneNumber", "public"."User"."address", "public"."User"."status"::text, "public"."User"."statusReason", "public"."User"."preferences", "public"."User"."googleId", "public"."User"."avatarUrl", "public"."User"."createdAt", "public"."User"."updatedAt", "public"."User"."avatarImageId", "public"."User"."deletedAt" FROM "public"."User" WHERE ("public"."User"."email" = $1 AND 1=1) LIMIT $2 OFFSET $3

      at Object.zc (../../node_modules/@prisma/internals/src/logger.ts:13:11)

  console.log
    prisma:query INSERT INTO "public"."AuditLog" ("id","actorId","action","targetType","targetId","metadata","createdAt") VALUES ($1,$2,CAST($3::text AS "public"."AuditAction"),$4,$5,$6,$7) RETURNING "public"."AuditLog"."id", "public"."AuditLog"."actorId", "public"."AuditLog"."action"::text, "public"."AuditLog"."targetType", "public"."AuditLog"."targetId", "public"."AuditLog"."metadata", "public"."AuditLog"."createdAt"

      at Object.zc (../../node_modules/@prisma/internals/src/logger.ts:13:11)

  console.log
    prisma:query SELECT "public"."User"."id", "public"."User"."email", "public"."User"."name", "public"."User"."nickname", "public"."User"."bio", "public"."User"."age", "public"."User"."gender"::text, "public"."User"."phoneNumber", "public"."User"."address", "public"."User"."status"::text, "public"."User"."createdAt", "public"."User"."avatarImageId", "public"."User"."preferences" FROM "public"."User" WHERE ("public"."User"."id" = $1 AND 1=1) LIMIT $2 OFFSET $3

      at Object.zc (../../node_modules/@prisma/internals/src/logger.ts:13:11)

  console.log
    prisma:query SELECT "public"."UserRole"."userId", "public"."UserRole"."roleId" FROM "public"."UserRole" WHERE "public"."UserRole"."userId" IN ($1) OFFSET $2

      at Object.zc (../../node_modules/@prisma/internals/src/logger.ts:13:11)

  console.log
    prisma:query SELECT "public"."RolePermission"."roleId", "public"."RolePermission"."permissionId" FROM "public"."RolePermission" LEFT JOIN "public"."Role" AS "j0" ON ("j0"."id") = ("public"."RolePermission"."roleId") WHERE (1=0 AND ("j0"."id" IS NOT NULL)) OFFSET $1

      at Object.zc (../../node_modules/@prisma/internals/src/logger.ts:13:11)

2026-01-28 12:27:36 [32minfo[39m: ::ffff:127.0.0.1 - - [28/Jan/2026:06:57:36 +0000] "POST /api/v1/auth/login HTTP/1.1" 200 679 "-" "-"
2026-01-28 12:27:36 [31merror[39m: Failed to check token denylist
  console.log
    prisma:query SELECT "public"."User"."id", "public"."User"."email", "public"."User"."password", "public"."User"."name", "public"."User"."nickname", "public"."User"."bio", "public"."User"."age", "public"."User"."gender"::text, "public"."User"."phoneNumber", "public"."User"."address", "public"."User"."status"::text, "public"."User"."statusReason", "public"."User"."preferences", "public"."User"."googleId", "public"."User"."avatarUrl", "public"."User"."createdAt", "public"."User"."updatedAt", "public"."User"."avatarImageId", "public"."User"."deletedAt" FROM "public"."User" WHERE ("public"."User"."id" = $1 AND 1=1) LIMIT $2 OFFSET $3

      at Object.zc (../../node_modules/@prisma/internals/src/logger.ts:13:11)

  console.log
    prisma:query SELECT "public"."UserRole"."userId", "public"."UserRole"."roleId" FROM "public"."UserRole" WHERE "public"."UserRole"."userId" IN ($1) OFFSET $2

      at Object.zc (../../node_modules/@prisma/internals/src/logger.ts:13:11)

  console.log
    prisma:query SELECT "public"."User"."id", "public"."User"."email", "public"."User"."name", "public"."User"."nickname", "public"."User"."bio", "public"."User"."age", "public"."User"."gender"::text, "public"."User"."phoneNumber", "public"."User"."address", "public"."User"."status"::text, "public"."User"."createdAt", "public"."User"."avatarImageId", "public"."User"."preferences" FROM "public"."User" WHERE ("public"."User"."id" = $1 AND 1=1) LIMIT $2 OFFSET $3

      at Object.zc (../../node_modules/@prisma/internals/src/logger.ts:13:11)

  console.log
    prisma:query SELECT "public"."UserRole"."userId", "public"."UserRole"."roleId" FROM "public"."UserRole" WHERE "public"."UserRole"."userId" IN ($1) OFFSET $2

      at Object.zc (../../node_modules/@prisma/internals/src/logger.ts:13:11)

  console.log
    prisma:query SELECT "public"."RolePermission"."roleId", "public"."RolePermission"."permissionId" FROM "public"."RolePermission" LEFT JOIN "public"."Role" AS "j0" ON ("j0"."id") = ("public"."RolePermission"."roleId") WHERE (1=0 AND ("j0"."id" IS NOT NULL)) OFFSET $1

      at Object.zc (../../node_modules/@prisma/internals/src/logger.ts:13:11)

2026-01-28 12:27:36 [32minfo[39m: ::ffff:127.0.0.1 - - [28/Jan/2026:06:57:36 +0000] "GET /api/v1/auth/me HTTP/1.1" 200 409 "-" "-"
  console.log
    prisma:query SELECT "public"."User"."id", "public"."User"."email", "public"."User"."password", "public"."User"."name", "public"."User"."nickname", "public"."User"."bio", "public"."User"."age", "public"."User"."gender"::text, "public"."User"."phoneNumber", "public"."User"."address", "public"."User"."status"::text, "public"."User"."statusReason", "public"."User"."preferences", "public"."User"."googleId", "public"."User"."avatarUrl", "public"."User"."createdAt", "public"."User"."updatedAt", "public"."User"."avatarImageId", "public"."User"."deletedAt" FROM "public"."User" WHERE ("public"."User"."email" = $1 AND 1=1) LIMIT $2 OFFSET $3

      at Object.zc (../../node_modules/@prisma/internals/src/logger.ts:13:11)

  console.log
    prisma:query INSERT INTO "public"."AuditLog" ("id","actorId","action","targetType","targetId","metadata","createdAt") VALUES ($1,$2,CAST($3::text AS "public"."AuditAction"),$4,$5,$6,$7) RETURNING "public"."AuditLog"."id", "public"."AuditLog"."actorId", "public"."AuditLog"."action"::text, "public"."AuditLog"."targetType", "public"."AuditLog"."targetId", "public"."AuditLog"."metadata", "public"."AuditLog"."createdAt"

      at Object.zc (../../node_modules/@prisma/internals/src/logger.ts:13:11)

  console.log
    prisma:query SELECT "public"."User"."id", "public"."User"."email", "public"."User"."name", "public"."User"."nickname", "public"."User"."bio", "public"."User"."age", "public"."User"."gender"::text, "public"."User"."phoneNumber", "public"."User"."address", "public"."User"."status"::text, "public"."User"."createdAt", "public"."User"."avatarImageId", "public"."User"."preferences" FROM "public"."User" WHERE ("public"."User"."id" = $1 AND 1=1) LIMIT $2 OFFSET $3

      at Object.zc (../../node_modules/@prisma/internals/src/logger.ts:13:11)

  console.log
    prisma:query SELECT "public"."UserRole"."userId", "public"."UserRole"."roleId" FROM "public"."UserRole" WHERE "public"."UserRole"."userId" IN ($1) OFFSET $2

      at Object.zc (../../node_modules/@prisma/internals/src/logger.ts:13:11)

  console.log
    prisma:query SELECT "public"."RolePermission"."roleId", "public"."RolePermission"."permissionId" FROM "public"."RolePermission" LEFT JOIN "public"."Role" AS "j0" ON ("j0"."id") = ("public"."RolePermission"."roleId") WHERE (1=0 AND ("j0"."id" IS NOT NULL)) OFFSET $1

      at Object.zc (../../node_modules/@prisma/internals/src/logger.ts:13:11)

2026-01-28 12:27:37 [32minfo[39m: ::ffff:127.0.0.1 - - [28/Jan/2026:06:57:37 +0000] "POST /api/v1/auth/login HTTP/1.1" 200 679 "-" "-"
2026-01-28 12:27:37 [32minfo[39m: ::ffff:127.0.0.1 - - [28/Jan/2026:06:57:37 +0000] "POST /api/v1/auth/refresh HTTP/1.1" 200 366 "-" "-"
PASS tests/integration/auth.test.ts (6.625 s)
  Auth Integration
    ΓêÜ should register a new user (443 ms)
    ΓêÜ should fail on duplicate email (41 ms)
    ΓêÜ should fail on invalid email (Zod) (16 ms)
    Session & Refresh
      ΓêÜ should login successfully and return access token + user (583 ms)
      ΓêÜ should fail login with wrong password (377 ms)
      ΓêÜ should get current user profile with valid token (551 ms)
      ΓêÜ should refresh access token using cookie (549 ms)

warn The configuration property `package.json#prisma` is deprecated and will be removed in Prisma 7. Please migrate to a Prisma config file (e.g., 
`prisma.config.ts`).
For more information, see: https://pris.ly/prisma-config

Loaded Prisma config from prisma.config.ts.

warn The Prisma config file in prisma.config.ts overrides the deprecated `package.json#prisma` property in package.json.
  For more information, see: https://pris.ly/prisma-config

Prisma config detected, skipping environment variable loading.
Prisma schema loaded from prisma\schema.prisma
Datasource "db": PostgreSQL database "param_adventures", schema "public" at "localhost:5433"

57 migrations found in prisma/migrations


No pending migrations to apply.
  console.log
    Sentry Disabled (No DSN)

      at Object.<anonymous> (src/instrument.ts:7:11)

  console.log
    Param Adventures API: Sentry Instrumented ≡ƒö¡

      at Object.<anonymous> (src/instrument.ts:20:9)

2026-01-28 12:27:40 [33mwarn[39m: Google OAuth credentials missing. Social login disabled.
  console.log
    --> Backend Initialized (v1.2.0) - Restore Route Active <--

      at Object.<anonymous> (src/app.ts:52:9)

2026-01-28 12:27:41 [31merror[39m: Failed to check token denylist
  console.log
    prisma:info Starting a postgresql pool with 25 connections.

      at Object.zc (../../node_modules/@prisma/internals/src/logger.ts:13:11)

  console.log
    prisma:query SELECT "public"."User"."id", "public"."User"."email", "public"."User"."password", "public"."User"."name", "public"."User"."nickname", "public"."User"."bio", "public"."User"."age", "public"."User"."gender"::text, "public"."User"."phoneNumber", "public"."User"."address", "public"."User"."status"::text, "public"."User"."statusReason", "public"."User"."preferences", "public"."User"."googleId", "public"."User"."avatarUrl", "public"."User"."createdAt", "public"."User"."updatedAt", "public"."User"."avatarImageId", "public"."User"."deletedAt" FROM "public"."User" WHERE ("public"."User"."id" = $1 AND 1=1) LIMIT $2 OFFSET $3

      at Object.zc (../../node_modules/@prisma/internals/src/logger.ts:13:11)

  console.log
    prisma:query SELECT "public"."UserRole"."userId", "public"."UserRole"."roleId" FROM "public"."UserRole" WHERE "public"."UserRole"."userId" IN ($1) OFFSET $2

      at Object.zc (../../node_modules/@prisma/internals/src/logger.ts:13:11)

  console.log
    prisma:query SELECT "public"."Role"."id", "public"."Role"."name", "public"."Role"."description", "public"."Role"."isSystem", "public"."Role"."createdAt" FROM "public"."Role" WHERE "public"."Role"."id" IN ($1) OFFSET $2

      at Object.zc (../../node_modules/@prisma/internals/src/logger.ts:13:11)

  console.log
    prisma:query SELECT "public"."RolePermission"."roleId", "public"."RolePermission"."permissionId" FROM "public"."RolePermission" WHERE "public"."RolePermission"."roleId" IN ($1) OFFSET $2

      at Object.zc (../../node_modules/@prisma/internals/src/logger.ts:13:11)

  console.log
    prisma:query SELECT "public"."Permission"."id", "public"."Permission"."key", "public"."Permission"."description", "public"."Permission"."category", "public"."Permission"."createdAt" FROM "public"."Permission" WHERE "public"."Permission"."id" IN ($1,$2,$3,$4,$5,$6,$7,$8,$9,$10,$11,$12) OFFSET $13

      at Object.zc (../../node_modules/@prisma/internals/src/logger.ts:13:11)

2026-01-28 12:27:41 [32minfo[39m: ::ffff:127.0.0.1 - - [28/Jan/2026:06:57:41 +0000] "GET /api/v1/users/profile HTTP/1.1" 200 643 "-" "-"
2026-01-28 12:27:41 [31merror[39m: Failed to check token denylist
  console.log
    prisma:query SELECT "public"."User"."id", "public"."User"."email", "public"."User"."password", "public"."User"."name", "public"."User"."nickname", "public"."User"."bio", "public"."User"."age", "public"."User"."gender"::text, "public"."User"."phoneNumber", "public"."User"."address", "public"."User"."status"::text, "public"."User"."statusReason", "public"."User"."preferences", "public"."User"."googleId", "public"."User"."avatarUrl", "public"."User"."createdAt", "public"."User"."updatedAt", "public"."User"."avatarImageId", "public"."User"."deletedAt" FROM "public"."User" WHERE ("public"."User"."id" = $1 AND 1=1) LIMIT $2 OFFSET $3

      at Object.zc (../../node_modules/@prisma/internals/src/logger.ts:13:11)

  console.log
    prisma:query SELECT "public"."UserRole"."userId", "public"."UserRole"."roleId" FROM "public"."UserRole" WHERE "public"."UserRole"."userId" IN ($1) OFFSET $2

      at Object.zc (../../node_modules/@prisma/internals/src/logger.ts:13:11)

  console.log
    prisma:query SELECT "public"."Role"."id", "public"."Role"."name", "public"."Role"."description", "public"."Role"."isSystem", "public"."Role"."createdAt" FROM "public"."Role" WHERE "public"."Role"."id" IN ($1,$2) OFFSET $3

      at Object.zc (../../node_modules/@prisma/internals/src/logger.ts:13:11)

  console.log
    prisma:query SELECT "public"."RolePermission"."roleId", "public"."RolePermission"."permissionId" FROM "public"."RolePermission" WHERE "public"."RolePermission"."roleId" IN ($1,$2) OFFSET $3

      at Object.zc (../../node_modules/@prisma/internals/src/logger.ts:13:11)

  console.log
    prisma:query SELECT "public"."Permission"."id", "public"."Permission"."key", "public"."Permission"."description", "public"."Permission"."category", "public"."Permission"."createdAt" FROM "public"."Permission" WHERE "public"."Permission"."id" IN ($1,$2,$3,$4,$5,$6,$7,$8,$9,$10,$11,$12) OFFSET $13

      at Object.zc (../../node_modules/@prisma/internals/src/logger.ts:13:11)

2026-01-28 12:27:41 [32minfo[39m: ::ffff:127.0.0.1 - - [28/Jan/2026:06:57:41 +0000] "GET /api/v1/users/profile HTTP/1.1" 200 658 "-" "-"
2026-01-28 12:27:41 [31merror[39m: Failed to check token denylist
  console.log
    prisma:query SELECT "public"."User"."id", "public"."User"."email", "public"."User"."password", "public"."User"."name", "public"."User"."nickname", "public"."User"."bio", "public"."User"."age", "public"."User"."gender"::text, "public"."User"."phoneNumber", "public"."User"."address", "public"."User"."status"::text, "public"."User"."statusReason", "public"."User"."preferences", "public"."User"."googleId", "public"."User"."avatarUrl", "public"."User"."createdAt", "public"."User"."updatedAt", "public"."User"."avatarImageId", "public"."User"."deletedAt" FROM "public"."User" WHERE ("public"."User"."id" = $1 AND 1=1) LIMIT $2 OFFSET $3

      at Object.zc (../../node_modules/@prisma/internals/src/logger.ts:13:11)

  console.log
    prisma:query SELECT "public"."UserRole"."userId", "public"."UserRole"."roleId" FROM "public"."UserRole" WHERE "public"."UserRole"."userId" IN ($1) OFFSET $2

      at Object.zc (../../node_modules/@prisma/internals/src/logger.ts:13:11)

  console.log
    prisma:query SELECT "public"."Role"."id", "public"."Role"."name", "public"."Role"."description", "public"."Role"."isSystem", "public"."Role"."createdAt" FROM "public"."Role" WHERE "public"."Role"."id" IN ($1) OFFSET $2

      at Object.zc (../../node_modules/@prisma/internals/src/logger.ts:13:11)

  console.log
    prisma:query SELECT "public"."RolePermission"."roleId", "public"."RolePermission"."permissionId" FROM "public"."RolePermission" WHERE "public"."RolePermission"."roleId" IN ($1) OFFSET $2

      at Object.zc (../../node_modules/@prisma/internals/src/logger.ts:13:11)

  console.log
    prisma:query SELECT "public"."Permission"."id", "public"."Permission"."key", "public"."Permission"."description", "public"."Permission"."category", "public"."Permission"."createdAt" FROM "public"."Permission" WHERE "public"."Permission"."id" IN ($1) OFFSET $2

      at Object.zc (../../node_modules/@prisma/internals/src/logger.ts:13:11)

2026-01-28 12:27:41 [32minfo[39m: ::ffff:127.0.0.1 - - [28/Jan/2026:06:57:41 +0000] "GET /api/v1/users/profile HTTP/1.1" 200 150 "-" "-"
2026-01-28 12:27:41 [31merror[39m: Failed to check token denylist
  console.log
    prisma:query SELECT "public"."User"."id", "public"."User"."email", "public"."User"."password", "public"."User"."name", "public"."User"."nickname", "public"."User"."bio", "public"."User"."age", "public"."User"."gender"::text, "public"."User"."phoneNumber", "public"."User"."address", "public"."User"."status"::text, "public"."User"."statusReason", "public"."User"."preferences", "public"."User"."googleId", "public"."User"."avatarUrl", "public"."User"."createdAt", "public"."User"."updatedAt", "public"."User"."avatarImageId", "public"."User"."deletedAt" FROM "public"."User" WHERE ("public"."User"."id" = $1 AND 1=1) LIMIT $2 OFFSET $3

      at Object.zc (../../node_modules/@prisma/internals/src/logger.ts:13:11)

  console.log
    prisma:query SELECT "public"."UserRole"."userId", "public"."UserRole"."roleId" FROM "public"."UserRole" WHERE "public"."UserRole"."userId" IN ($1) OFFSET $2

      at Object.zc (../../node_modules/@prisma/internals/src/logger.ts:13:11)

  console.log
    prisma:query SELECT "public"."Role"."id", "public"."Role"."name", "public"."Role"."description", "public"."Role"."isSystem", "public"."Role"."createdAt" FROM "public"."Role" WHERE "public"."Role"."id" IN ($1) OFFSET $2

      at Object.zc (../../node_modules/@prisma/internals/src/logger.ts:13:11)

  console.log
    prisma:query SELECT "public"."RolePermission"."roleId", "public"."RolePermission"."permissionId" FROM "public"."RolePermission" WHERE "public"."RolePermission"."roleId" IN ($1) OFFSET $2

      at Object.zc (../../node_modules/@prisma/internals/src/logger.ts:13:11)

  console.log
    prisma:query SELECT "public"."Permission"."id", "public"."Permission"."key", "public"."Permission"."description", "public"."Permission"."category", "public"."Permission"."createdAt" FROM "public"."Permission" WHERE "public"."Permission"."id" IN ($1,$2,$3,$4,$5,$6,$7,$8,$9,$10,$11,$12) OFFSET $13

      at Object.zc (../../node_modules/@prisma/internals/src/logger.ts:13:11)

  console.log
    prisma:query SELECT "public"."User"."id", "public"."User"."email", "public"."User"."password", "public"."User"."name", "public"."User"."nickname", "public"."User"."bio", "public"."User"."age", "public"."User"."gender"::text, "public"."User"."phoneNumber", "public"."User"."address", "public"."User"."status"::text, "public"."User"."statusReason", "public"."User"."preferences", "public"."User"."googleId", "public"."User"."avatarUrl", "public"."User"."createdAt", "public"."User"."updatedAt", "public"."User"."avatarImageId", "public"."User"."deletedAt" FROM "public"."User" WHERE ("public"."User"."id" = $1 AND 1=1) LIMIT $2 OFFSET $3

      at Object.zc (../../node_modules/@prisma/internals/src/logger.ts:13:11)

  console.log
    prisma:query SELECT "public"."UserRole"."userId", "public"."UserRole"."roleId" FROM "public"."UserRole" WHERE "public"."UserRole"."userId" IN ($1) OFFSET $2

      at Object.zc (../../node_modules/@prisma/internals/src/logger.ts:13:11)

  console.log
    prisma:query SELECT "public"."Role"."id", "public"."Role"."name", "public"."Role"."description", "public"."Role"."isSystem", "public"."Role"."createdAt" FROM "public"."Role" WHERE "public"."Role"."id" IN ($1) OFFSET $2

      at Object.zc (../../node_modules/@prisma/internals/src/logger.ts:13:11)

  console.log
    prisma:query SELECT "public"."RolePermission"."roleId", "public"."RolePermission"."permissionId" FROM "public"."RolePermission" WHERE "public"."RolePermission"."roleId" IN ($1) OFFSET $2

      at Object.zc (../../node_modules/@prisma/internals/src/logger.ts:13:11)

  console.log
    prisma:query SELECT "public"."Permission"."id", "public"."Permission"."key", "public"."Permission"."description", "public"."Permission"."category", "public"."Permission"."createdAt" FROM "public"."Permission" WHERE "public"."Permission"."id" IN ($1,$2,$3,$4,$5,$6,$7,$8,$9,$10,$11,$12) OFFSET $13

      at Object.zc (../../node_modules/@prisma/internals/src/logger.ts:13:11)

  console.log
    prisma:query SELECT "public"."User"."id", "public"."User"."email", "public"."User"."name", "public"."User"."status"::text, "public"."User"."createdAt", "public"."User"."avatarImageId" FROM "public"."User" WHERE 1=1 OFFSET $1

      at Object.zc (../../node_modules/@prisma/internals/src/logger.ts:13:11)

  console.log
    prisma:query SELECT "public"."UserRole"."userId", "public"."UserRole"."roleId" FROM "public"."UserRole" WHERE "public"."UserRole"."userId" IN ($1,$2,$3,$4,$5) OFFSET $6

      at Object.zc (../../node_modules/@prisma/internals/src/logger.ts:13:11)

  console.log
    prisma:query SELECT "public"."Role"."id", "public"."Role"."name", "public"."Role"."description", "public"."Role"."isSystem", "public"."Role"."createdAt" FROM "public"."Role" WHERE "public"."Role"."id" IN ($1,$2,$3,$4,$5) OFFSET $6

      at Object.zc (../../node_modules/@prisma/internals/src/logger.ts:13:11)

2026-01-28 12:27:41 [32minfo[39m: ::ffff:127.0.0.1 - - [28/Jan/2026:06:57:41 +0000] "GET /api/v1/admin/users HTTP/1.1" 200 1061 "-" "-"
  console.log
    prisma:query INSERT INTO "public"."AuditLog" ("id","actorId","action","targetType","metadata","createdAt") VALUES ($1,$2,CAST($3::text AS "public"."AuditAction"),$4,$5,$6) RETURNING "public"."AuditLog"."id", "public"."AuditLog"."actorId", "public"."AuditLog"."action"::text, "public"."AuditLog"."targetType", "public"."AuditLog"."targetId", "public"."AuditLog"."metadata", "public"."AuditLog"."createdAt"

      at Object.zc (../../node_modules/@prisma/internals/src/logger.ts:13:11)

2026-01-28 12:27:41 [31merror[39m: Failed to check token denylist
  console.log
    prisma:query SELECT "public"."User"."id", "public"."User"."email", "public"."User"."password", "public"."User"."name", "public"."User"."nickname", "public"."User"."bio", "public"."User"."age", "public"."User"."gender"::text, "public"."User"."phoneNumber", "public"."User"."address", "public"."User"."status"::text, "public"."User"."statusReason", "public"."User"."preferences", "public"."User"."googleId", "public"."User"."avatarUrl", "public"."User"."createdAt", "public"."User"."updatedAt", "public"."User"."avatarImageId", "public"."User"."deletedAt" FROM "public"."User" WHERE ("public"."User"."id" = $1 AND 1=1) LIMIT $2 OFFSET $3

      at Object.zc (../../node_modules/@prisma/internals/src/logger.ts:13:11)

  console.log
    prisma:query SELECT "public"."UserRole"."userId", "public"."UserRole"."roleId" FROM "public"."UserRole" WHERE "public"."UserRole"."userId" IN ($1) OFFSET $2

      at Object.zc (../../node_modules/@prisma/internals/src/logger.ts:13:11)

  console.log
    prisma:query SELECT "public"."Role"."id", "public"."Role"."name", "public"."Role"."description", "public"."Role"."isSystem", "public"."Role"."createdAt" FROM "public"."Role" WHERE "public"."Role"."id" IN ($1,$2) OFFSET $3

      at Object.zc (../../node_modules/@prisma/internals/src/logger.ts:13:11)

  console.log
    prisma:query SELECT "public"."RolePermission"."roleId", "public"."RolePermission"."permissionId" FROM "public"."RolePermission" WHERE "public"."RolePermission"."roleId" IN ($1,$2) OFFSET $3

      at Object.zc (../../node_modules/@prisma/internals/src/logger.ts:13:11)

  console.log
    prisma:query SELECT "public"."Permission"."id", "public"."Permission"."key", "public"."Permission"."description", "public"."Permission"."category", "public"."Permission"."createdAt" FROM "public"."Permission" WHERE "public"."Permission"."id" IN ($1,$2,$3,$4,$5,$6,$7,$8,$9,$10,$11,$12) OFFSET $13

      at Object.zc (../../node_modules/@prisma/internals/src/logger.ts:13:11)

  console.log
    prisma:query SELECT "public"."User"."id", "public"."User"."email", "public"."User"."password", "public"."User"."name", "public"."User"."nickname", "public"."User"."bio", "public"."User"."age", "public"."User"."gender"::text, "public"."User"."phoneNumber", "public"."User"."address", "public"."User"."status"::text, "public"."User"."statusReason", "public"."User"."preferences", "public"."User"."googleId", "public"."User"."avatarUrl", "public"."User"."createdAt", "public"."User"."updatedAt", "public"."User"."avatarImageId", "public"."User"."deletedAt" FROM "public"."User" WHERE ("public"."User"."id" = $1 AND 1=1) LIMIT $2 OFFSET $3

      at Object.zc (../../node_modules/@prisma/internals/src/logger.ts:13:11)

  console.log
    prisma:query SELECT "public"."UserRole"."userId", "public"."UserRole"."roleId" FROM "public"."UserRole" WHERE "public"."UserRole"."userId" IN ($1) OFFSET $2

      at Object.zc (../../node_modules/@prisma/internals/src/logger.ts:13:11)

  console.log
    prisma:query SELECT "public"."Role"."id", "public"."Role"."name", "public"."Role"."description", "public"."Role"."isSystem", "public"."Role"."createdAt" FROM "public"."Role" WHERE "public"."Role"."id" IN ($1,$2) OFFSET $3

      at Object.zc (../../node_modules/@prisma/internals/src/logger.ts:13:11)

  console.log
    prisma:query SELECT "public"."RolePermission"."roleId", "public"."RolePermission"."permissionId" FROM "public"."RolePermission" WHERE "public"."RolePermission"."roleId" IN ($1,$2) OFFSET $3

      at Object.zc (../../node_modules/@prisma/internals/src/logger.ts:13:11)

  console.log
    prisma:query SELECT "public"."Permission"."id", "public"."Permission"."key", "public"."Permission"."description", "public"."Permission"."category", "public"."Permission"."createdAt" FROM "public"."Permission" WHERE "public"."Permission"."id" IN ($1,$2,$3,$4,$5,$6,$7,$8,$9,$10,$11,$12) OFFSET $13

      at Object.zc (../../node_modules/@prisma/internals/src/logger.ts:13:11)

  console.log
    prisma:query SELECT "public"."User"."id", "public"."User"."email", "public"."User"."name", "public"."User"."status"::text, "public"."User"."createdAt", "public"."User"."avatarImageId" FROM "public"."User" WHERE 1=1 OFFSET $1

      at Object.zc (../../node_modules/@prisma/internals/src/logger.ts:13:11)

  console.log
    prisma:query SELECT "public"."UserRole"."userId", "public"."UserRole"."roleId" FROM "public"."UserRole" WHERE "public"."UserRole"."userId" IN ($1,$2,$3,$4,$5) OFFSET $6

      at Object.zc (../../node_modules/@prisma/internals/src/logger.ts:13:11)

  console.log
    prisma:query SELECT "public"."Role"."id", "public"."Role"."name", "public"."Role"."description", "public"."Role"."isSystem", "public"."Role"."createdAt" FROM "public"."Role" WHERE "public"."Role"."id" IN ($1,$2,$3,$4,$5) OFFSET $6

      at Object.zc (../../node_modules/@prisma/internals/src/logger.ts:13:11)

2026-01-28 12:27:41 [32minfo[39m: ::ffff:127.0.0.1 - - [28/Jan/2026:06:57:41 +0000] "GET /api/v1/admin/users HTTP/1.1" 200 1061 "-" "-"
  console.log
    prisma:query INSERT INTO "public"."AuditLog" ("id","actorId","action","targetType","metadata","createdAt") VALUES ($1,$2,CAST($3::text AS "public"."AuditAction"),$4,$5,$6) RETURNING "public"."AuditLog"."id", "public"."AuditLog"."actorId", "public"."AuditLog"."action"::text, "public"."AuditLog"."targetType", "public"."AuditLog"."targetId", "public"."AuditLog"."metadata", "public"."AuditLog"."createdAt"

      at Object.zc (../../node_modules/@prisma/internals/src/logger.ts:13:11)

2026-01-28 12:27:41 [31merror[39m: Failed to check token denylist
  console.log
    prisma:query SELECT "public"."User"."id", "public"."User"."email", "public"."User"."password", "public"."User"."name", "public"."User"."nickname", "public"."User"."bio", "public"."User"."age", "public"."User"."gender"::text, "public"."User"."phoneNumber", "public"."User"."address", "public"."User"."status"::text, "public"."User"."statusReason", "public"."User"."preferences", "public"."User"."googleId", "public"."User"."avatarUrl", "public"."User"."createdAt", "public"."User"."updatedAt", "public"."User"."avatarImageId", "public"."User"."deletedAt" FROM "public"."User" WHERE ("public"."User"."id" = $1 AND 1=1) LIMIT $2 OFFSET $3

      at Object.zc (../../node_modules/@prisma/internals/src/logger.ts:13:11)

  console.log
    prisma:query SELECT "public"."UserRole"."userId", "public"."UserRole"."roleId" FROM "public"."UserRole" WHERE "public"."UserRole"."userId" IN ($1) OFFSET $2

      at Object.zc (../../node_modules/@prisma/internals/src/logger.ts:13:11)

  console.log
    prisma:query SELECT "public"."Role"."id", "public"."Role"."name", "public"."Role"."description", "public"."Role"."isSystem", "public"."Role"."createdAt" FROM "public"."Role" WHERE "public"."Role"."id" IN ($1) OFFSET $2

      at Object.zc (../../node_modules/@prisma/internals/src/logger.ts:13:11)

  console.log
    prisma:query SELECT "public"."RolePermission"."roleId", "public"."RolePermission"."permissionId" FROM "public"."RolePermission" WHERE "public"."RolePermission"."roleId" IN ($1) OFFSET $2

      at Object.zc (../../node_modules/@prisma/internals/src/logger.ts:13:11)

  console.log
    prisma:query SELECT "public"."User"."id", "public"."User"."email", "public"."User"."password", "public"."User"."name", "public"."User"."nickname", "public"."User"."bio", "public"."User"."age", "public"."User"."gender"::text, "public"."User"."phoneNumber", "public"."User"."address", "public"."User"."status"::text, "public"."User"."statusReason", "public"."User"."preferences", "public"."User"."googleId", "public"."User"."avatarUrl", "public"."User"."createdAt", "public"."User"."updatedAt", "public"."User"."avatarImageId", "public"."User"."deletedAt" FROM "public"."User" WHERE ("public"."User"."id" = $1 AND 1=1) LIMIT $2 OFFSET $3

      at Object.zc (../../node_modules/@prisma/internals/src/logger.ts:13:11)

  console.log
    prisma:query SELECT "public"."UserRole"."userId", "public"."UserRole"."roleId" FROM "public"."UserRole" WHERE "public"."UserRole"."userId" IN ($1) OFFSET $2

      at Object.zc (../../node_modules/@prisma/internals/src/logger.ts:13:11)

  console.log
    prisma:query SELECT "public"."Role"."id", "public"."Role"."name", "public"."Role"."description", "public"."Role"."isSystem", "public"."Role"."createdAt" FROM "public"."Role" WHERE "public"."Role"."id" IN ($1) OFFSET $2

      at Object.zc (../../node_modules/@prisma/internals/src/logger.ts:13:11)

  console.log
    prisma:query SELECT "public"."RolePermission"."roleId", "public"."RolePermission"."permissionId" FROM "public"."RolePermission" WHERE "public"."RolePermission"."roleId" IN ($1) OFFSET $2

      at Object.zc (../../node_modules/@prisma/internals/src/logger.ts:13:11)

  console.log
    prisma:query SELECT "public"."User"."id", "public"."User"."email", "public"."User"."password", "public"."User"."name", "public"."User"."nickname", "public"."User"."bio", "public"."User"."age", "public"."User"."gender"::text, "public"."User"."phoneNumber", "public"."User"."address", "public"."User"."status"::text, "public"."User"."statusReason", "public"."User"."preferences", "public"."User"."googleId", "public"."User"."avatarUrl", "public"."User"."createdAt", "public"."User"."updatedAt", "public"."User"."avatarImageId", "public"."User"."deletedAt" FROM "public"."User" WHERE ("public"."User"."id" = $1 AND 1=1) LIMIT $2 OFFSET $3

      at Object.zc (../../node_modules/@prisma/internals/src/logger.ts:13:11)

  console.log
    prisma:query SELECT "public"."UserRole"."userId", "public"."UserRole"."roleId" FROM "public"."UserRole" WHERE "public"."UserRole"."userId" IN ($1) OFFSET $2

      at Object.zc (../../node_modules/@prisma/internals/src/logger.ts:13:11)

  console.log
    prisma:query SELECT "public"."Role"."id", "public"."Role"."name", "public"."Role"."description", "public"."Role"."isSystem", "public"."Role"."createdAt" FROM "public"."Role" WHERE "public"."Role"."id" IN ($1) OFFSET $2

      at Object.zc (../../node_modules/@prisma/internals/src/logger.ts:13:11)

  console.log
    prisma:query SELECT "public"."RolePermission"."roleId", "public"."RolePermission"."permissionId" FROM "public"."RolePermission" WHERE "public"."RolePermission"."roleId" IN ($1) OFFSET $2

      at Object.zc (../../node_modules/@prisma/internals/src/logger.ts:13:11)

2026-01-28 12:27:41 [31merror[39m: HttpError: You do not have permission to perform this action (user:list)
    at new HttpError (C:\Users\akash\Documents\Param_Adventures_Phase1\apps\api\src\utils\httpError.js:32:24)
    at C:\Users\akash\Documents\Param_Adventures_Phase1\apps\api\src\middlewares\require-permission.middleware.ts:58:13
2026-01-28 12:27:41 [32minfo[39m: ::ffff:127.0.0.1 - - [28/Jan/2026:06:57:41 +0000] "GET /api/v1/admin/users HTTP/1.1" 403 168 "-" "-"
2026-01-28 12:27:41 [31merror[39m: Failed to check token denylist
  console.log
    prisma:query SELECT "public"."User"."id", "public"."User"."email", "public"."User"."password", "public"."User"."name", "public"."User"."nickname", "public"."User"."bio", "public"."User"."age", "public"."User"."gender"::text, "public"."User"."phoneNumber", "public"."User"."address", "public"."User"."status"::text, "public"."User"."statusReason", "public"."User"."preferences", "public"."User"."googleId", "public"."User"."avatarUrl", "public"."User"."createdAt", "public"."User"."updatedAt", "public"."User"."avatarImageId", "public"."User"."deletedAt" FROM "public"."User" WHERE ("public"."User"."id" = $1 AND 1=1) LIMIT $2 OFFSET $3

      at Object.zc (../../node_modules/@prisma/internals/src/logger.ts:13:11)

  console.log
    prisma:query SELECT "public"."UserRole"."userId", "public"."UserRole"."roleId" FROM "public"."UserRole" WHERE "public"."UserRole"."userId" IN ($1) OFFSET $2

      at Object.zc (../../node_modules/@prisma/internals/src/logger.ts:13:11)

  console.log
    prisma:query SELECT "public"."Role"."id", "public"."Role"."name", "public"."Role"."description", "public"."Role"."isSystem", "public"."Role"."createdAt" FROM "public"."Role" WHERE "public"."Role"."id" IN ($1) OFFSET $2

      at Object.zc (../../node_modules/@prisma/internals/src/logger.ts:13:11)

  console.log
    prisma:query SELECT "public"."RolePermission"."roleId", "public"."RolePermission"."permissionId" FROM "public"."RolePermission" WHERE "public"."RolePermission"."roleId" IN ($1) OFFSET $2

      at Object.zc (../../node_modules/@prisma/internals/src/logger.ts:13:11)

  console.log
    prisma:query SELECT "public"."Permission"."id", "public"."Permission"."key", "public"."Permission"."description", "public"."Permission"."category", "public"."Permission"."createdAt" FROM "public"."Permission" WHERE "public"."Permission"."id" IN ($1) OFFSET $2

      at Object.zc (../../node_modules/@prisma/internals/src/logger.ts:13:11)

  console.log
    prisma:query SELECT "public"."User"."id", "public"."User"."email", "public"."User"."password", "public"."User"."name", "public"."User"."nickname", "public"."User"."bio", "public"."User"."age", "public"."User"."gender"::text, "public"."User"."phoneNumber", "public"."User"."address", "public"."User"."status"::text, "public"."User"."statusReason", "public"."User"."preferences", "public"."User"."googleId", "public"."User"."avatarUrl", "public"."User"."createdAt", "public"."User"."updatedAt", "public"."User"."avatarImageId", "public"."User"."deletedAt" FROM "public"."User" WHERE ("public"."User"."id" = $1 AND 1=1) LIMIT $2 OFFSET $3

      at Object.zc (../../node_modules/@prisma/internals/src/logger.ts:13:11)

  console.log
    prisma:query SELECT "public"."UserRole"."userId", "public"."UserRole"."roleId" FROM "public"."UserRole" WHERE "public"."UserRole"."userId" IN ($1) OFFSET $2

      at Object.zc (../../node_modules/@prisma/internals/src/logger.ts:13:11)

  console.log
    prisma:query SELECT "public"."Role"."id", "public"."Role"."name", "public"."Role"."description", "public"."Role"."isSystem", "public"."Role"."createdAt" FROM "public"."Role" WHERE "public"."Role"."id" IN ($1) OFFSET $2

      at Object.zc (../../node_modules/@prisma/internals/src/logger.ts:13:11)

  console.log
    prisma:query SELECT "public"."RolePermission"."roleId", "public"."RolePermission"."permissionId" FROM "public"."RolePermission" WHERE "public"."RolePermission"."roleId" IN ($1) OFFSET $2

      at Object.zc (../../node_modules/@prisma/internals/src/logger.ts:13:11)

  console.log
    prisma:query SELECT "public"."Permission"."id", "public"."Permission"."key", "public"."Permission"."description", "public"."Permission"."category", "public"."Permission"."createdAt" FROM "public"."Permission" WHERE "public"."Permission"."id" IN ($1) OFFSET $2

      at Object.zc (../../node_modules/@prisma/internals/src/logger.ts:13:11)

  console.log
    prisma:query SELECT "public"."User"."id", "public"."User"."email", "public"."User"."password", "public"."User"."name", "public"."User"."nickname", "public"."User"."bio", "public"."User"."age", "public"."User"."gender"::text, "public"."User"."phoneNumber", "public"."User"."address", "public"."User"."status"::text, "public"."User"."statusReason", "public"."User"."preferences", "public"."User"."googleId", "public"."User"."avatarUrl", "public"."User"."createdAt", "public"."User"."updatedAt", "public"."User"."avatarImageId", "public"."User"."deletedAt" FROM "public"."User" WHERE ("public"."User"."id" = $1 AND 1=1) LIMIT $2 OFFSET $3

      at Object.zc (../../node_modules/@prisma/internals/src/logger.ts:13:11)

  console.log
    prisma:query SELECT "public"."UserRole"."userId", "public"."UserRole"."roleId" FROM "public"."UserRole" WHERE "public"."UserRole"."userId" IN ($1) OFFSET $2

      at Object.zc (../../node_modules/@prisma/internals/src/logger.ts:13:11)

  console.log
    prisma:query SELECT "public"."Role"."id", "public"."Role"."name", "public"."Role"."description", "public"."Role"."isSystem", "public"."Role"."createdAt" FROM "public"."Role" WHERE "public"."Role"."id" IN ($1) OFFSET $2

      at Object.zc (../../node_modules/@prisma/internals/src/logger.ts:13:11)

  console.log
    prisma:query SELECT "public"."RolePermission"."roleId", "public"."RolePermission"."permissionId" FROM "public"."RolePermission" WHERE "public"."RolePermission"."roleId" IN ($1) OFFSET $2

      at Object.zc (../../node_modules/@prisma/internals/src/logger.ts:13:11)

  console.log
    prisma:query SELECT "public"."Permission"."id", "public"."Permission"."key", "public"."Permission"."description", "public"."Permission"."category", "public"."Permission"."createdAt" FROM "public"."Permission" WHERE "public"."Permission"."id" IN ($1) OFFSET $2

      at Object.zc (../../node_modules/@prisma/internals/src/logger.ts:13:11)

2026-01-28 12:27:41 [31merror[39m: HttpError: You do not have permission to perform this action (user:list)
    at new HttpError (C:\Users\akash\Documents\Param_Adventures_Phase1\apps\api\src\utils\httpError.js:32:24)
    at C:\Users\akash\Documents\Param_Adventures_Phase1\apps\api\src\middlewares\require-permission.middleware.ts:58:13
2026-01-28 12:27:41 [32minfo[39m: ::ffff:127.0.0.1 - - [28/Jan/2026:06:57:41 +0000] "GET /api/v1/admin/users HTTP/1.1" 403 168 "-" "-"
2026-01-28 12:27:41 [31merror[39m: Failed to check token denylist
  console.log
    prisma:query SELECT "public"."User"."id", "public"."User"."email", "public"."User"."password", "public"."User"."name", "public"."User"."nickname", "public"."User"."bio", "public"."User"."age", "public"."User"."gender"::text, "public"."User"."phoneNumber", "public"."User"."address", "public"."User"."status"::text, "public"."User"."statusReason", "public"."User"."preferences", "public"."User"."googleId", "public"."User"."avatarUrl", "public"."User"."createdAt", "public"."User"."updatedAt", "public"."User"."avatarImageId", "public"."User"."deletedAt" FROM "public"."User" WHERE ("public"."User"."id" = $1 AND 1=1) LIMIT $2 OFFSET $3

      at Object.zc (../../node_modules/@prisma/internals/src/logger.ts:13:11)

  console.log
    prisma:query SELECT "public"."UserRole"."userId", "public"."UserRole"."roleId" FROM "public"."UserRole" WHERE "public"."UserRole"."userId" IN ($1) OFFSET $2

      at Object.zc (../../node_modules/@prisma/internals/src/logger.ts:13:11)

  console.log
    prisma:query SELECT "public"."Role"."id", "public"."Role"."name", "public"."Role"."description", "public"."Role"."isSystem", "public"."Role"."createdAt" FROM "public"."Role" WHERE "public"."Role"."id" IN ($1) OFFSET $2

      at Object.zc (../../node_modules/@prisma/internals/src/logger.ts:13:11)

  console.log
    prisma:query SELECT "public"."RolePermission"."roleId", "public"."RolePermission"."permissionId" FROM "public"."RolePermission" WHERE "public"."RolePermission"."roleId" IN ($1) OFFSET $2

      at Object.zc (../../node_modules/@prisma/internals/src/logger.ts:13:11)

  console.log
    prisma:query SELECT "public"."Permission"."id", "public"."Permission"."key", "public"."Permission"."description", "public"."Permission"."category", "public"."Permission"."createdAt" FROM "public"."Permission" WHERE "public"."Permission"."id" IN ($1,$2,$3,$4) OFFSET $5

      at Object.zc (../../node_modules/@prisma/internals/src/logger.ts:13:11)

  console.log
    prisma:query SELECT "public"."User"."id", "public"."User"."email", "public"."User"."password", "public"."User"."name", "public"."User"."nickname", "public"."User"."bio", "public"."User"."age", "public"."User"."gender"::text, "public"."User"."phoneNumber", "public"."User"."address", "public"."User"."status"::text, "public"."User"."statusReason", "public"."User"."preferences", "public"."User"."googleId", "public"."User"."avatarUrl", "public"."User"."createdAt", "public"."User"."updatedAt", "public"."User"."avatarImageId", "public"."User"."deletedAt" FROM "public"."User" WHERE ("public"."User"."id" = $1 AND 1=1) LIMIT $2 OFFSET $3

      at Object.zc (../../node_modules/@prisma/internals/src/logger.ts:13:11)

  console.log
    prisma:query SELECT "public"."UserRole"."userId", "public"."UserRole"."roleId" FROM "public"."UserRole" WHERE "public"."UserRole"."userId" IN ($1) OFFSET $2

      at Object.zc (../../node_modules/@prisma/internals/src/logger.ts:13:11)

  console.log
    prisma:query SELECT "public"."Role"."id", "public"."Role"."name", "public"."Role"."description", "public"."Role"."isSystem", "public"."Role"."createdAt" FROM "public"."Role" WHERE "public"."Role"."id" IN ($1) OFFSET $2

      at Object.zc (../../node_modules/@prisma/internals/src/logger.ts:13:11)

  console.log
    prisma:query SELECT "public"."RolePermission"."roleId", "public"."RolePermission"."permissionId" FROM "public"."RolePermission" WHERE "public"."RolePermission"."roleId" IN ($1) OFFSET $2

      at Object.zc (../../node_modules/@prisma/internals/src/logger.ts:13:11)

  console.log
    prisma:query SELECT "public"."Permission"."id", "public"."Permission"."key", "public"."Permission"."description", "public"."Permission"."category", "public"."Permission"."createdAt" FROM "public"."Permission" WHERE "public"."Permission"."id" IN ($1,$2,$3,$4) OFFSET $5

      at Object.zc (../../node_modules/@prisma/internals/src/logger.ts:13:11)

  console.log
    prisma:query SELECT "public"."Trip"."id", "public"."Trip"."title", "public"."Trip"."slug", "public"."Trip"."description", "public"."Trip"."itinerary", "public"."Trip"."durationDays", "public"."Trip"."difficulty"::text, "public"."Trip"."location", "public"."Trip"."price", "public"."Trip"."status"::text, "public"."Trip"."category"::text, "public"."Trip"."startPoint", "public"."Trip"."endPoint", "public"."Trip"."altitude", "public"."Trip"."distance", "public"."Trip"."itineraryPdf", "public"."Trip"."highlights", "public"."Trip"."inclusions", "public"."Trip"."exclusions", "public"."Trip"."cancellationPolicy", "public"."Trip"."thingsToPack", "public"."Trip"."faqs", "public"."Trip"."seasons", "public"."Trip"."coverImageId", "public"."Trip"."heroImageId", "public"."Trip"."deletedAt", "public"."Trip"."createdById", "public"."Trip"."approvedById", "public"."Trip"."publishedAt", "public"."Trip"."createdAt", "public"."Trip"."updatedAt", "public"."Trip"."capacity", "public"."Trip"."startDate", "public"."Trip"."endDate", "public"."Trip"."managerId", "public"."Trip"."documentation", "public"."Trip"."isFeatured" FROM "public"."Trip" WHERE 1=1 ORDER BY "public"."Trip"."createdAt" DESC LIMIT $1 OFFSET $2

      at Object.zc (../../node_modules/@prisma/internals/src/logger.ts:13:11)

  console.log
    prisma:query SELECT COUNT(*) AS "_count$_all" FROM (SELECT "public"."Trip"."id" FROM "public"."Trip" WHERE 1=1 OFFSET $1) AS "sub"

      at Object.zc (../../node_modules/@prisma/internals/src/logger.ts:13:11)

2026-01-28 12:27:42 [32minfo[39m: ::ffff:127.0.0.1 - - [28/Jan/2026:06:57:42 +0000] "GET /api/v1/trips/internal HTTP/1.1" 200 176 "-" "-"
2026-01-28 12:27:42 [31merror[39m: Failed to check token denylist
  console.log
    prisma:query SELECT "public"."User"."id", "public"."User"."email", "public"."User"."password", "public"."User"."name", "public"."User"."nickname", "public"."User"."bio", "public"."User"."age", "public"."User"."gender"::text, "public"."User"."phoneNumber", "public"."User"."address", "public"."User"."status"::text, "public"."User"."statusReason", "public"."User"."preferences", "public"."User"."googleId", "public"."User"."avatarUrl", "public"."User"."createdAt", "public"."User"."updatedAt", "public"."User"."avatarImageId", "public"."User"."deletedAt" FROM "public"."User" WHERE ("public"."User"."id" = $1 AND 1=1) LIMIT $2 OFFSET $3

      at Object.zc (../../node_modules/@prisma/internals/src/logger.ts:13:11)

  console.log
    prisma:query SELECT "public"."UserRole"."userId", "public"."UserRole"."roleId" FROM "public"."UserRole" WHERE "public"."UserRole"."userId" IN ($1) OFFSET $2

      at Object.zc (../../node_modules/@prisma/internals/src/logger.ts:13:11)

  console.log
    prisma:query SELECT "public"."Role"."id", "public"."Role"."name", "public"."Role"."description", "public"."Role"."isSystem", "public"."Role"."createdAt" FROM "public"."Role" WHERE "public"."Role"."id" IN ($1) OFFSET $2

      at Object.zc (../../node_modules/@prisma/internals/src/logger.ts:13:11)

  console.log
    prisma:query SELECT "public"."RolePermission"."roleId", "public"."RolePermission"."permissionId" FROM "public"."RolePermission" WHERE "public"."RolePermission"."roleId" IN ($1) OFFSET $2

      at Object.zc (../../node_modules/@prisma/internals/src/logger.ts:13:11)

  console.log
    prisma:query SELECT "public"."Permission"."id", "public"."Permission"."key", "public"."Permission"."description", "public"."Permission"."category", "public"."Permission"."createdAt" FROM "public"."Permission" WHERE "public"."Permission"."id" IN ($1) OFFSET $2

      at Object.zc (../../node_modules/@prisma/internals/src/logger.ts:13:11)

  console.log
    prisma:query SELECT "public"."User"."id", "public"."User"."email", "public"."User"."password", "public"."User"."name", "public"."User"."nickname", "public"."User"."bio", "public"."User"."age", "public"."User"."gender"::text, "public"."User"."phoneNumber", "public"."User"."address", "public"."User"."status"::text, "public"."User"."statusReason", "public"."User"."preferences", "public"."User"."googleId", "public"."User"."avatarUrl", "public"."User"."createdAt", "public"."User"."updatedAt", "public"."User"."avatarImageId", "public"."User"."deletedAt" FROM "public"."User" WHERE ("public"."User"."id" = $1 AND 1=1) LIMIT $2 OFFSET $3

      at Object.zc (../../node_modules/@prisma/internals/src/logger.ts:13:11)

  console.log
    prisma:query SELECT "public"."UserRole"."userId", "public"."UserRole"."roleId" FROM "public"."UserRole" WHERE "public"."UserRole"."userId" IN ($1) OFFSET $2

      at Object.zc (../../node_modules/@prisma/internals/src/logger.ts:13:11)

  console.log
    prisma:query SELECT "public"."Role"."id", "public"."Role"."name", "public"."Role"."description", "public"."Role"."isSystem", "public"."Role"."createdAt" FROM "public"."Role" WHERE "public"."Role"."id" IN ($1) OFFSET $2

      at Object.zc (../../node_modules/@prisma/internals/src/logger.ts:13:11)

  console.log
    prisma:query SELECT "public"."RolePermission"."roleId", "public"."RolePermission"."permissionId" FROM "public"."RolePermission" WHERE "public"."RolePermission"."roleId" IN ($1) OFFSET $2

      at Object.zc (../../node_modules/@prisma/internals/src/logger.ts:13:11)

  console.log
    prisma:query SELECT "public"."Permission"."id", "public"."Permission"."key", "public"."Permission"."description", "public"."Permission"."category", "public"."Permission"."createdAt" FROM "public"."Permission" WHERE "public"."Permission"."id" IN ($1) OFFSET $2

      at Object.zc (../../node_modules/@prisma/internals/src/logger.ts:13:11)

  console.log
    prisma:query SELECT COUNT(*) AS "_count$_all" FROM (SELECT "public"."Trip"."id" FROM "public"."Trip" WHERE 1=1 OFFSET $1) AS "sub"

      at Object.zc (../../node_modules/@prisma/internals/src/logger.ts:13:11)

  console.log
    prisma:query SELECT "public"."Trip"."id", "public"."Trip"."title", "public"."Trip"."slug", "public"."Trip"."description", "public"."Trip"."itinerary", "public"."Trip"."durationDays", "public"."Trip"."difficulty"::text, "public"."Trip"."location", "public"."Trip"."price", "public"."Trip"."status"::text, "public"."Trip"."category"::text, "public"."Trip"."startPoint", "public"."Trip"."endPoint", "public"."Trip"."altitude", "public"."Trip"."distance", "public"."Trip"."itineraryPdf", "public"."Trip"."highlights", "public"."Trip"."inclusions", "public"."Trip"."exclusions", "public"."Trip"."cancellationPolicy", "public"."Trip"."thingsToPack", "public"."Trip"."faqs", "public"."Trip"."seasons", "public"."Trip"."coverImageId", "public"."Trip"."heroImageId", "public"."Trip"."deletedAt", "public"."Trip"."createdById", "public"."Trip"."approvedById", "public"."Trip"."publishedAt", "public"."Trip"."createdAt", "public"."Trip"."updatedAt", "public"."Trip"."capacity", "public"."Trip"."startDate", "public"."Trip"."endDate", "public"."Trip"."managerId", "public"."Trip"."documentation", "public"."Trip"."isFeatured" FROM "public"."Trip" WHERE 1=1 ORDER BY "public"."Trip"."createdAt" DESC LIMIT $1 OFFSET $2

      at Object.zc (../../node_modules/@prisma/internals/src/logger.ts:13:11)

2026-01-28 12:27:42 [32minfo[39m: ::ffff:127.0.0.1 - - [28/Jan/2026:06:57:42 +0000] "GET /api/v1/trips/internal HTTP/1.1" 200 176 "-" "-"
2026-01-28 12:27:42 [31merror[39m: Failed to check token denylist
  console.log
    prisma:query SELECT "public"."User"."id", "public"."User"."email", "public"."User"."password", "public"."User"."name", "public"."User"."nickname", "public"."User"."bio", "public"."User"."age", "public"."User"."gender"::text, "public"."User"."phoneNumber", "public"."User"."address", "public"."User"."status"::text, "public"."User"."statusReason", "public"."User"."preferences", "public"."User"."googleId", "public"."User"."avatarUrl", "public"."User"."createdAt", "public"."User"."updatedAt", "public"."User"."avatarImageId", "public"."User"."deletedAt" FROM "public"."User" WHERE ("public"."User"."id" = $1 AND 1=1) LIMIT $2 OFFSET $3

      at Object.zc (../../node_modules/@prisma/internals/src/logger.ts:13:11)

  console.log
    prisma:query SELECT "public"."UserRole"."userId", "public"."UserRole"."roleId" FROM "public"."UserRole" WHERE "public"."UserRole"."userId" IN ($1) OFFSET $2

      at Object.zc (../../node_modules/@prisma/internals/src/logger.ts:13:11)

  console.log
    prisma:query SELECT "public"."Role"."id", "public"."Role"."name", "public"."Role"."description", "public"."Role"."isSystem", "public"."Role"."createdAt" FROM "public"."Role" WHERE "public"."Role"."id" IN ($1) OFFSET $2

      at Object.zc (../../node_modules/@prisma/internals/src/logger.ts:13:11)

  console.log
    prisma:query SELECT "public"."RolePermission"."roleId", "public"."RolePermission"."permissionId" FROM "public"."RolePermission" WHERE "public"."RolePermission"."roleId" IN ($1) OFFSET $2

      at Object.zc (../../node_modules/@prisma/internals/src/logger.ts:13:11)

  console.log
    prisma:query SELECT "public"."User"."id", "public"."User"."email", "public"."User"."password", "public"."User"."name", "public"."User"."nickname", "public"."User"."bio", "public"."User"."age", "public"."User"."gender"::text, "public"."User"."phoneNumber", "public"."User"."address", "public"."User"."status"::text, "public"."User"."statusReason", "public"."User"."preferences", "public"."User"."googleId", "public"."User"."avatarUrl", "public"."User"."createdAt", "public"."User"."updatedAt", "public"."User"."avatarImageId", "public"."User"."deletedAt" FROM "public"."User" WHERE ("public"."User"."id" = $1 AND 1=1) LIMIT $2 OFFSET $3

      at Object.zc (../../node_modules/@prisma/internals/src/logger.ts:13:11)

  console.log
    prisma:query SELECT "public"."UserRole"."userId", "public"."UserRole"."roleId" FROM "public"."UserRole" WHERE "public"."UserRole"."userId" IN ($1) OFFSET $2

      at Object.zc (../../node_modules/@prisma/internals/src/logger.ts:13:11)

  console.log
    prisma:query SELECT "public"."Role"."id", "public"."Role"."name", "public"."Role"."description", "public"."Role"."isSystem", "public"."Role"."createdAt" FROM "public"."Role" WHERE "public"."Role"."id" IN ($1) OFFSET $2

      at Object.zc (../../node_modules/@prisma/internals/src/logger.ts:13:11)

  console.log
    prisma:query SELECT "public"."RolePermission"."roleId", "public"."RolePermission"."permissionId" FROM "public"."RolePermission" WHERE "public"."RolePermission"."roleId" IN ($1) OFFSET $2

      at Object.zc (../../node_modules/@prisma/internals/src/logger.ts:13:11)

  console.log
    prisma:query SELECT "public"."User"."id", "public"."User"."email", "public"."User"."password", "public"."User"."name", "public"."User"."nickname", "public"."User"."bio", "public"."User"."age", "public"."User"."gender"::text, "public"."User"."phoneNumber", "public"."User"."address", "public"."User"."status"::text, "public"."User"."statusReason", "public"."User"."preferences", "public"."User"."googleId", "public"."User"."avatarUrl", "public"."User"."createdAt", "public"."User"."updatedAt", "public"."User"."avatarImageId", "public"."User"."deletedAt" FROM "public"."User" WHERE ("public"."User"."id" = $1 AND 1=1) LIMIT $2 OFFSET $3

      at Object.zc (../../node_modules/@prisma/internals/src/logger.ts:13:11)

  console.log
    prisma:query SELECT "public"."UserRole"."userId", "public"."UserRole"."roleId" FROM "public"."UserRole" WHERE "public"."UserRole"."userId" IN ($1) OFFSET $2

      at Object.zc (../../node_modules/@prisma/internals/src/logger.ts:13:11)

  console.log
    prisma:query SELECT "public"."Role"."id", "public"."Role"."name", "public"."Role"."description", "public"."Role"."isSystem", "public"."Role"."createdAt" FROM "public"."Role" WHERE "public"."Role"."id" IN ($1) OFFSET $2

      at Object.zc (../../node_modules/@prisma/internals/src/logger.ts:13:11)

  console.log
    prisma:query SELECT "public"."RolePermission"."roleId", "public"."RolePermission"."permissionId" FROM "public"."RolePermission" WHERE "public"."RolePermission"."roleId" IN ($1) OFFSET $2

      at Object.zc (../../node_modules/@prisma/internals/src/logger.ts:13:11)

2026-01-28 12:27:42 [31merror[39m: HttpError: You do not have permission to perform this action (trip:view:internal)
    at new HttpError (C:\Users\akash\Documents\Param_Adventures_Phase1\apps\api\src\utils\httpError.js:32:24)
    at C:\Users\akash\Documents\Param_Adventures_Phase1\apps\api\src\middlewares\require-permission.middleware.ts:58:13
2026-01-28 12:27:42 [32minfo[39m: ::ffff:127.0.0.1 - - [28/Jan/2026:06:57:42 +0000] "GET /api/v1/trips/internal HTTP/1.1" 403 177 "-" "-"
2026-01-28 12:27:42 [31merror[39m: Failed to check token denylist
  console.log
    prisma:query SELECT "public"."User"."id", "public"."User"."email", "public"."User"."password", "public"."User"."name", "public"."User"."nickname", "public"."User"."bio", "public"."User"."age", "public"."User"."gender"::text, "public"."User"."phoneNumber", "public"."User"."address", "public"."User"."status"::text, "public"."User"."statusReason", "public"."User"."preferences", "public"."User"."googleId", "public"."User"."avatarUrl", "public"."User"."createdAt", "public"."User"."updatedAt", "public"."User"."avatarImageId", "public"."User"."deletedAt" FROM "public"."User" WHERE ("public"."User"."id" = $1 AND 1=1) LIMIT $2 OFFSET $3

      at Object.zc (../../node_modules/@prisma/internals/src/logger.ts:13:11)

  console.log
    prisma:query SELECT "public"."UserRole"."userId", "public"."UserRole"."roleId" FROM "public"."UserRole" WHERE "public"."UserRole"."userId" IN ($1) OFFSET $2

      at Object.zc (../../node_modules/@prisma/internals/src/logger.ts:13:11)

  console.log
    prisma:query SELECT "public"."Role"."id", "public"."Role"."name", "public"."Role"."description", "public"."Role"."isSystem", "public"."Role"."createdAt" FROM "public"."Role" WHERE "public"."Role"."id" IN ($1) OFFSET $2

      at Object.zc (../../node_modules/@prisma/internals/src/logger.ts:13:11)

  console.log
    prisma:query SELECT "public"."RolePermission"."roleId", "public"."RolePermission"."permissionId" FROM "public"."RolePermission" WHERE "public"."RolePermission"."roleId" IN ($1) OFFSET $2

      at Object.zc (../../node_modules/@prisma/internals/src/logger.ts:13:11)

2026-01-28 12:27:42 [32minfo[39m: ::ffff:127.0.0.1 - - [28/Jan/2026:06:57:42 +0000] "GET /api/v1/users/profile HTTP/1.1" 200 130 "-" "-"
2026-01-28 12:27:42 [31merror[39m: Failed to check token denylist
  console.log
    prisma:query SELECT "public"."User"."id", "public"."User"."email", "public"."User"."password", "public"."User"."name", "public"."User"."nickname", "public"."User"."bio", "public"."User"."age", "public"."User"."gender"::text, "public"."User"."phoneNumber", "public"."User"."address", "public"."User"."status"::text, "public"."User"."statusReason", "public"."User"."preferences", "public"."User"."googleId", "public"."User"."avatarUrl", "public"."User"."createdAt", "public"."User"."updatedAt", "public"."User"."avatarImageId", "public"."User"."deletedAt" FROM "public"."User" WHERE ("public"."User"."id" = $1 AND 1=1) LIMIT $2 OFFSET $3

      at Object.zc (../../node_modules/@prisma/internals/src/logger.ts:13:11)

  console.log
    prisma:query SELECT "public"."UserRole"."userId", "public"."UserRole"."roleId" FROM "public"."UserRole" WHERE "public"."UserRole"."userId" IN ($1) OFFSET $2

      at Object.zc (../../node_modules/@prisma/internals/src/logger.ts:13:11)

  console.log
    prisma:query SELECT "public"."Role"."id", "public"."Role"."name", "public"."Role"."description", "public"."Role"."isSystem", "public"."Role"."createdAt" FROM "public"."Role" WHERE "public"."Role"."id" IN ($1) OFFSET $2

      at Object.zc (../../node_modules/@prisma/internals/src/logger.ts:13:11)

  console.log
    prisma:query SELECT "public"."RolePermission"."roleId", "public"."RolePermission"."permissionId" FROM "public"."RolePermission" WHERE "public"."RolePermission"."roleId" IN ($1) OFFSET $2

      at Object.zc (../../node_modules/@prisma/internals/src/logger.ts:13:11)

  console.log
    prisma:query BEGIN

      at Object.zc (../../node_modules/@prisma/internals/src/logger.ts:13:11)

  console.log
    prisma:query UPDATE "public"."User" SET "bio" = $1, "updatedAt" = $2 WHERE ("public"."User"."id" = $3 AND 1=1) RETURNING "public"."User"."id", "public"."User"."email", "public"."User"."password", "public"."User"."name", "public"."User"."nickname", "public"."User"."bio", "public"."User"."age", "public"."User"."gender"::text, "public"."User"."phoneNumber", "public"."User"."address", "public"."User"."status"::text, "public"."User"."statusReason", "public"."User"."preferences", "public"."User"."googleId", "public"."User"."avatarUrl", "public"."User"."createdAt", "public"."User"."updatedAt", "public"."User"."avatarImageId", "public"."User"."deletedAt"

      at Object.zc (../../node_modules/@prisma/internals/src/logger.ts:13:11)

  console.log
    prisma:query SELECT "public"."User"."id", "public"."User"."email", "public"."User"."password", "public"."User"."name", "public"."User"."nickname", "public"."User"."bio", "public"."User"."age", "public"."User"."gender"::text, "public"."User"."phoneNumber", "public"."User"."address", "public"."User"."status"::text, "public"."User"."statusReason", "public"."User"."preferences", "public"."User"."googleId", "public"."User"."avatarUrl", "public"."User"."createdAt", "public"."User"."updatedAt", "public"."User"."avatarImageId", "public"."User"."deletedAt" FROM "public"."User" WHERE "public"."User"."id" = $1 LIMIT $2 OFFSET $3

      at Object.zc (../../node_modules/@prisma/internals/src/logger.ts:13:11)

  console.log
    prisma:query COMMIT

      at Object.zc (../../node_modules/@prisma/internals/src/logger.ts:13:11)

  console.log
    prisma:query INSERT INTO "public"."AuditLog" ("id","actorId","action","targetType","targetId","metadata","createdAt") VALUES ($1,$2,CAST($3::text AS "public"."AuditAction"),$4,$5,$6,$7) RETURNING "public"."AuditLog"."id", "public"."AuditLog"."actorId", "public"."AuditLog"."action"::text, "public"."AuditLog"."targetType", "public"."AuditLog"."targetId", "public"."AuditLog"."metadata", "public"."AuditLog"."createdAt"

      at Object.zc (../../node_modules/@prisma/internals/src/logger.ts:13:11)

2026-01-28 12:27:42 [32minfo[39m: ::ffff:127.0.0.1 - - [28/Jan/2026:06:57:42 +0000] "PATCH /api/v1/users/profile HTTP/1.1" 200 561 "-" "-"
2026-01-28 12:27:42 [32minfo[39m: ::ffff:127.0.0.1 - - [28/Jan/2026:06:57:42 +0000] "GET /api/v1/users/profile HTTP/1.1" 401 25 "-" "-"
2026-01-28 12:27:42 [32minfo[39m: ::ffff:127.0.0.1 - - [28/Jan/2026:06:57:42 +0000] "PATCH /api/v1/users/profile HTTP/1.1" 401 25 "-" "-"
2026-01-28 12:27:42 [31merror[39m: Failed to check token denylist
  console.log
    prisma:query SELECT "public"."User"."id", "public"."User"."email", "public"."User"."password", "public"."User"."name", "public"."User"."nickname", "public"."User"."bio", "public"."User"."age", "public"."User"."gender"::text, "public"."User"."phoneNumber", "public"."User"."address", "public"."User"."status"::text, "public"."User"."statusReason", "public"."User"."preferences", "public"."User"."googleId", "public"."User"."avatarUrl", "public"."User"."createdAt", "public"."User"."updatedAt", "public"."User"."avatarImageId", "public"."User"."deletedAt" FROM "public"."User" WHERE ("public"."User"."id" = $1 AND 1=1) LIMIT $2 OFFSET $3

      at Object.zc (../../node_modules/@prisma/internals/src/logger.ts:13:11)

  console.log
    prisma:query SELECT "public"."UserRole"."userId", "public"."UserRole"."roleId" FROM "public"."UserRole" WHERE "public"."UserRole"."userId" IN ($1) OFFSET $2

      at Object.zc (../../node_modules/@prisma/internals/src/logger.ts:13:11)

  console.log
    prisma:query SELECT "public"."Role"."id", "public"."Role"."name", "public"."Role"."description", "public"."Role"."isSystem", "public"."Role"."createdAt" FROM "public"."Role" WHERE "public"."Role"."id" IN ($1,$2) OFFSET $3

      at Object.zc (../../node_modules/@prisma/internals/src/logger.ts:13:11)

  console.log
    prisma:query SELECT "public"."RolePermission"."roleId", "public"."RolePermission"."permissionId" FROM "public"."RolePermission" WHERE "public"."RolePermission"."roleId" IN ($1,$2) OFFSET $3

      at Object.zc (../../node_modules/@prisma/internals/src/logger.ts:13:11)

  console.log
    prisma:query SELECT "public"."Permission"."id", "public"."Permission"."key", "public"."Permission"."description", "public"."Permission"."category", "public"."Permission"."createdAt" FROM "public"."Permission" WHERE "public"."Permission"."id" IN ($1,$2,$3,$4,$5,$6,$7,$8,$9,$10,$11,$12) OFFSET $13

      at Object.zc (../../node_modules/@prisma/internals/src/logger.ts:13:11)

2026-01-28 12:27:42 [32minfo[39m: ::ffff:127.0.0.1 - - [28/Jan/2026:06:57:42 +0000] "GET /api/v1/users/profile HTTP/1.1" 200 658 "-" "-"
2026-01-28 12:27:42 [31merror[39m: Failed to check token denylist
  console.log
    prisma:query SELECT "public"."User"."id", "public"."User"."email", "public"."User"."password", "public"."User"."name", "public"."User"."nickname", "public"."User"."bio", "public"."User"."age", "public"."User"."gender"::text, "public"."User"."phoneNumber", "public"."User"."address", "public"."User"."status"::text, "public"."User"."statusReason", "public"."User"."preferences", "public"."User"."googleId", "public"."User"."avatarUrl", "public"."User"."createdAt", "public"."User"."updatedAt", "public"."User"."avatarImageId", "public"."User"."deletedAt" FROM "public"."User" WHERE ("public"."User"."id" = $1 AND 1=1) LIMIT $2 OFFSET $3

      at Object.zc (../../node_modules/@prisma/internals/src/logger.ts:13:11)

  console.log
    prisma:query SELECT "public"."UserRole"."userId", "public"."UserRole"."roleId" FROM "public"."UserRole" WHERE "public"."UserRole"."userId" IN ($1) OFFSET $2

      at Object.zc (../../node_modules/@prisma/internals/src/logger.ts:13:11)

  console.log
    prisma:query SELECT "public"."Role"."id", "public"."Role"."name", "public"."Role"."description", "public"."Role"."isSystem", "public"."Role"."createdAt" FROM "public"."Role" WHERE "public"."Role"."id" IN ($1) OFFSET $2

      at Object.zc (../../node_modules/@prisma/internals/src/logger.ts:13:11)

  console.log
    prisma:query SELECT "public"."RolePermission"."roleId", "public"."RolePermission"."permissionId" FROM "public"."RolePermission" WHERE "public"."RolePermission"."roleId" IN ($1) OFFSET $2

      at Object.zc (../../node_modules/@prisma/internals/src/logger.ts:13:11)

  console.log
    prisma:query SELECT "public"."User"."id", "public"."User"."email", "public"."User"."password", "public"."User"."name", "public"."User"."nickname", "public"."User"."bio", "public"."User"."age", "public"."User"."gender"::text, "public"."User"."phoneNumber", "public"."User"."address", "public"."User"."status"::text, "public"."User"."statusReason", "public"."User"."preferences", "public"."User"."googleId", "public"."User"."avatarUrl", "public"."User"."createdAt", "public"."User"."updatedAt", "public"."User"."avatarImageId", "public"."User"."deletedAt" FROM "public"."User" WHERE ("public"."User"."id" = $1 AND 1=1) LIMIT $2 OFFSET $3

      at Object.zc (../../node_modules/@prisma/internals/src/logger.ts:13:11)

  console.log
    prisma:query SELECT "public"."UserRole"."userId", "public"."UserRole"."roleId" FROM "public"."UserRole" WHERE "public"."UserRole"."userId" IN ($1) OFFSET $2

      at Object.zc (../../node_modules/@prisma/internals/src/logger.ts:13:11)

  console.log
    prisma:query SELECT "public"."Role"."id", "public"."Role"."name", "public"."Role"."description", "public"."Role"."isSystem", "public"."Role"."createdAt" FROM "public"."Role" WHERE "public"."Role"."id" IN ($1) OFFSET $2

      at Object.zc (../../node_modules/@prisma/internals/src/logger.ts:13:11)

  console.log
    prisma:query SELECT "public"."RolePermission"."roleId", "public"."RolePermission"."permissionId" FROM "public"."RolePermission" WHERE "public"."RolePermission"."roleId" IN ($1) OFFSET $2

      at Object.zc (../../node_modules/@prisma/internals/src/logger.ts:13:11)

  console.log
    prisma:query SELECT "public"."User"."id", "public"."User"."email", "public"."User"."password", "public"."User"."name", "public"."User"."nickname", "public"."User"."bio", "public"."User"."age", "public"."User"."gender"::text, "public"."User"."phoneNumber", "public"."User"."address", "public"."User"."status"::text, "public"."User"."statusReason", "public"."User"."preferences", "public"."User"."googleId", "public"."User"."avatarUrl", "public"."User"."createdAt", "public"."User"."updatedAt", "public"."User"."avatarImageId", "public"."User"."deletedAt" FROM "public"."User" WHERE ("public"."User"."id" = $1 AND 1=1) LIMIT $2 OFFSET $3

      at Object.zc (../../node_modules/@prisma/internals/src/logger.ts:13:11)

  console.log
    prisma:query SELECT "public"."UserRole"."userId", "public"."UserRole"."roleId" FROM "public"."UserRole" WHERE "public"."UserRole"."userId" IN ($1) OFFSET $2

      at Object.zc (../../node_modules/@prisma/internals/src/logger.ts:13:11)

  console.log
    prisma:query SELECT "public"."Role"."id", "public"."Role"."name", "public"."Role"."description", "public"."Role"."isSystem", "public"."Role"."createdAt" FROM "public"."Role" WHERE "public"."Role"."id" IN ($1) OFFSET $2

      at Object.zc (../../node_modules/@prisma/internals/src/logger.ts:13:11)

  console.log
    prisma:query SELECT "public"."RolePermission"."roleId", "public"."RolePermission"."permissionId" FROM "public"."RolePermission" WHERE "public"."RolePermission"."roleId" IN ($1) OFFSET $2

      at Object.zc (../../node_modules/@prisma/internals/src/logger.ts:13:11)

2026-01-28 12:27:42 [31merror[39m: HttpError: You do not have permission to perform this action (user:list)
    at new HttpError (C:\Users\akash\Documents\Param_Adventures_Phase1\apps\api\src\utils\httpError.js:32:24)
    at C:\Users\akash\Documents\Param_Adventures_Phase1\apps\api\src\middlewares\require-permission.middleware.ts:58:13
2026-01-28 12:27:42 [32minfo[39m: ::ffff:127.0.0.1 - - [28/Jan/2026:06:57:42 +0000] "GET /api/v1/admin/users HTTP/1.1" 403 168 "-" "-"
2026-01-28 12:27:42 [31merror[39m: Failed to check token denylist
  console.log
    prisma:query SELECT "public"."User"."id", "public"."User"."email", "public"."User"."password", "public"."User"."name", "public"."User"."nickname", "public"."User"."bio", "public"."User"."age", "public"."User"."gender"::text, "public"."User"."phoneNumber", "public"."User"."address", "public"."User"."status"::text, "public"."User"."statusReason", "public"."User"."preferences", "public"."User"."googleId", "public"."User"."avatarUrl", "public"."User"."createdAt", "public"."User"."updatedAt", "public"."User"."avatarImageId", "public"."User"."deletedAt" FROM "public"."User" WHERE ("public"."User"."id" = $1 AND 1=1) LIMIT $2 OFFSET $3

      at Object.zc (../../node_modules/@prisma/internals/src/logger.ts:13:11)

  console.log
    prisma:query SELECT "public"."UserRole"."userId", "public"."UserRole"."roleId" FROM "public"."UserRole" WHERE "public"."UserRole"."userId" IN ($1) OFFSET $2

      at Object.zc (../../node_modules/@prisma/internals/src/logger.ts:13:11)

2026-01-28 12:27:42 [32minfo[39m: ::ffff:127.0.0.1 - - [28/Jan/2026:06:57:42 +0000] "GET /api/v1/users/profile HTTP/1.1" 200 120 "-" "-"
2026-01-28 12:27:42 [31merror[39m: Failed to check token denylist
  console.log
    prisma:query SELECT "public"."User"."id", "public"."User"."email", "public"."User"."password", "public"."User"."name", "public"."User"."nickname", "public"."User"."bio", "public"."User"."age", "public"."User"."gender"::text, "public"."User"."phoneNumber", "public"."User"."address", "public"."User"."status"::text, "public"."User"."statusReason", "public"."User"."preferences", "public"."User"."googleId", "public"."User"."avatarUrl", "public"."User"."createdAt", "public"."User"."updatedAt", "public"."User"."avatarImageId", "public"."User"."deletedAt" FROM "public"."User" WHERE ("public"."User"."id" = $1 AND 1=1) LIMIT $2 OFFSET $3

      at Object.zc (../../node_modules/@prisma/internals/src/logger.ts:13:11)

  console.log
    prisma:query SELECT "public"."UserRole"."userId", "public"."UserRole"."roleId" FROM "public"."UserRole" WHERE "public"."UserRole"."userId" IN ($1) OFFSET $2

      at Object.zc (../../node_modules/@prisma/internals/src/logger.ts:13:11)

  console.log
    prisma:query SELECT "public"."User"."id", "public"."User"."email", "public"."User"."password", "public"."User"."name", "public"."User"."nickname", "public"."User"."bio", "public"."User"."age", "public"."User"."gender"::text, "public"."User"."phoneNumber", "public"."User"."address", "public"."User"."status"::text, "public"."User"."statusReason", "public"."User"."preferences", "public"."User"."googleId", "public"."User"."avatarUrl", "public"."User"."createdAt", "public"."User"."updatedAt", "public"."User"."avatarImageId", "public"."User"."deletedAt" FROM "public"."User" WHERE ("public"."User"."id" = $1 AND 1=1) LIMIT $2 OFFSET $3

      at Object.zc (../../node_modules/@prisma/internals/src/logger.ts:13:11)

  console.log
    prisma:query SELECT "public"."UserRole"."userId", "public"."UserRole"."roleId" FROM "public"."UserRole" WHERE "public"."UserRole"."userId" IN ($1) OFFSET $2

      at Object.zc (../../node_modules/@prisma/internals/src/logger.ts:13:11)

  console.log
    prisma:query SELECT "public"."User"."id", "public"."User"."email", "public"."User"."password", "public"."User"."name", "public"."User"."nickname", "public"."User"."bio", "public"."User"."age", "public"."User"."gender"::text, "public"."User"."phoneNumber", "public"."User"."address", "public"."User"."status"::text, "public"."User"."statusReason", "public"."User"."preferences", "public"."User"."googleId", "public"."User"."avatarUrl", "public"."User"."createdAt", "public"."User"."updatedAt", "public"."User"."avatarImageId", "public"."User"."deletedAt" FROM "public"."User" WHERE ("public"."User"."id" = $1 AND 1=1) LIMIT $2 OFFSET $3

      at Object.zc (../../node_modules/@prisma/internals/src/logger.ts:13:11)

  console.log
    prisma:query SELECT "public"."UserRole"."userId", "public"."UserRole"."roleId" FROM "public"."UserRole" WHERE "public"."UserRole"."userId" IN ($1) OFFSET $2

      at Object.zc (../../node_modules/@prisma/internals/src/logger.ts:13:11)

2026-01-28 12:27:42 [31merror[39m: HttpError: You do not have permission to perform this action (user:list)
    at new HttpError (C:\Users\akash\Documents\Param_Adventures_Phase1\apps\api\src\utils\httpError.js:32:24)
    at C:\Users\akash\Documents\Param_Adventures_Phase1\apps\api\src\middlewares\require-permission.middleware.ts:58:13
2026-01-28 12:27:42 [32minfo[39m: ::ffff:127.0.0.1 - - [28/Jan/2026:06:57:42 +0000] "GET /api/v1/admin/users HTTP/1.1" 403 168 "-" "-"
2026-01-28 12:27:42 [31merror[39m: Failed to check token denylist
  console.log
    prisma:query SELECT "public"."User"."id", "public"."User"."email", "public"."User"."password", "public"."User"."name", "public"."User"."nickname", "public"."User"."bio", "public"."User"."age", "public"."User"."gender"::text, "public"."User"."phoneNumber", "public"."User"."address", "public"."User"."status"::text, "public"."User"."statusReason", "public"."User"."preferences", "public"."User"."googleId", "public"."User"."avatarUrl", "public"."User"."createdAt", "public"."User"."updatedAt", "public"."User"."avatarImageId", "public"."User"."deletedAt" FROM "public"."User" WHERE ("public"."User"."id" = $1 AND 1=1) LIMIT $2 OFFSET $3

      at Object.zc (../../node_modules/@prisma/internals/src/logger.ts:13:11)

  console.log
    prisma:query SELECT "public"."UserRole"."userId", "public"."UserRole"."roleId" FROM "public"."UserRole" WHERE "public"."UserRole"."userId" IN ($1) OFFSET $2

      at Object.zc (../../node_modules/@prisma/internals/src/logger.ts:13:11)

  console.log
    prisma:query SELECT "public"."Role"."id", "public"."Role"."name", "public"."Role"."description", "public"."Role"."isSystem", "public"."Role"."createdAt" FROM "public"."Role" WHERE "public"."Role"."id" IN ($1) OFFSET $2

      at Object.zc (../../node_modules/@prisma/internals/src/logger.ts:13:11)

  console.log
    prisma:query SELECT "public"."RolePermission"."roleId", "public"."RolePermission"."permissionId" FROM "public"."RolePermission" WHERE "public"."RolePermission"."roleId" IN ($1) OFFSET $2

      at Object.zc (../../node_modules/@prisma/internals/src/logger.ts:13:11)

  console.log
    prisma:query SELECT "public"."User"."id", "public"."User"."email", "public"."User"."password", "public"."User"."name", "public"."User"."nickname", "public"."User"."bio", "public"."User"."age", "public"."User"."gender"::text, "public"."User"."phoneNumber", "public"."User"."address", "public"."User"."status"::text, "public"."User"."statusReason", "public"."User"."preferences", "public"."User"."googleId", "public"."User"."avatarUrl", "public"."User"."createdAt", "public"."User"."updatedAt", "public"."User"."avatarImageId", "public"."User"."deletedAt" FROM "public"."User" WHERE ("public"."User"."id" = $1 AND 1=1) LIMIT $2 OFFSET $3

      at Object.zc (../../node_modules/@prisma/internals/src/logger.ts:13:11)

  console.log
    prisma:query SELECT "public"."UserRole"."userId", "public"."UserRole"."roleId" FROM "public"."UserRole" WHERE "public"."UserRole"."userId" IN ($1) OFFSET $2

      at Object.zc (../../node_modules/@prisma/internals/src/logger.ts:13:11)

  console.log
    prisma:query SELECT "public"."Role"."id", "public"."Role"."name", "public"."Role"."description", "public"."Role"."isSystem", "public"."Role"."createdAt" FROM "public"."Role" WHERE "public"."Role"."id" IN ($1) OFFSET $2

      at Object.zc (../../node_modules/@prisma/internals/src/logger.ts:13:11)

  console.log
    prisma:query SELECT "public"."RolePermission"."roleId", "public"."RolePermission"."permissionId" FROM "public"."RolePermission" WHERE "public"."RolePermission"."roleId" IN ($1) OFFSET $2

      at Object.zc (../../node_modules/@prisma/internals/src/logger.ts:13:11)

  console.log
    prisma:query SELECT "public"."User"."id", "public"."User"."email", "public"."User"."password", "public"."User"."name", "public"."User"."nickname", "public"."User"."bio", "public"."User"."age", "public"."User"."gender"::text, "public"."User"."phoneNumber", "public"."User"."address", "public"."User"."status"::text, "public"."User"."statusReason", "public"."User"."preferences", "public"."User"."googleId", "public"."User"."avatarUrl", "public"."User"."createdAt", "public"."User"."updatedAt", "public"."User"."avatarImageId", "public"."User"."deletedAt" FROM "public"."User" WHERE ("public"."User"."id" = $1 AND 1=1) LIMIT $2 OFFSET $3

      at Object.zc (../../node_modules/@prisma/internals/src/logger.ts:13:11)

  console.log
    prisma:query SELECT "public"."UserRole"."userId", "public"."UserRole"."roleId" FROM "public"."UserRole" WHERE "public"."UserRole"."userId" IN ($1) OFFSET $2

      at Object.zc (../../node_modules/@prisma/internals/src/logger.ts:13:11)

  console.log
    prisma:query SELECT "public"."Role"."id", "public"."Role"."name", "public"."Role"."description", "public"."Role"."isSystem", "public"."Role"."createdAt" FROM "public"."Role" WHERE "public"."Role"."id" IN ($1) OFFSET $2

      at Object.zc (../../node_modules/@prisma/internals/src/logger.ts:13:11)

  console.log
    prisma:query SELECT "public"."RolePermission"."roleId", "public"."RolePermission"."permissionId" FROM "public"."RolePermission" WHERE "public"."RolePermission"."roleId" IN ($1) OFFSET $2

      at Object.zc (../../node_modules/@prisma/internals/src/logger.ts:13:11)

2026-01-28 12:27:42 [31merror[39m: HttpError: You do not have permission to perform this action (user:list)
    at new HttpError (C:\Users\akash\Documents\Param_Adventures_Phase1\apps\api\src\utils\httpError.js:32:24)
    at C:\Users\akash\Documents\Param_Adventures_Phase1\apps\api\src\middlewares\require-permission.middleware.ts:58:13
2026-01-28 12:27:42 [32minfo[39m: ::ffff:127.0.0.1 - - [28/Jan/2026:06:57:42 +0000] "GET /api/v1/admin/users HTTP/1.1" 403 168 "-" "-"
2026-01-28 12:27:42 [31merror[39m: Failed to check token denylist
  console.log
    prisma:query SELECT "public"."User"."id", "public"."User"."email", "public"."User"."password", "public"."User"."name", "public"."User"."nickname", "public"."User"."bio", "public"."User"."age", "public"."User"."gender"::text, "public"."User"."phoneNumber", "public"."User"."address", "public"."User"."status"::text, "public"."User"."statusReason", "public"."User"."preferences", "public"."User"."googleId", "public"."User"."avatarUrl", "public"."User"."createdAt", "public"."User"."updatedAt", "public"."User"."avatarImageId", "public"."User"."deletedAt" FROM "public"."User" WHERE ("public"."User"."id" = $1 AND 1=1) LIMIT $2 OFFSET $3

      at Object.zc (../../node_modules/@prisma/internals/src/logger.ts:13:11)

  console.log
    prisma:query SELECT "public"."UserRole"."userId", "public"."UserRole"."roleId" FROM "public"."UserRole" WHERE "public"."UserRole"."userId" IN ($1) OFFSET $2

      at Object.zc (../../node_modules/@prisma/internals/src/logger.ts:13:11)

  console.log
    prisma:query SELECT "public"."Role"."id", "public"."Role"."name", "public"."Role"."description", "public"."Role"."isSystem", "public"."Role"."createdAt" FROM "public"."Role" WHERE "public"."Role"."id" IN ($1) OFFSET $2

      at Object.zc (../../node_modules/@prisma/internals/src/logger.ts:13:11)

  console.log
    prisma:query SELECT "public"."RolePermission"."roleId", "public"."RolePermission"."permissionId" FROM "public"."RolePermission" WHERE "public"."RolePermission"."roleId" IN ($1) OFFSET $2

      at Object.zc (../../node_modules/@prisma/internals/src/logger.ts:13:11)

  console.log
    prisma:query SELECT "public"."Permission"."id", "public"."Permission"."key", "public"."Permission"."description", "public"."Permission"."category", "public"."Permission"."createdAt" FROM "public"."Permission" WHERE "public"."Permission"."id" IN ($1,$2,$3,$4,$5,$6,$7,$8,$9,$10,$11,$12) OFFSET $13

      at Object.zc (../../node_modules/@prisma/internals/src/logger.ts:13:11)

  console.log
    prisma:query SELECT "public"."User"."id", "public"."User"."email", "public"."User"."password", "public"."User"."name", "public"."User"."nickname", "public"."User"."bio", "public"."User"."age", "public"."User"."gender"::text, "public"."User"."phoneNumber", "public"."User"."address", "public"."User"."status"::text, "public"."User"."statusReason", "public"."User"."preferences", "public"."User"."googleId", "public"."User"."avatarUrl", "public"."User"."createdAt", "public"."User"."updatedAt", "public"."User"."avatarImageId", "public"."User"."deletedAt" FROM "public"."User" WHERE ("public"."User"."id" = $1 AND 1=1) LIMIT $2 OFFSET $3

      at Object.zc (../../node_modules/@prisma/internals/src/logger.ts:13:11)

  console.log
    prisma:query SELECT "public"."UserRole"."userId", "public"."UserRole"."roleId" FROM "public"."UserRole" WHERE "public"."UserRole"."userId" IN ($1) OFFSET $2

      at Object.zc (../../node_modules/@prisma/internals/src/logger.ts:13:11)

  console.log
    prisma:query SELECT "public"."Role"."id", "public"."Role"."name", "public"."Role"."description", "public"."Role"."isSystem", "public"."Role"."createdAt" FROM "public"."Role" WHERE "public"."Role"."id" IN ($1) OFFSET $2

      at Object.zc (../../node_modules/@prisma/internals/src/logger.ts:13:11)

  console.log
    prisma:query SELECT "public"."RolePermission"."roleId", "public"."RolePermission"."permissionId" FROM "public"."RolePermission" WHERE "public"."RolePermission"."roleId" IN ($1) OFFSET $2

      at Object.zc (../../node_modules/@prisma/internals/src/logger.ts:13:11)

  console.log
    prisma:query SELECT "public"."Permission"."id", "public"."Permission"."key", "public"."Permission"."description", "public"."Permission"."category", "public"."Permission"."createdAt" FROM "public"."Permission" WHERE "public"."Permission"."id" IN ($1,$2,$3,$4,$5,$6,$7,$8,$9,$10,$11,$12) OFFSET $13

      at Object.zc (../../node_modules/@prisma/internals/src/logger.ts:13:11)

  console.log
    prisma:query SELECT "public"."User"."id", "public"."User"."email", "public"."User"."name", "public"."User"."status"::text, "public"."User"."createdAt", "public"."User"."avatarImageId" FROM "public"."User" WHERE 1=1 OFFSET $1

      at Object.zc (../../node_modules/@prisma/internals/src/logger.ts:13:11)

  console.log
    prisma:query SELECT "public"."UserRole"."userId", "public"."UserRole"."roleId" FROM "public"."UserRole" WHERE "public"."UserRole"."userId" IN ($1,$2,$3,$4,$5,$6) OFFSET $7

      at Object.zc (../../node_modules/@prisma/internals/src/logger.ts:13:11)

  console.log
    prisma:query SELECT "public"."Role"."id", "public"."Role"."name", "public"."Role"."description", "public"."Role"."isSystem", "public"."Role"."createdAt" FROM "public"."Role" WHERE "public"."Role"."id" IN ($1,$2,$3,$4,$5) OFFSET $6

      at Object.zc (../../node_modules/@prisma/internals/src/logger.ts:13:11)

2026-01-28 12:27:42 [32minfo[39m: ::ffff:127.0.0.1 - - [28/Jan/2026:06:57:42 +0000] "GET /api/v1/admin/users HTTP/1.1" 200 1244 "-" "-"
  console.log
    prisma:query INSERT INTO "public"."AuditLog" ("id","actorId","action","targetType","metadata","createdAt") VALUES ($1,$2,CAST($3::text AS "public"."AuditAction"),$4,$5,$6) RETURNING "public"."AuditLog"."id", "public"."AuditLog"."actorId", "public"."AuditLog"."action"::text, "public"."AuditLog"."targetType", "public"."AuditLog"."targetId", "public"."AuditLog"."metadata", "public"."AuditLog"."createdAt"

      at Object.zc (../../node_modules/@prisma/internals/src/logger.ts:13:11)

PASS tests/integration/rbac.test.ts (5.261 s)
  RBAC & Permission Integration
    Role Assignment
      ΓêÜ should list user roles in profile (49 ms)
      ΓêÜ should include all assigned roles for user with multiple roles (55 ms)
      ΓêÜ should display correct roles for different users (33 ms)
    Permission Authorization
      ΓêÜ should allow SUPER_ADMIN to access all endpoints (133 ms)
      ΓêÜ should allow ADMIN to access admin endpoints (122 ms)
      ΓêÜ should deny regular users from accessing admin endpoints (67 ms)
      ΓêÜ should deny guides from accessing admin endpoints (43 ms)
    Trip Permission Authorization
      ΓêÜ should allow TRIP_MANAGER to view internal trips (69 ms)
      ΓêÜ should allow TRIP_GUIDE to view internal trips (46 ms)
      ΓêÜ should deny regular users from viewing internal trips (34 ms)
    User Profile Permissions
      ΓêÜ should allow authenticated user to view own profile (26 ms)
      ΓêÜ should allow authenticated user to update own profile (40 ms)
      ΓêÜ should deny unauthenticated users from viewing profile (13 ms)
      ΓêÜ should deny unauthenticated users from updating profile (11 ms)
    Permission Hierarchy
      ΓêÜ should have SUPER_ADMIN with most permissions (10 ms)
      ΓêÜ should have ADMIN with significant permissions (8 ms)
      ΓêÜ should have TRIP_GUIDE with limited permissions (6 ms)
      ΓêÜ should have USER with no special permissions (5 ms)
    Multiple Role Scenarios
      ΓêÜ should combine permissions from multiple roles (7 ms)
      ΓêÜ should aggregate permissions without duplicates (8 ms)
    Permission Verification
      ΓêÜ should correctly verify user has specific permission (26 ms)
      ΓêÜ should deny access when user lacks required permission (41 ms)
    Permission Edge Cases
      ΓêÜ should handle user with no roles gracefully (102 ms)
      ΓêÜ should handle permission lookup with non-existent permission (44 ms)
      ΓêÜ should handle revoked permissions gracefully (59 ms)
    System Role Flags
      ΓêÜ should mark system roles correctly (12 ms)

warn The configuration property `package.json#prisma` is deprecated and will be removed in Prisma 7. Please migrate to a Prisma config file (e.g., 
`prisma.config.ts`).
For more information, see: https://pris.ly/prisma-config

Loaded Prisma config from prisma.config.ts.

warn The Prisma config file in prisma.config.ts overrides the deprecated `package.json#prisma` property in package.json.
  For more information, see: https://pris.ly/prisma-config

Prisma config detected, skipping environment variable loading.
Prisma schema loaded from prisma\schema.prisma
Datasource "db": PostgreSQL database "param_adventures", schema "public" at "localhost:5433"

57 migrations found in prisma/migrations


No pending migrations to apply.
  console.log
    Sentry Disabled (No DSN)

      at Object.<anonymous> (src/instrument.ts:7:11)

  console.log
    Param Adventures API: Sentry Instrumented ≡ƒö¡

      at Object.<anonymous> (src/instrument.ts:20:9)

2026-01-28 12:27:46 [33mwarn[39m: Google OAuth credentials missing. Social login disabled.
  console.log
    --> Backend Initialized (v1.2.0) - Restore Route Active <--

      at Object.<anonymous> (src/app.ts:52:9)

  console.log
    prisma:info Starting a postgresql pool with 25 connections.

      at Object.zc (../../node_modules/@prisma/internals/src/logger.ts:13:11)

  console.log
    prisma:query DELETE FROM "public"."Blog" WHERE 1=1

      at Object.zc (../../node_modules/@prisma/internals/src/logger.ts:13:11)

  console.log
    prisma:query DELETE FROM "public"."Payment" WHERE 1=1

      at Object.zc (../../node_modules/@prisma/internals/src/logger.ts:13:11)

  console.log
    prisma:query DELETE FROM "public"."Booking" WHERE 1=1

      at Object.zc (../../node_modules/@prisma/internals/src/logger.ts:13:11)

  console.log
    prisma:query DELETE FROM "public"."Trip" WHERE 1=1

      at Object.zc (../../node_modules/@prisma/internals/src/logger.ts:13:11)

  console.log
    prisma:query DELETE FROM "public"."RolePermission" WHERE 1=1

      at Object.zc (../../node_modules/@prisma/internals/src/logger.ts:13:11)

  console.log
    prisma:query DELETE FROM "public"."UserRole" WHERE 1=1

      at Object.zc (../../node_modules/@prisma/internals/src/logger.ts:13:11)

  console.log
    prisma:query DELETE FROM "public"."User" WHERE 1=1

      at Object.zc (../../node_modules/@prisma/internals/src/logger.ts:13:11)

  console.log
    prisma:query DELETE FROM "public"."Role" WHERE 1=1

      at Object.zc (../../node_modules/@prisma/internals/src/logger.ts:13:11)

  console.log
    prisma:query DELETE FROM "public"."Permission" WHERE 1=1

      at Object.zc (../../node_modules/@prisma/internals/src/logger.ts:13:11)

  console.log
    prisma:query BEGIN

      at Object.zc (../../node_modules/@prisma/internals/src/logger.ts:13:11)

  console.log
    prisma:query SELECT "public"."Role"."id" FROM "public"."Role" WHERE ("public"."Role"."name" = $1 AND 1=1) OFFSET $2

      at Object.zc (../../node_modules/@prisma/internals/src/logger.ts:13:11)

  console.log
    prisma:query INSERT INTO "public"."Role" ("id","name","isSystem","createdAt") VALUES ($1,$2,$3,$4) RETURNING "public"."Role"."id"

      at Object.zc (../../node_modules/@prisma/internals/src/logger.ts:13:11)

  console.log
    prisma:query SELECT "public"."Role"."id", "public"."Role"."name", "public"."Role"."description", "public"."Role"."isSystem", "public"."Role"."createdAt" FROM "public"."Role" WHERE "public"."Role"."id" = $1 LIMIT $2 OFFSET $3

      at Object.zc (../../node_modules/@prisma/internals/src/logger.ts:13:11)

  console.log
    prisma:query COMMIT

      at Object.zc (../../node_modules/@prisma/internals/src/logger.ts:13:11)

  console.log
    prisma:query BEGIN

      at Object.zc (../../node_modules/@prisma/internals/src/logger.ts:13:11)

  console.log
    prisma:query SELECT "public"."Role"."id" FROM "public"."Role" WHERE ("public"."Role"."name" = $1 AND 1=1) OFFSET $2

      at Object.zc (../../node_modules/@prisma/internals/src/logger.ts:13:11)

  console.log
    prisma:query INSERT INTO "public"."Role" ("id","name","isSystem","createdAt") VALUES ($1,$2,$3,$4) RETURNING "public"."Role"."id"

      at Object.zc (../../node_modules/@prisma/internals/src/logger.ts:13:11)

  console.log
    prisma:query SELECT "public"."Role"."id", "public"."Role"."name", "public"."Role"."description", "public"."Role"."isSystem", "public"."Role"."createdAt" FROM "public"."Role" WHERE "public"."Role"."id" = $1 LIMIT $2 OFFSET $3

      at Object.zc (../../node_modules/@prisma/internals/src/logger.ts:13:11)

  console.log
    prisma:query COMMIT

      at Object.zc (../../node_modules/@prisma/internals/src/logger.ts:13:11)

  console.log
    prisma:query BEGIN

      at Object.zc (../../node_modules/@prisma/internals/src/logger.ts:13:11)

  console.log
    prisma:query SELECT "public"."Permission"."id" FROM "public"."Permission" WHERE ("public"."Permission"."key" = $1 AND 1=1) OFFSET $2

      at Object.zc (../../node_modules/@prisma/internals/src/logger.ts:13:11)

  console.log
    prisma:query INSERT INTO "public"."Permission" ("id","key","description","createdAt") VALUES ($1,$2,$3,$4) RETURNING "public"."Permission"."id"

      at Object.zc (../../node_modules/@prisma/internals/src/logger.ts:13:11)

  console.log
    prisma:query SELECT "public"."Permission"."id", "public"."Permission"."key", "public"."Permission"."description", "public"."Permission"."category", "public"."Permission"."createdAt" FROM "public"."Permission" WHERE "public"."Permission"."id" = $1 LIMIT $2 OFFSET $3

      at Object.zc (../../node_modules/@prisma/internals/src/logger.ts:13:11)

  console.log
    prisma:query COMMIT

      at Object.zc (../../node_modules/@prisma/internals/src/logger.ts:13:11)

  console.log
    prisma:query BEGIN

      at Object.zc (../../node_modules/@prisma/internals/src/logger.ts:13:11)

  console.log
    prisma:query SELECT "public"."Permission"."id" FROM "public"."Permission" WHERE ("public"."Permission"."key" = $1 AND 1=1) OFFSET $2

      at Object.zc (../../node_modules/@prisma/internals/src/logger.ts:13:11)

  console.log
    prisma:query INSERT INTO "public"."Permission" ("id","key","description","createdAt") VALUES ($1,$2,$3,$4) RETURNING "public"."Permission"."id"

      at Object.zc (../../node_modules/@prisma/internals/src/logger.ts:13:11)

  console.log
    prisma:query SELECT "public"."Permission"."id", "public"."Permission"."key", "public"."Permission"."description", "public"."Permission"."category", "public"."Permission"."createdAt" FROM "public"."Permission" WHERE "public"."Permission"."id" = $1 LIMIT $2 OFFSET $3

      at Object.zc (../../node_modules/@prisma/internals/src/logger.ts:13:11)

  console.log
    prisma:query COMMIT

      at Object.zc (../../node_modules/@prisma/internals/src/logger.ts:13:11)

  console.log
    prisma:query BEGIN

      at Object.zc (../../node_modules/@prisma/internals/src/logger.ts:13:11)

  console.log
    prisma:query SELECT "public"."Permission"."id" FROM "public"."Permission" WHERE ("public"."Permission"."key" = $1 AND 1=1) OFFSET $2

      at Object.zc (../../node_modules/@prisma/internals/src/logger.ts:13:11)

  console.log
    prisma:query INSERT INTO "public"."Permission" ("id","key","description","createdAt") VALUES ($1,$2,$3,$4) RETURNING "public"."Permission"."id"

      at Object.zc (../../node_modules/@prisma/internals/src/logger.ts:13:11)

  console.log
    prisma:query SELECT "public"."Permission"."id", "public"."Permission"."key", "public"."Permission"."description", "public"."Permission"."category", "public"."Permission"."createdAt" FROM "public"."Permission" WHERE "public"."Permission"."id" = $1 LIMIT $2 OFFSET $3

      at Object.zc (../../node_modules/@prisma/internals/src/logger.ts:13:11)

  console.log
    prisma:query COMMIT

      at Object.zc (../../node_modules/@prisma/internals/src/logger.ts:13:11)

  console.log
    prisma:query BEGIN

      at Object.zc (../../node_modules/@prisma/internals/src/logger.ts:13:11)

  console.log
    prisma:query SELECT "public"."Permission"."id" FROM "public"."Permission" WHERE ("public"."Permission"."key" = $1 AND 1=1) OFFSET $2

      at Object.zc (../../node_modules/@prisma/internals/src/logger.ts:13:11)

  console.log
    prisma:query INSERT INTO "public"."Permission" ("id","key","description","createdAt") VALUES ($1,$2,$3,$4) RETURNING "public"."Permission"."id"

      at Object.zc (../../node_modules/@prisma/internals/src/logger.ts:13:11)

  console.log
    prisma:query SELECT "public"."Permission"."id", "public"."Permission"."key", "public"."Permission"."description", "public"."Permission"."category", "public"."Permission"."createdAt" FROM "public"."Permission" WHERE "public"."Permission"."id" = $1 LIMIT $2 OFFSET $3

      at Object.zc (../../node_modules/@prisma/internals/src/logger.ts:13:11)

  console.log
    prisma:query COMMIT

      at Object.zc (../../node_modules/@prisma/internals/src/logger.ts:13:11)

  console.log
    prisma:query BEGIN

      at Object.zc (../../node_modules/@prisma/internals/src/logger.ts:13:11)

  console.log
    prisma:query SELECT "public"."RolePermission"."roleId", "public"."RolePermission"."permissionId" FROM "public"."RolePermission" WHERE (("public"."RolePermission"."roleId" = $1 AND "public"."RolePermission"."permissionId" = $2) AND 1=1) OFFSET $3

      at Object.zc (../../node_modules/@prisma/internals/src/logger.ts:13:11)

  console.log
    prisma:query INSERT INTO "public"."RolePermission" ("roleId","permissionId") VALUES ($1,$2) RETURNING "public"."RolePermission"."roleId", "public"."RolePermission"."permissionId"

      at Object.zc (../../node_modules/@prisma/internals/src/logger.ts:13:11)

  console.log
    prisma:query SELECT "public"."RolePermission"."roleId", "public"."RolePermission"."permissionId" FROM "public"."RolePermission" WHERE ("public"."RolePermission"."roleId" = $1 AND "public"."RolePermission"."permissionId" = $2) LIMIT $3 OFFSET $4

      at Object.zc (../../node_modules/@prisma/internals/src/logger.ts:13:11)

  console.log
    prisma:query COMMIT

      at Object.zc (../../node_modules/@prisma/internals/src/logger.ts:13:11)

  console.log
    prisma:query BEGIN

      at Object.zc (../../node_modules/@prisma/internals/src/logger.ts:13:11)

  console.log
    prisma:query SELECT "public"."RolePermission"."roleId", "public"."RolePermission"."permissionId" FROM "public"."RolePermission" WHERE (("public"."RolePermission"."roleId" = $1 AND "public"."RolePermission"."permissionId" = $2) AND 1=1) OFFSET $3

      at Object.zc (../../node_modules/@prisma/internals/src/logger.ts:13:11)

  console.log
    prisma:query INSERT INTO "public"."RolePermission" ("roleId","permissionId") VALUES ($1,$2) RETURNING "public"."RolePermission"."roleId", "public"."RolePermission"."permissionId"

      at Object.zc (../../node_modules/@prisma/internals/src/logger.ts:13:11)

  console.log
    prisma:query SELECT "public"."RolePermission"."roleId", "public"."RolePermission"."permissionId" FROM "public"."RolePermission" WHERE ("public"."RolePermission"."roleId" = $1 AND "public"."RolePermission"."permissionId" = $2) LIMIT $3 OFFSET $4

      at Object.zc (../../node_modules/@prisma/internals/src/logger.ts:13:11)

  console.log
    prisma:query COMMIT

      at Object.zc (../../node_modules/@prisma/internals/src/logger.ts:13:11)

  console.log
    prisma:query BEGIN

      at Object.zc (../../node_modules/@prisma/internals/src/logger.ts:13:11)

  console.log
    prisma:query SELECT "public"."RolePermission"."roleId", "public"."RolePermission"."permissionId" FROM "public"."RolePermission" WHERE (("public"."RolePermission"."roleId" = $1 AND "public"."RolePermission"."permissionId" = $2) AND 1=1) OFFSET $3

      at Object.zc (../../node_modules/@prisma/internals/src/logger.ts:13:11)

  console.log
    prisma:query INSERT INTO "public"."RolePermission" ("roleId","permissionId") VALUES ($1,$2) RETURNING "public"."RolePermission"."roleId", "public"."RolePermission"."permissionId"

      at Object.zc (../../node_modules/@prisma/internals/src/logger.ts:13:11)

  console.log
    prisma:query SELECT "public"."RolePermission"."roleId", "public"."RolePermission"."permissionId" FROM "public"."RolePermission" WHERE ("public"."RolePermission"."roleId" = $1 AND "public"."RolePermission"."permissionId" = $2) LIMIT $3 OFFSET $4

      at Object.zc (../../node_modules/@prisma/internals/src/logger.ts:13:11)

  console.log
    prisma:query COMMIT

      at Object.zc (../../node_modules/@prisma/internals/src/logger.ts:13:11)

  console.log
    prisma:query BEGIN

      at Object.zc (../../node_modules/@prisma/internals/src/logger.ts:13:11)

  console.log
    prisma:query SELECT "public"."RolePermission"."roleId", "public"."RolePermission"."permissionId" FROM "public"."RolePermission" WHERE (("public"."RolePermission"."roleId" = $1 AND "public"."RolePermission"."permissionId" = $2) AND 1=1) OFFSET $3

      at Object.zc (../../node_modules/@prisma/internals/src/logger.ts:13:11)

  console.log
    prisma:query INSERT INTO "public"."RolePermission" ("roleId","permissionId") VALUES ($1,$2) RETURNING "public"."RolePermission"."roleId", "public"."RolePermission"."permissionId"

      at Object.zc (../../node_modules/@prisma/internals/src/logger.ts:13:11)

  console.log
    prisma:query SELECT "public"."RolePermission"."roleId", "public"."RolePermission"."permissionId" FROM "public"."RolePermission" WHERE ("public"."RolePermission"."roleId" = $1 AND "public"."RolePermission"."permissionId" = $2) LIMIT $3 OFFSET $4

      at Object.zc (../../node_modules/@prisma/internals/src/logger.ts:13:11)

  console.log
    prisma:query COMMIT

      at Object.zc (../../node_modules/@prisma/internals/src/logger.ts:13:11)

  console.log
    prisma:query BEGIN

      at Object.zc (../../node_modules/@prisma/internals/src/logger.ts:13:11)

  console.log
    prisma:query SELECT "public"."RolePermission"."roleId", "public"."RolePermission"."permissionId" FROM "public"."RolePermission" WHERE (("public"."RolePermission"."roleId" = $1 AND "public"."RolePermission"."permissionId" = $2) AND 1=1) OFFSET $3

      at Object.zc (../../node_modules/@prisma/internals/src/logger.ts:13:11)

  console.log
    prisma:query INSERT INTO "public"."RolePermission" ("roleId","permissionId") VALUES ($1,$2) RETURNING "public"."RolePermission"."roleId", "public"."RolePermission"."permissionId"

      at Object.zc (../../node_modules/@prisma/internals/src/logger.ts:13:11)

  console.log
    prisma:query SELECT "public"."RolePermission"."roleId", "public"."RolePermission"."permissionId" FROM "public"."RolePermission" WHERE ("public"."RolePermission"."roleId" = $1 AND "public"."RolePermission"."permissionId" = $2) LIMIT $3 OFFSET $4

      at Object.zc (../../node_modules/@prisma/internals/src/logger.ts:13:11)

  console.log
    prisma:query COMMIT

      at Object.zc (../../node_modules/@prisma/internals/src/logger.ts:13:11)

  console.log
    prisma:query BEGIN

      at Object.zc (../../node_modules/@prisma/internals/src/logger.ts:13:11)

  console.log
    prisma:query SELECT "public"."RolePermission"."roleId", "public"."RolePermission"."permissionId" FROM "public"."RolePermission" WHERE (("public"."RolePermission"."roleId" = $1 AND "public"."RolePermission"."permissionId" = $2) AND 1=1) OFFSET $3

      at Object.zc (../../node_modules/@prisma/internals/src/logger.ts:13:11)

  console.log
    prisma:query INSERT INTO "public"."RolePermission" ("roleId","permissionId") VALUES ($1,$2) RETURNING "public"."RolePermission"."roleId", "public"."RolePermission"."permissionId"

      at Object.zc (../../node_modules/@prisma/internals/src/logger.ts:13:11)

  console.log
    prisma:query SELECT "public"."RolePermission"."roleId", "public"."RolePermission"."permissionId" FROM "public"."RolePermission" WHERE ("public"."RolePermission"."roleId" = $1 AND "public"."RolePermission"."permissionId" = $2) LIMIT $3 OFFSET $4

      at Object.zc (../../node_modules/@prisma/internals/src/logger.ts:13:11)

  console.log
    prisma:query COMMIT

      at Object.zc (../../node_modules/@prisma/internals/src/logger.ts:13:11)

  console.log
    prisma:query INSERT INTO "public"."User" ("id","email","password","name","status","preferences","createdAt","updatedAt") VALUES ($1,$2,$3,$4,CAST($5::text AS "public"."UserStatus"),$6,$7,$8) RETURNING "public"."User"."id", "public"."User"."email", "public"."User"."password", "public"."User"."name", "public"."User"."nickname", "public"."User"."bio", "public"."User"."age", "public"."User"."gender"::text, "public"."User"."phoneNumber", "public"."User"."address", "public"."User"."status"::text, "public"."User"."statusReason", "public"."User"."preferences", "public"."User"."googleId", "public"."User"."avatarUrl", "public"."User"."createdAt", "public"."User"."updatedAt", "public"."User"."avatarImageId", "public"."User"."deletedAt"

      at Object.zc (../../node_modules/@prisma/internals/src/logger.ts:13:11)

  console.log
    prisma:query INSERT INTO "public"."UserRole" ("userId","roleId") VALUES ($1,$2) RETURNING "public"."UserRole"."userId", "public"."UserRole"."roleId"

      at Object.zc (../../node_modules/@prisma/internals/src/logger.ts:13:11)

  console.log
    prisma:query INSERT INTO "public"."User" ("id","email","password","name","status","preferences","createdAt","updatedAt") VALUES ($1,$2,$3,$4,CAST($5::text AS "public"."UserStatus"),$6,$7,$8) RETURNING "public"."User"."id", "public"."User"."email", "public"."User"."password", "public"."User"."name", "public"."User"."nickname", "public"."User"."bio", "public"."User"."age", "public"."User"."gender"::text, "public"."User"."phoneNumber", "public"."User"."address", "public"."User"."status"::text, "public"."User"."statusReason", "public"."User"."preferences", "public"."User"."googleId", "public"."User"."avatarUrl", "public"."User"."createdAt", "public"."User"."updatedAt", "public"."User"."avatarImageId", "public"."User"."deletedAt"

      at Object.zc (../../node_modules/@prisma/internals/src/logger.ts:13:11)

  console.log
    prisma:query INSERT INTO "public"."UserRole" ("userId","roleId") VALUES ($1,$2) RETURNING "public"."UserRole"."userId", "public"."UserRole"."roleId"

      at Object.zc (../../node_modules/@prisma/internals/src/logger.ts:13:11)

  console.log
    prisma:query INSERT INTO "public"."Trip" ("id","title","slug","description","itinerary","durationDays","difficulty","location","price","status","category","createdById","createdAt","updatedAt","capacity","startDate","endDate","isFeatured") VALUES ($1,$2,$3,$4,$5,$6,CAST($7::text AS "public"."Difficulty"),$8,$9,CAST($10::text AS "public"."TripStatus"),CAST($11::text AS "public"."TripCategory"),$12,$13,$14,$15,$16,$17,$18) RETURNING "public"."Trip"."id", "public"."Trip"."title", "public"."Trip"."slug", "public"."Trip"."description", "public"."Trip"."itinerary", "public"."Trip"."durationDays", "public"."Trip"."difficulty"::text, "public"."Trip"."location", "public"."Trip"."price", "public"."Trip"."status"::text, "public"."Trip"."category"::text, "public"."Trip"."startPoint", "public"."Trip"."endPoint", "public"."Trip"."altitude", "public"."Trip"."distance", "public"."Trip"."itineraryPdf", "public"."Trip"."highlights", "public"."Trip"."inclusions", "public"."Trip"."exclusions", "public"."Trip"."cancellationPolicy", "public"."Trip"."thingsToPack", "public"."Trip"."faqs", "public"."Trip"."seasons", "public"."Trip"."coverImageId", "public"."Trip"."heroImageId", "public"."Trip"."deletedAt", "public"."Trip"."createdById", "public"."Trip"."approvedById", "public"."Trip"."publishedAt", "public"."Trip"."createdAt", "public"."Trip"."updatedAt", "public"."Trip"."capacity", "public"."Trip"."startDate", "public"."Trip"."endDate", "public"."Trip"."managerId", "public"."Trip"."documentation", "public"."Trip"."isFeatured"

      at Object.zc (../../node_modules/@prisma/internals/src/logger.ts:13:11)

  console.log
    prisma:query INSERT INTO "public"."Booking" ("id","userId","tripId","status","startDate","guests","guestDetails","totalPrice","createdAt","updatedAt","paymentStatus") VALUES ($1,$2,$3,CAST($4::text AS "public"."BookingStatus"),$5,$6,$7,$8,$9,$10,CAST($11::text AS "public"."BookingPaymentStatus")) RETURNING "public"."Booking"."id", "public"."Booking"."userId", "public"."Booking"."tripId", "public"."Booking"."status"::text, "public"."Booking"."notes", "public"."Booking"."startDate", "public"."Booking"."guests", "public"."Booking"."guestDetails", "public"."Booking"."totalPrice", "public"."Booking"."createdAt", "public"."Booking"."updatedAt", "public"."Booking"."paymentStatus"::text

      at Object.zc (../../node_modules/@prisma/internals/src/logger.ts:13:11)

2026-01-28 12:27:47 [31merror[39m: Failed to check token denylist
  console.log
    prisma:query SELECT "public"."User"."id", "public"."User"."email", "public"."User"."password", "public"."User"."name", "public"."User"."nickname", "public"."User"."bio", "public"."User"."age", "public"."User"."gender"::text, "public"."User"."phoneNumber", "public"."User"."address", "public"."User"."status"::text, "public"."User"."statusReason", "public"."User"."preferences", "public"."User"."googleId", "public"."User"."avatarUrl", "public"."User"."createdAt", "public"."User"."updatedAt", "public"."User"."avatarImageId", "public"."User"."deletedAt" FROM "public"."User" WHERE ("public"."User"."id" = $1 AND 1=1) LIMIT $2 OFFSET $3

      at Object.zc (../../node_modules/@prisma/internals/src/logger.ts:13:11)

  console.log
    prisma:query SELECT "public"."UserRole"."userId", "public"."UserRole"."roleId" FROM "public"."UserRole" WHERE "public"."UserRole"."userId" IN ($1) OFFSET $2

      at Object.zc (../../node_modules/@prisma/internals/src/logger.ts:13:11)

  console.log
    prisma:query SELECT "public"."Role"."id", "public"."Role"."name", "public"."Role"."description", "public"."Role"."isSystem", "public"."Role"."createdAt" FROM "public"."Role" WHERE "public"."Role"."id" IN ($1) OFFSET $2

      at Object.zc (../../node_modules/@prisma/internals/src/logger.ts:13:11)

  console.log
    prisma:query SELECT "public"."RolePermission"."roleId", "public"."RolePermission"."permissionId" FROM "public"."RolePermission" WHERE "public"."RolePermission"."roleId" IN ($1) OFFSET $2

      at Object.zc (../../node_modules/@prisma/internals/src/logger.ts:13:11)

  console.log
    prisma:query SELECT "public"."Permission"."id", "public"."Permission"."key", "public"."Permission"."description", "public"."Permission"."category", "public"."Permission"."createdAt" FROM "public"."Permission" WHERE "public"."Permission"."id" IN ($1,$2) OFFSET $3

      at Object.zc (../../node_modules/@prisma/internals/src/logger.ts:13:11)

  console.log
    prisma:query SELECT "public"."User"."id", "public"."User"."email", "public"."User"."password", "public"."User"."name", "public"."User"."nickname", "public"."User"."bio", "public"."User"."age", "public"."User"."gender"::text, "public"."User"."phoneNumber", "public"."User"."address", "public"."User"."status"::text, "public"."User"."statusReason", "public"."User"."preferences", "public"."User"."googleId", "public"."User"."avatarUrl", "public"."User"."createdAt", "public"."User"."updatedAt", "public"."User"."avatarImageId", "public"."User"."deletedAt" FROM "public"."User" WHERE ("public"."User"."id" = $1 AND 1=1) LIMIT $2 OFFSET $3

      at Object.zc (../../node_modules/@prisma/internals/src/logger.ts:13:11)

  console.log
    prisma:query SELECT "public"."UserRole"."userId", "public"."UserRole"."roleId" FROM "public"."UserRole" WHERE "public"."UserRole"."userId" IN ($1) OFFSET $2

      at Object.zc (../../node_modules/@prisma/internals/src/logger.ts:13:11)

  console.log
    prisma:query SELECT "public"."Role"."id", "public"."Role"."name", "public"."Role"."description", "public"."Role"."isSystem", "public"."Role"."createdAt" FROM "public"."Role" WHERE "public"."Role"."id" IN ($1) OFFSET $2

      at Object.zc (../../node_modules/@prisma/internals/src/logger.ts:13:11)

  console.log
    prisma:query SELECT "public"."RolePermission"."roleId", "public"."RolePermission"."permissionId" FROM "public"."RolePermission" WHERE "public"."RolePermission"."roleId" IN ($1) OFFSET $2

      at Object.zc (../../node_modules/@prisma/internals/src/logger.ts:13:11)

  console.log
    prisma:query SELECT "public"."Permission"."id", "public"."Permission"."key", "public"."Permission"."description", "public"."Permission"."category", "public"."Permission"."createdAt" FROM "public"."Permission" WHERE "public"."Permission"."id" IN ($1,$2) OFFSET $3

      at Object.zc (../../node_modules/@prisma/internals/src/logger.ts:13:11)

  console.log
    prisma:query SELECT "public"."Booking"."id", "public"."Booking"."userId", "public"."Booking"."tripId", "public"."Booking"."status"::text, "public"."Booking"."notes", "public"."Booking"."startDate", "public"."Booking"."guests", "public"."Booking"."guestDetails", "public"."Booking"."totalPrice", "public"."Booking"."createdAt", "public"."Booking"."updatedAt", "public"."Booking"."paymentStatus"::text FROM "public"."Booking" WHERE ("public"."Booking"."userId" = $1 AND "public"."Booking"."tripId" = $2 AND "public"."Booking"."status" = CAST($3::text AS "public"."BookingStatus")) LIMIT $4 OFFSET $5

      at Object.zc (../../node_modules/@prisma/internals/src/logger.ts:13:11)

  console.log
    prisma:query INSERT INTO "public"."Blog" ("id","title","slug","excerpt","content","theme","status","authorId","tripId","createdAt","updatedAt") VALUES ($1,$2,$3,$4,$5,$6,CAST($7::text AS "public"."BlogStatus"),$8,$9,$10,$11) RETURNING "public"."Blog"."id", "public"."Blog"."title", "public"."Blog"."slug", "public"."Blog"."excerpt", "public"."Blog"."content", "public"."Blog"."theme", "public"."Blog"."status"::text, "public"."Blog"."authorId", "public"."Blog"."coverImageId", "public"."Blog"."tripId", "public"."Blog"."deletedAt", "public"."Blog"."createdAt", "public"."Blog"."updatedAt"

      at Object.zc (../../node_modules/@prisma/internals/src/logger.ts:13:11)

  console.log
    prisma:query INSERT INTO "public"."AuditLog" ("id","actorId","action","targetType","targetId","metadata","createdAt") VALUES ($1,$2,CAST($3::text AS "public"."AuditAction"),$4,$5,$6,$7) RETURNING "public"."AuditLog"."id", "public"."AuditLog"."actorId", "public"."AuditLog"."action"::text, "public"."AuditLog"."targetType", "public"."AuditLog"."targetId", "public"."AuditLog"."metadata", "public"."AuditLog"."createdAt"

      at Object.zc (../../node_modules/@prisma/internals/src/logger.ts:13:11)

2026-01-28 12:27:47 [32minfo[39m: ::ffff:127.0.0.1 - - [28/Jan/2026:06:57:47 +0000] "POST /api/v1/blogs HTTP/1.1" 201 421 "-" "-"
2026-01-28 12:27:47 [32minfo[39m: ::ffff:127.0.0.1 - - [28/Jan/2026:06:57:47 +0000] "POST /api/v1/blogs HTTP/1.1" 401 25 "-" "-"
2026-01-28 12:27:47 [31merror[39m: Failed to check token denylist
  console.log
    prisma:query SELECT "public"."User"."id", "public"."User"."email", "public"."User"."password", "public"."User"."name", "public"."User"."nickname", "public"."User"."bio", "public"."User"."age", "public"."User"."gender"::text, "public"."User"."phoneNumber", "public"."User"."address", "public"."User"."status"::text, "public"."User"."statusReason", "public"."User"."preferences", "public"."User"."googleId", "public"."User"."avatarUrl", "public"."User"."createdAt", "public"."User"."updatedAt", "public"."User"."avatarImageId", "public"."User"."deletedAt" FROM "public"."User" WHERE ("public"."User"."id" = $1 AND 1=1) LIMIT $2 OFFSET $3

      at Object.zc (../../node_modules/@prisma/internals/src/logger.ts:13:11)

  console.log
    prisma:query SELECT "public"."UserRole"."userId", "public"."UserRole"."roleId" FROM "public"."UserRole" WHERE "public"."UserRole"."userId" IN ($1) OFFSET $2

      at Object.zc (../../node_modules/@prisma/internals/src/logger.ts:13:11)

  console.log
    prisma:query SELECT "public"."Role"."id", "public"."Role"."name", "public"."Role"."description", "public"."Role"."isSystem", "public"."Role"."createdAt" FROM "public"."Role" WHERE "public"."Role"."id" IN ($1) OFFSET $2

      at Object.zc (../../node_modules/@prisma/internals/src/logger.ts:13:11)

  console.log
    prisma:query SELECT "public"."RolePermission"."roleId", "public"."RolePermission"."permissionId" FROM "public"."RolePermission" WHERE "public"."RolePermission"."roleId" IN ($1) OFFSET $2

      at Object.zc (../../node_modules/@prisma/internals/src/logger.ts:13:11)

  console.log
    prisma:query SELECT "public"."Permission"."id", "public"."Permission"."key", "public"."Permission"."description", "public"."Permission"."category", "public"."Permission"."createdAt" FROM "public"."Permission" WHERE "public"."Permission"."id" IN ($1,$2) OFFSET $3

      at Object.zc (../../node_modules/@prisma/internals/src/logger.ts:13:11)

  console.log
    prisma:query SELECT "public"."User"."id", "public"."User"."email", "public"."User"."password", "public"."User"."name", "public"."User"."nickname", "public"."User"."bio", "public"."User"."age", "public"."User"."gender"::text, "public"."User"."phoneNumber", "public"."User"."address", "public"."User"."status"::text, "public"."User"."statusReason", "public"."User"."preferences", "public"."User"."googleId", "public"."User"."avatarUrl", "public"."User"."createdAt", "public"."User"."updatedAt", "public"."User"."avatarImageId", "public"."User"."deletedAt" FROM "public"."User" WHERE ("public"."User"."id" = $1 AND 1=1) LIMIT $2 OFFSET $3

      at Object.zc (../../node_modules/@prisma/internals/src/logger.ts:13:11)

  console.log
    prisma:query SELECT "public"."UserRole"."userId", "public"."UserRole"."roleId" FROM "public"."UserRole" WHERE "public"."UserRole"."userId" IN ($1) OFFSET $2

      at Object.zc (../../node_modules/@prisma/internals/src/logger.ts:13:11)

  console.log
    prisma:query SELECT "public"."Role"."id", "public"."Role"."name", "public"."Role"."description", "public"."Role"."isSystem", "public"."Role"."createdAt" FROM "public"."Role" WHERE "public"."Role"."id" IN ($1) OFFSET $2

      at Object.zc (../../node_modules/@prisma/internals/src/logger.ts:13:11)

  console.log
    prisma:query SELECT "public"."RolePermission"."roleId", "public"."RolePermission"."permissionId" FROM "public"."RolePermission" WHERE "public"."RolePermission"."roleId" IN ($1) OFFSET $2

      at Object.zc (../../node_modules/@prisma/internals/src/logger.ts:13:11)

  console.log
    prisma:query SELECT "public"."Permission"."id", "public"."Permission"."key", "public"."Permission"."description", "public"."Permission"."category", "public"."Permission"."createdAt" FROM "public"."Permission" WHERE "public"."Permission"."id" IN ($1,$2) OFFSET $3

      at Object.zc (../../node_modules/@prisma/internals/src/logger.ts:13:11)

2026-01-28 12:27:47 [32minfo[39m: ::ffff:127.0.0.1 - - [28/Jan/2026:06:57:47 +0000] "POST /api/v1/blogs HTTP/1.1" 400 60 "-" "-"
  console.log
    prisma:query INSERT INTO "public"."Trip" ("id","title","slug","description","itinerary","durationDays","difficulty","location","price","status","category","createdById","createdAt","updatedAt","capacity","startDate","endDate","isFeatured") VALUES ($1,$2,$3,$4,$5,$6,CAST($7::text AS "public"."Difficulty"),$8,$9,CAST($10::text AS "public"."TripStatus"),CAST($11::text AS "public"."TripCategory"),$12,$13,$14,$15,$16,$17,$18) RETURNING "public"."Trip"."id", "public"."Trip"."title", "public"."Trip"."slug", "public"."Trip"."description", "public"."Trip"."itinerary", "public"."Trip"."durationDays", "public"."Trip"."difficulty"::text, "public"."Trip"."location", "public"."Trip"."price", "public"."Trip"."status"::text, "public"."Trip"."category"::text, "public"."Trip"."startPoint", "public"."Trip"."endPoint", "public"."Trip"."altitude", "public"."Trip"."distance", "public"."Trip"."itineraryPdf", "public"."Trip"."highlights", "public"."Trip"."inclusions", "public"."Trip"."exclusions", "public"."Trip"."cancellationPolicy", "public"."Trip"."thingsToPack", "public"."Trip"."faqs", "public"."Trip"."seasons", "public"."Trip"."coverImageId", "public"."Trip"."heroImageId", "public"."Trip"."deletedAt", "public"."Trip"."createdById", "public"."Trip"."approvedById", "public"."Trip"."publishedAt", "public"."Trip"."createdAt", "public"."Trip"."updatedAt", "public"."Trip"."capacity", "public"."Trip"."startDate", "public"."Trip"."endDate", "public"."Trip"."managerId", "public"."Trip"."documentation", "public"."Trip"."isFeatured"

      at Object.zc (../../node_modules/@prisma/internals/src/logger.ts:13:11)

2026-01-28 12:27:47 [31merror[39m: Failed to check token denylist
  console.log
    prisma:query SELECT "public"."User"."id", "public"."User"."email", "public"."User"."password", "public"."User"."name", "public"."User"."nickname", "public"."User"."bio", "public"."User"."age", "public"."User"."gender"::text, "public"."User"."phoneNumber", "public"."User"."address", "public"."User"."status"::text, "public"."User"."statusReason", "public"."User"."preferences", "public"."User"."googleId", "public"."User"."avatarUrl", "public"."User"."createdAt", "public"."User"."updatedAt", "public"."User"."avatarImageId", "public"."User"."deletedAt" FROM "public"."User" WHERE ("public"."User"."id" = $1 AND 1=1) LIMIT $2 OFFSET $3

      at Object.zc (../../node_modules/@prisma/internals/src/logger.ts:13:11)

  console.log
    prisma:query SELECT "public"."UserRole"."userId", "public"."UserRole"."roleId" FROM "public"."UserRole" WHERE "public"."UserRole"."userId" IN ($1) OFFSET $2

      at Object.zc (../../node_modules/@prisma/internals/src/logger.ts:13:11)

  console.log
    prisma:query SELECT "public"."Role"."id", "public"."Role"."name", "public"."Role"."description", "public"."Role"."isSystem", "public"."Role"."createdAt" FROM "public"."Role" WHERE "public"."Role"."id" IN ($1) OFFSET $2

      at Object.zc (../../node_modules/@prisma/internals/src/logger.ts:13:11)

  console.log
    prisma:query SELECT "public"."RolePermission"."roleId", "public"."RolePermission"."permissionId" FROM "public"."RolePermission" WHERE "public"."RolePermission"."roleId" IN ($1) OFFSET $2

      at Object.zc (../../node_modules/@prisma/internals/src/logger.ts:13:11)

  console.log
    prisma:query SELECT "public"."Permission"."id", "public"."Permission"."key", "public"."Permission"."description", "public"."Permission"."category", "public"."Permission"."createdAt" FROM "public"."Permission" WHERE "public"."Permission"."id" IN ($1,$2) OFFSET $3

      at Object.zc (../../node_modules/@prisma/internals/src/logger.ts:13:11)

  console.log
    prisma:query SELECT "public"."User"."id", "public"."User"."email", "public"."User"."password", "public"."User"."name", "public"."User"."nickname", "public"."User"."bio", "public"."User"."age", "public"."User"."gender"::text, "public"."User"."phoneNumber", "public"."User"."address", "public"."User"."status"::text, "public"."User"."statusReason", "public"."User"."preferences", "public"."User"."googleId", "public"."User"."avatarUrl", "public"."User"."createdAt", "public"."User"."updatedAt", "public"."User"."avatarImageId", "public"."User"."deletedAt" FROM "public"."User" WHERE ("public"."User"."id" = $1 AND 1=1) LIMIT $2 OFFSET $3

      at Object.zc (../../node_modules/@prisma/internals/src/logger.ts:13:11)

  console.log
    prisma:query SELECT "public"."UserRole"."userId", "public"."UserRole"."roleId" FROM "public"."UserRole" WHERE "public"."UserRole"."userId" IN ($1) OFFSET $2

      at Object.zc (../../node_modules/@prisma/internals/src/logger.ts:13:11)

  console.log
    prisma:query SELECT "public"."Role"."id", "public"."Role"."name", "public"."Role"."description", "public"."Role"."isSystem", "public"."Role"."createdAt" FROM "public"."Role" WHERE "public"."Role"."id" IN ($1) OFFSET $2

      at Object.zc (../../node_modules/@prisma/internals/src/logger.ts:13:11)

  console.log
    prisma:query SELECT "public"."RolePermission"."roleId", "public"."RolePermission"."permissionId" FROM "public"."RolePermission" WHERE "public"."RolePermission"."roleId" IN ($1) OFFSET $2

      at Object.zc (../../node_modules/@prisma/internals/src/logger.ts:13:11)

  console.log
    prisma:query SELECT "public"."Permission"."id", "public"."Permission"."key", "public"."Permission"."description", "public"."Permission"."category", "public"."Permission"."createdAt" FROM "public"."Permission" WHERE "public"."Permission"."id" IN ($1,$2) OFFSET $3

      at Object.zc (../../node_modules/@prisma/internals/src/logger.ts:13:11)

  console.log
    prisma:query SELECT "public"."Booking"."id", "public"."Booking"."userId", "public"."Booking"."tripId", "public"."Booking"."status"::text, "public"."Booking"."notes", "public"."Booking"."startDate", "public"."Booking"."guests", "public"."Booking"."guestDetails", "public"."Booking"."totalPrice", "public"."Booking"."createdAt", "public"."Booking"."updatedAt", "public"."Booking"."paymentStatus"::text FROM "public"."Booking" WHERE ("public"."Booking"."userId" = $1 AND "public"."Booking"."tripId" = $2 AND "public"."Booking"."status" = CAST($3::text AS "public"."BookingStatus")) LIMIT $4 OFFSET $5

      at Object.zc (../../node_modules/@prisma/internals/src/logger.ts:13:11)

2026-01-28 12:27:47 [32minfo[39m: ::ffff:127.0.0.1 - - [28/Jan/2026:06:57:47 +0000] "POST /api/v1/blogs HTTP/1.1" 403 68 "-" "-"
  console.log
    prisma:query BEGIN

      at Object.zc (../../node_modules/@prisma/internals/src/logger.ts:13:11)

  console.log
    prisma:query SELECT COUNT(*) AS "_count$_all" FROM (SELECT "public"."Blog"."id" FROM "public"."Blog" WHERE "public"."Blog"."status" = CAST($1::text AS "public"."BlogStatus") OFFSET $2) AS "sub"

      at Object.zc (../../node_modules/@prisma/internals/src/logger.ts:13:11)

  console.log
    prisma:query SELECT "public"."Blog"."id", "public"."Blog"."title", "public"."Blog"."slug", "public"."Blog"."excerpt", "public"."Blog"."content", "public"."Blog"."theme", "public"."Blog"."status"::text, "public"."Blog"."authorId", "public"."Blog"."coverImageId", "public"."Blog"."tripId", "public"."Blog"."deletedAt", "public"."Blog"."createdAt", "public"."Blog"."updatedAt" FROM "public"."Blog" WHERE "public"."Blog"."status" = CAST($1::text AS "public"."BlogStatus") ORDER BY "public"."Blog"."createdAt" DESC LIMIT $2 OFFSET $3

      at Object.zc (../../node_modules/@prisma/internals/src/logger.ts:13:11)

  console.log
    prisma:query COMMIT

      at Object.zc (../../node_modules/@prisma/internals/src/logger.ts:13:11)

2026-01-28 12:27:47 [32minfo[39m: ::ffff:127.0.0.1 - - [28/Jan/2026:06:57:47 +0000] "GET /api/v1/blogs/public HTTP/1.1" 200 183 "-" "-"
  console.log
    prisma:query INSERT INTO "public"."Blog" ("id","title","slug","content","theme","status","authorId","tripId","createdAt","updatedAt") VALUES ($1,$2,$3,$4,$5,CAST($6::text AS "public"."BlogStatus"),$7,$8,$9,$10) RETURNING "public"."Blog"."id", "public"."Blog"."title", "public"."Blog"."slug", "public"."Blog"."excerpt", "public"."Blog"."content", "public"."Blog"."theme", "public"."Blog"."status"::text, "public"."Blog"."authorId", "public"."Blog"."coverImageId", "public"."Blog"."tripId", "public"."Blog"."deletedAt", "public"."Blog"."createdAt", "public"."Blog"."updatedAt"

      at Object.zc (../../node_modules/@prisma/internals/src/logger.ts:13:11)

  console.log
    prisma:query BEGIN

      at Object.zc (../../node_modules/@prisma/internals/src/logger.ts:13:11)

  console.log
    prisma:query SELECT COUNT(*) AS "_count$_all" FROM (SELECT "public"."Blog"."id" FROM "public"."Blog" WHERE "public"."Blog"."status" = CAST($1::text AS "public"."BlogStatus") OFFSET $2) AS "sub"

      at Object.zc (../../node_modules/@prisma/internals/src/logger.ts:13:11)

  console.log
    prisma:query SELECT "public"."Blog"."id", "public"."Blog"."title", "public"."Blog"."slug", "public"."Blog"."excerpt", "public"."Blog"."content", "public"."Blog"."theme", "public"."Blog"."status"::text, "public"."Blog"."authorId", "public"."Blog"."coverImageId", "public"."Blog"."tripId", "public"."Blog"."deletedAt", "public"."Blog"."createdAt", "public"."Blog"."updatedAt" FROM "public"."Blog" WHERE "public"."Blog"."status" = CAST($1::text AS "public"."BlogStatus") ORDER BY "public"."Blog"."createdAt" DESC LIMIT $2 OFFSET $3

      at Object.zc (../../node_modules/@prisma/internals/src/logger.ts:13:11)

  console.log
    prisma:query SELECT "public"."User"."id", "public"."User"."name" FROM "public"."User" WHERE "public"."User"."id" IN ($1) OFFSET $2

      at Object.zc (../../node_modules/@prisma/internals/src/logger.ts:13:11)

  console.log
    prisma:query COMMIT

      at Object.zc (../../node_modules/@prisma/internals/src/logger.ts:13:11)

2026-01-28 12:27:47 [32minfo[39m: ::ffff:127.0.0.1 - - [28/Jan/2026:06:57:47 +0000] "GET /api/v1/blogs/public HTTP/1.1" 200 660 "-" "-"
  console.log
    prisma:query INSERT INTO "public"."Blog" ("id","title","slug","content","theme","status","authorId","tripId","createdAt","updatedAt") VALUES ($1,$2,$3,$4,$5,CAST($6::text AS "public"."BlogStatus"),$7,$8,$9,$10) RETURNING "public"."Blog"."id", "public"."Blog"."title", "public"."Blog"."slug", "public"."Blog"."excerpt", "public"."Blog"."content", "public"."Blog"."theme", "public"."Blog"."status"::text, "public"."Blog"."authorId", "public"."Blog"."coverImageId", "public"."Blog"."tripId", "public"."Blog"."deletedAt", "public"."Blog"."createdAt", "public"."Blog"."updatedAt"

      at Object.zc (../../node_modules/@prisma/internals/src/logger.ts:13:11)

  console.log
    prisma:query SELECT "public"."Blog"."id", "public"."Blog"."title", "public"."Blog"."slug", "public"."Blog"."excerpt", "public"."Blog"."content", "public"."Blog"."theme", "public"."Blog"."status"::text, "public"."Blog"."authorId", "public"."Blog"."coverImageId", "public"."Blog"."tripId", "public"."Blog"."deletedAt", "public"."Blog"."createdAt", "public"."Blog"."updatedAt" FROM "public"."Blog" WHERE ("public"."Blog"."slug" = $1 AND "public"."Blog"."status" = CAST($2::text AS "public"."BlogStatus")) LIMIT $3 OFFSET $4

      at Object.zc (../../node_modules/@prisma/internals/src/logger.ts:13:11)

  console.log
    prisma:query SELECT "public"."User"."id", "public"."User"."name" FROM "public"."User" WHERE "public"."User"."id" IN ($1) OFFSET $2

      at Object.zc (../../node_modules/@prisma/internals/src/logger.ts:13:11)

  console.log
    prisma:query SELECT "public"."Trip"."id", "public"."Trip"."title", "public"."Trip"."slug" FROM "public"."Trip" WHERE "public"."Trip"."id" IN ($1) OFFSET $2

      at Object.zc (../../node_modules/@prisma/internals/src/logger.ts:13:11)

2026-01-28 12:27:47 [32minfo[39m: ::ffff:127.0.0.1 - - [28/Jan/2026:06:57:47 +0000] "GET /api/v1/blogs/public/public-slug-1769583467238 HTTP/1.1" 200 595 "-" "-"
  console.log
    prisma:query SELECT "public"."Blog"."id", "public"."Blog"."title", "public"."Blog"."slug", "public"."Blog"."excerpt", "public"."Blog"."content", "public"."Blog"."theme", "public"."Blog"."status"::text, "public"."Blog"."authorId", "public"."Blog"."coverImageId", "public"."Blog"."tripId", "public"."Blog"."deletedAt", "public"."Blog"."createdAt", "public"."Blog"."updatedAt" FROM "public"."Blog" WHERE ("public"."Blog"."slug" = $1 AND "public"."Blog"."status" = CAST($2::text AS "public"."BlogStatus")) LIMIT $3 OFFSET $4

      at Object.zc (../../node_modules/@prisma/internals/src/logger.ts:13:11)

2026-01-28 12:27:47 [31merror[39m: HttpError: Blog not found
    at new HttpError (C:\Users\akash\Documents\Param_Adventures_Phase1\apps\api\src\utils\httpError.js:32:24)
    at getBlogBySlug (C:\Users\akash\Documents\Param_Adventures_Phase1\apps\api\src\controllers\blogs\getBlogBySlug.controller.ts:53:11)
2026-01-28 12:27:47 [32minfo[39m: ::ffff:127.0.0.1 - - [28/Jan/2026:06:57:47 +0000] "GET /api/v1/blogs/public/non-existent-slug-123 HTTP/1.1" 404 121 "-" "-"
  console.log
    prisma:query INSERT INTO "public"."Blog" ("id","title","slug","content","theme","status","authorId","tripId","createdAt","updatedAt") VALUES ($1,$2,$3,$4,$5,CAST($6::text AS "public"."BlogStatus"),$7,$8,$9,$10) RETURNING "public"."Blog"."id", "public"."Blog"."title", "public"."Blog"."slug", "public"."Blog"."excerpt", "public"."Blog"."content", "public"."Blog"."theme", "public"."Blog"."status"::text, "public"."Blog"."authorId", "public"."Blog"."coverImageId", "public"."Blog"."tripId", "public"."Blog"."deletedAt", "public"."Blog"."createdAt", "public"."Blog"."updatedAt"

      at Object.zc (../../node_modules/@prisma/internals/src/logger.ts:13:11)

  console.log
    prisma:query SELECT "public"."Blog"."id", "public"."Blog"."title", "public"."Blog"."slug", "public"."Blog"."excerpt", "public"."Blog"."content", "public"."Blog"."theme", "public"."Blog"."status"::text, "public"."Blog"."authorId", "public"."Blog"."coverImageId", "public"."Blog"."tripId", "public"."Blog"."deletedAt", "public"."Blog"."createdAt", "public"."Blog"."updatedAt" FROM "public"."Blog" WHERE ("public"."Blog"."slug" = $1 AND "public"."Blog"."status" = CAST($2::text AS "public"."BlogStatus")) LIMIT $3 OFFSET $4

      at Object.zc (../../node_modules/@prisma/internals/src/logger.ts:13:11)

2026-01-28 12:27:47 [31merror[39m: HttpError: Blog not found
    at new HttpError (C:\Users\akash\Documents\Param_Adventures_Phase1\apps\api\src\utils\httpError.js:32:24)
    at getBlogBySlug (C:\Users\akash\Documents\Param_Adventures_Phase1\apps\api\src\controllers\blogs\getBlogBySlug.controller.ts:53:11)
2026-01-28 12:27:47 [32minfo[39m: ::ffff:127.0.0.1 - - [28/Jan/2026:06:57:47 +0000] "GET /api/v1/blogs/public/draft-slug-1769583467292 HTTP/1.1" 404 121 "-" "-"
2026-01-28 12:27:47 [31merror[39m: Failed to check token denylist
  console.log
    prisma:query SELECT "public"."User"."id", "public"."User"."email", "public"."User"."password", "public"."User"."name", "public"."User"."nickname", "public"."User"."bio", "public"."User"."age", "public"."User"."gender"::text, "public"."User"."phoneNumber", "public"."User"."address", "public"."User"."status"::text, "public"."User"."statusReason", "public"."User"."preferences", "public"."User"."googleId", "public"."User"."avatarUrl", "public"."User"."createdAt", "public"."User"."updatedAt", "public"."User"."avatarImageId", "public"."User"."deletedAt" FROM "public"."User" WHERE ("public"."User"."id" = $1 AND 1=1) LIMIT $2 OFFSET $3

      at Object.zc (../../node_modules/@prisma/internals/src/logger.ts:13:11)

  console.log
    prisma:query SELECT "public"."UserRole"."userId", "public"."UserRole"."roleId" FROM "public"."UserRole" WHERE "public"."UserRole"."userId" IN ($1) OFFSET $2

      at Object.zc (../../node_modules/@prisma/internals/src/logger.ts:13:11)

  console.log
    prisma:query SELECT "public"."Role"."id", "public"."Role"."name", "public"."Role"."description", "public"."Role"."isSystem", "public"."Role"."createdAt" FROM "public"."Role" WHERE "public"."Role"."id" IN ($1) OFFSET $2

      at Object.zc (../../node_modules/@prisma/internals/src/logger.ts:13:11)

  console.log
    prisma:query SELECT "public"."RolePermission"."roleId", "public"."RolePermission"."permissionId" FROM "public"."RolePermission" WHERE "public"."RolePermission"."roleId" IN ($1) OFFSET $2

      at Object.zc (../../node_modules/@prisma/internals/src/logger.ts:13:11)

  console.log
    prisma:query SELECT "public"."Permission"."id", "public"."Permission"."key", "public"."Permission"."description", "public"."Permission"."category", "public"."Permission"."createdAt" FROM "public"."Permission" WHERE "public"."Permission"."id" IN ($1,$2) OFFSET $3

      at Object.zc (../../node_modules/@prisma/internals/src/logger.ts:13:11)

  console.log
    prisma:query SELECT "public"."User"."id", "public"."User"."email", "public"."User"."password", "public"."User"."name", "public"."User"."nickname", "public"."User"."bio", "public"."User"."age", "public"."User"."gender"::text, "public"."User"."phoneNumber", "public"."User"."address", "public"."User"."status"::text, "public"."User"."statusReason", "public"."User"."preferences", "public"."User"."googleId", "public"."User"."avatarUrl", "public"."User"."createdAt", "public"."User"."updatedAt", "public"."User"."avatarImageId", "public"."User"."deletedAt" FROM "public"."User" WHERE ("public"."User"."id" = $1 AND 1=1) LIMIT $2 OFFSET $3

      at Object.zc (../../node_modules/@prisma/internals/src/logger.ts:13:11)

  console.log
    prisma:query SELECT "public"."UserRole"."userId", "public"."UserRole"."roleId" FROM "public"."UserRole" WHERE "public"."UserRole"."userId" IN ($1) OFFSET $2

      at Object.zc (../../node_modules/@prisma/internals/src/logger.ts:13:11)

  console.log
    prisma:query SELECT "public"."Role"."id", "public"."Role"."name", "public"."Role"."description", "public"."Role"."isSystem", "public"."Role"."createdAt" FROM "public"."Role" WHERE "public"."Role"."id" IN ($1) OFFSET $2

      at Object.zc (../../node_modules/@prisma/internals/src/logger.ts:13:11)

  console.log
    prisma:query SELECT "public"."RolePermission"."roleId", "public"."RolePermission"."permissionId" FROM "public"."RolePermission" WHERE "public"."RolePermission"."roleId" IN ($1) OFFSET $2

      at Object.zc (../../node_modules/@prisma/internals/src/logger.ts:13:11)

  console.log
    prisma:query SELECT "public"."Permission"."id", "public"."Permission"."key", "public"."Permission"."description", "public"."Permission"."category", "public"."Permission"."createdAt" FROM "public"."Permission" WHERE "public"."Permission"."id" IN ($1,$2) OFFSET $3

      at Object.zc (../../node_modules/@prisma/internals/src/logger.ts:13:11)

  console.log
    prisma:query SELECT "public"."Blog"."id", "public"."Blog"."title", "public"."Blog"."status"::text, "public"."Blog"."slug", "public"."Blog"."createdAt", "public"."Blog"."excerpt" FROM "public"."Blog" WHERE "public"."Blog"."authorId" = $1 ORDER BY "public"."Blog"."createdAt" DESC OFFSET $2

      at Object.zc (../../node_modules/@prisma/internals/src/logger.ts:13:11)

2026-01-28 12:27:47 [32minfo[39m: ::ffff:127.0.0.1 - - [28/Jan/2026:06:57:47 +0000] "GET /api/v1/blogs/my-blogs HTTP/1.1" 200 741 "-" "-"
2026-01-28 12:27:47 [32minfo[39m: ::ffff:127.0.0.1 - - [28/Jan/2026:06:57:47 +0000] "GET /api/v1/blogs/my-blogs HTTP/1.1" 401 25 "-" "-"
2026-01-28 12:27:47 [31merror[39m: Failed to check token denylist
  console.log
    prisma:query SELECT "public"."User"."id", "public"."User"."email", "public"."User"."password", "public"."User"."name", "public"."User"."nickname", "public"."User"."bio", "public"."User"."age", "public"."User"."gender"::text, "public"."User"."phoneNumber", "public"."User"."address", "public"."User"."status"::text, "public"."User"."statusReason", "public"."User"."preferences", "public"."User"."googleId", "public"."User"."avatarUrl", "public"."User"."createdAt", "public"."User"."updatedAt", "public"."User"."avatarImageId", "public"."User"."deletedAt" FROM "public"."User" WHERE ("public"."User"."id" = $1 AND 1=1) LIMIT $2 OFFSET $3

      at Object.zc (../../node_modules/@prisma/internals/src/logger.ts:13:11)

  console.log
    prisma:query SELECT "public"."UserRole"."userId", "public"."UserRole"."roleId" FROM "public"."UserRole" WHERE "public"."UserRole"."userId" IN ($1) OFFSET $2

      at Object.zc (../../node_modules/@prisma/internals/src/logger.ts:13:11)

  console.log
    prisma:query SELECT "public"."Role"."id", "public"."Role"."name", "public"."Role"."description", "public"."Role"."isSystem", "public"."Role"."createdAt" FROM "public"."Role" WHERE "public"."Role"."id" IN ($1) OFFSET $2

      at Object.zc (../../node_modules/@prisma/internals/src/logger.ts:13:11)

  console.log
    prisma:query SELECT "public"."RolePermission"."roleId", "public"."RolePermission"."permissionId" FROM "public"."RolePermission" WHERE "public"."RolePermission"."roleId" IN ($1) OFFSET $2

      at Object.zc (../../node_modules/@prisma/internals/src/logger.ts:13:11)

  console.log
    prisma:query SELECT "public"."Permission"."id", "public"."Permission"."key", "public"."Permission"."description", "public"."Permission"."category", "public"."Permission"."createdAt" FROM "public"."Permission" WHERE "public"."Permission"."id" IN ($1,$2) OFFSET $3

      at Object.zc (../../node_modules/@prisma/internals/src/logger.ts:13:11)

  console.log
    prisma:query SELECT "public"."User"."id", "public"."User"."email", "public"."User"."password", "public"."User"."name", "public"."User"."nickname", "public"."User"."bio", "public"."User"."age", "public"."User"."gender"::text, "public"."User"."phoneNumber", "public"."User"."address", "public"."User"."status"::text, "public"."User"."statusReason", "public"."User"."preferences", "public"."User"."googleId", "public"."User"."avatarUrl", "public"."User"."createdAt", "public"."User"."updatedAt", "public"."User"."avatarImageId", "public"."User"."deletedAt" FROM "public"."User" WHERE ("public"."User"."id" = $1 AND 1=1) LIMIT $2 OFFSET $3

      at Object.zc (../../node_modules/@prisma/internals/src/logger.ts:13:11)

  console.log
    prisma:query SELECT "public"."UserRole"."userId", "public"."UserRole"."roleId" FROM "public"."UserRole" WHERE "public"."UserRole"."userId" IN ($1) OFFSET $2

      at Object.zc (../../node_modules/@prisma/internals/src/logger.ts:13:11)

  console.log
    prisma:query SELECT "public"."Role"."id", "public"."Role"."name", "public"."Role"."description", "public"."Role"."isSystem", "public"."Role"."createdAt" FROM "public"."Role" WHERE "public"."Role"."id" IN ($1) OFFSET $2

      at Object.zc (../../node_modules/@prisma/internals/src/logger.ts:13:11)

  console.log
    prisma:query SELECT "public"."RolePermission"."roleId", "public"."RolePermission"."permissionId" FROM "public"."RolePermission" WHERE "public"."RolePermission"."roleId" IN ($1) OFFSET $2

      at Object.zc (../../node_modules/@prisma/internals/src/logger.ts:13:11)

  console.log
    prisma:query SELECT "public"."Permission"."id", "public"."Permission"."key", "public"."Permission"."description", "public"."Permission"."category", "public"."Permission"."createdAt" FROM "public"."Permission" WHERE "public"."Permission"."id" IN ($1,$2) OFFSET $3

      at Object.zc (../../node_modules/@prisma/internals/src/logger.ts:13:11)

  console.log
    prisma:query SELECT "public"."Blog"."id", "public"."Blog"."title", "public"."Blog"."slug", "public"."Blog"."excerpt", "public"."Blog"."content", "public"."Blog"."theme", "public"."Blog"."status"::text, "public"."Blog"."authorId", "public"."Blog"."coverImageId", "public"."Blog"."tripId", "public"."Blog"."deletedAt", "public"."Blog"."createdAt", "public"."Blog"."updatedAt" FROM "public"."Blog" WHERE ("public"."Blog"."id" = $1 AND 1=1) LIMIT $2 OFFSET $3

      at Object.zc (../../node_modules/@prisma/internals/src/logger.ts:13:11)

  console.log
    prisma:query UPDATE "public"."Blog" SET "title" = $1, "content" = $2, "excerpt" = $3, "updatedAt" = $4, "slug" = $5 WHERE ("public"."Blog"."id" = $6 AND 1=1) RETURNING "public"."Blog"."id", "public"."Blog"."title", "public"."Blog"."slug", "public"."Blog"."excerpt", "public"."Blog"."content", "public"."Blog"."theme", "public"."Blog"."status"::text, "public"."Blog"."authorId", "public"."Blog"."coverImageId", "public"."Blog"."tripId", "public"."Blog"."deletedAt", "public"."Blog"."createdAt", "public"."Blog"."updatedAt"

      at Object.zc (../../node_modules/@prisma/internals/src/logger.ts:13:11)

  console.log
    prisma:query INSERT INTO "public"."AuditLog" ("id","actorId","action","targetType","targetId","metadata","createdAt") VALUES ($1,$2,CAST($3::text AS "public"."AuditAction"),$4,$5,$6,$7) RETURNING "public"."AuditLog"."id", "public"."AuditLog"."actorId", "public"."AuditLog"."action"::text, "public"."AuditLog"."targetType", "public"."AuditLog"."targetId", "public"."AuditLog"."metadata", "public"."AuditLog"."createdAt"

      at Object.zc (../../node_modules/@prisma/internals/src/logger.ts:13:11)

2026-01-28 12:27:47 [32minfo[39m: ::ffff:127.0.0.1 - - [28/Jan/2026:06:57:47 +0000] "PUT /api/v1/blogs/fd1132e6-8a15-4607-afe2-f6ca0255392b HTTP/1.1" 200 511 "-" "-"
2026-01-28 12:27:47 [32minfo[39m: ::ffff:127.0.0.1 - - [28/Jan/2026:06:57:47 +0000] "PUT /api/v1/blogs/fd1132e6-8a15-4607-afe2-f6ca0255392b HTTP/1.1" 401 25 "-" "-"
2026-01-28 12:27:47 [31merror[39m: Failed to check token denylist
  console.log
    prisma:query SELECT "public"."User"."id", "public"."User"."email", "public"."User"."password", "public"."User"."name", "public"."User"."nickname", "public"."User"."bio", "public"."User"."age", "public"."User"."gender"::text, "public"."User"."phoneNumber", "public"."User"."address", "public"."User"."status"::text, "public"."User"."statusReason", "public"."User"."preferences", "public"."User"."googleId", "public"."User"."avatarUrl", "public"."User"."createdAt", "public"."User"."updatedAt", "public"."User"."avatarImageId", "public"."User"."deletedAt" FROM "public"."User" WHERE ("public"."User"."id" = $1 AND 1=1) LIMIT $2 OFFSET $3

      at Object.zc (../../node_modules/@prisma/internals/src/logger.ts:13:11)

  console.log
    prisma:query SELECT "public"."UserRole"."userId", "public"."UserRole"."roleId" FROM "public"."UserRole" WHERE "public"."UserRole"."userId" IN ($1) OFFSET $2

      at Object.zc (../../node_modules/@prisma/internals/src/logger.ts:13:11)

  console.log
    prisma:query SELECT "public"."Role"."id", "public"."Role"."name", "public"."Role"."description", "public"."Role"."isSystem", "public"."Role"."createdAt" FROM "public"."Role" WHERE "public"."Role"."id" IN ($1) OFFSET $2

      at Object.zc (../../node_modules/@prisma/internals/src/logger.ts:13:11)

  console.log
    prisma:query SELECT "public"."RolePermission"."roleId", "public"."RolePermission"."permissionId" FROM "public"."RolePermission" WHERE "public"."RolePermission"."roleId" IN ($1) OFFSET $2

      at Object.zc (../../node_modules/@prisma/internals/src/logger.ts:13:11)

  console.log
    prisma:query SELECT "public"."Permission"."id", "public"."Permission"."key", "public"."Permission"."description", "public"."Permission"."category", "public"."Permission"."createdAt" FROM "public"."Permission" WHERE "public"."Permission"."id" IN ($1,$2) OFFSET $3

      at Object.zc (../../node_modules/@prisma/internals/src/logger.ts:13:11)

  console.log
    prisma:query SELECT "public"."User"."id", "public"."User"."email", "public"."User"."password", "public"."User"."name", "public"."User"."nickname", "public"."User"."bio", "public"."User"."age", "public"."User"."gender"::text, "public"."User"."phoneNumber", "public"."User"."address", "public"."User"."status"::text, "public"."User"."statusReason", "public"."User"."preferences", "public"."User"."googleId", "public"."User"."avatarUrl", "public"."User"."createdAt", "public"."User"."updatedAt", "public"."User"."avatarImageId", "public"."User"."deletedAt" FROM "public"."User" WHERE ("public"."User"."id" = $1 AND 1=1) LIMIT $2 OFFSET $3

      at Object.zc (../../node_modules/@prisma/internals/src/logger.ts:13:11)

  console.log
    prisma:query SELECT "public"."UserRole"."userId", "public"."UserRole"."roleId" FROM "public"."UserRole" WHERE "public"."UserRole"."userId" IN ($1) OFFSET $2

      at Object.zc (../../node_modules/@prisma/internals/src/logger.ts:13:11)

  console.log
    prisma:query SELECT "public"."Role"."id", "public"."Role"."name", "public"."Role"."description", "public"."Role"."isSystem", "public"."Role"."createdAt" FROM "public"."Role" WHERE "public"."Role"."id" IN ($1) OFFSET $2

      at Object.zc (../../node_modules/@prisma/internals/src/logger.ts:13:11)

  console.log
    prisma:query SELECT "public"."RolePermission"."roleId", "public"."RolePermission"."permissionId" FROM "public"."RolePermission" WHERE "public"."RolePermission"."roleId" IN ($1) OFFSET $2

      at Object.zc (../../node_modules/@prisma/internals/src/logger.ts:13:11)

  console.log
    prisma:query SELECT "public"."Permission"."id", "public"."Permission"."key", "public"."Permission"."description", "public"."Permission"."category", "public"."Permission"."createdAt" FROM "public"."Permission" WHERE "public"."Permission"."id" IN ($1,$2) OFFSET $3

      at Object.zc (../../node_modules/@prisma/internals/src/logger.ts:13:11)

  console.log
    prisma:query SELECT "public"."Blog"."id", "public"."Blog"."title", "public"."Blog"."slug", "public"."Blog"."excerpt", "public"."Blog"."content", "public"."Blog"."theme", "public"."Blog"."status"::text, "public"."Blog"."authorId", "public"."Blog"."coverImageId", "public"."Blog"."tripId", "public"."Blog"."deletedAt", "public"."Blog"."createdAt", "public"."Blog"."updatedAt" FROM "public"."Blog" WHERE ("public"."Blog"."id" = $1 AND 1=1) LIMIT $2 OFFSET $3

      at Object.zc (../../node_modules/@prisma/internals/src/logger.ts:13:11)

2026-01-28 12:27:47 [31merror[39m: HttpError: Blog not found
    at new HttpError (C:\Users\akash\Documents\Param_Adventures_Phase1\apps\api\src\utils\httpError.js:32:24)
    at C:\Users\akash\Documents\Param_Adventures_Phase1\apps\api\src\controllers\blogs\updateBlog.controller.ts:24:11
2026-01-28 12:27:47 [32minfo[39m: ::ffff:127.0.0.1 - - [28/Jan/2026:06:57:47 +0000] "PUT /api/v1/blogs/non-existent-id-123 HTTP/1.1" 404 121 "-" "-"
2026-01-28 12:27:47 [31merror[39m: Failed to check token denylist
  console.log
    prisma:query SELECT "public"."User"."id", "public"."User"."email", "public"."User"."password", "public"."User"."name", "public"."User"."nickname", "public"."User"."bio", "public"."User"."age", "public"."User"."gender"::text, "public"."User"."phoneNumber", "public"."User"."address", "public"."User"."status"::text, "public"."User"."statusReason", "public"."User"."preferences", "public"."User"."googleId", "public"."User"."avatarUrl", "public"."User"."createdAt", "public"."User"."updatedAt", "public"."User"."avatarImageId", "public"."User"."deletedAt" FROM "public"."User" WHERE ("public"."User"."id" = $1 AND 1=1) LIMIT $2 OFFSET $3

      at Object.zc (../../node_modules/@prisma/internals/src/logger.ts:13:11)

  console.log
    prisma:query SELECT "public"."UserRole"."userId", "public"."UserRole"."roleId" FROM "public"."UserRole" WHERE "public"."UserRole"."userId" IN ($1) OFFSET $2

      at Object.zc (../../node_modules/@prisma/internals/src/logger.ts:13:11)

  console.log
    prisma:query SELECT "public"."Role"."id", "public"."Role"."name", "public"."Role"."description", "public"."Role"."isSystem", "public"."Role"."createdAt" FROM "public"."Role" WHERE "public"."Role"."id" IN ($1) OFFSET $2

      at Object.zc (../../node_modules/@prisma/internals/src/logger.ts:13:11)

  console.log
    prisma:query SELECT "public"."RolePermission"."roleId", "public"."RolePermission"."permissionId" FROM "public"."RolePermission" WHERE "public"."RolePermission"."roleId" IN ($1) OFFSET $2

      at Object.zc (../../node_modules/@prisma/internals/src/logger.ts:13:11)

  console.log
    prisma:query SELECT "public"."Permission"."id", "public"."Permission"."key", "public"."Permission"."description", "public"."Permission"."category", "public"."Permission"."createdAt" FROM "public"."Permission" WHERE "public"."Permission"."id" IN ($1,$2,$3,$4) OFFSET $5

      at Object.zc (../../node_modules/@prisma/internals/src/logger.ts:13:11)

  console.log
    prisma:query SELECT "public"."User"."id", "public"."User"."email", "public"."User"."password", "public"."User"."name", "public"."User"."nickname", "public"."User"."bio", "public"."User"."age", "public"."User"."gender"::text, "public"."User"."phoneNumber", "public"."User"."address", "public"."User"."status"::text, "public"."User"."statusReason", "public"."User"."preferences", "public"."User"."googleId", "public"."User"."avatarUrl", "public"."User"."createdAt", "public"."User"."updatedAt", "public"."User"."avatarImageId", "public"."User"."deletedAt" FROM "public"."User" WHERE ("public"."User"."id" = $1 AND 1=1) LIMIT $2 OFFSET $3

      at Object.zc (../../node_modules/@prisma/internals/src/logger.ts:13:11)

  console.log
    prisma:query SELECT "public"."UserRole"."userId", "public"."UserRole"."roleId" FROM "public"."UserRole" WHERE "public"."UserRole"."userId" IN ($1) OFFSET $2

      at Object.zc (../../node_modules/@prisma/internals/src/logger.ts:13:11)

  console.log
    prisma:query SELECT "public"."Role"."id", "public"."Role"."name", "public"."Role"."description", "public"."Role"."isSystem", "public"."Role"."createdAt" FROM "public"."Role" WHERE "public"."Role"."id" IN ($1) OFFSET $2

      at Object.zc (../../node_modules/@prisma/internals/src/logger.ts:13:11)

  console.log
    prisma:query SELECT "public"."RolePermission"."roleId", "public"."RolePermission"."permissionId" FROM "public"."RolePermission" WHERE "public"."RolePermission"."roleId" IN ($1) OFFSET $2

      at Object.zc (../../node_modules/@prisma/internals/src/logger.ts:13:11)

  console.log
    prisma:query SELECT "public"."Permission"."id", "public"."Permission"."key", "public"."Permission"."description", "public"."Permission"."category", "public"."Permission"."createdAt" FROM "public"."Permission" WHERE "public"."Permission"."id" IN ($1,$2,$3,$4) OFFSET $5

      at Object.zc (../../node_modules/@prisma/internals/src/logger.ts:13:11)

  console.log
    prisma:query SELECT "public"."Blog"."id", "public"."Blog"."title", "public"."Blog"."slug", "public"."Blog"."excerpt", "public"."Blog"."content", "public"."Blog"."theme", "public"."Blog"."status"::text, "public"."Blog"."authorId", "public"."Blog"."coverImageId", "public"."Blog"."tripId", "public"."Blog"."deletedAt", "public"."Blog"."createdAt", "public"."Blog"."updatedAt" FROM "public"."Blog" WHERE ("public"."Blog"."id" = $1 AND 1=1) LIMIT $2 OFFSET $3

      at Object.zc (../../node_modules/@prisma/internals/src/logger.ts:13:11)

2026-01-28 12:27:47 [31merror[39m: HttpError: Blog not found
    at new HttpError (C:\Users\akash\Documents\Param_Adventures_Phase1\apps\api\src\utils\httpError.js:32:24)
    at C:\Users\akash\Documents\Param_Adventures_Phase1\apps\api\src\controllers\blogs\updateBlog.controller.ts:24:11
2026-01-28 12:27:47 [32minfo[39m: ::ffff:127.0.0.1 - - [28/Jan/2026:06:57:47 +0000] "PUT /api/v1/blogs/fd1132e6-8a15-4607-afe2-f6ca0255392b HTTP/1.1" 404 121 "-" "-"
2026-01-28 12:27:47 [31merror[39m: Failed to check token denylist
  console.log
    prisma:query SELECT "public"."User"."id", "public"."User"."email", "public"."User"."password", "public"."User"."name", "public"."User"."nickname", "public"."User"."bio", "public"."User"."age", "public"."User"."gender"::text, "public"."User"."phoneNumber", "public"."User"."address", "public"."User"."status"::text, "public"."User"."statusReason", "public"."User"."preferences", "public"."User"."googleId", "public"."User"."avatarUrl", "public"."User"."createdAt", "public"."User"."updatedAt", "public"."User"."avatarImageId", "public"."User"."deletedAt" FROM "public"."User" WHERE ("public"."User"."id" = $1 AND 1=1) LIMIT $2 OFFSET $3

      at Object.zc (../../node_modules/@prisma/internals/src/logger.ts:13:11)

  console.log
    prisma:query SELECT "public"."UserRole"."userId", "public"."UserRole"."roleId" FROM "public"."UserRole" WHERE "public"."UserRole"."userId" IN ($1) OFFSET $2

      at Object.zc (../../node_modules/@prisma/internals/src/logger.ts:13:11)

  console.log
    prisma:query SELECT "public"."Role"."id", "public"."Role"."name", "public"."Role"."description", "public"."Role"."isSystem", "public"."Role"."createdAt" FROM "public"."Role" WHERE "public"."Role"."id" IN ($1) OFFSET $2

      at Object.zc (../../node_modules/@prisma/internals/src/logger.ts:13:11)

  console.log
    prisma:query SELECT "public"."RolePermission"."roleId", "public"."RolePermission"."permissionId" FROM "public"."RolePermission" WHERE "public"."RolePermission"."roleId" IN ($1) OFFSET $2

      at Object.zc (../../node_modules/@prisma/internals/src/logger.ts:13:11)

  console.log
    prisma:query SELECT "public"."Permission"."id", "public"."Permission"."key", "public"."Permission"."description", "public"."Permission"."category", "public"."Permission"."createdAt" FROM "public"."Permission" WHERE "public"."Permission"."id" IN ($1,$2) OFFSET $3

      at Object.zc (../../node_modules/@prisma/internals/src/logger.ts:13:11)

  console.log
    prisma:query SELECT "public"."User"."id", "public"."User"."email", "public"."User"."password", "public"."User"."name", "public"."User"."nickname", "public"."User"."bio", "public"."User"."age", "public"."User"."gender"::text, "public"."User"."phoneNumber", "public"."User"."address", "public"."User"."status"::text, "public"."User"."statusReason", "public"."User"."preferences", "public"."User"."googleId", "public"."User"."avatarUrl", "public"."User"."createdAt", "public"."User"."updatedAt", "public"."User"."avatarImageId", "public"."User"."deletedAt" FROM "public"."User" WHERE ("public"."User"."id" = $1 AND 1=1) LIMIT $2 OFFSET $3

      at Object.zc (../../node_modules/@prisma/internals/src/logger.ts:13:11)

  console.log
    prisma:query SELECT "public"."UserRole"."userId", "public"."UserRole"."roleId" FROM "public"."UserRole" WHERE "public"."UserRole"."userId" IN ($1) OFFSET $2

      at Object.zc (../../node_modules/@prisma/internals/src/logger.ts:13:11)

  console.log
    prisma:query SELECT "public"."Role"."id", "public"."Role"."name", "public"."Role"."description", "public"."Role"."isSystem", "public"."Role"."createdAt" FROM "public"."Role" WHERE "public"."Role"."id" IN ($1) OFFSET $2

      at Object.zc (../../node_modules/@prisma/internals/src/logger.ts:13:11)

  console.log
    prisma:query SELECT "public"."RolePermission"."roleId", "public"."RolePermission"."permissionId" FROM "public"."RolePermission" WHERE "public"."RolePermission"."roleId" IN ($1) OFFSET $2

      at Object.zc (../../node_modules/@prisma/internals/src/logger.ts:13:11)

  console.log
    prisma:query SELECT "public"."Permission"."id", "public"."Permission"."key", "public"."Permission"."description", "public"."Permission"."category", "public"."Permission"."createdAt" FROM "public"."Permission" WHERE "public"."Permission"."id" IN ($1,$2) OFFSET $3

      at Object.zc (../../node_modules/@prisma/internals/src/logger.ts:13:11)

  console.log
    prisma:query SELECT "public"."Blog"."id", "public"."Blog"."title", "public"."Blog"."slug", "public"."Blog"."excerpt", "public"."Blog"."content", "public"."Blog"."theme", "public"."Blog"."status"::text, "public"."Blog"."authorId", "public"."Blog"."coverImageId", "public"."Blog"."tripId", "public"."Blog"."deletedAt", "public"."Blog"."createdAt", "public"."Blog"."updatedAt" FROM "public"."Blog" WHERE ("public"."Blog"."id" = $1 AND 1=1) LIMIT $2 OFFSET $3

      at Object.zc (../../node_modules/@prisma/internals/src/logger.ts:13:11)

  console.log
    prisma:query UPDATE "public"."Blog" SET "status" = CAST($1::text AS "public"."BlogStatus"), "updatedAt" = $2 WHERE ("public"."Blog"."id" = $3 AND 1=1) RETURNING "public"."Blog"."id", "public"."Blog"."title", "public"."Blog"."slug", "public"."Blog"."excerpt", "public"."Blog"."content", "public"."Blog"."theme", "public"."Blog"."status"::text, "public"."Blog"."authorId", "public"."Blog"."coverImageId", "public"."Blog"."tripId", "public"."Blog"."deletedAt", "public"."Blog"."createdAt", "public"."Blog"."updatedAt"

      at Object.zc (../../node_modules/@prisma/internals/src/logger.ts:13:11)

  console.log
    prisma:query INSERT INTO "public"."AuditLog" ("id","actorId","action","targetType","targetId","metadata","createdAt") VALUES ($1,$2,CAST($3::text AS "public"."AuditAction"),$4,$5,$6,$7) RETURNING "public"."AuditLog"."id", "public"."AuditLog"."actorId", "public"."AuditLog"."action"::text, "public"."AuditLog"."targetType", "public"."AuditLog"."targetId", "public"."AuditLog"."metadata", "public"."AuditLog"."createdAt"

      at Object.zc (../../node_modules/@prisma/internals/src/logger.ts:13:11)

2026-01-28 12:27:47 [32minfo[39m: ::ffff:127.0.0.1 - - [28/Jan/2026:06:57:47 +0000] "POST /api/v1/blogs/fd1132e6-8a15-4607-afe2-f6ca0255392b/submit HTTP/1.1" 200 533 "-" "-"
2026-01-28 12:27:47 [32minfo[39m: ::ffff:127.0.0.1 - - [28/Jan/2026:06:57:47 +0000] "POST /api/v1/blogs/fd1132e6-8a15-4607-afe2-f6ca0255392b/submit HTTP/1.1" 401 25 "-" "-"
2026-01-28 12:27:47 [31merror[39m: Failed to check token denylist
  console.log
    prisma:query SELECT "public"."User"."id", "public"."User"."email", "public"."User"."password", "public"."User"."name", "public"."User"."nickname", "public"."User"."bio", "public"."User"."age", "public"."User"."gender"::text, "public"."User"."phoneNumber", "public"."User"."address", "public"."User"."status"::text, "public"."User"."statusReason", "public"."User"."preferences", "public"."User"."googleId", "public"."User"."avatarUrl", "public"."User"."createdAt", "public"."User"."updatedAt", "public"."User"."avatarImageId", "public"."User"."deletedAt" FROM "public"."User" WHERE ("public"."User"."id" = $1 AND 1=1) LIMIT $2 OFFSET $3

      at Object.zc (../../node_modules/@prisma/internals/src/logger.ts:13:11)

  console.log
    prisma:query SELECT "public"."UserRole"."userId", "public"."UserRole"."roleId" FROM "public"."UserRole" WHERE "public"."UserRole"."userId" IN ($1) OFFSET $2

      at Object.zc (../../node_modules/@prisma/internals/src/logger.ts:13:11)

  console.log
    prisma:query SELECT "public"."Role"."id", "public"."Role"."name", "public"."Role"."description", "public"."Role"."isSystem", "public"."Role"."createdAt" FROM "public"."Role" WHERE "public"."Role"."id" IN ($1) OFFSET $2

      at Object.zc (../../node_modules/@prisma/internals/src/logger.ts:13:11)

  console.log
    prisma:query SELECT "public"."RolePermission"."roleId", "public"."RolePermission"."permissionId" FROM "public"."RolePermission" WHERE "public"."RolePermission"."roleId" IN ($1) OFFSET $2

      at Object.zc (../../node_modules/@prisma/internals/src/logger.ts:13:11)

  console.log
    prisma:query SELECT "public"."Permission"."id", "public"."Permission"."key", "public"."Permission"."description", "public"."Permission"."category", "public"."Permission"."createdAt" FROM "public"."Permission" WHERE "public"."Permission"."id" IN ($1,$2,$3,$4) OFFSET $5

      at Object.zc (../../node_modules/@prisma/internals/src/logger.ts:13:11)

  console.log
    prisma:query SELECT "public"."User"."id", "public"."User"."email", "public"."User"."password", "public"."User"."name", "public"."User"."nickname", "public"."User"."bio", "public"."User"."age", "public"."User"."gender"::text, "public"."User"."phoneNumber", "public"."User"."address", "public"."User"."status"::text, "public"."User"."statusReason", "public"."User"."preferences", "public"."User"."googleId", "public"."User"."avatarUrl", "public"."User"."createdAt", "public"."User"."updatedAt", "public"."User"."avatarImageId", "public"."User"."deletedAt" FROM "public"."User" WHERE ("public"."User"."id" = $1 AND 1=1) LIMIT $2 OFFSET $3

      at Object.zc (../../node_modules/@prisma/internals/src/logger.ts:13:11)

  console.log
    prisma:query SELECT "public"."UserRole"."userId", "public"."UserRole"."roleId" FROM "public"."UserRole" WHERE "public"."UserRole"."userId" IN ($1) OFFSET $2

      at Object.zc (../../node_modules/@prisma/internals/src/logger.ts:13:11)

  console.log
    prisma:query SELECT "public"."Role"."id", "public"."Role"."name", "public"."Role"."description", "public"."Role"."isSystem", "public"."Role"."createdAt" FROM "public"."Role" WHERE "public"."Role"."id" IN ($1) OFFSET $2

      at Object.zc (../../node_modules/@prisma/internals/src/logger.ts:13:11)

  console.log
    prisma:query SELECT "public"."RolePermission"."roleId", "public"."RolePermission"."permissionId" FROM "public"."RolePermission" WHERE "public"."RolePermission"."roleId" IN ($1) OFFSET $2

      at Object.zc (../../node_modules/@prisma/internals/src/logger.ts:13:11)

  console.log
    prisma:query SELECT "public"."Permission"."id", "public"."Permission"."key", "public"."Permission"."description", "public"."Permission"."category", "public"."Permission"."createdAt" FROM "public"."Permission" WHERE "public"."Permission"."id" IN ($1,$2,$3,$4) OFFSET $5

      at Object.zc (../../node_modules/@prisma/internals/src/logger.ts:13:11)

  console.log
    prisma:query SELECT "public"."Blog"."id", "public"."Blog"."title", "public"."Blog"."slug", "public"."Blog"."excerpt", "public"."Blog"."content", "public"."Blog"."theme", "public"."Blog"."status"::text, "public"."Blog"."authorId", "public"."Blog"."coverImageId", "public"."Blog"."tripId", "public"."Blog"."deletedAt", "public"."Blog"."createdAt", "public"."Blog"."updatedAt" FROM "public"."Blog" WHERE ("public"."Blog"."id" = $1 AND 1=1) LIMIT $2 OFFSET $3

      at Object.zc (../../node_modules/@prisma/internals/src/logger.ts:13:11)

  console.log
    prisma:query UPDATE "public"."Blog" SET "status" = CAST($1::text AS "public"."BlogStatus"), "updatedAt" = $2 WHERE ("public"."Blog"."id" = $3 AND 1=1) RETURNING "public"."Blog"."id", "public"."Blog"."title", "public"."Blog"."slug", "public"."Blog"."excerpt", "public"."Blog"."content", "public"."Blog"."theme", "public"."Blog"."status"::text, "public"."Blog"."authorId", "public"."Blog"."coverImageId", "public"."Blog"."tripId", "public"."Blog"."deletedAt", "public"."Blog"."createdAt", "public"."Blog"."updatedAt"

      at Object.zc (../../node_modules/@prisma/internals/src/logger.ts:13:11)

  console.log
    prisma:query INSERT INTO "public"."AuditLog" ("id","actorId","action","targetType","targetId","metadata","createdAt") VALUES ($1,$2,CAST($3::text AS "public"."AuditAction"),$4,$5,$6,$7) RETURNING "public"."AuditLog"."id", "public"."AuditLog"."actorId", "public"."AuditLog"."action"::text, "public"."AuditLog"."targetType", "public"."AuditLog"."targetId", "public"."AuditLog"."metadata", "public"."AuditLog"."createdAt"

      at Object.zc (../../node_modules/@prisma/internals/src/logger.ts:13:11)

2026-01-28 12:27:47 [32minfo[39m: ::ffff:127.0.0.1 - - [28/Jan/2026:06:57:47 +0000] "POST /api/v1/blogs/fd1132e6-8a15-4607-afe2-f6ca0255392b/approve HTTP/1.1" 200 515 "-" "-"
  console.log
    prisma:query INSERT INTO "public"."Blog" ("id","title","slug","content","theme","status","authorId","tripId","createdAt","updatedAt") VALUES ($1,$2,$3,$4,$5,CAST($6::text AS "public"."BlogStatus"),$7,$8,$9,$10) RETURNING "public"."Blog"."id", "public"."Blog"."title", "public"."Blog"."slug", "public"."Blog"."excerpt", "public"."Blog"."content", "public"."Blog"."theme", "public"."Blog"."status"::text, "public"."Blog"."authorId", "public"."Blog"."coverImageId", "public"."Blog"."tripId", "public"."Blog"."deletedAt", "public"."Blog"."createdAt", "public"."Blog"."updatedAt"

      at Object.zc (../../node_modules/@prisma/internals/src/logger.ts:13:11)

2026-01-28 12:27:47 [31merror[39m: Failed to check token denylist
  console.log
    prisma:query SELECT "public"."User"."id", "public"."User"."email", "public"."User"."password", "public"."User"."name", "public"."User"."nickname", "public"."User"."bio", "public"."User"."age", "public"."User"."gender"::text, "public"."User"."phoneNumber", "public"."User"."address", "public"."User"."status"::text, "public"."User"."statusReason", "public"."User"."preferences", "public"."User"."googleId", "public"."User"."avatarUrl", "public"."User"."createdAt", "public"."User"."updatedAt", "public"."User"."avatarImageId", "public"."User"."deletedAt" FROM "public"."User" WHERE ("public"."User"."id" = $1 AND 1=1) LIMIT $2 OFFSET $3

      at Object.zc (../../node_modules/@prisma/internals/src/logger.ts:13:11)

  console.log
    prisma:query SELECT "public"."UserRole"."userId", "public"."UserRole"."roleId" FROM "public"."UserRole" WHERE "public"."UserRole"."userId" IN ($1) OFFSET $2

      at Object.zc (../../node_modules/@prisma/internals/src/logger.ts:13:11)

  console.log
    prisma:query SELECT "public"."Role"."id", "public"."Role"."name", "public"."Role"."description", "public"."Role"."isSystem", "public"."Role"."createdAt" FROM "public"."Role" WHERE "public"."Role"."id" IN ($1) OFFSET $2

      at Object.zc (../../node_modules/@prisma/internals/src/logger.ts:13:11)

  console.log
    prisma:query SELECT "public"."RolePermission"."roleId", "public"."RolePermission"."permissionId" FROM "public"."RolePermission" WHERE "public"."RolePermission"."roleId" IN ($1) OFFSET $2

      at Object.zc (../../node_modules/@prisma/internals/src/logger.ts:13:11)

  console.log
    prisma:query SELECT "public"."Permission"."id", "public"."Permission"."key", "public"."Permission"."description", "public"."Permission"."category", "public"."Permission"."createdAt" FROM "public"."Permission" WHERE "public"."Permission"."id" IN ($1,$2) OFFSET $3

      at Object.zc (../../node_modules/@prisma/internals/src/logger.ts:13:11)

  console.log
    prisma:query SELECT "public"."User"."id", "public"."User"."email", "public"."User"."password", "public"."User"."name", "public"."User"."nickname", "public"."User"."bio", "public"."User"."age", "public"."User"."gender"::text, "public"."User"."phoneNumber", "public"."User"."address", "public"."User"."status"::text, "public"."User"."statusReason", "public"."User"."preferences", "public"."User"."googleId", "public"."User"."avatarUrl", "public"."User"."createdAt", "public"."User"."updatedAt", "public"."User"."avatarImageId", "public"."User"."deletedAt" FROM "public"."User" WHERE ("public"."User"."id" = $1 AND 1=1) LIMIT $2 OFFSET $3

      at Object.zc (../../node_modules/@prisma/internals/src/logger.ts:13:11)

  console.log
    prisma:query SELECT "public"."UserRole"."userId", "public"."UserRole"."roleId" FROM "public"."UserRole" WHERE "public"."UserRole"."userId" IN ($1) OFFSET $2

      at Object.zc (../../node_modules/@prisma/internals/src/logger.ts:13:11)

  console.log
    prisma:query SELECT "public"."Role"."id", "public"."Role"."name", "public"."Role"."description", "public"."Role"."isSystem", "public"."Role"."createdAt" FROM "public"."Role" WHERE "public"."Role"."id" IN ($1) OFFSET $2

      at Object.zc (../../node_modules/@prisma/internals/src/logger.ts:13:11)

  console.log
    prisma:query SELECT "public"."RolePermission"."roleId", "public"."RolePermission"."permissionId" FROM "public"."RolePermission" WHERE "public"."RolePermission"."roleId" IN ($1) OFFSET $2

      at Object.zc (../../node_modules/@prisma/internals/src/logger.ts:13:11)

  console.log
    prisma:query SELECT "public"."Permission"."id", "public"."Permission"."key", "public"."Permission"."description", "public"."Permission"."category", "public"."Permission"."createdAt" FROM "public"."Permission" WHERE "public"."Permission"."id" IN ($1,$2) OFFSET $3

      at Object.zc (../../node_modules/@prisma/internals/src/logger.ts:13:11)

  console.log
    prisma:query SELECT "public"."User"."id", "public"."User"."email", "public"."User"."password", "public"."User"."name", "public"."User"."nickname", "public"."User"."bio", "public"."User"."age", "public"."User"."gender"::text, "public"."User"."phoneNumber", "public"."User"."address", "public"."User"."status"::text, "public"."User"."statusReason", "public"."User"."preferences", "public"."User"."googleId", "public"."User"."avatarUrl", "public"."User"."createdAt", "public"."User"."updatedAt", "public"."User"."avatarImageId", "public"."User"."deletedAt" FROM "public"."User" WHERE ("public"."User"."id" = $1 AND 1=1) LIMIT $2 OFFSET $3

      at Object.zc (../../node_modules/@prisma/internals/src/logger.ts:13:11)

  console.log
    prisma:query SELECT "public"."UserRole"."userId", "public"."UserRole"."roleId" FROM "public"."UserRole" WHERE "public"."UserRole"."userId" IN ($1) OFFSET $2

      at Object.zc (../../node_modules/@prisma/internals/src/logger.ts:13:11)

  console.log
    prisma:query SELECT "public"."Role"."id", "public"."Role"."name", "public"."Role"."description", "public"."Role"."isSystem", "public"."Role"."createdAt" FROM "public"."Role" WHERE "public"."Role"."id" IN ($1) OFFSET $2

      at Object.zc (../../node_modules/@prisma/internals/src/logger.ts:13:11)

  console.log
    prisma:query SELECT "public"."RolePermission"."roleId", "public"."RolePermission"."permissionId" FROM "public"."RolePermission" WHERE "public"."RolePermission"."roleId" IN ($1) OFFSET $2

      at Object.zc (../../node_modules/@prisma/internals/src/logger.ts:13:11)

  console.log
    prisma:query SELECT "public"."Permission"."id", "public"."Permission"."key", "public"."Permission"."description", "public"."Permission"."category", "public"."Permission"."createdAt" FROM "public"."Permission" WHERE "public"."Permission"."id" IN ($1,$2) OFFSET $3

      at Object.zc (../../node_modules/@prisma/internals/src/logger.ts:13:11)

2026-01-28 12:27:47 [31merror[39m: HttpError: You do not have permission to perform this action (blog:approve)
    at new HttpError (C:\Users\akash\Documents\Param_Adventures_Phase1\apps\api\src\utils\httpError.js:32:24)
    at C:\Users\akash\Documents\Param_Adventures_Phase1\apps\api\src\middlewares\require-permission.middleware.ts:58:13
2026-01-28 12:27:47 [32minfo[39m: ::ffff:127.0.0.1 - - [28/Jan/2026:06:57:47 +0000] "POST /api/v1/blogs/0775541a-f452-49da-9c10-991c983f0a38/approve HTTP/1.1" 403 171 "-" "-"
  console.log
    prisma:query INSERT INTO "public"."Blog" ("id","title","slug","content","theme","status","authorId","tripId","createdAt","updatedAt") VALUES ($1,$2,$3,$4,$5,CAST($6::text AS "public"."BlogStatus"),$7,$8,$9,$10) RETURNING "public"."Blog"."id", "public"."Blog"."title", "public"."Blog"."slug", "public"."Blog"."excerpt", "public"."Blog"."content", "public"."Blog"."theme", "public"."Blog"."status"::text, "public"."Blog"."authorId", "public"."Blog"."coverImageId", "public"."Blog"."tripId", "public"."Blog"."deletedAt", "public"."Blog"."createdAt", "public"."Blog"."updatedAt"

      at Object.zc (../../node_modules/@prisma/internals/src/logger.ts:13:11)

2026-01-28 12:27:47 [31merror[39m: Failed to check token denylist
  console.log
    prisma:query SELECT "public"."User"."id", "public"."User"."email", "public"."User"."password", "public"."User"."name", "public"."User"."nickname", "public"."User"."bio", "public"."User"."age", "public"."User"."gender"::text, "public"."User"."phoneNumber", "public"."User"."address", "public"."User"."status"::text, "public"."User"."statusReason", "public"."User"."preferences", "public"."User"."googleId", "public"."User"."avatarUrl", "public"."User"."createdAt", "public"."User"."updatedAt", "public"."User"."avatarImageId", "public"."User"."deletedAt" FROM "public"."User" WHERE ("public"."User"."id" = $1 AND 1=1) LIMIT $2 OFFSET $3

      at Object.zc (../../node_modules/@prisma/internals/src/logger.ts:13:11)

  console.log
    prisma:query SELECT "public"."UserRole"."userId", "public"."UserRole"."roleId" FROM "public"."UserRole" WHERE "public"."UserRole"."userId" IN ($1) OFFSET $2

      at Object.zc (../../node_modules/@prisma/internals/src/logger.ts:13:11)

  console.log
    prisma:query SELECT "public"."Role"."id", "public"."Role"."name", "public"."Role"."description", "public"."Role"."isSystem", "public"."Role"."createdAt" FROM "public"."Role" WHERE "public"."Role"."id" IN ($1) OFFSET $2

      at Object.zc (../../node_modules/@prisma/internals/src/logger.ts:13:11)

  console.log
    prisma:query SELECT "public"."RolePermission"."roleId", "public"."RolePermission"."permissionId" FROM "public"."RolePermission" WHERE "public"."RolePermission"."roleId" IN ($1) OFFSET $2

      at Object.zc (../../node_modules/@prisma/internals/src/logger.ts:13:11)

  console.log
    prisma:query SELECT "public"."Permission"."id", "public"."Permission"."key", "public"."Permission"."description", "public"."Permission"."category", "public"."Permission"."createdAt" FROM "public"."Permission" WHERE "public"."Permission"."id" IN ($1,$2,$3,$4) OFFSET $5

      at Object.zc (../../node_modules/@prisma/internals/src/logger.ts:13:11)

  console.log
    prisma:query SELECT "public"."User"."id", "public"."User"."email", "public"."User"."password", "public"."User"."name", "public"."User"."nickname", "public"."User"."bio", "public"."User"."age", "public"."User"."gender"::text, "public"."User"."phoneNumber", "public"."User"."address", "public"."User"."status"::text, "public"."User"."statusReason", "public"."User"."preferences", "public"."User"."googleId", "public"."User"."avatarUrl", "public"."User"."createdAt", "public"."User"."updatedAt", "public"."User"."avatarImageId", "public"."User"."deletedAt" FROM "public"."User" WHERE ("public"."User"."id" = $1 AND 1=1) LIMIT $2 OFFSET $3

      at Object.zc (../../node_modules/@prisma/internals/src/logger.ts:13:11)

  console.log
    prisma:query SELECT "public"."UserRole"."userId", "public"."UserRole"."roleId" FROM "public"."UserRole" WHERE "public"."UserRole"."userId" IN ($1) OFFSET $2

      at Object.zc (../../node_modules/@prisma/internals/src/logger.ts:13:11)

  console.log
    prisma:query SELECT "public"."Role"."id", "public"."Role"."name", "public"."Role"."description", "public"."Role"."isSystem", "public"."Role"."createdAt" FROM "public"."Role" WHERE "public"."Role"."id" IN ($1) OFFSET $2

      at Object.zc (../../node_modules/@prisma/internals/src/logger.ts:13:11)

  console.log
    prisma:query SELECT "public"."RolePermission"."roleId", "public"."RolePermission"."permissionId" FROM "public"."RolePermission" WHERE "public"."RolePermission"."roleId" IN ($1) OFFSET $2

      at Object.zc (../../node_modules/@prisma/internals/src/logger.ts:13:11)

  console.log
    prisma:query SELECT "public"."Permission"."id", "public"."Permission"."key", "public"."Permission"."description", "public"."Permission"."category", "public"."Permission"."createdAt" FROM "public"."Permission" WHERE "public"."Permission"."id" IN ($1,$2,$3,$4) OFFSET $5

      at Object.zc (../../node_modules/@prisma/internals/src/logger.ts:13:11)

  console.log
    prisma:query SELECT "public"."Blog"."id", "public"."Blog"."title", "public"."Blog"."slug", "public"."Blog"."excerpt", "public"."Blog"."content", "public"."Blog"."theme", "public"."Blog"."status"::text, "public"."Blog"."authorId", "public"."Blog"."coverImageId", "public"."Blog"."tripId", "public"."Blog"."deletedAt", "public"."Blog"."createdAt", "public"."Blog"."updatedAt" FROM "public"."Blog" WHERE ("public"."Blog"."id" = $1 AND 1=1) LIMIT $2 OFFSET $3

      at Object.zc (../../node_modules/@prisma/internals/src/logger.ts:13:11)

  console.log
    prisma:query UPDATE "public"."Blog" SET "status" = CAST($1::text AS "public"."BlogStatus"), "updatedAt" = $2 WHERE ("public"."Blog"."id" = $3 AND 1=1) RETURNING "public"."Blog"."id", "public"."Blog"."title", "public"."Blog"."slug", "public"."Blog"."excerpt", "public"."Blog"."content", "public"."Blog"."theme", "public"."Blog"."status"::text, "public"."Blog"."authorId", "public"."Blog"."coverImageId", "public"."Blog"."tripId", "public"."Blog"."deletedAt", "public"."Blog"."createdAt", "public"."Blog"."updatedAt"

      at Object.zc (../../node_modules/@prisma/internals/src/logger.ts:13:11)

  console.log
    prisma:query INSERT INTO "public"."AuditLog" ("id","actorId","action","targetType","targetId","metadata","createdAt") VALUES ($1,$2,CAST($3::text AS "public"."AuditAction"),$4,$5,$6,$7) RETURNING "public"."AuditLog"."id", "public"."AuditLog"."actorId", "public"."AuditLog"."action"::text, "public"."AuditLog"."targetType", "public"."AuditLog"."targetId", "public"."AuditLog"."metadata", "public"."AuditLog"."createdAt"

      at Object.zc (../../node_modules/@prisma/internals/src/logger.ts:13:11)

2026-01-28 12:27:47 [32minfo[39m: ::ffff:127.0.0.1 - - [28/Jan/2026:06:57:47 +0000] "POST /api/v1/blogs/1f3406e2-6d49-49f7-af3f-89a1264c2178/reject HTTP/1.1" 200 494 "-" "-"
  console.log
    prisma:query INSERT INTO "public"."Blog" ("id","title","slug","content","theme","status","authorId","tripId","createdAt","updatedAt") VALUES ($1,$2,$3,$4,$5,CAST($6::text AS "public"."BlogStatus"),$7,$8,$9,$10) RETURNING "public"."Blog"."id", "public"."Blog"."title", "public"."Blog"."slug", "public"."Blog"."excerpt", "public"."Blog"."content", "public"."Blog"."theme", "public"."Blog"."status"::text, "public"."Blog"."authorId", "public"."Blog"."coverImageId", "public"."Blog"."tripId", "public"."Blog"."deletedAt", "public"."Blog"."createdAt", "public"."Blog"."updatedAt"

      at Object.zc (../../node_modules/@prisma/internals/src/logger.ts:13:11)

2026-01-28 12:27:47 [31merror[39m: Failed to check token denylist
  console.log
    prisma:query SELECT "public"."User"."id", "public"."User"."email", "public"."User"."password", "public"."User"."name", "public"."User"."nickname", "public"."User"."bio", "public"."User"."age", "public"."User"."gender"::text, "public"."User"."phoneNumber", "public"."User"."address", "public"."User"."status"::text, "public"."User"."statusReason", "public"."User"."preferences", "public"."User"."googleId", "public"."User"."avatarUrl", "public"."User"."createdAt", "public"."User"."updatedAt", "public"."User"."avatarImageId", "public"."User"."deletedAt" FROM "public"."User" WHERE ("public"."User"."id" = $1 AND 1=1) LIMIT $2 OFFSET $3

      at Object.zc (../../node_modules/@prisma/internals/src/logger.ts:13:11)

  console.log
    prisma:query SELECT "public"."UserRole"."userId", "public"."UserRole"."roleId" FROM "public"."UserRole" WHERE "public"."UserRole"."userId" IN ($1) OFFSET $2

      at Object.zc (../../node_modules/@prisma/internals/src/logger.ts:13:11)

  console.log
    prisma:query SELECT "public"."Role"."id", "public"."Role"."name", "public"."Role"."description", "public"."Role"."isSystem", "public"."Role"."createdAt" FROM "public"."Role" WHERE "public"."Role"."id" IN ($1) OFFSET $2

      at Object.zc (../../node_modules/@prisma/internals/src/logger.ts:13:11)

  console.log
    prisma:query SELECT "public"."RolePermission"."roleId", "public"."RolePermission"."permissionId" FROM "public"."RolePermission" WHERE "public"."RolePermission"."roleId" IN ($1) OFFSET $2

      at Object.zc (../../node_modules/@prisma/internals/src/logger.ts:13:11)

  console.log
    prisma:query SELECT "public"."Permission"."id", "public"."Permission"."key", "public"."Permission"."description", "public"."Permission"."category", "public"."Permission"."createdAt" FROM "public"."Permission" WHERE "public"."Permission"."id" IN ($1,$2) OFFSET $3

      at Object.zc (../../node_modules/@prisma/internals/src/logger.ts:13:11)

  console.log
    prisma:query SELECT "public"."User"."id", "public"."User"."email", "public"."User"."password", "public"."User"."name", "public"."User"."nickname", "public"."User"."bio", "public"."User"."age", "public"."User"."gender"::text, "public"."User"."phoneNumber", "public"."User"."address", "public"."User"."status"::text, "public"."User"."statusReason", "public"."User"."preferences", "public"."User"."googleId", "public"."User"."avatarUrl", "public"."User"."createdAt", "public"."User"."updatedAt", "public"."User"."avatarImageId", "public"."User"."deletedAt" FROM "public"."User" WHERE ("public"."User"."id" = $1 AND 1=1) LIMIT $2 OFFSET $3

      at Object.zc (../../node_modules/@prisma/internals/src/logger.ts:13:11)

  console.log
    prisma:query SELECT "public"."UserRole"."userId", "public"."UserRole"."roleId" FROM "public"."UserRole" WHERE "public"."UserRole"."userId" IN ($1) OFFSET $2

      at Object.zc (../../node_modules/@prisma/internals/src/logger.ts:13:11)

  console.log
    prisma:query SELECT "public"."Role"."id", "public"."Role"."name", "public"."Role"."description", "public"."Role"."isSystem", "public"."Role"."createdAt" FROM "public"."Role" WHERE "public"."Role"."id" IN ($1) OFFSET $2

      at Object.zc (../../node_modules/@prisma/internals/src/logger.ts:13:11)

  console.log
    prisma:query SELECT "public"."RolePermission"."roleId", "public"."RolePermission"."permissionId" FROM "public"."RolePermission" WHERE "public"."RolePermission"."roleId" IN ($1) OFFSET $2

      at Object.zc (../../node_modules/@prisma/internals/src/logger.ts:13:11)

  console.log
    prisma:query SELECT "public"."Permission"."id", "public"."Permission"."key", "public"."Permission"."description", "public"."Permission"."category", "public"."Permission"."createdAt" FROM "public"."Permission" WHERE "public"."Permission"."id" IN ($1,$2) OFFSET $3

      at Object.zc (../../node_modules/@prisma/internals/src/logger.ts:13:11)

  console.log
    prisma:query SELECT "public"."User"."id", "public"."User"."email", "public"."User"."password", "public"."User"."name", "public"."User"."nickname", "public"."User"."bio", "public"."User"."age", "public"."User"."gender"::text, "public"."User"."phoneNumber", "public"."User"."address", "public"."User"."status"::text, "public"."User"."statusReason", "public"."User"."preferences", "public"."User"."googleId", "public"."User"."avatarUrl", "public"."User"."createdAt", "public"."User"."updatedAt", "public"."User"."avatarImageId", "public"."User"."deletedAt" FROM "public"."User" WHERE ("public"."User"."id" = $1 AND 1=1) LIMIT $2 OFFSET $3

      at Object.zc (../../node_modules/@prisma/internals/src/logger.ts:13:11)

  console.log
    prisma:query SELECT "public"."UserRole"."userId", "public"."UserRole"."roleId" FROM "public"."UserRole" WHERE "public"."UserRole"."userId" IN ($1) OFFSET $2

      at Object.zc (../../node_modules/@prisma/internals/src/logger.ts:13:11)

  console.log
    prisma:query SELECT "public"."Role"."id", "public"."Role"."name", "public"."Role"."description", "public"."Role"."isSystem", "public"."Role"."createdAt" FROM "public"."Role" WHERE "public"."Role"."id" IN ($1) OFFSET $2

      at Object.zc (../../node_modules/@prisma/internals/src/logger.ts:13:11)

  console.log
    prisma:query SELECT "public"."RolePermission"."roleId", "public"."RolePermission"."permissionId" FROM "public"."RolePermission" WHERE "public"."RolePermission"."roleId" IN ($1) OFFSET $2

      at Object.zc (../../node_modules/@prisma/internals/src/logger.ts:13:11)

  console.log
    prisma:query SELECT "public"."Permission"."id", "public"."Permission"."key", "public"."Permission"."description", "public"."Permission"."category", "public"."Permission"."createdAt" FROM "public"."Permission" WHERE "public"."Permission"."id" IN ($1,$2) OFFSET $3

      at Object.zc (../../node_modules/@prisma/internals/src/logger.ts:13:11)

2026-01-28 12:27:47 [31merror[39m: HttpError: You do not have permission to perform this action (blog:reject)
    at new HttpError (C:\Users\akash\Documents\Param_Adventures_Phase1\apps\api\src\utils\httpError.js:32:24)
    at C:\Users\akash\Documents\Param_Adventures_Phase1\apps\api\src\middlewares\require-permission.middleware.ts:58:13
2026-01-28 12:27:47 [32minfo[39m: ::ffff:127.0.0.1 - - [28/Jan/2026:06:57:47 +0000] "POST /api/v1/blogs/efb0809d-c35a-4b16-975a-5003fea401f7/reject HTTP/1.1" 403 170 "-" "-"
2026-01-28 12:27:47 [31merror[39m: Failed to check token denylist
  console.log
    prisma:query SELECT "public"."User"."id", "public"."User"."email", "public"."User"."password", "public"."User"."name", "public"."User"."nickname", "public"."User"."bio", "public"."User"."age", "public"."User"."gender"::text, "public"."User"."phoneNumber", "public"."User"."address", "public"."User"."status"::text, "public"."User"."statusReason", "public"."User"."preferences", "public"."User"."googleId", "public"."User"."avatarUrl", "public"."User"."createdAt", "public"."User"."updatedAt", "public"."User"."avatarImageId", "public"."User"."deletedAt" FROM "public"."User" WHERE ("public"."User"."id" = $1 AND 1=1) LIMIT $2 OFFSET $3

      at Object.zc (../../node_modules/@prisma/internals/src/logger.ts:13:11)

  console.log
    prisma:query SELECT "public"."UserRole"."userId", "public"."UserRole"."roleId" FROM "public"."UserRole" WHERE "public"."UserRole"."userId" IN ($1) OFFSET $2

      at Object.zc (../../node_modules/@prisma/internals/src/logger.ts:13:11)

  console.log
    prisma:query SELECT "public"."Role"."id", "public"."Role"."name", "public"."Role"."description", "public"."Role"."isSystem", "public"."Role"."createdAt" FROM "public"."Role" WHERE "public"."Role"."id" IN ($1) OFFSET $2

      at Object.zc (../../node_modules/@prisma/internals/src/logger.ts:13:11)

  console.log
    prisma:query SELECT "public"."RolePermission"."roleId", "public"."RolePermission"."permissionId" FROM "public"."RolePermission" WHERE "public"."RolePermission"."roleId" IN ($1) OFFSET $2

      at Object.zc (../../node_modules/@prisma/internals/src/logger.ts:13:11)

  console.log
    prisma:query SELECT "public"."Permission"."id", "public"."Permission"."key", "public"."Permission"."description", "public"."Permission"."category", "public"."Permission"."createdAt" FROM "public"."Permission" WHERE "public"."Permission"."id" IN ($1,$2) OFFSET $3

      at Object.zc (../../node_modules/@prisma/internals/src/logger.ts:13:11)

  console.log
    prisma:query SELECT "public"."User"."id", "public"."User"."email", "public"."User"."password", "public"."User"."name", "public"."User"."nickname", "public"."User"."bio", "public"."User"."age", "public"."User"."gender"::text, "public"."User"."phoneNumber", "public"."User"."address", "public"."User"."status"::text, "public"."User"."statusReason", "public"."User"."preferences", "public"."User"."googleId", "public"."User"."avatarUrl", "public"."User"."createdAt", "public"."User"."updatedAt", "public"."User"."avatarImageId", "public"."User"."deletedAt" FROM "public"."User" WHERE ("public"."User"."id" = $1 AND 1=1) LIMIT $2 OFFSET $3

      at Object.zc (../../node_modules/@prisma/internals/src/logger.ts:13:11)

  console.log
    prisma:query SELECT "public"."UserRole"."userId", "public"."UserRole"."roleId" FROM "public"."UserRole" WHERE "public"."UserRole"."userId" IN ($1) OFFSET $2

      at Object.zc (../../node_modules/@prisma/internals/src/logger.ts:13:11)

  console.log
    prisma:query SELECT "public"."Role"."id", "public"."Role"."name", "public"."Role"."description", "public"."Role"."isSystem", "public"."Role"."createdAt" FROM "public"."Role" WHERE "public"."Role"."id" IN ($1) OFFSET $2

      at Object.zc (../../node_modules/@prisma/internals/src/logger.ts:13:11)

  console.log
    prisma:query SELECT "public"."RolePermission"."roleId", "public"."RolePermission"."permissionId" FROM "public"."RolePermission" WHERE "public"."RolePermission"."roleId" IN ($1) OFFSET $2

      at Object.zc (../../node_modules/@prisma/internals/src/logger.ts:13:11)

  console.log
    prisma:query SELECT "public"."Permission"."id", "public"."Permission"."key", "public"."Permission"."description", "public"."Permission"."category", "public"."Permission"."createdAt" FROM "public"."Permission" WHERE "public"."Permission"."id" IN ($1,$2) OFFSET $3

      at Object.zc (../../node_modules/@prisma/internals/src/logger.ts:13:11)

  console.log
    prisma:query SELECT "public"."Blog"."id", "public"."Blog"."title", "public"."Blog"."slug", "public"."Blog"."excerpt", "public"."Blog"."content", "public"."Blog"."theme", "public"."Blog"."status"::text, "public"."Blog"."authorId", "public"."Blog"."coverImageId", "public"."Blog"."tripId", "public"."Blog"."deletedAt", "public"."Blog"."createdAt", "public"."Blog"."updatedAt" FROM "public"."Blog" WHERE ("public"."Blog"."id" = $1 AND 1=1) LIMIT $2 OFFSET $3

      at Object.zc (../../node_modules/@prisma/internals/src/logger.ts:13:11)

  console.log
    prisma:query UPDATE "public"."Blog" SET "status" = CAST($1::text AS "public"."BlogStatus"), "updatedAt" = $2 WHERE ("public"."Blog"."id" = $3 AND 1=1) RETURNING "public"."Blog"."id", "public"."Blog"."title", "public"."Blog"."slug", "public"."Blog"."excerpt", "public"."Blog"."content", "public"."Blog"."theme", "public"."Blog"."status"::text, "public"."Blog"."authorId", "public"."Blog"."coverImageId", "public"."Blog"."tripId", "public"."Blog"."deletedAt", "public"."Blog"."createdAt", "public"."Blog"."updatedAt"

      at Object.zc (../../node_modules/@prisma/internals/src/logger.ts:13:11)

  console.log
    prisma:query INSERT INTO "public"."AuditLog" ("id","actorId","action","targetType","targetId","metadata","createdAt") VALUES ($1,$2,CAST($3::text AS "public"."AuditAction"),$4,$5,$6,$7) RETURNING "public"."AuditLog"."id", "public"."AuditLog"."actorId", "public"."AuditLog"."action"::text, "public"."AuditLog"."targetType", "public"."AuditLog"."targetId", "public"."AuditLog"."metadata", "public"."AuditLog"."createdAt"

      at Object.zc (../../node_modules/@prisma/internals/src/logger.ts:13:11)

2026-01-28 12:27:47 [32minfo[39m: ::ffff:127.0.0.1 - - [28/Jan/2026:06:57:47 +0000] "POST /api/v1/blogs/fd1132e6-8a15-4607-afe2-f6ca0255392b/publish HTTP/1.1" 200 517 "-" "-"
2026-01-28 12:27:47 [32minfo[39m: ::ffff:127.0.0.1 - - [28/Jan/2026:06:57:47 +0000] "POST /api/v1/blogs/fd1132e6-8a15-4607-afe2-f6ca0255392b/publish HTTP/1.1" 401 25 "-" "-"
2026-01-28 12:27:47 [31merror[39m: Failed to check token denylist
  console.log
    prisma:query SELECT "public"."User"."id", "public"."User"."email", "public"."User"."password", "public"."User"."name", "public"."User"."nickname", "public"."User"."bio", "public"."User"."age", "public"."User"."gender"::text, "public"."User"."phoneNumber", "public"."User"."address", "public"."User"."status"::text, "public"."User"."statusReason", "public"."User"."preferences", "public"."User"."googleId", "public"."User"."avatarUrl", "public"."User"."createdAt", "public"."User"."updatedAt", "public"."User"."avatarImageId", "public"."User"."deletedAt" FROM "public"."User" WHERE ("public"."User"."id" = $1 AND 1=1) LIMIT $2 OFFSET $3

      at Object.zc (../../node_modules/@prisma/internals/src/logger.ts:13:11)

  console.log
    prisma:query SELECT "public"."UserRole"."userId", "public"."UserRole"."roleId" FROM "public"."UserRole" WHERE "public"."UserRole"."userId" IN ($1) OFFSET $2

      at Object.zc (../../node_modules/@prisma/internals/src/logger.ts:13:11)

  console.log
    prisma:query SELECT "public"."Role"."id", "public"."Role"."name", "public"."Role"."description", "public"."Role"."isSystem", "public"."Role"."createdAt" FROM "public"."Role" WHERE "public"."Role"."id" IN ($1) OFFSET $2

      at Object.zc (../../node_modules/@prisma/internals/src/logger.ts:13:11)

  console.log
    prisma:query SELECT "public"."RolePermission"."roleId", "public"."RolePermission"."permissionId" FROM "public"."RolePermission" WHERE "public"."RolePermission"."roleId" IN ($1) OFFSET $2

      at Object.zc (../../node_modules/@prisma/internals/src/logger.ts:13:11)

  console.log
    prisma:query SELECT "public"."Permission"."id", "public"."Permission"."key", "public"."Permission"."description", "public"."Permission"."category", "public"."Permission"."createdAt" FROM "public"."Permission" WHERE "public"."Permission"."id" IN ($1,$2,$3,$4) OFFSET $5

      at Object.zc (../../node_modules/@prisma/internals/src/logger.ts:13:11)

  console.log
    prisma:query SELECT "public"."User"."id", "public"."User"."email", "public"."User"."password", "public"."User"."name", "public"."User"."nickname", "public"."User"."bio", "public"."User"."age", "public"."User"."gender"::text, "public"."User"."phoneNumber", "public"."User"."address", "public"."User"."status"::text, "public"."User"."statusReason", "public"."User"."preferences", "public"."User"."googleId", "public"."User"."avatarUrl", "public"."User"."createdAt", "public"."User"."updatedAt", "public"."User"."avatarImageId", "public"."User"."deletedAt" FROM "public"."User" WHERE ("public"."User"."id" = $1 AND 1=1) LIMIT $2 OFFSET $3

      at Object.zc (../../node_modules/@prisma/internals/src/logger.ts:13:11)

  console.log
    prisma:query SELECT "public"."UserRole"."userId", "public"."UserRole"."roleId" FROM "public"."UserRole" WHERE "public"."UserRole"."userId" IN ($1) OFFSET $2

      at Object.zc (../../node_modules/@prisma/internals/src/logger.ts:13:11)

  console.log
    prisma:query SELECT "public"."Role"."id", "public"."Role"."name", "public"."Role"."description", "public"."Role"."isSystem", "public"."Role"."createdAt" FROM "public"."Role" WHERE "public"."Role"."id" IN ($1) OFFSET $2

      at Object.zc (../../node_modules/@prisma/internals/src/logger.ts:13:11)

  console.log
    prisma:query SELECT "public"."RolePermission"."roleId", "public"."RolePermission"."permissionId" FROM "public"."RolePermission" WHERE "public"."RolePermission"."roleId" IN ($1) OFFSET $2

      at Object.zc (../../node_modules/@prisma/internals/src/logger.ts:13:11)

  console.log
    prisma:query SELECT "public"."Permission"."id", "public"."Permission"."key", "public"."Permission"."description", "public"."Permission"."category", "public"."Permission"."createdAt" FROM "public"."Permission" WHERE "public"."Permission"."id" IN ($1,$2,$3,$4) OFFSET $5

      at Object.zc (../../node_modules/@prisma/internals/src/logger.ts:13:11)

  console.log
    prisma:query SELECT "public"."Blog"."id", "public"."Blog"."title", "public"."Blog"."slug", "public"."Blog"."excerpt", "public"."Blog"."content", "public"."Blog"."theme", "public"."Blog"."status"::text, "public"."Blog"."authorId", "public"."Blog"."coverImageId", "public"."Blog"."tripId", "public"."Blog"."deletedAt", "public"."Blog"."createdAt", "public"."Blog"."updatedAt" FROM "public"."Blog" WHERE ("public"."Blog"."id" = $1 AND 1=1) LIMIT $2 OFFSET $3

      at Object.zc (../../node_modules/@prisma/internals/src/logger.ts:13:11)

  console.log
    prisma:query SELECT "public"."User"."id", "public"."User"."name", "public"."User"."email" FROM "public"."User" WHERE "public"."User"."id" IN ($1) OFFSET $2

      at Object.zc (../../node_modules/@prisma/internals/src/logger.ts:13:11)

  console.log
    prisma:query SELECT "public"."Trip"."id", "public"."Trip"."title", "public"."Trip"."slug" FROM "public"."Trip" WHERE "public"."Trip"."id" IN ($1) OFFSET $2

      at Object.zc (../../node_modules/@prisma/internals/src/logger.ts:13:11)

2026-01-28 12:27:47 [32minfo[39m: ::ffff:127.0.0.1 - - [28/Jan/2026:06:57:47 +0000] "GET /api/v1/blogs/fd1132e6-8a15-4607-afe2-f6ca0255392b HTTP/1.1" 200 748 "-" "-"
2026-01-28 12:27:47 [32minfo[39m: ::ffff:127.0.0.1 - - [28/Jan/2026:06:57:47 +0000] "GET /api/v1/blogs/fd1132e6-8a15-4607-afe2-f6ca0255392b HTTP/1.1" 401 25 "-" "-"
2026-01-28 12:27:47 [31merror[39m: Failed to check token denylist
  console.log
    prisma:query SELECT "public"."User"."id", "public"."User"."email", "public"."User"."password", "public"."User"."name", "public"."User"."nickname", "public"."User"."bio", "public"."User"."age", "public"."User"."gender"::text, "public"."User"."phoneNumber", "public"."User"."address", "public"."User"."status"::text, "public"."User"."statusReason", "public"."User"."preferences", "public"."User"."googleId", "public"."User"."avatarUrl", "public"."User"."createdAt", "public"."User"."updatedAt", "public"."User"."avatarImageId", "public"."User"."deletedAt" FROM "public"."User" WHERE ("public"."User"."id" = $1 AND 1=1) LIMIT $2 OFFSET $3

      at Object.zc (../../node_modules/@prisma/internals/src/logger.ts:13:11)

  console.log
    prisma:query SELECT "public"."UserRole"."userId", "public"."UserRole"."roleId" FROM "public"."UserRole" WHERE "public"."UserRole"."userId" IN ($1) OFFSET $2

      at Object.zc (../../node_modules/@prisma/internals/src/logger.ts:13:11)

  console.log
    prisma:query SELECT "public"."Role"."id", "public"."Role"."name", "public"."Role"."description", "public"."Role"."isSystem", "public"."Role"."createdAt" FROM "public"."Role" WHERE "public"."Role"."id" IN ($1) OFFSET $2

      at Object.zc (../../node_modules/@prisma/internals/src/logger.ts:13:11)

  console.log
    prisma:query SELECT "public"."RolePermission"."roleId", "public"."RolePermission"."permissionId" FROM "public"."RolePermission" WHERE "public"."RolePermission"."roleId" IN ($1) OFFSET $2

      at Object.zc (../../node_modules/@prisma/internals/src/logger.ts:13:11)

  console.log
    prisma:query SELECT "public"."Permission"."id", "public"."Permission"."key", "public"."Permission"."description", "public"."Permission"."category", "public"."Permission"."createdAt" FROM "public"."Permission" WHERE "public"."Permission"."id" IN ($1,$2,$3,$4) OFFSET $5

      at Object.zc (../../node_modules/@prisma/internals/src/logger.ts:13:11)

  console.log
    prisma:query SELECT "public"."User"."id", "public"."User"."email", "public"."User"."password", "public"."User"."name", "public"."User"."nickname", "public"."User"."bio", "public"."User"."age", "public"."User"."gender"::text, "public"."User"."phoneNumber", "public"."User"."address", "public"."User"."status"::text, "public"."User"."statusReason", "public"."User"."preferences", "public"."User"."googleId", "public"."User"."avatarUrl", "public"."User"."createdAt", "public"."User"."updatedAt", "public"."User"."avatarImageId", "public"."User"."deletedAt" FROM "public"."User" WHERE ("public"."User"."id" = $1 AND 1=1) LIMIT $2 OFFSET $3

      at Object.zc (../../node_modules/@prisma/internals/src/logger.ts:13:11)

  console.log
    prisma:query SELECT "public"."UserRole"."userId", "public"."UserRole"."roleId" FROM "public"."UserRole" WHERE "public"."UserRole"."userId" IN ($1) OFFSET $2

      at Object.zc (../../node_modules/@prisma/internals/src/logger.ts:13:11)

  console.log
    prisma:query SELECT "public"."Role"."id", "public"."Role"."name", "public"."Role"."description", "public"."Role"."isSystem", "public"."Role"."createdAt" FROM "public"."Role" WHERE "public"."Role"."id" IN ($1) OFFSET $2

      at Object.zc (../../node_modules/@prisma/internals/src/logger.ts:13:11)

  console.log
    prisma:query SELECT "public"."RolePermission"."roleId", "public"."RolePermission"."permissionId" FROM "public"."RolePermission" WHERE "public"."RolePermission"."roleId" IN ($1) OFFSET $2

      at Object.zc (../../node_modules/@prisma/internals/src/logger.ts:13:11)

  console.log
    prisma:query SELECT "public"."Permission"."id", "public"."Permission"."key", "public"."Permission"."description", "public"."Permission"."category", "public"."Permission"."createdAt" FROM "public"."Permission" WHERE "public"."Permission"."id" IN ($1,$2,$3,$4) OFFSET $5

      at Object.zc (../../node_modules/@prisma/internals/src/logger.ts:13:11)

  console.log
    prisma:query SELECT "public"."Blog"."id", "public"."Blog"."title", "public"."Blog"."slug", "public"."Blog"."excerpt", "public"."Blog"."content", "public"."Blog"."theme", "public"."Blog"."status"::text, "public"."Blog"."authorId", "public"."Blog"."coverImageId", "public"."Blog"."tripId", "public"."Blog"."deletedAt", "public"."Blog"."createdAt", "public"."Blog"."updatedAt" FROM "public"."Blog" WHERE ("public"."Blog"."id" = $1 AND 1=1) LIMIT $2 OFFSET $3

      at Object.zc (../../node_modules/@prisma/internals/src/logger.ts:13:11)

2026-01-28 12:27:48 [31merror[39m: HttpError: Blog not found
    at new HttpError (C:\Users\akash\Documents\Param_Adventures_Phase1\apps\api\src\utils\httpError.js:32:24)
    at C:\Users\akash\Documents\Param_Adventures_Phase1\apps\api\src\controllers\blogs\getBlogById.controller.ts:37:11
2026-01-28 12:27:48 [32minfo[39m: ::ffff:127.0.0.1 - - [28/Jan/2026:06:57:48 +0000] "GET /api/v1/blogs/non-existent-id-789 HTTP/1.1" 404 121 "-" "-"
PASS tests/integration/blogs.test.ts (5.502 s)
  Blog Endpoints
    POST /blogs - Create blog
      ΓêÜ creates a blog with valid auth and completed trip (77 ms)
      ΓêÜ returns 401 when not authenticated (21 ms)
      ΓêÜ returns 400 when tripId is missing (36 ms)
      ΓêÜ returns 403 when user has not completed the trip (39 ms)
    GET /blogs/public - Get public blogs
      ΓêÜ returns published blogs without authentication (33 ms)
      ΓêÜ filters and returns only PUBLISHED blogs (24 ms)
    GET /blogs/public/:slug - Get blog by slug
      ΓêÜ returns published blog by slug (34 ms)
      ΓêÜ returns 404 for non-existent slug (19 ms)
      ΓêÜ returns 404 for draft blogs (18 ms)
    GET /blogs/my-blogs - Get user's blogs
      ΓêÜ returns blogs authored by authenticated user (31 ms)
      ΓêÜ returns 401 without authentication (10 ms)
    PUT /blogs/:id - Update blog
      ΓêÜ updates blog when user is author (41 ms)
      ΓêÜ returns 401 without authentication (11 ms)
      ΓêÜ returns 404 for non-existent blog (34 ms)
      ΓêÜ returns 404 when user is not the author (32 ms)
    POST /blogs/:id/submit - Submit blog for review
      ΓêÜ submits blog for review when user is author (66 ms)
      ΓêÜ returns 401 without authentication (20 ms)
    POST /blogs/:id/approve - Approve blog (admin)
      ΓêÜ approves blog when user is admin (92 ms)
      ΓêÜ returns 403 when non-admin user tries to approve (92 ms)
    POST /blogs/:id/reject - Reject blog (admin)
      ΓêÜ rejects blog when user is admin (58 ms)
      ΓêÜ returns 403 when non-admin user tries to reject (47 ms)
    POST /blogs/:id/publish - Publish blog
      ΓêÜ publishes approved blog (65 ms)
      ΓêÜ returns 401 without authentication (18 ms)
    GET /blogs/:id - Get blog by ID
      ΓêÜ returns blog when user has permission (39 ms)
      ΓêÜ returns 401 without authentication (14 ms)
      ΓêÜ returns 404 for non-existent blog (38 ms)

warn The configuration property `package.json#prisma` is deprecated and will be removed in Prisma 7. Please migrate to a Prisma config file (e.g., 
`prisma.config.ts`).
For more information, see: https://pris.ly/prisma-config

Loaded Prisma config from prisma.config.ts.

warn The Prisma config file in prisma.config.ts overrides the deprecated `package.json#prisma` property in package.json.
  For more information, see: https://pris.ly/prisma-config

Prisma config detected, skipping environment variable loading.
Prisma schema loaded from prisma\schema.prisma
Datasource "db": PostgreSQL database "param_adventures", schema "public" at "localhost:5433"

57 migrations found in prisma/migrations


No pending migrations to apply.
  console.log
    Sentry Disabled (No DSN)

      at Object.<anonymous> (src/instrument.ts:7:11)

  console.log
    Param Adventures API: Sentry Instrumented ≡ƒö¡

      at Object.<anonymous> (src/instrument.ts:20:9)

2026-01-28 12:27:51 [33mwarn[39m: Google OAuth credentials missing. Social login disabled.
  console.log
    --> Backend Initialized (v1.2.0) - Restore Route Active <--

      at Object.<anonymous> (src/app.ts:52:9)

  console.log
    prisma:info Starting a postgresql pool with 25 connections.

      at Object.zc (../../node_modules/@prisma/internals/src/logger.ts:13:11)

  console.log
    prisma:query DELETE FROM "public"."UserRole" WHERE 1=1

      at Object.zc (../../node_modules/@prisma/internals/src/logger.ts:13:11)

  console.log
    prisma:query DELETE FROM "public"."RolePermission" WHERE 1=1

      at Object.zc (../../node_modules/@prisma/internals/src/logger.ts:13:11)

  console.log
    prisma:query DELETE FROM "public"."User" WHERE 1=1

      at Object.zc (../../node_modules/@prisma/internals/src/logger.ts:13:11)

  console.log
    prisma:error 
    Invalid `prisma.user?.deleteMany()` invocation in
    C:\Users\akash\Documents\Param_Adventures_Phase1\apps\api\tests\integration\admin-operations.test.ts:18:26
    
      15 try {
      16   await prisma.userRole?.deleteMany();
      17   await prisma.rolePermission?.deleteMany();
    ΓåÆ 18   await prisma.user?.deleteMany(
    Foreign key constraint violated on the constraint: `Booking_userId_fkey`

      at Object.zc (../../node_modules/@prisma/internals/src/logger.ts:13:11)

  console.log
    prisma:query BEGIN

      at Object.zc (../../node_modules/@prisma/internals/src/logger.ts:13:11)

  console.log
    prisma:query SELECT "public"."Role"."id" FROM "public"."Role" WHERE ("public"."Role"."name" = $1 AND 1=1) OFFSET $2

      at Object.zc (../../node_modules/@prisma/internals/src/logger.ts:13:11)

  console.log
    prisma:query SELECT "public"."Role"."id", "public"."Role"."name", "public"."Role"."description", "public"."Role"."isSystem", "public"."Role"."createdAt" FROM "public"."Role" WHERE ("public"."Role"."id" = $1 AND ("public"."Role"."name" = $2 AND 1=1)) LIMIT $3 OFFSET $4

      at Object.zc (../../node_modules/@prisma/internals/src/logger.ts:13:11)

  console.log
    prisma:query SELECT "public"."Role"."id", "public"."Role"."name", "public"."Role"."description", "public"."Role"."isSystem", "public"."Role"."createdAt" FROM "public"."Role" WHERE "public"."Role"."id" = $1 LIMIT $2 OFFSET $3

      at Object.zc (../../node_modules/@prisma/internals/src/logger.ts:13:11)

  console.log
    prisma:query COMMIT

      at Object.zc (../../node_modules/@prisma/internals/src/logger.ts:13:11)

  console.log
    prisma:query BEGIN

      at Object.zc (../../node_modules/@prisma/internals/src/logger.ts:13:11)

  console.log
    prisma:query SELECT "public"."Role"."id" FROM "public"."Role" WHERE ("public"."Role"."name" = $1 AND 1=1) OFFSET $2

      at Object.zc (../../node_modules/@prisma/internals/src/logger.ts:13:11)

  console.log
    prisma:query SELECT "public"."Role"."id", "public"."Role"."name", "public"."Role"."description", "public"."Role"."isSystem", "public"."Role"."createdAt" FROM "public"."Role" WHERE ("public"."Role"."id" = $1 AND ("public"."Role"."name" = $2 AND 1=1)) LIMIT $3 OFFSET $4

      at Object.zc (../../node_modules/@prisma/internals/src/logger.ts:13:11)

  console.log
    prisma:query SELECT "public"."Role"."id", "public"."Role"."name", "public"."Role"."description", "public"."Role"."isSystem", "public"."Role"."createdAt" FROM "public"."Role" WHERE "public"."Role"."id" = $1 LIMIT $2 OFFSET $3

      at Object.zc (../../node_modules/@prisma/internals/src/logger.ts:13:11)

  console.log
    prisma:query COMMIT

      at Object.zc (../../node_modules/@prisma/internals/src/logger.ts:13:11)

  console.log
    prisma:query BEGIN

      at Object.zc (../../node_modules/@prisma/internals/src/logger.ts:13:11)

  console.log
    prisma:query SELECT "public"."Permission"."id" FROM "public"."Permission" WHERE ("public"."Permission"."key" = $1 AND 1=1) OFFSET $2

      at Object.zc (../../node_modules/@prisma/internals/src/logger.ts:13:11)

  console.log
    prisma:query INSERT INTO "public"."Permission" ("id","key","description","createdAt") VALUES ($1,$2,$3,$4) RETURNING "public"."Permission"."id"

      at Object.zc (../../node_modules/@prisma/internals/src/logger.ts:13:11)

  console.log
    prisma:query SELECT "public"."Permission"."id", "public"."Permission"."key", "public"."Permission"."description", "public"."Permission"."category", "public"."Permission"."createdAt" FROM "public"."Permission" WHERE "public"."Permission"."id" = $1 LIMIT $2 OFFSET $3

      at Object.zc (../../node_modules/@prisma/internals/src/logger.ts:13:11)

  console.log
    prisma:query COMMIT

      at Object.zc (../../node_modules/@prisma/internals/src/logger.ts:13:11)

  console.log
    prisma:query BEGIN

      at Object.zc (../../node_modules/@prisma/internals/src/logger.ts:13:11)

  console.log
    prisma:query SELECT "public"."RolePermission"."roleId", "public"."RolePermission"."permissionId" FROM "public"."RolePermission" WHERE (("public"."RolePermission"."roleId" = $1 AND "public"."RolePermission"."permissionId" = $2) AND 1=1) OFFSET $3

      at Object.zc (../../node_modules/@prisma/internals/src/logger.ts:13:11)

  console.log
    prisma:query INSERT INTO "public"."RolePermission" ("roleId","permissionId") VALUES ($1,$2) RETURNING "public"."RolePermission"."roleId", "public"."RolePermission"."permissionId"

      at Object.zc (../../node_modules/@prisma/internals/src/logger.ts:13:11)

  console.log
    prisma:query SELECT "public"."RolePermission"."roleId", "public"."RolePermission"."permissionId" FROM "public"."RolePermission" WHERE ("public"."RolePermission"."roleId" = $1 AND "public"."RolePermission"."permissionId" = $2) LIMIT $3 OFFSET $4

      at Object.zc (../../node_modules/@prisma/internals/src/logger.ts:13:11)

  console.log
    prisma:query COMMIT

      at Object.zc (../../node_modules/@prisma/internals/src/logger.ts:13:11)

  console.log
    prisma:query BEGIN

      at Object.zc (../../node_modules/@prisma/internals/src/logger.ts:13:11)

  console.log
    prisma:query SELECT "public"."Permission"."id" FROM "public"."Permission" WHERE ("public"."Permission"."key" = $1 AND 1=1) OFFSET $2

      at Object.zc (../../node_modules/@prisma/internals/src/logger.ts:13:11)

  console.log
    prisma:query INSERT INTO "public"."Permission" ("id","key","description","createdAt") VALUES ($1,$2,$3,$4) RETURNING "public"."Permission"."id"

      at Object.zc (../../node_modules/@prisma/internals/src/logger.ts:13:11)

  console.log
    prisma:query SELECT "public"."Permission"."id", "public"."Permission"."key", "public"."Permission"."description", "public"."Permission"."category", "public"."Permission"."createdAt" FROM "public"."Permission" WHERE "public"."Permission"."id" = $1 LIMIT $2 OFFSET $3

      at Object.zc (../../node_modules/@prisma/internals/src/logger.ts:13:11)

  console.log
    prisma:query COMMIT

      at Object.zc (../../node_modules/@prisma/internals/src/logger.ts:13:11)

  console.log
    prisma:query BEGIN

      at Object.zc (../../node_modules/@prisma/internals/src/logger.ts:13:11)

  console.log
    prisma:query SELECT "public"."RolePermission"."roleId", "public"."RolePermission"."permissionId" FROM "public"."RolePermission" WHERE (("public"."RolePermission"."roleId" = $1 AND "public"."RolePermission"."permissionId" = $2) AND 1=1) OFFSET $3

      at Object.zc (../../node_modules/@prisma/internals/src/logger.ts:13:11)

  console.log
    prisma:query INSERT INTO "public"."RolePermission" ("roleId","permissionId") VALUES ($1,$2) RETURNING "public"."RolePermission"."roleId", "public"."RolePermission"."permissionId"

      at Object.zc (../../node_modules/@prisma/internals/src/logger.ts:13:11)

  console.log
    prisma:query SELECT "public"."RolePermission"."roleId", "public"."RolePermission"."permissionId" FROM "public"."RolePermission" WHERE ("public"."RolePermission"."roleId" = $1 AND "public"."RolePermission"."permissionId" = $2) LIMIT $3 OFFSET $4

      at Object.zc (../../node_modules/@prisma/internals/src/logger.ts:13:11)

  console.log
    prisma:query COMMIT

      at Object.zc (../../node_modules/@prisma/internals/src/logger.ts:13:11)

  console.log
    prisma:query BEGIN

      at Object.zc (../../node_modules/@prisma/internals/src/logger.ts:13:11)

  console.log
    prisma:query SELECT "public"."Permission"."id" FROM "public"."Permission" WHERE ("public"."Permission"."key" = $1 AND 1=1) OFFSET $2

      at Object.zc (../../node_modules/@prisma/internals/src/logger.ts:13:11)

  console.log
    prisma:query INSERT INTO "public"."Permission" ("id","key","description","createdAt") VALUES ($1,$2,$3,$4) RETURNING "public"."Permission"."id"

      at Object.zc (../../node_modules/@prisma/internals/src/logger.ts:13:11)

  console.log
    prisma:query SELECT "public"."Permission"."id", "public"."Permission"."key", "public"."Permission"."description", "public"."Permission"."category", "public"."Permission"."createdAt" FROM "public"."Permission" WHERE "public"."Permission"."id" = $1 LIMIT $2 OFFSET $3

      at Object.zc (../../node_modules/@prisma/internals/src/logger.ts:13:11)

  console.log
    prisma:query COMMIT

      at Object.zc (../../node_modules/@prisma/internals/src/logger.ts:13:11)

  console.log
    prisma:query BEGIN

      at Object.zc (../../node_modules/@prisma/internals/src/logger.ts:13:11)

  console.log
    prisma:query SELECT "public"."RolePermission"."roleId", "public"."RolePermission"."permissionId" FROM "public"."RolePermission" WHERE (("public"."RolePermission"."roleId" = $1 AND "public"."RolePermission"."permissionId" = $2) AND 1=1) OFFSET $3

      at Object.zc (../../node_modules/@prisma/internals/src/logger.ts:13:11)

  console.log
    prisma:query INSERT INTO "public"."RolePermission" ("roleId","permissionId") VALUES ($1,$2) RETURNING "public"."RolePermission"."roleId", "public"."RolePermission"."permissionId"

      at Object.zc (../../node_modules/@prisma/internals/src/logger.ts:13:11)

  console.log
    prisma:query SELECT "public"."RolePermission"."roleId", "public"."RolePermission"."permissionId" FROM "public"."RolePermission" WHERE ("public"."RolePermission"."roleId" = $1 AND "public"."RolePermission"."permissionId" = $2) LIMIT $3 OFFSET $4

      at Object.zc (../../node_modules/@prisma/internals/src/logger.ts:13:11)

  console.log
    prisma:query COMMIT

      at Object.zc (../../node_modules/@prisma/internals/src/logger.ts:13:11)

  console.log
    prisma:query BEGIN

      at Object.zc (../../node_modules/@prisma/internals/src/logger.ts:13:11)

  console.log
    prisma:query SELECT "public"."Permission"."id" FROM "public"."Permission" WHERE ("public"."Permission"."key" = $1 AND 1=1) OFFSET $2

      at Object.zc (../../node_modules/@prisma/internals/src/logger.ts:13:11)

  console.log
    prisma:query INSERT INTO "public"."Permission" ("id","key","description","createdAt") VALUES ($1,$2,$3,$4) RETURNING "public"."Permission"."id"

      at Object.zc (../../node_modules/@prisma/internals/src/logger.ts:13:11)

  console.log
    prisma:query SELECT "public"."Permission"."id", "public"."Permission"."key", "public"."Permission"."description", "public"."Permission"."category", "public"."Permission"."createdAt" FROM "public"."Permission" WHERE "public"."Permission"."id" = $1 LIMIT $2 OFFSET $3

      at Object.zc (../../node_modules/@prisma/internals/src/logger.ts:13:11)

  console.log
    prisma:query COMMIT

      at Object.zc (../../node_modules/@prisma/internals/src/logger.ts:13:11)

  console.log
    prisma:query BEGIN

      at Object.zc (../../node_modules/@prisma/internals/src/logger.ts:13:11)

  console.log
    prisma:query SELECT "public"."RolePermission"."roleId", "public"."RolePermission"."permissionId" FROM "public"."RolePermission" WHERE (("public"."RolePermission"."roleId" = $1 AND "public"."RolePermission"."permissionId" = $2) AND 1=1) OFFSET $3

      at Object.zc (../../node_modules/@prisma/internals/src/logger.ts:13:11)

  console.log
    prisma:query INSERT INTO "public"."RolePermission" ("roleId","permissionId") VALUES ($1,$2) RETURNING "public"."RolePermission"."roleId", "public"."RolePermission"."permissionId"

      at Object.zc (../../node_modules/@prisma/internals/src/logger.ts:13:11)

  console.log
    prisma:query SELECT "public"."RolePermission"."roleId", "public"."RolePermission"."permissionId" FROM "public"."RolePermission" WHERE ("public"."RolePermission"."roleId" = $1 AND "public"."RolePermission"."permissionId" = $2) LIMIT $3 OFFSET $4

      at Object.zc (../../node_modules/@prisma/internals/src/logger.ts:13:11)

  console.log
    prisma:query COMMIT

      at Object.zc (../../node_modules/@prisma/internals/src/logger.ts:13:11)

  console.log
    prisma:query BEGIN

      at Object.zc (../../node_modules/@prisma/internals/src/logger.ts:13:11)

  console.log
    prisma:query SELECT "public"."Permission"."id" FROM "public"."Permission" WHERE ("public"."Permission"."key" = $1 AND 1=1) OFFSET $2

      at Object.zc (../../node_modules/@prisma/internals/src/logger.ts:13:11)

  console.log
    prisma:query INSERT INTO "public"."Permission" ("id","key","description","createdAt") VALUES ($1,$2,$3,$4) RETURNING "public"."Permission"."id"

      at Object.zc (../../node_modules/@prisma/internals/src/logger.ts:13:11)

  console.log
    prisma:query SELECT "public"."Permission"."id", "public"."Permission"."key", "public"."Permission"."description", "public"."Permission"."category", "public"."Permission"."createdAt" FROM "public"."Permission" WHERE "public"."Permission"."id" = $1 LIMIT $2 OFFSET $3

      at Object.zc (../../node_modules/@prisma/internals/src/logger.ts:13:11)

  console.log
    prisma:query COMMIT

      at Object.zc (../../node_modules/@prisma/internals/src/logger.ts:13:11)

  console.log
    prisma:query BEGIN

      at Object.zc (../../node_modules/@prisma/internals/src/logger.ts:13:11)

  console.log
    prisma:query SELECT "public"."RolePermission"."roleId", "public"."RolePermission"."permissionId" FROM "public"."RolePermission" WHERE (("public"."RolePermission"."roleId" = $1 AND "public"."RolePermission"."permissionId" = $2) AND 1=1) OFFSET $3

      at Object.zc (../../node_modules/@prisma/internals/src/logger.ts:13:11)

  console.log
    prisma:query INSERT INTO "public"."RolePermission" ("roleId","permissionId") VALUES ($1,$2) RETURNING "public"."RolePermission"."roleId", "public"."RolePermission"."permissionId"

      at Object.zc (../../node_modules/@prisma/internals/src/logger.ts:13:11)

  console.log
    prisma:query SELECT "public"."RolePermission"."roleId", "public"."RolePermission"."permissionId" FROM "public"."RolePermission" WHERE ("public"."RolePermission"."roleId" = $1 AND "public"."RolePermission"."permissionId" = $2) LIMIT $3 OFFSET $4

      at Object.zc (../../node_modules/@prisma/internals/src/logger.ts:13:11)

  console.log
    prisma:query COMMIT

      at Object.zc (../../node_modules/@prisma/internals/src/logger.ts:13:11)

  console.log
    prisma:query BEGIN

      at Object.zc (../../node_modules/@prisma/internals/src/logger.ts:13:11)

  console.log
    prisma:query SELECT "public"."Permission"."id" FROM "public"."Permission" WHERE ("public"."Permission"."key" = $1 AND 1=1) OFFSET $2

      at Object.zc (../../node_modules/@prisma/internals/src/logger.ts:13:11)

  console.log
    prisma:query INSERT INTO "public"."Permission" ("id","key","description","createdAt") VALUES ($1,$2,$3,$4) RETURNING "public"."Permission"."id"

      at Object.zc (../../node_modules/@prisma/internals/src/logger.ts:13:11)

  console.log
    prisma:query SELECT "public"."Permission"."id", "public"."Permission"."key", "public"."Permission"."description", "public"."Permission"."category", "public"."Permission"."createdAt" FROM "public"."Permission" WHERE "public"."Permission"."id" = $1 LIMIT $2 OFFSET $3

      at Object.zc (../../node_modules/@prisma/internals/src/logger.ts:13:11)

  console.log
    prisma:query COMMIT

      at Object.zc (../../node_modules/@prisma/internals/src/logger.ts:13:11)

  console.log
    prisma:query BEGIN

      at Object.zc (../../node_modules/@prisma/internals/src/logger.ts:13:11)

  console.log
    prisma:query SELECT "public"."RolePermission"."roleId", "public"."RolePermission"."permissionId" FROM "public"."RolePermission" WHERE (("public"."RolePermission"."roleId" = $1 AND "public"."RolePermission"."permissionId" = $2) AND 1=1) OFFSET $3

      at Object.zc (../../node_modules/@prisma/internals/src/logger.ts:13:11)

  console.log
    prisma:query INSERT INTO "public"."RolePermission" ("roleId","permissionId") VALUES ($1,$2) RETURNING "public"."RolePermission"."roleId", "public"."RolePermission"."permissionId"

      at Object.zc (../../node_modules/@prisma/internals/src/logger.ts:13:11)

  console.log
    prisma:query SELECT "public"."RolePermission"."roleId", "public"."RolePermission"."permissionId" FROM "public"."RolePermission" WHERE ("public"."RolePermission"."roleId" = $1 AND "public"."RolePermission"."permissionId" = $2) LIMIT $3 OFFSET $4

      at Object.zc (../../node_modules/@prisma/internals/src/logger.ts:13:11)

  console.log
    prisma:query COMMIT

      at Object.zc (../../node_modules/@prisma/internals/src/logger.ts:13:11)

  console.log
    prisma:query INSERT INTO "public"."User" ("id","email","password","name","status","preferences","createdAt","updatedAt") VALUES ($1,$2,$3,$4,CAST($5::text AS "public"."UserStatus"),$6,$7,$8) RETURNING "public"."User"."id", "public"."User"."email", "public"."User"."password", "public"."User"."name", "public"."User"."nickname", "public"."User"."bio", "public"."User"."age", "public"."User"."gender"::text, "public"."User"."phoneNumber", "public"."User"."address", "public"."User"."status"::text, "public"."User"."statusReason", "public"."User"."preferences", "public"."User"."googleId", "public"."User"."avatarUrl", "public"."User"."createdAt", "public"."User"."updatedAt", "public"."User"."avatarImageId", "public"."User"."deletedAt"

      at Object.zc (../../node_modules/@prisma/internals/src/logger.ts:13:11)

  console.log
    prisma:query INSERT INTO "public"."UserRole" ("userId","roleId") VALUES ($1,$2) RETURNING "public"."UserRole"."userId", "public"."UserRole"."roleId"

      at Object.zc (../../node_modules/@prisma/internals/src/logger.ts:13:11)

  console.log
    prisma:query INSERT INTO "public"."User" ("id","email","password","name","status","preferences","createdAt","updatedAt") VALUES ($1,$2,$3,$4,CAST($5::text AS "public"."UserStatus"),$6,$7,$8) RETURNING "public"."User"."id", "public"."User"."email", "public"."User"."password", "public"."User"."name", "public"."User"."nickname", "public"."User"."bio", "public"."User"."age", "public"."User"."gender"::text, "public"."User"."phoneNumber", "public"."User"."address", "public"."User"."status"::text, "public"."User"."statusReason", "public"."User"."preferences", "public"."User"."googleId", "public"."User"."avatarUrl", "public"."User"."createdAt", "public"."User"."updatedAt", "public"."User"."avatarImageId", "public"."User"."deletedAt"

      at Object.zc (../../node_modules/@prisma/internals/src/logger.ts:13:11)

  console.log
    prisma:query INSERT INTO "public"."UserRole" ("userId","roleId") VALUES ($1,$2) RETURNING "public"."UserRole"."userId", "public"."UserRole"."roleId"

      at Object.zc (../../node_modules/@prisma/internals/src/logger.ts:13:11)

  console.log
    prisma:query INSERT INTO "public"."User" ("id","email","password","name","status","preferences","createdAt","updatedAt") VALUES ($1,$2,$3,$4,CAST($5::text AS "public"."UserStatus"),$6,$7,$8) RETURNING "public"."User"."id", "public"."User"."email", "public"."User"."password", "public"."User"."name", "public"."User"."nickname", "public"."User"."bio", "public"."User"."age", "public"."User"."gender"::text, "public"."User"."phoneNumber", "public"."User"."address", "public"."User"."status"::text, "public"."User"."statusReason", "public"."User"."preferences", "public"."User"."googleId", "public"."User"."avatarUrl", "public"."User"."createdAt", "public"."User"."updatedAt", "public"."User"."avatarImageId", "public"."User"."deletedAt"

      at Object.zc (../../node_modules/@prisma/internals/src/logger.ts:13:11)

  console.log
    prisma:query INSERT INTO "public"."UserRole" ("userId","roleId") VALUES ($1,$2) RETURNING "public"."UserRole"."userId", "public"."UserRole"."roleId"

      at Object.zc (../../node_modules/@prisma/internals/src/logger.ts:13:11)

2026-01-28 12:27:51 [31merror[39m: Failed to check token denylist
  console.log
    prisma:query SELECT "public"."User"."id", "public"."User"."email", "public"."User"."password", "public"."User"."name", "public"."User"."nickname", "public"."User"."bio", "public"."User"."age", "public"."User"."gender"::text, "public"."User"."phoneNumber", "public"."User"."address", "public"."User"."status"::text, "public"."User"."statusReason", "public"."User"."preferences", "public"."User"."googleId", "public"."User"."avatarUrl", "public"."User"."createdAt", "public"."User"."updatedAt", "public"."User"."avatarImageId", "public"."User"."deletedAt" FROM "public"."User" WHERE ("public"."User"."id" = $1 AND 1=1) LIMIT $2 OFFSET $3

      at Object.zc (../../node_modules/@prisma/internals/src/logger.ts:13:11)

  console.log
    prisma:query SELECT "public"."UserRole"."userId", "public"."UserRole"."roleId" FROM "public"."UserRole" WHERE "public"."UserRole"."userId" IN ($1) OFFSET $2

      at Object.zc (../../node_modules/@prisma/internals/src/logger.ts:13:11)

  console.log
    prisma:query SELECT "public"."Role"."id", "public"."Role"."name", "public"."Role"."description", "public"."Role"."isSystem", "public"."Role"."createdAt" FROM "public"."Role" WHERE "public"."Role"."id" IN ($1) OFFSET $2

      at Object.zc (../../node_modules/@prisma/internals/src/logger.ts:13:11)

  console.log
    prisma:query SELECT "public"."RolePermission"."roleId", "public"."RolePermission"."permissionId" FROM "public"."RolePermission" WHERE "public"."RolePermission"."roleId" IN ($1) OFFSET $2

      at Object.zc (../../node_modules/@prisma/internals/src/logger.ts:13:11)

  console.log
    prisma:query SELECT "public"."Permission"."id", "public"."Permission"."key", "public"."Permission"."description", "public"."Permission"."category", "public"."Permission"."createdAt" FROM "public"."Permission" WHERE "public"."Permission"."id" IN ($1,$2,$3,$4,$5,$6) OFFSET $7

      at Object.zc (../../node_modules/@prisma/internals/src/logger.ts:13:11)

  console.log
    prisma:query SELECT "public"."User"."id", "public"."User"."email", "public"."User"."password", "public"."User"."name", "public"."User"."nickname", "public"."User"."bio", "public"."User"."age", "public"."User"."gender"::text, "public"."User"."phoneNumber", "public"."User"."address", "public"."User"."status"::text, "public"."User"."statusReason", "public"."User"."preferences", "public"."User"."googleId", "public"."User"."avatarUrl", "public"."User"."createdAt", "public"."User"."updatedAt", "public"."User"."avatarImageId", "public"."User"."deletedAt" FROM "public"."User" WHERE ("public"."User"."id" = $1 AND 1=1) LIMIT $2 OFFSET $3

      at Object.zc (../../node_modules/@prisma/internals/src/logger.ts:13:11)

  console.log
    prisma:query SELECT "public"."UserRole"."userId", "public"."UserRole"."roleId" FROM "public"."UserRole" WHERE "public"."UserRole"."userId" IN ($1) OFFSET $2

      at Object.zc (../../node_modules/@prisma/internals/src/logger.ts:13:11)

  console.log
    prisma:query SELECT "public"."Role"."id", "public"."Role"."name", "public"."Role"."description", "public"."Role"."isSystem", "public"."Role"."createdAt" FROM "public"."Role" WHERE "public"."Role"."id" IN ($1) OFFSET $2

      at Object.zc (../../node_modules/@prisma/internals/src/logger.ts:13:11)

  console.log
    prisma:query SELECT "public"."RolePermission"."roleId", "public"."RolePermission"."permissionId" FROM "public"."RolePermission" WHERE "public"."RolePermission"."roleId" IN ($1) OFFSET $2

      at Object.zc (../../node_modules/@prisma/internals/src/logger.ts:13:11)

  console.log
    prisma:query SELECT "public"."Permission"."id", "public"."Permission"."key", "public"."Permission"."description", "public"."Permission"."category", "public"."Permission"."createdAt" FROM "public"."Permission" WHERE "public"."Permission"."id" IN ($1,$2,$3,$4,$5,$6) OFFSET $7

      at Object.zc (../../node_modules/@prisma/internals/src/logger.ts:13:11)

  console.log
    prisma:query SELECT "public"."User"."id", "public"."User"."email", "public"."User"."name", "public"."User"."status"::text, "public"."User"."createdAt", "public"."User"."avatarImageId" FROM "public"."User" WHERE 1=1 OFFSET $1

      at Object.zc (../../node_modules/@prisma/internals/src/logger.ts:13:11)

  console.log
    prisma:query SELECT "public"."UserRole"."userId", "public"."UserRole"."roleId" FROM "public"."UserRole" WHERE "public"."UserRole"."userId" IN ($1,$2,$3,$4,$5) OFFSET $6

      at Object.zc (../../node_modules/@prisma/internals/src/logger.ts:13:11)

  console.log
    prisma:query SELECT "public"."Role"."id", "public"."Role"."name", "public"."Role"."description", "public"."Role"."isSystem", "public"."Role"."createdAt" FROM "public"."Role" WHERE "public"."Role"."id" IN ($1,$2) OFFSET $3

      at Object.zc (../../node_modules/@prisma/internals/src/logger.ts:13:11)

2026-01-28 12:27:51 [32minfo[39m: ::ffff:127.0.0.1 - - [28/Jan/2026:06:57:51 +0000] "GET /api/v1/admin/users HTTP/1.1" 200 1016 "-" "-"
  console.log
    prisma:query INSERT INTO "public"."AuditLog" ("id","actorId","action","targetType","metadata","createdAt") VALUES ($1,$2,CAST($3::text AS "public"."AuditAction"),$4,$5,$6) RETURNING "public"."AuditLog"."id", "public"."AuditLog"."actorId", "public"."AuditLog"."action"::text, "public"."AuditLog"."targetType", "public"."AuditLog"."targetId", "public"."AuditLog"."metadata", "public"."AuditLog"."createdAt"

      at Object.zc (../../node_modules/@prisma/internals/src/logger.ts:13:11)

2026-01-28 12:27:51 [32minfo[39m: ::ffff:127.0.0.1 - - [28/Jan/2026:06:57:51 +0000] "GET /api/v1/admin/users HTTP/1.1" 401 25 "-" "-"
2026-01-28 12:27:51 [31merror[39m: Failed to check token denylist
  console.log
    prisma:query SELECT "public"."User"."id", "public"."User"."email", "public"."User"."password", "public"."User"."name", "public"."User"."nickname", "public"."User"."bio", "public"."User"."age", "public"."User"."gender"::text, "public"."User"."phoneNumber", "public"."User"."address", "public"."User"."status"::text, "public"."User"."statusReason", "public"."User"."preferences", "public"."User"."googleId", "public"."User"."avatarUrl", "public"."User"."createdAt", "public"."User"."updatedAt", "public"."User"."avatarImageId", "public"."User"."deletedAt" FROM "public"."User" WHERE ("public"."User"."id" = $1 AND 1=1) LIMIT $2 OFFSET $3

      at Object.zc (../../node_modules/@prisma/internals/src/logger.ts:13:11)

  console.log
    prisma:query SELECT "public"."UserRole"."userId", "public"."UserRole"."roleId" FROM "public"."UserRole" WHERE "public"."UserRole"."userId" IN ($1) OFFSET $2

      at Object.zc (../../node_modules/@prisma/internals/src/logger.ts:13:11)

  console.log
    prisma:query SELECT "public"."Role"."id", "public"."Role"."name", "public"."Role"."description", "public"."Role"."isSystem", "public"."Role"."createdAt" FROM "public"."Role" WHERE "public"."Role"."id" IN ($1) OFFSET $2

      at Object.zc (../../node_modules/@prisma/internals/src/logger.ts:13:11)

  console.log
    prisma:query SELECT "public"."RolePermission"."roleId", "public"."RolePermission"."permissionId" FROM "public"."RolePermission" WHERE "public"."RolePermission"."roleId" IN ($1) OFFSET $2

      at Object.zc (../../node_modules/@prisma/internals/src/logger.ts:13:11)

  console.log
    prisma:query SELECT "public"."User"."id", "public"."User"."email", "public"."User"."password", "public"."User"."name", "public"."User"."nickname", "public"."User"."bio", "public"."User"."age", "public"."User"."gender"::text, "public"."User"."phoneNumber", "public"."User"."address", "public"."User"."status"::text, "public"."User"."statusReason", "public"."User"."preferences", "public"."User"."googleId", "public"."User"."avatarUrl", "public"."User"."createdAt", "public"."User"."updatedAt", "public"."User"."avatarImageId", "public"."User"."deletedAt" FROM "public"."User" WHERE ("public"."User"."id" = $1 AND 1=1) LIMIT $2 OFFSET $3

      at Object.zc (../../node_modules/@prisma/internals/src/logger.ts:13:11)

  console.log
    prisma:query SELECT "public"."UserRole"."userId", "public"."UserRole"."roleId" FROM "public"."UserRole" WHERE "public"."UserRole"."userId" IN ($1) OFFSET $2

      at Object.zc (../../node_modules/@prisma/internals/src/logger.ts:13:11)

  console.log
    prisma:query SELECT "public"."Role"."id", "public"."Role"."name", "public"."Role"."description", "public"."Role"."isSystem", "public"."Role"."createdAt" FROM "public"."Role" WHERE "public"."Role"."id" IN ($1) OFFSET $2

      at Object.zc (../../node_modules/@prisma/internals/src/logger.ts:13:11)

  console.log
    prisma:query SELECT "public"."RolePermission"."roleId", "public"."RolePermission"."permissionId" FROM "public"."RolePermission" WHERE "public"."RolePermission"."roleId" IN ($1) OFFSET $2

      at Object.zc (../../node_modules/@prisma/internals/src/logger.ts:13:11)

  console.log
    prisma:query SELECT "public"."User"."id", "public"."User"."email", "public"."User"."password", "public"."User"."name", "public"."User"."nickname", "public"."User"."bio", "public"."User"."age", "public"."User"."gender"::text, "public"."User"."phoneNumber", "public"."User"."address", "public"."User"."status"::text, "public"."User"."statusReason", "public"."User"."preferences", "public"."User"."googleId", "public"."User"."avatarUrl", "public"."User"."createdAt", "public"."User"."updatedAt", "public"."User"."avatarImageId", "public"."User"."deletedAt" FROM "public"."User" WHERE ("public"."User"."id" = $1 AND 1=1) LIMIT $2 OFFSET $3

      at Object.zc (../../node_modules/@prisma/internals/src/logger.ts:13:11)

  console.log
    prisma:query SELECT "public"."UserRole"."userId", "public"."UserRole"."roleId" FROM "public"."UserRole" WHERE "public"."UserRole"."userId" IN ($1) OFFSET $2

      at Object.zc (../../node_modules/@prisma/internals/src/logger.ts:13:11)

  console.log
    prisma:query SELECT "public"."Role"."id", "public"."Role"."name", "public"."Role"."description", "public"."Role"."isSystem", "public"."Role"."createdAt" FROM "public"."Role" WHERE "public"."Role"."id" IN ($1) OFFSET $2

      at Object.zc (../../node_modules/@prisma/internals/src/logger.ts:13:11)

  console.log
    prisma:query SELECT "public"."RolePermission"."roleId", "public"."RolePermission"."permissionId" FROM "public"."RolePermission" WHERE "public"."RolePermission"."roleId" IN ($1) OFFSET $2

      at Object.zc (../../node_modules/@prisma/internals/src/logger.ts:13:11)

2026-01-28 12:27:51 [31merror[39m: HttpError: You do not have permission to perform this action (user:list)
    at new HttpError (C:\Users\akash\Documents\Param_Adventures_Phase1\apps\api\src\utils\httpError.js:32:24)
    at C:\Users\akash\Documents\Param_Adventures_Phase1\apps\api\src\middlewares\require-permission.middleware.ts:58:13
2026-01-28 12:27:51 [32minfo[39m: ::ffff:127.0.0.1 - - [28/Jan/2026:06:57:51 +0000] "GET /api/v1/admin/users HTTP/1.1" 403 168 "-" "-"
2026-01-28 12:27:51 [31merror[39m: Failed to check token denylist
  console.log
    prisma:query SELECT "public"."User"."id", "public"."User"."email", "public"."User"."password", "public"."User"."name", "public"."User"."nickname", "public"."User"."bio", "public"."User"."age", "public"."User"."gender"::text, "public"."User"."phoneNumber", "public"."User"."address", "public"."User"."status"::text, "public"."User"."statusReason", "public"."User"."preferences", "public"."User"."googleId", "public"."User"."avatarUrl", "public"."User"."createdAt", "public"."User"."updatedAt", "public"."User"."avatarImageId", "public"."User"."deletedAt" FROM "public"."User" WHERE ("public"."User"."id" = $1 AND 1=1) LIMIT $2 OFFSET $3

      at Object.zc (../../node_modules/@prisma/internals/src/logger.ts:13:11)

  console.log
    prisma:query SELECT "public"."UserRole"."userId", "public"."UserRole"."roleId" FROM "public"."UserRole" WHERE "public"."UserRole"."userId" IN ($1) OFFSET $2

      at Object.zc (../../node_modules/@prisma/internals/src/logger.ts:13:11)

  console.log
    prisma:query SELECT "public"."Role"."id", "public"."Role"."name", "public"."Role"."description", "public"."Role"."isSystem", "public"."Role"."createdAt" FROM "public"."Role" WHERE "public"."Role"."id" IN ($1) OFFSET $2

      at Object.zc (../../node_modules/@prisma/internals/src/logger.ts:13:11)

  console.log
    prisma:query SELECT "public"."RolePermission"."roleId", "public"."RolePermission"."permissionId" FROM "public"."RolePermission" WHERE "public"."RolePermission"."roleId" IN ($1) OFFSET $2

      at Object.zc (../../node_modules/@prisma/internals/src/logger.ts:13:11)

  console.log
    prisma:query SELECT "public"."Permission"."id", "public"."Permission"."key", "public"."Permission"."description", "public"."Permission"."category", "public"."Permission"."createdAt" FROM "public"."Permission" WHERE "public"."Permission"."id" IN ($1,$2,$3,$4,$5,$6) OFFSET $7

      at Object.zc (../../node_modules/@prisma/internals/src/logger.ts:13:11)

  console.log
    prisma:query SELECT "public"."User"."id", "public"."User"."email", "public"."User"."password", "public"."User"."name", "public"."User"."nickname", "public"."User"."bio", "public"."User"."age", "public"."User"."gender"::text, "public"."User"."phoneNumber", "public"."User"."address", "public"."User"."status"::text, "public"."User"."statusReason", "public"."User"."preferences", "public"."User"."googleId", "public"."User"."avatarUrl", "public"."User"."createdAt", "public"."User"."updatedAt", "public"."User"."avatarImageId", "public"."User"."deletedAt" FROM "public"."User" WHERE ("public"."User"."id" = $1 AND 1=1) LIMIT $2 OFFSET $3

      at Object.zc (../../node_modules/@prisma/internals/src/logger.ts:13:11)

  console.log
    prisma:query SELECT "public"."UserRole"."userId", "public"."UserRole"."roleId" FROM "public"."UserRole" WHERE "public"."UserRole"."userId" IN ($1) OFFSET $2

      at Object.zc (../../node_modules/@prisma/internals/src/logger.ts:13:11)

  console.log
    prisma:query SELECT "public"."Role"."id", "public"."Role"."name", "public"."Role"."description", "public"."Role"."isSystem", "public"."Role"."createdAt" FROM "public"."Role" WHERE "public"."Role"."id" IN ($1) OFFSET $2

      at Object.zc (../../node_modules/@prisma/internals/src/logger.ts:13:11)

  console.log
    prisma:query SELECT "public"."RolePermission"."roleId", "public"."RolePermission"."permissionId" FROM "public"."RolePermission" WHERE "public"."RolePermission"."roleId" IN ($1) OFFSET $2

      at Object.zc (../../node_modules/@prisma/internals/src/logger.ts:13:11)

  console.log
    prisma:query SELECT "public"."Permission"."id", "public"."Permission"."key", "public"."Permission"."description", "public"."Permission"."category", "public"."Permission"."createdAt" FROM "public"."Permission" WHERE "public"."Permission"."id" IN ($1,$2,$3,$4,$5,$6) OFFSET $7

      at Object.zc (../../node_modules/@prisma/internals/src/logger.ts:13:11)

  console.log
    prisma:query SELECT "public"."User"."id", "public"."User"."email", "public"."User"."name", "public"."User"."status"::text, "public"."User"."createdAt", "public"."User"."avatarImageId" FROM "public"."User" WHERE EXISTS(SELECT "t0"."userId" FROM "public"."UserRole" AS "t0" LEFT JOIN "public"."Role" AS "j1" ON ("j1"."id") = ("t0"."roleId") WHERE ("j1"."name" = $1 AND ("j1"."id" IS NOT NULL) AND ("public"."User"."id") = ("t0"."userId") AND "t0"."userId" IS NOT NULL)) OFFSET $2

      at Object.zc (../../node_modules/@prisma/internals/src/logger.ts:13:11)

  console.log
    prisma:query SELECT "public"."UserRole"."userId", "public"."UserRole"."roleId" FROM "public"."UserRole" WHERE "public"."UserRole"."userId" IN ($1,$2) OFFSET $3

      at Object.zc (../../node_modules/@prisma/internals/src/logger.ts:13:11)

  console.log
    prisma:query SELECT "public"."Role"."id", "public"."Role"."name", "public"."Role"."description", "public"."Role"."isSystem", "public"."Role"."createdAt" FROM "public"."Role" WHERE "public"."Role"."id" IN ($1) OFFSET $2

      at Object.zc (../../node_modules/@prisma/internals/src/logger.ts:13:11)

2026-01-28 12:27:51 [32minfo[39m: ::ffff:127.0.0.1 - - [28/Jan/2026:06:57:51 +0000] "GET /api/v1/admin/users?role=USER HTTP/1.1" 200 452 "-" "-"
  console.log
    prisma:query INSERT INTO "public"."AuditLog" ("id","actorId","action","targetType","metadata","createdAt") VALUES ($1,$2,CAST($3::text AS "public"."AuditAction"),$4,$5,$6) RETURNING "public"."AuditLog"."id", "public"."AuditLog"."actorId", "public"."AuditLog"."action"::text, "public"."AuditLog"."targetType", "public"."AuditLog"."targetId", "public"."AuditLog"."metadata", "public"."AuditLog"."createdAt"

      at Object.zc (../../node_modules/@prisma/internals/src/logger.ts:13:11)

2026-01-28 12:27:52 [31merror[39m: Failed to check token denylist
  console.log
    prisma:query SELECT "public"."User"."id", "public"."User"."email", "public"."User"."password", "public"."User"."name", "public"."User"."nickname", "public"."User"."bio", "public"."User"."age", "public"."User"."gender"::text, "public"."User"."phoneNumber", "public"."User"."address", "public"."User"."status"::text, "public"."User"."statusReason", "public"."User"."preferences", "public"."User"."googleId", "public"."User"."avatarUrl", "public"."User"."createdAt", "public"."User"."updatedAt", "public"."User"."avatarImageId", "public"."User"."deletedAt" FROM "public"."User" WHERE ("public"."User"."id" = $1 AND 1=1) LIMIT $2 OFFSET $3

      at Object.zc (../../node_modules/@prisma/internals/src/logger.ts:13:11)

  console.log
    prisma:query SELECT "public"."UserRole"."userId", "public"."UserRole"."roleId" FROM "public"."UserRole" WHERE "public"."UserRole"."userId" IN ($1) OFFSET $2

      at Object.zc (../../node_modules/@prisma/internals/src/logger.ts:13:11)

  console.log
    prisma:query SELECT "public"."Role"."id", "public"."Role"."name", "public"."Role"."description", "public"."Role"."isSystem", "public"."Role"."createdAt" FROM "public"."Role" WHERE "public"."Role"."id" IN ($1) OFFSET $2

      at Object.zc (../../node_modules/@prisma/internals/src/logger.ts:13:11)

  console.log
    prisma:query SELECT "public"."RolePermission"."roleId", "public"."RolePermission"."permissionId" FROM "public"."RolePermission" WHERE "public"."RolePermission"."roleId" IN ($1) OFFSET $2

      at Object.zc (../../node_modules/@prisma/internals/src/logger.ts:13:11)

  console.log
    prisma:query SELECT "public"."Permission"."id", "public"."Permission"."key", "public"."Permission"."description", "public"."Permission"."category", "public"."Permission"."createdAt" FROM "public"."Permission" WHERE "public"."Permission"."id" IN ($1,$2,$3,$4,$5,$6) OFFSET $7

      at Object.zc (../../node_modules/@prisma/internals/src/logger.ts:13:11)

  console.log
    prisma:query SELECT "public"."User"."id", "public"."User"."email", "public"."User"."password", "public"."User"."name", "public"."User"."nickname", "public"."User"."bio", "public"."User"."age", "public"."User"."gender"::text, "public"."User"."phoneNumber", "public"."User"."address", "public"."User"."status"::text, "public"."User"."statusReason", "public"."User"."preferences", "public"."User"."googleId", "public"."User"."avatarUrl", "public"."User"."createdAt", "public"."User"."updatedAt", "public"."User"."avatarImageId", "public"."User"."deletedAt" FROM "public"."User" WHERE ("public"."User"."id" = $1 AND 1=1) LIMIT $2 OFFSET $3

      at Object.zc (../../node_modules/@prisma/internals/src/logger.ts:13:11)

  console.log
    prisma:query SELECT "public"."UserRole"."userId", "public"."UserRole"."roleId" FROM "public"."UserRole" WHERE "public"."UserRole"."userId" IN ($1) OFFSET $2

      at Object.zc (../../node_modules/@prisma/internals/src/logger.ts:13:11)

  console.log
    prisma:query SELECT "public"."Role"."id", "public"."Role"."name", "public"."Role"."description", "public"."Role"."isSystem", "public"."Role"."createdAt" FROM "public"."Role" WHERE "public"."Role"."id" IN ($1) OFFSET $2

      at Object.zc (../../node_modules/@prisma/internals/src/logger.ts:13:11)

  console.log
    prisma:query SELECT "public"."RolePermission"."roleId", "public"."RolePermission"."permissionId" FROM "public"."RolePermission" WHERE "public"."RolePermission"."roleId" IN ($1) OFFSET $2

      at Object.zc (../../node_modules/@prisma/internals/src/logger.ts:13:11)

  console.log
    prisma:query SELECT "public"."Permission"."id", "public"."Permission"."key", "public"."Permission"."description", "public"."Permission"."category", "public"."Permission"."createdAt" FROM "public"."Permission" WHERE "public"."Permission"."id" IN ($1,$2,$3,$4,$5,$6) OFFSET $7

      at Object.zc (../../node_modules/@prisma/internals/src/logger.ts:13:11)

  console.log
    prisma:query UPDATE "public"."User" SET "status" = CAST($1::text AS "public"."UserStatus"), "statusReason" = $2, "updatedAt" = $3 WHERE ("public"."User"."id" = $4 AND 1=1) RETURNING "public"."User"."id", "public"."User"."email", "public"."User"."status"::text

      at Object.zc (../../node_modules/@prisma/internals/src/logger.ts:13:11)

  console.log
    prisma:query INSERT INTO "public"."AuditLog" ("id","actorId","action","targetType","targetId","metadata","createdAt") VALUES ($1,$2,CAST($3::text AS "public"."AuditAction"),$4,$5,$6,$7) RETURNING "public"."AuditLog"."id", "public"."AuditLog"."actorId", "public"."AuditLog"."action"::text, "public"."AuditLog"."targetType", "public"."AuditLog"."targetId", "public"."AuditLog"."metadata", "public"."AuditLog"."createdAt"

      at Object.zc (../../node_modules/@prisma/internals/src/logger.ts:13:11)

2026-01-28 12:27:52 [32minfo[39m: ::ffff:127.0.0.1 - - [28/Jan/2026:06:57:52 +0000] "PATCH /api/v1/admin/users/2362a196-cb29-48ef-bdf8-616768679f72/status HTTP/1.1" 200 212 "-" "-"
  console.log
    prisma:query INSERT INTO "public"."AuditLog" ("id","actorId","action","targetType","targetId","metadata","createdAt") VALUES ($1,$2,CAST($3::text AS "public"."AuditAction"),$4,$5,$6,$7) RETURNING "public"."AuditLog"."id", "public"."AuditLog"."actorId", "public"."AuditLog"."action"::text, "public"."AuditLog"."targetType", "public"."AuditLog"."targetId", "public"."AuditLog"."metadata", "public"."AuditLog"."createdAt"

      at Object.zc (../../node_modules/@prisma/internals/src/logger.ts:13:11)

2026-01-28 12:27:52 [31merror[39m: Failed to check token denylist
  console.log
    prisma:query SELECT "public"."User"."id", "public"."User"."email", "public"."User"."password", "public"."User"."name", "public"."User"."nickname", "public"."User"."bio", "public"."User"."age", "public"."User"."gender"::text, "public"."User"."phoneNumber", "public"."User"."address", "public"."User"."status"::text, "public"."User"."statusReason", "public"."User"."preferences", "public"."User"."googleId", "public"."User"."avatarUrl", "public"."User"."createdAt", "public"."User"."updatedAt", "public"."User"."avatarImageId", "public"."User"."deletedAt" FROM "public"."User" WHERE ("public"."User"."id" = $1 AND 1=1) LIMIT $2 OFFSET $3

      at Object.zc (../../node_modules/@prisma/internals/src/logger.ts:13:11)

  console.log
    prisma:query SELECT "public"."UserRole"."userId", "public"."UserRole"."roleId" FROM "public"."UserRole" WHERE "public"."UserRole"."userId" IN ($1) OFFSET $2

      at Object.zc (../../node_modules/@prisma/internals/src/logger.ts:13:11)

  console.log
    prisma:query SELECT "public"."Role"."id", "public"."Role"."name", "public"."Role"."description", "public"."Role"."isSystem", "public"."Role"."createdAt" FROM "public"."Role" WHERE "public"."Role"."id" IN ($1) OFFSET $2

      at Object.zc (../../node_modules/@prisma/internals/src/logger.ts:13:11)

  console.log
    prisma:query SELECT "public"."RolePermission"."roleId", "public"."RolePermission"."permissionId" FROM "public"."RolePermission" WHERE "public"."RolePermission"."roleId" IN ($1) OFFSET $2

      at Object.zc (../../node_modules/@prisma/internals/src/logger.ts:13:11)

  console.log
    prisma:query SELECT "public"."Permission"."id", "public"."Permission"."key", "public"."Permission"."description", "public"."Permission"."category", "public"."Permission"."createdAt" FROM "public"."Permission" WHERE "public"."Permission"."id" IN ($1,$2,$3,$4,$5,$6) OFFSET $7

      at Object.zc (../../node_modules/@prisma/internals/src/logger.ts:13:11)

  console.log
    prisma:query SELECT "public"."User"."id", "public"."User"."email", "public"."User"."password", "public"."User"."name", "public"."User"."nickname", "public"."User"."bio", "public"."User"."age", "public"."User"."gender"::text, "public"."User"."phoneNumber", "public"."User"."address", "public"."User"."status"::text, "public"."User"."statusReason", "public"."User"."preferences", "public"."User"."googleId", "public"."User"."avatarUrl", "public"."User"."createdAt", "public"."User"."updatedAt", "public"."User"."avatarImageId", "public"."User"."deletedAt" FROM "public"."User" WHERE ("public"."User"."id" = $1 AND 1=1) LIMIT $2 OFFSET $3

      at Object.zc (../../node_modules/@prisma/internals/src/logger.ts:13:11)

  console.log
    prisma:query SELECT "public"."UserRole"."userId", "public"."UserRole"."roleId" FROM "public"."UserRole" WHERE "public"."UserRole"."userId" IN ($1) OFFSET $2

      at Object.zc (../../node_modules/@prisma/internals/src/logger.ts:13:11)

  console.log
    prisma:query SELECT "public"."Role"."id", "public"."Role"."name", "public"."Role"."description", "public"."Role"."isSystem", "public"."Role"."createdAt" FROM "public"."Role" WHERE "public"."Role"."id" IN ($1) OFFSET $2

      at Object.zc (../../node_modules/@prisma/internals/src/logger.ts:13:11)

  console.log
    prisma:query SELECT "public"."RolePermission"."roleId", "public"."RolePermission"."permissionId" FROM "public"."RolePermission" WHERE "public"."RolePermission"."roleId" IN ($1) OFFSET $2

      at Object.zc (../../node_modules/@prisma/internals/src/logger.ts:13:11)

  console.log
    prisma:query SELECT "public"."Permission"."id", "public"."Permission"."key", "public"."Permission"."description", "public"."Permission"."category", "public"."Permission"."createdAt" FROM "public"."Permission" WHERE "public"."Permission"."id" IN ($1,$2,$3,$4,$5,$6) OFFSET $7

      at Object.zc (../../node_modules/@prisma/internals/src/logger.ts:13:11)

2026-01-28 12:27:52 [32minfo[39m: ::ffff:127.0.0.1 - - [28/Jan/2026:06:57:52 +0000] "PATCH /api/v1/admin/users/2362a196-cb29-48ef-bdf8-616768679f72/status HTTP/1.1" 400 123 "-" "-"
2026-01-28 12:27:52 [32minfo[39m: ::ffff:127.0.0.1 - - [28/Jan/2026:06:57:52 +0000] "PATCH /api/v1/admin/users/2362a196-cb29-48ef-bdf8-616768679f72/status HTTP/1.1" 401 25 "-" "-"
2026-01-28 12:27:52 [31merror[39m: Failed to check token denylist
  console.log
    prisma:query SELECT "public"."User"."id", "public"."User"."email", "public"."User"."password", "public"."User"."name", "public"."User"."nickname", "public"."User"."bio", "public"."User"."age", "public"."User"."gender"::text, "public"."User"."phoneNumber", "public"."User"."address", "public"."User"."status"::text, "public"."User"."statusReason", "public"."User"."preferences", "public"."User"."googleId", "public"."User"."avatarUrl", "public"."User"."createdAt", "public"."User"."updatedAt", "public"."User"."avatarImageId", "public"."User"."deletedAt" FROM "public"."User" WHERE ("public"."User"."id" = $1 AND 1=1) LIMIT $2 OFFSET $3

      at Object.zc (../../node_modules/@prisma/internals/src/logger.ts:13:11)

  console.log
    prisma:query SELECT "public"."UserRole"."userId", "public"."UserRole"."roleId" FROM "public"."UserRole" WHERE "public"."UserRole"."userId" IN ($1) OFFSET $2

      at Object.zc (../../node_modules/@prisma/internals/src/logger.ts:13:11)

  console.log
    prisma:query SELECT "public"."Role"."id", "public"."Role"."name", "public"."Role"."description", "public"."Role"."isSystem", "public"."Role"."createdAt" FROM "public"."Role" WHERE "public"."Role"."id" IN ($1) OFFSET $2

      at Object.zc (../../node_modules/@prisma/internals/src/logger.ts:13:11)

  console.log
    prisma:query SELECT "public"."RolePermission"."roleId", "public"."RolePermission"."permissionId" FROM "public"."RolePermission" WHERE "public"."RolePermission"."roleId" IN ($1) OFFSET $2

      at Object.zc (../../node_modules/@prisma/internals/src/logger.ts:13:11)

  console.log
    prisma:query SELECT "public"."User"."id", "public"."User"."email", "public"."User"."password", "public"."User"."name", "public"."User"."nickname", "public"."User"."bio", "public"."User"."age", "public"."User"."gender"::text, "public"."User"."phoneNumber", "public"."User"."address", "public"."User"."status"::text, "public"."User"."statusReason", "public"."User"."preferences", "public"."User"."googleId", "public"."User"."avatarUrl", "public"."User"."createdAt", "public"."User"."updatedAt", "public"."User"."avatarImageId", "public"."User"."deletedAt" FROM "public"."User" WHERE ("public"."User"."id" = $1 AND 1=1) LIMIT $2 OFFSET $3

      at Object.zc (../../node_modules/@prisma/internals/src/logger.ts:13:11)

  console.log
    prisma:query SELECT "public"."UserRole"."userId", "public"."UserRole"."roleId" FROM "public"."UserRole" WHERE "public"."UserRole"."userId" IN ($1) OFFSET $2

      at Object.zc (../../node_modules/@prisma/internals/src/logger.ts:13:11)

  console.log
    prisma:query SELECT "public"."Role"."id", "public"."Role"."name", "public"."Role"."description", "public"."Role"."isSystem", "public"."Role"."createdAt" FROM "public"."Role" WHERE "public"."Role"."id" IN ($1) OFFSET $2

      at Object.zc (../../node_modules/@prisma/internals/src/logger.ts:13:11)

  console.log
    prisma:query SELECT "public"."RolePermission"."roleId", "public"."RolePermission"."permissionId" FROM "public"."RolePermission" WHERE "public"."RolePermission"."roleId" IN ($1) OFFSET $2

      at Object.zc (../../node_modules/@prisma/internals/src/logger.ts:13:11)

  console.log
    prisma:query SELECT "public"."User"."id", "public"."User"."email", "public"."User"."password", "public"."User"."name", "public"."User"."nickname", "public"."User"."bio", "public"."User"."age", "public"."User"."gender"::text, "public"."User"."phoneNumber", "public"."User"."address", "public"."User"."status"::text, "public"."User"."statusReason", "public"."User"."preferences", "public"."User"."googleId", "public"."User"."avatarUrl", "public"."User"."createdAt", "public"."User"."updatedAt", "public"."User"."avatarImageId", "public"."User"."deletedAt" FROM "public"."User" WHERE ("public"."User"."id" = $1 AND 1=1) LIMIT $2 OFFSET $3

      at Object.zc (../../node_modules/@prisma/internals/src/logger.ts:13:11)

  console.log
    prisma:query SELECT "public"."UserRole"."userId", "public"."UserRole"."roleId" FROM "public"."UserRole" WHERE "public"."UserRole"."userId" IN ($1) OFFSET $2

      at Object.zc (../../node_modules/@prisma/internals/src/logger.ts:13:11)

  console.log
    prisma:query SELECT "public"."Role"."id", "public"."Role"."name", "public"."Role"."description", "public"."Role"."isSystem", "public"."Role"."createdAt" FROM "public"."Role" WHERE "public"."Role"."id" IN ($1) OFFSET $2

      at Object.zc (../../node_modules/@prisma/internals/src/logger.ts:13:11)

  console.log
    prisma:query SELECT "public"."RolePermission"."roleId", "public"."RolePermission"."permissionId" FROM "public"."RolePermission" WHERE "public"."RolePermission"."roleId" IN ($1) OFFSET $2

      at Object.zc (../../node_modules/@prisma/internals/src/logger.ts:13:11)

2026-01-28 12:27:52 [31merror[39m: HttpError: You do not have permission to perform this action (user:edit)
    at new HttpError (C:\Users\akash\Documents\Param_Adventures_Phase1\apps\api\src\utils\httpError.js:32:24)
    at C:\Users\akash\Documents\Param_Adventures_Phase1\apps\api\src\middlewares\require-permission.middleware.ts:58:13
2026-01-28 12:27:52 [32minfo[39m: ::ffff:127.0.0.1 - - [28/Jan/2026:06:57:52 +0000] "PATCH /api/v1/admin/users/2362a196-cb29-48ef-bdf8-616768679f72/status HTTP/1.1" 403 168 "-" "-"
2026-01-28 12:27:52 [31merror[39m: Failed to check token denylist
  console.log
    prisma:query SELECT "public"."User"."id", "public"."User"."email", "public"."User"."password", "public"."User"."name", "public"."User"."nickname", "public"."User"."bio", "public"."User"."age", "public"."User"."gender"::text, "public"."User"."phoneNumber", "public"."User"."address", "public"."User"."status"::text, "public"."User"."statusReason", "public"."User"."preferences", "public"."User"."googleId", "public"."User"."avatarUrl", "public"."User"."createdAt", "public"."User"."updatedAt", "public"."User"."avatarImageId", "public"."User"."deletedAt" FROM "public"."User" WHERE ("public"."User"."id" = $1 AND 1=1) LIMIT $2 OFFSET $3

      at Object.zc (../../node_modules/@prisma/internals/src/logger.ts:13:11)

  console.log
    prisma:query SELECT "public"."UserRole"."userId", "public"."UserRole"."roleId" FROM "public"."UserRole" WHERE "public"."UserRole"."userId" IN ($1) OFFSET $2

      at Object.zc (../../node_modules/@prisma/internals/src/logger.ts:13:11)

  console.log
    prisma:query SELECT "public"."Role"."id", "public"."Role"."name", "public"."Role"."description", "public"."Role"."isSystem", "public"."Role"."createdAt" FROM "public"."Role" WHERE "public"."Role"."id" IN ($1) OFFSET $2

      at Object.zc (../../node_modules/@prisma/internals/src/logger.ts:13:11)

  console.log
    prisma:query SELECT "public"."RolePermission"."roleId", "public"."RolePermission"."permissionId" FROM "public"."RolePermission" WHERE "public"."RolePermission"."roleId" IN ($1) OFFSET $2

      at Object.zc (../../node_modules/@prisma/internals/src/logger.ts:13:11)

  console.log
    prisma:query SELECT "public"."Permission"."id", "public"."Permission"."key", "public"."Permission"."description", "public"."Permission"."category", "public"."Permission"."createdAt" FROM "public"."Permission" WHERE "public"."Permission"."id" IN ($1,$2,$3,$4,$5,$6) OFFSET $7

      at Object.zc (../../node_modules/@prisma/internals/src/logger.ts:13:11)

  console.log
    prisma:query SELECT "public"."User"."id", "public"."User"."email", "public"."User"."password", "public"."User"."name", "public"."User"."nickname", "public"."User"."bio", "public"."User"."age", "public"."User"."gender"::text, "public"."User"."phoneNumber", "public"."User"."address", "public"."User"."status"::text, "public"."User"."statusReason", "public"."User"."preferences", "public"."User"."googleId", "public"."User"."avatarUrl", "public"."User"."createdAt", "public"."User"."updatedAt", "public"."User"."avatarImageId", "public"."User"."deletedAt" FROM "public"."User" WHERE ("public"."User"."id" = $1 AND 1=1) LIMIT $2 OFFSET $3

      at Object.zc (../../node_modules/@prisma/internals/src/logger.ts:13:11)

  console.log
    prisma:query SELECT "public"."UserRole"."userId", "public"."UserRole"."roleId" FROM "public"."UserRole" WHERE "public"."UserRole"."userId" IN ($1) OFFSET $2

      at Object.zc (../../node_modules/@prisma/internals/src/logger.ts:13:11)

  console.log
    prisma:query SELECT "public"."Role"."id", "public"."Role"."name", "public"."Role"."description", "public"."Role"."isSystem", "public"."Role"."createdAt" FROM "public"."Role" WHERE "public"."Role"."id" IN ($1) OFFSET $2

      at Object.zc (../../node_modules/@prisma/internals/src/logger.ts:13:11)

  console.log
    prisma:query SELECT "public"."RolePermission"."roleId", "public"."RolePermission"."permissionId" FROM "public"."RolePermission" WHERE "public"."RolePermission"."roleId" IN ($1) OFFSET $2

      at Object.zc (../../node_modules/@prisma/internals/src/logger.ts:13:11)

  console.log
    prisma:query SELECT "public"."Permission"."id", "public"."Permission"."key", "public"."Permission"."description", "public"."Permission"."category", "public"."Permission"."createdAt" FROM "public"."Permission" WHERE "public"."Permission"."id" IN ($1,$2,$3,$4,$5,$6) OFFSET $7

      at Object.zc (../../node_modules/@prisma/internals/src/logger.ts:13:11)

  console.log
    prisma:query UPDATE "public"."User" SET "status" = CAST($1::text AS "public"."UserStatus"), "statusReason" = $2, "updatedAt" = $3 WHERE ("public"."User"."id" = $4 AND 1=1) RETURNING "public"."User"."id", "public"."User"."email", "public"."User"."status"::text

      at Object.zc (../../node_modules/@prisma/internals/src/logger.ts:13:11)

  console.log
    prisma:query INSERT INTO "public"."AuditLog" ("id","actorId","action","targetType","targetId","metadata","createdAt") VALUES ($1,$2,CAST($3::text AS "public"."AuditAction"),$4,$5,$6,$7) RETURNING "public"."AuditLog"."id", "public"."AuditLog"."actorId", "public"."AuditLog"."action"::text, "public"."AuditLog"."targetType", "public"."AuditLog"."targetId", "public"."AuditLog"."metadata", "public"."AuditLog"."createdAt"

      at Object.zc (../../node_modules/@prisma/internals/src/logger.ts:13:11)

2026-01-28 12:27:52 [32minfo[39m: ::ffff:127.0.0.1 - - [28/Jan/2026:06:57:52 +0000] "PATCH /api/v1/admin/users/2362a196-cb29-48ef-bdf8-616768679f72/status HTTP/1.1" 200 212 "-" "-"
  console.log
    prisma:query INSERT INTO "public"."AuditLog" ("id","actorId","action","targetType","targetId","metadata","createdAt") VALUES ($1,$2,CAST($3::text AS "public"."AuditAction"),$4,$5,$6,$7) RETURNING "public"."AuditLog"."id", "public"."AuditLog"."actorId", "public"."AuditLog"."action"::text, "public"."AuditLog"."targetType", "public"."AuditLog"."targetId", "public"."AuditLog"."metadata", "public"."AuditLog"."createdAt"

      at Object.zc (../../node_modules/@prisma/internals/src/logger.ts:13:11)

2026-01-28 12:27:52 [31merror[39m: Failed to check token denylist
  console.log
    prisma:query SELECT "public"."User"."id", "public"."User"."email", "public"."User"."password", "public"."User"."name", "public"."User"."nickname", "public"."User"."bio", "public"."User"."age", "public"."User"."gender"::text, "public"."User"."phoneNumber", "public"."User"."address", "public"."User"."status"::text, "public"."User"."statusReason", "public"."User"."preferences", "public"."User"."googleId", "public"."User"."avatarUrl", "public"."User"."createdAt", "public"."User"."updatedAt", "public"."User"."avatarImageId", "public"."User"."deletedAt" FROM "public"."User" WHERE ("public"."User"."id" = $1 AND 1=1) LIMIT $2 OFFSET $3

      at Object.zc (../../node_modules/@prisma/internals/src/logger.ts:13:11)

  console.log
    prisma:query SELECT "public"."UserRole"."userId", "public"."UserRole"."roleId" FROM "public"."UserRole" WHERE "public"."UserRole"."userId" IN ($1) OFFSET $2

      at Object.zc (../../node_modules/@prisma/internals/src/logger.ts:13:11)

  console.log
    prisma:query SELECT "public"."Role"."id", "public"."Role"."name", "public"."Role"."description", "public"."Role"."isSystem", "public"."Role"."createdAt" FROM "public"."Role" WHERE "public"."Role"."id" IN ($1) OFFSET $2

      at Object.zc (../../node_modules/@prisma/internals/src/logger.ts:13:11)

  console.log
    prisma:query SELECT "public"."RolePermission"."roleId", "public"."RolePermission"."permissionId" FROM "public"."RolePermission" WHERE "public"."RolePermission"."roleId" IN ($1) OFFSET $2

      at Object.zc (../../node_modules/@prisma/internals/src/logger.ts:13:11)

  console.log
    prisma:query SELECT "public"."Permission"."id", "public"."Permission"."key", "public"."Permission"."description", "public"."Permission"."category", "public"."Permission"."createdAt" FROM "public"."Permission" WHERE "public"."Permission"."id" IN ($1,$2,$3,$4,$5,$6) OFFSET $7

      at Object.zc (../../node_modules/@prisma/internals/src/logger.ts:13:11)

  console.log
    prisma:query SELECT "public"."User"."id", "public"."User"."email", "public"."User"."password", "public"."User"."name", "public"."User"."nickname", "public"."User"."bio", "public"."User"."age", "public"."User"."gender"::text, "public"."User"."phoneNumber", "public"."User"."address", "public"."User"."status"::text, "public"."User"."statusReason", "public"."User"."preferences", "public"."User"."googleId", "public"."User"."avatarUrl", "public"."User"."createdAt", "public"."User"."updatedAt", "public"."User"."avatarImageId", "public"."User"."deletedAt" FROM "public"."User" WHERE ("public"."User"."id" = $1 AND 1=1) LIMIT $2 OFFSET $3

      at Object.zc (../../node_modules/@prisma/internals/src/logger.ts:13:11)

  console.log
    prisma:query SELECT "public"."UserRole"."userId", "public"."UserRole"."roleId" FROM "public"."UserRole" WHERE "public"."UserRole"."userId" IN ($1) OFFSET $2

      at Object.zc (../../node_modules/@prisma/internals/src/logger.ts:13:11)

  console.log
    prisma:query SELECT "public"."Role"."id", "public"."Role"."name", "public"."Role"."description", "public"."Role"."isSystem", "public"."Role"."createdAt" FROM "public"."Role" WHERE "public"."Role"."id" IN ($1) OFFSET $2

      at Object.zc (../../node_modules/@prisma/internals/src/logger.ts:13:11)

  console.log
    prisma:query SELECT "public"."RolePermission"."roleId", "public"."RolePermission"."permissionId" FROM "public"."RolePermission" WHERE "public"."RolePermission"."roleId" IN ($1) OFFSET $2

      at Object.zc (../../node_modules/@prisma/internals/src/logger.ts:13:11)

  console.log
    prisma:query SELECT "public"."Permission"."id", "public"."Permission"."key", "public"."Permission"."description", "public"."Permission"."category", "public"."Permission"."createdAt" FROM "public"."Permission" WHERE "public"."Permission"."id" IN ($1,$2,$3,$4,$5,$6) OFFSET $7

      at Object.zc (../../node_modules/@prisma/internals/src/logger.ts:13:11)

  console.log
    prisma:query UPDATE "public"."User" SET "status" = CAST($1::text AS "public"."UserStatus"), "statusReason" = $2, "updatedAt" = $3 WHERE ("public"."User"."id" = $4 AND 1=1) RETURNING "public"."User"."id", "public"."User"."email", "public"."User"."password", "public"."User"."name", "public"."User"."nickname", "public"."User"."bio", "public"."User"."age", "public"."User"."gender"::text, "public"."User"."phoneNumber", "public"."User"."address", "public"."User"."status"::text, "public"."User"."statusReason", "public"."User"."preferences", "public"."User"."googleId", "public"."User"."avatarUrl", "public"."User"."createdAt", "public"."User"."updatedAt", "public"."User"."avatarImageId", "public"."User"."deletedAt"

      at Object.zc (../../node_modules/@prisma/internals/src/logger.ts:13:11)

  console.log
    prisma:query INSERT INTO "public"."AuditLog" ("id","actorId","action","targetType","targetId","metadata","createdAt") VALUES ($1,$2,CAST($3::text AS "public"."AuditAction"),$4,$5,$6,$7) RETURNING "public"."AuditLog"."id", "public"."AuditLog"."actorId", "public"."AuditLog"."action"::text, "public"."AuditLog"."targetType", "public"."AuditLog"."targetId", "public"."AuditLog"."metadata", "public"."AuditLog"."createdAt"

      at Object.zc (../../node_modules/@prisma/internals/src/logger.ts:13:11)

2026-01-28 12:27:52 [32minfo[39m: ::ffff:127.0.0.1 - - [28/Jan/2026:06:57:52 +0000] "PATCH /api/v1/admin/users/2362a196-cb29-48ef-bdf8-616768679f72/unsuspend HTTP/1.1" 200 520 "-" "-"
2026-01-28 12:27:52 [32minfo[39m: ::ffff:127.0.0.1 - - [28/Jan/2026:06:57:52 +0000] "PATCH /api/v1/admin/users/2362a196-cb29-48ef-bdf8-616768679f72/unsuspend HTTP/1.1" 401 25 "-" "-"
2026-01-28 12:27:52 [31merror[39m: Failed to check token denylist
  console.log
    prisma:query SELECT "public"."User"."id", "public"."User"."email", "public"."User"."password", "public"."User"."name", "public"."User"."nickname", "public"."User"."bio", "public"."User"."age", "public"."User"."gender"::text, "public"."User"."phoneNumber", "public"."User"."address", "public"."User"."status"::text, "public"."User"."statusReason", "public"."User"."preferences", "public"."User"."googleId", "public"."User"."avatarUrl", "public"."User"."createdAt", "public"."User"."updatedAt", "public"."User"."avatarImageId", "public"."User"."deletedAt" FROM "public"."User" WHERE ("public"."User"."id" = $1 AND 1=1) LIMIT $2 OFFSET $3

      at Object.zc (../../node_modules/@prisma/internals/src/logger.ts:13:11)

  console.log
    prisma:query SELECT "public"."UserRole"."userId", "public"."UserRole"."roleId" FROM "public"."UserRole" WHERE "public"."UserRole"."userId" IN ($1) OFFSET $2

      at Object.zc (../../node_modules/@prisma/internals/src/logger.ts:13:11)

  console.log
    prisma:query SELECT "public"."Role"."id", "public"."Role"."name", "public"."Role"."description", "public"."Role"."isSystem", "public"."Role"."createdAt" FROM "public"."Role" WHERE "public"."Role"."id" IN ($1) OFFSET $2

      at Object.zc (../../node_modules/@prisma/internals/src/logger.ts:13:11)

  console.log
    prisma:query SELECT "public"."RolePermission"."roleId", "public"."RolePermission"."permissionId" FROM "public"."RolePermission" WHERE "public"."RolePermission"."roleId" IN ($1) OFFSET $2

      at Object.zc (../../node_modules/@prisma/internals/src/logger.ts:13:11)

  console.log
    prisma:query SELECT "public"."User"."id", "public"."User"."email", "public"."User"."password", "public"."User"."name", "public"."User"."nickname", "public"."User"."bio", "public"."User"."age", "public"."User"."gender"::text, "public"."User"."phoneNumber", "public"."User"."address", "public"."User"."status"::text, "public"."User"."statusReason", "public"."User"."preferences", "public"."User"."googleId", "public"."User"."avatarUrl", "public"."User"."createdAt", "public"."User"."updatedAt", "public"."User"."avatarImageId", "public"."User"."deletedAt" FROM "public"."User" WHERE ("public"."User"."id" = $1 AND 1=1) LIMIT $2 OFFSET $3

      at Object.zc (../../node_modules/@prisma/internals/src/logger.ts:13:11)

  console.log
    prisma:query SELECT "public"."UserRole"."userId", "public"."UserRole"."roleId" FROM "public"."UserRole" WHERE "public"."UserRole"."userId" IN ($1) OFFSET $2

      at Object.zc (../../node_modules/@prisma/internals/src/logger.ts:13:11)

  console.log
    prisma:query SELECT "public"."Role"."id", "public"."Role"."name", "public"."Role"."description", "public"."Role"."isSystem", "public"."Role"."createdAt" FROM "public"."Role" WHERE "public"."Role"."id" IN ($1) OFFSET $2

      at Object.zc (../../node_modules/@prisma/internals/src/logger.ts:13:11)

  console.log
    prisma:query SELECT "public"."RolePermission"."roleId", "public"."RolePermission"."permissionId" FROM "public"."RolePermission" WHERE "public"."RolePermission"."roleId" IN ($1) OFFSET $2

      at Object.zc (../../node_modules/@prisma/internals/src/logger.ts:13:11)

  console.log
    prisma:query SELECT "public"."User"."id", "public"."User"."email", "public"."User"."password", "public"."User"."name", "public"."User"."nickname", "public"."User"."bio", "public"."User"."age", "public"."User"."gender"::text, "public"."User"."phoneNumber", "public"."User"."address", "public"."User"."status"::text, "public"."User"."statusReason", "public"."User"."preferences", "public"."User"."googleId", "public"."User"."avatarUrl", "public"."User"."createdAt", "public"."User"."updatedAt", "public"."User"."avatarImageId", "public"."User"."deletedAt" FROM "public"."User" WHERE ("public"."User"."id" = $1 AND 1=1) LIMIT $2 OFFSET $3

      at Object.zc (../../node_modules/@prisma/internals/src/logger.ts:13:11)

  console.log
    prisma:query SELECT "public"."UserRole"."userId", "public"."UserRole"."roleId" FROM "public"."UserRole" WHERE "public"."UserRole"."userId" IN ($1) OFFSET $2

      at Object.zc (../../node_modules/@prisma/internals/src/logger.ts:13:11)

  console.log
    prisma:query SELECT "public"."Role"."id", "public"."Role"."name", "public"."Role"."description", "public"."Role"."isSystem", "public"."Role"."createdAt" FROM "public"."Role" WHERE "public"."Role"."id" IN ($1) OFFSET $2

      at Object.zc (../../node_modules/@prisma/internals/src/logger.ts:13:11)

  console.log
    prisma:query SELECT "public"."RolePermission"."roleId", "public"."RolePermission"."permissionId" FROM "public"."RolePermission" WHERE "public"."RolePermission"."roleId" IN ($1) OFFSET $2

      at Object.zc (../../node_modules/@prisma/internals/src/logger.ts:13:11)

2026-01-28 12:27:52 [31merror[39m: HttpError: You do not have permission to perform this action (user:edit)
    at new HttpError (C:\Users\akash\Documents\Param_Adventures_Phase1\apps\api\src\utils\httpError.js:32:24)
    at C:\Users\akash\Documents\Param_Adventures_Phase1\apps\api\src\middlewares\require-permission.middleware.ts:58:13
2026-01-28 12:27:52 [32minfo[39m: ::ffff:127.0.0.1 - - [28/Jan/2026:06:57:52 +0000] "PATCH /api/v1/admin/users/2362a196-cb29-48ef-bdf8-616768679f72/unsuspend HTTP/1.1" 403 168 "-" "-"
  console.log
    prisma:query INSERT INTO "public"."User" ("id","email","password","name","status","preferences","createdAt","updatedAt") VALUES ($1,$2,$3,$4,CAST($5::text AS "public"."UserStatus"),$6,$7,$8) RETURNING "public"."User"."id", "public"."User"."email", "public"."User"."password", "public"."User"."name", "public"."User"."nickname", "public"."User"."bio", "public"."User"."age", "public"."User"."gender"::text, "public"."User"."phoneNumber", "public"."User"."address", "public"."User"."status"::text, "public"."User"."statusReason", "public"."User"."preferences", "public"."User"."googleId", "public"."User"."avatarUrl", "public"."User"."createdAt", "public"."User"."updatedAt", "public"."User"."avatarImageId", "public"."User"."deletedAt"

      at Object.zc (../../node_modules/@prisma/internals/src/logger.ts:13:11)

2026-01-28 12:27:52 [31merror[39m: Failed to check token denylist
  console.log
    prisma:query SELECT "public"."User"."id", "public"."User"."email", "public"."User"."password", "public"."User"."name", "public"."User"."nickname", "public"."User"."bio", "public"."User"."age", "public"."User"."gender"::text, "public"."User"."phoneNumber", "public"."User"."address", "public"."User"."status"::text, "public"."User"."statusReason", "public"."User"."preferences", "public"."User"."googleId", "public"."User"."avatarUrl", "public"."User"."createdAt", "public"."User"."updatedAt", "public"."User"."avatarImageId", "public"."User"."deletedAt" FROM "public"."User" WHERE ("public"."User"."id" = $1 AND 1=1) LIMIT $2 OFFSET $3

      at Object.zc (../../node_modules/@prisma/internals/src/logger.ts:13:11)

  console.log
    prisma:query SELECT "public"."UserRole"."userId", "public"."UserRole"."roleId" FROM "public"."UserRole" WHERE "public"."UserRole"."userId" IN ($1) OFFSET $2

      at Object.zc (../../node_modules/@prisma/internals/src/logger.ts:13:11)

  console.log
    prisma:query SELECT "public"."Role"."id", "public"."Role"."name", "public"."Role"."description", "public"."Role"."isSystem", "public"."Role"."createdAt" FROM "public"."Role" WHERE "public"."Role"."id" IN ($1) OFFSET $2

      at Object.zc (../../node_modules/@prisma/internals/src/logger.ts:13:11)

  console.log
    prisma:query SELECT "public"."RolePermission"."roleId", "public"."RolePermission"."permissionId" FROM "public"."RolePermission" WHERE "public"."RolePermission"."roleId" IN ($1) OFFSET $2

      at Object.zc (../../node_modules/@prisma/internals/src/logger.ts:13:11)

  console.log
    prisma:query SELECT "public"."Permission"."id", "public"."Permission"."key", "public"."Permission"."description", "public"."Permission"."category", "public"."Permission"."createdAt" FROM "public"."Permission" WHERE "public"."Permission"."id" IN ($1,$2,$3,$4,$5,$6) OFFSET $7

      at Object.zc (../../node_modules/@prisma/internals/src/logger.ts:13:11)

  console.log
    prisma:query SELECT "public"."User"."id", "public"."User"."email", "public"."User"."password", "public"."User"."name", "public"."User"."nickname", "public"."User"."bio", "public"."User"."age", "public"."User"."gender"::text, "public"."User"."phoneNumber", "public"."User"."address", "public"."User"."status"::text, "public"."User"."statusReason", "public"."User"."preferences", "public"."User"."googleId", "public"."User"."avatarUrl", "public"."User"."createdAt", "public"."User"."updatedAt", "public"."User"."avatarImageId", "public"."User"."deletedAt" FROM "public"."User" WHERE ("public"."User"."id" = $1 AND 1=1) LIMIT $2 OFFSET $3

      at Object.zc (../../node_modules/@prisma/internals/src/logger.ts:13:11)

  console.log
    prisma:query SELECT "public"."UserRole"."userId", "public"."UserRole"."roleId" FROM "public"."UserRole" WHERE "public"."UserRole"."userId" IN ($1) OFFSET $2

      at Object.zc (../../node_modules/@prisma/internals/src/logger.ts:13:11)

  console.log
    prisma:query SELECT "public"."Role"."id", "public"."Role"."name", "public"."Role"."description", "public"."Role"."isSystem", "public"."Role"."createdAt" FROM "public"."Role" WHERE "public"."Role"."id" IN ($1) OFFSET $2

      at Object.zc (../../node_modules/@prisma/internals/src/logger.ts:13:11)

  console.log
    prisma:query SELECT "public"."RolePermission"."roleId", "public"."RolePermission"."permissionId" FROM "public"."RolePermission" WHERE "public"."RolePermission"."roleId" IN ($1) OFFSET $2

      at Object.zc (../../node_modules/@prisma/internals/src/logger.ts:13:11)

  console.log
    prisma:query SELECT "public"."Permission"."id", "public"."Permission"."key", "public"."Permission"."description", "public"."Permission"."category", "public"."Permission"."createdAt" FROM "public"."Permission" WHERE "public"."Permission"."id" IN ($1,$2,$3,$4,$5,$6) OFFSET $7

      at Object.zc (../../node_modules/@prisma/internals/src/logger.ts:13:11)

  console.log
    prisma:query UPDATE "public"."User" SET "status" = CAST($1::text AS "public"."UserStatus"), "statusReason" = $2, "updatedAt" = $3 WHERE ("public"."User"."id" = $4 AND 1=1) RETURNING "public"."User"."id", "public"."User"."email", "public"."User"."password", "public"."User"."name", "public"."User"."nickname", "public"."User"."bio", "public"."User"."age", "public"."User"."gender"::text, "public"."User"."phoneNumber", "public"."User"."address", "public"."User"."status"::text, "public"."User"."statusReason", "public"."User"."preferences", "public"."User"."googleId", "public"."User"."avatarUrl", "public"."User"."createdAt", "public"."User"."updatedAt", "public"."User"."avatarImageId", "public"."User"."deletedAt"

      at Object.zc (../../node_modules/@prisma/internals/src/logger.ts:13:11)

  console.log
    prisma:query INSERT INTO "public"."AuditLog" ("id","actorId","action","targetType","targetId","metadata","createdAt") VALUES ($1,$2,CAST($3::text AS "public"."AuditAction"),$4,$5,$6,$7) RETURNING "public"."AuditLog"."id", "public"."AuditLog"."actorId", "public"."AuditLog"."action"::text, "public"."AuditLog"."targetType", "public"."AuditLog"."targetId", "public"."AuditLog"."metadata", "public"."AuditLog"."createdAt"

      at Object.zc (../../node_modules/@prisma/internals/src/logger.ts:13:11)

2026-01-28 12:27:52 [32minfo[39m: ::ffff:127.0.0.1 - - [28/Jan/2026:06:57:52 +0000] "DELETE /api/v1/admin/users/52edfb79-bcb7-4949-93f7-deab673570f4 HTTP/1.1" 200 126 "-" "-"
  console.log
    prisma:query SELECT "public"."User"."id", "public"."User"."email", "public"."User"."password", "public"."User"."name", "public"."User"."nickname", "public"."User"."bio", "public"."User"."age", "public"."User"."gender"::text, "public"."User"."phoneNumber", "public"."User"."address", "public"."User"."status"::text, "public"."User"."statusReason", "public"."User"."preferences", "public"."User"."googleId", "public"."User"."avatarUrl", "public"."User"."createdAt", "public"."User"."updatedAt", "public"."User"."avatarImageId", "public"."User"."deletedAt" FROM "public"."User" WHERE ("public"."User"."id" = $1 AND 1=1) LIMIT $2 OFFSET $3

      at Object.zc (../../node_modules/@prisma/internals/src/logger.ts:13:11)

2026-01-28 12:27:52 [32minfo[39m: ::ffff:127.0.0.1 - - [28/Jan/2026:06:57:52 +0000] "DELETE /api/v1/admin/users/2362a196-cb29-48ef-bdf8-616768679f72 HTTP/1.1" 401 25 "-" "-"
2026-01-28 12:27:52 [31merror[39m: Failed to check token denylist
  console.log
    prisma:query SELECT "public"."User"."id", "public"."User"."email", "public"."User"."password", "public"."User"."name", "public"."User"."nickname", "public"."User"."bio", "public"."User"."age", "public"."User"."gender"::text, "public"."User"."phoneNumber", "public"."User"."address", "public"."User"."status"::text, "public"."User"."statusReason", "public"."User"."preferences", "public"."User"."googleId", "public"."User"."avatarUrl", "public"."User"."createdAt", "public"."User"."updatedAt", "public"."User"."avatarImageId", "public"."User"."deletedAt" FROM "public"."User" WHERE ("public"."User"."id" = $1 AND 1=1) LIMIT $2 OFFSET $3

      at Object.zc (../../node_modules/@prisma/internals/src/logger.ts:13:11)

  console.log
    prisma:query SELECT "public"."UserRole"."userId", "public"."UserRole"."roleId" FROM "public"."UserRole" WHERE "public"."UserRole"."userId" IN ($1) OFFSET $2

      at Object.zc (../../node_modules/@prisma/internals/src/logger.ts:13:11)

  console.log
    prisma:query SELECT "public"."Role"."id", "public"."Role"."name", "public"."Role"."description", "public"."Role"."isSystem", "public"."Role"."createdAt" FROM "public"."Role" WHERE "public"."Role"."id" IN ($1) OFFSET $2

      at Object.zc (../../node_modules/@prisma/internals/src/logger.ts:13:11)

  console.log
    prisma:query SELECT "public"."RolePermission"."roleId", "public"."RolePermission"."permissionId" FROM "public"."RolePermission" WHERE "public"."RolePermission"."roleId" IN ($1) OFFSET $2

      at Object.zc (../../node_modules/@prisma/internals/src/logger.ts:13:11)

  console.log
    prisma:query SELECT "public"."User"."id", "public"."User"."email", "public"."User"."password", "public"."User"."name", "public"."User"."nickname", "public"."User"."bio", "public"."User"."age", "public"."User"."gender"::text, "public"."User"."phoneNumber", "public"."User"."address", "public"."User"."status"::text, "public"."User"."statusReason", "public"."User"."preferences", "public"."User"."googleId", "public"."User"."avatarUrl", "public"."User"."createdAt", "public"."User"."updatedAt", "public"."User"."avatarImageId", "public"."User"."deletedAt" FROM "public"."User" WHERE ("public"."User"."id" = $1 AND 1=1) LIMIT $2 OFFSET $3

      at Object.zc (../../node_modules/@prisma/internals/src/logger.ts:13:11)

  console.log
    prisma:query SELECT "public"."UserRole"."userId", "public"."UserRole"."roleId" FROM "public"."UserRole" WHERE "public"."UserRole"."userId" IN ($1) OFFSET $2

      at Object.zc (../../node_modules/@prisma/internals/src/logger.ts:13:11)

  console.log
    prisma:query SELECT "public"."Role"."id", "public"."Role"."name", "public"."Role"."description", "public"."Role"."isSystem", "public"."Role"."createdAt" FROM "public"."Role" WHERE "public"."Role"."id" IN ($1) OFFSET $2

      at Object.zc (../../node_modules/@prisma/internals/src/logger.ts:13:11)

  console.log
    prisma:query SELECT "public"."RolePermission"."roleId", "public"."RolePermission"."permissionId" FROM "public"."RolePermission" WHERE "public"."RolePermission"."roleId" IN ($1) OFFSET $2

      at Object.zc (../../node_modules/@prisma/internals/src/logger.ts:13:11)

  console.log
    prisma:query SELECT "public"."User"."id", "public"."User"."email", "public"."User"."password", "public"."User"."name", "public"."User"."nickname", "public"."User"."bio", "public"."User"."age", "public"."User"."gender"::text, "public"."User"."phoneNumber", "public"."User"."address", "public"."User"."status"::text, "public"."User"."statusReason", "public"."User"."preferences", "public"."User"."googleId", "public"."User"."avatarUrl", "public"."User"."createdAt", "public"."User"."updatedAt", "public"."User"."avatarImageId", "public"."User"."deletedAt" FROM "public"."User" WHERE ("public"."User"."id" = $1 AND 1=1) LIMIT $2 OFFSET $3

      at Object.zc (../../node_modules/@prisma/internals/src/logger.ts:13:11)

  console.log
    prisma:query SELECT "public"."UserRole"."userId", "public"."UserRole"."roleId" FROM "public"."UserRole" WHERE "public"."UserRole"."userId" IN ($1) OFFSET $2

      at Object.zc (../../node_modules/@prisma/internals/src/logger.ts:13:11)

  console.log
    prisma:query SELECT "public"."Role"."id", "public"."Role"."name", "public"."Role"."description", "public"."Role"."isSystem", "public"."Role"."createdAt" FROM "public"."Role" WHERE "public"."Role"."id" IN ($1) OFFSET $2

      at Object.zc (../../node_modules/@prisma/internals/src/logger.ts:13:11)

  console.log
    prisma:query SELECT "public"."RolePermission"."roleId", "public"."RolePermission"."permissionId" FROM "public"."RolePermission" WHERE "public"."RolePermission"."roleId" IN ($1) OFFSET $2

      at Object.zc (../../node_modules/@prisma/internals/src/logger.ts:13:11)

2026-01-28 12:27:52 [31merror[39m: HttpError: You do not have permission to perform this action (user:delete)
    at new HttpError (C:\Users\akash\Documents\Param_Adventures_Phase1\apps\api\src\utils\httpError.js:32:24)
    at C:\Users\akash\Documents\Param_Adventures_Phase1\apps\api\src\middlewares\require-permission.middleware.ts:58:13
2026-01-28 12:27:52 [32minfo[39m: ::ffff:127.0.0.1 - - [28/Jan/2026:06:57:52 +0000] "DELETE /api/v1/admin/users/2362a196-cb29-48ef-bdf8-616768679f72 HTTP/1.1" 403 170 "-" "-"
2026-01-28 12:27:52 [31merror[39m: Failed to check token denylist
  console.log
    prisma:query SELECT "public"."User"."id", "public"."User"."email", "public"."User"."password", "public"."User"."name", "public"."User"."nickname", "public"."User"."bio", "public"."User"."age", "public"."User"."gender"::text, "public"."User"."phoneNumber", "public"."User"."address", "public"."User"."status"::text, "public"."User"."statusReason", "public"."User"."preferences", "public"."User"."googleId", "public"."User"."avatarUrl", "public"."User"."createdAt", "public"."User"."updatedAt", "public"."User"."avatarImageId", "public"."User"."deletedAt" FROM "public"."User" WHERE ("public"."User"."id" = $1 AND 1=1) LIMIT $2 OFFSET $3

      at Object.zc (../../node_modules/@prisma/internals/src/logger.ts:13:11)

  console.log
    prisma:query SELECT "public"."UserRole"."userId", "public"."UserRole"."roleId" FROM "public"."UserRole" WHERE "public"."UserRole"."userId" IN ($1) OFFSET $2

      at Object.zc (../../node_modules/@prisma/internals/src/logger.ts:13:11)

  console.log
    prisma:query SELECT "public"."Role"."id", "public"."Role"."name", "public"."Role"."description", "public"."Role"."isSystem", "public"."Role"."createdAt" FROM "public"."Role" WHERE "public"."Role"."id" IN ($1) OFFSET $2

      at Object.zc (../../node_modules/@prisma/internals/src/logger.ts:13:11)

  console.log
    prisma:query SELECT "public"."RolePermission"."roleId", "public"."RolePermission"."permissionId" FROM "public"."RolePermission" WHERE "public"."RolePermission"."roleId" IN ($1) OFFSET $2

      at Object.zc (../../node_modules/@prisma/internals/src/logger.ts:13:11)

  console.log
    prisma:query SELECT "public"."Permission"."id", "public"."Permission"."key", "public"."Permission"."description", "public"."Permission"."category", "public"."Permission"."createdAt" FROM "public"."Permission" WHERE "public"."Permission"."id" IN ($1,$2,$3,$4,$5,$6) OFFSET $7

      at Object.zc (../../node_modules/@prisma/internals/src/logger.ts:13:11)

  console.log
    prisma:query SELECT "public"."User"."id", "public"."User"."email", "public"."User"."password", "public"."User"."name", "public"."User"."nickname", "public"."User"."bio", "public"."User"."age", "public"."User"."gender"::text, "public"."User"."phoneNumber", "public"."User"."address", "public"."User"."status"::text, "public"."User"."statusReason", "public"."User"."preferences", "public"."User"."googleId", "public"."User"."avatarUrl", "public"."User"."createdAt", "public"."User"."updatedAt", "public"."User"."avatarImageId", "public"."User"."deletedAt" FROM "public"."User" WHERE ("public"."User"."id" = $1 AND 1=1) LIMIT $2 OFFSET $3

      at Object.zc (../../node_modules/@prisma/internals/src/logger.ts:13:11)

  console.log
    prisma:query SELECT "public"."UserRole"."userId", "public"."UserRole"."roleId" FROM "public"."UserRole" WHERE "public"."UserRole"."userId" IN ($1) OFFSET $2

      at Object.zc (../../node_modules/@prisma/internals/src/logger.ts:13:11)

  console.log
    prisma:query SELECT "public"."Role"."id", "public"."Role"."name", "public"."Role"."description", "public"."Role"."isSystem", "public"."Role"."createdAt" FROM "public"."Role" WHERE "public"."Role"."id" IN ($1) OFFSET $2

      at Object.zc (../../node_modules/@prisma/internals/src/logger.ts:13:11)

  console.log
    prisma:query SELECT "public"."RolePermission"."roleId", "public"."RolePermission"."permissionId" FROM "public"."RolePermission" WHERE "public"."RolePermission"."roleId" IN ($1) OFFSET $2

      at Object.zc (../../node_modules/@prisma/internals/src/logger.ts:13:11)

  console.log
    prisma:query SELECT "public"."Permission"."id", "public"."Permission"."key", "public"."Permission"."description", "public"."Permission"."category", "public"."Permission"."createdAt" FROM "public"."Permission" WHERE "public"."Permission"."id" IN ($1,$2,$3,$4,$5,$6) OFFSET $7

      at Object.zc (../../node_modules/@prisma/internals/src/logger.ts:13:11)

  console.log
    prisma:query BEGIN

      at Object.zc (../../node_modules/@prisma/internals/src/logger.ts:13:11)

  console.log
    prisma:query SELECT COUNT(*) AS "_count$_all" FROM (SELECT "public"."Blog"."id" FROM "public"."Blog" WHERE "public"."Blog"."status" = CAST($1::text AS "public"."BlogStatus") OFFSET $2) AS "sub"

      at Object.zc (../../node_modules/@prisma/internals/src/logger.ts:13:11)

  console.log
    prisma:query SELECT COUNT(*) AS "_count$_all" FROM (SELECT "public"."User"."id" FROM "public"."User" WHERE "public"."User"."status" = CAST($1::text AS "public"."UserStatus") OFFSET $2) AS "sub"

      at Object.zc (../../node_modules/@prisma/internals/src/logger.ts:13:11)

  console.log
    prisma:query SELECT COUNT(*) AS "_count$_all" FROM (SELECT "public"."Trip"."id" FROM "public"."Trip" WHERE "public"."Trip"."status" = CAST($1::text AS "public"."TripStatus") OFFSET $2) AS "sub"

      at Object.zc (../../node_modules/@prisma/internals/src/logger.ts:13:11)

  console.log
    prisma:query SELECT "public"."AuditLog"."id", "public"."AuditLog"."action"::text, "public"."AuditLog"."createdAt", "public"."AuditLog"."targetType" FROM "public"."AuditLog" WHERE 1=1 ORDER BY "public"."AuditLog"."createdAt" DESC LIMIT $1 OFFSET $2

      at Object.zc (../../node_modules/@prisma/internals/src/logger.ts:13:11)

  console.log
    prisma:query COMMIT

      at Object.zc (../../node_modules/@prisma/internals/src/logger.ts:13:11)

  console.log
    prisma:query SELECT SUM("amount") AS "_sum$amount" FROM (SELECT "public"."Payment"."amount" FROM "public"."Payment" WHERE ("public"."Payment"."status" = CAST($1::text AS "public"."PaymentStatus") AND "public"."Payment"."createdAt" >= $2) OFFSET $3) AS "sub"

      at Object.zc (../../node_modules/@prisma/internals/src/logger.ts:13:11)

  console.log
    prisma:query SELECT SUM("amount") AS "_sum$amount" FROM (SELECT "public"."Payment"."amount" FROM "public"."Payment" WHERE ("public"."Payment"."status" = CAST($1::text AS "public"."PaymentStatus") AND "public"."Payment"."createdAt" >= $2 AND "public"."Payment"."createdAt" <= $3) OFFSET $4) AS "sub"

      at Object.zc (../../node_modules/@prisma/internals/src/logger.ts:13:11)

  console.log
    prisma:query SELECT SUM("totalPrice") AS "_sum$totalPrice" FROM (SELECT "public"."Booking"."totalPrice" FROM "public"."Booking" WHERE "public"."Booking"."status" IN (CAST($1::text AS "public"."BookingStatus"),CAST($2::text AS "public"."BookingStatus")) OFFSET $3) AS "sub"

      at Object.zc (../../node_modules/@prisma/internals/src/logger.ts:13:11)

  console.log
    prisma:query SELECT SUM("amount") AS "_sum$amount" FROM (SELECT "public"."Payment"."amount" FROM "public"."Payment" WHERE ("public"."Payment"."status" = CAST($1::text AS "public"."PaymentStatus") AND "public"."Payment"."createdAt" >= $2 AND "public"."Payment"."createdAt" <= $3) OFFSET $4) AS "sub"

      at Object.zc (../../node_modules/@prisma/internals/src/logger.ts:13:11)

  console.log
    prisma:query SELECT SUM("amount") AS "_sum$amount" FROM (SELECT "public"."Payment"."amount" FROM "public"."Payment" WHERE ("public"."Payment"."status" = CAST($1::text AS "public"."PaymentStatus") AND "public"."Payment"."createdAt" >= $2 AND "public"."Payment"."createdAt" <= $3) OFFSET $4) AS "sub"

      at Object.zc (../../node_modules/@prisma/internals/src/logger.ts:13:11)

  console.log
    prisma:query SELECT SUM("amount") AS "_sum$amount" FROM (SELECT "public"."Payment"."amount" FROM "public"."Payment" WHERE ("public"."Payment"."status" = CAST($1::text AS "public"."PaymentStatus") AND "public"."Payment"."createdAt" >= $2 AND "public"."Payment"."createdAt" <= $3) OFFSET $4) AS "sub"

      at Object.zc (../../node_modules/@prisma/internals/src/logger.ts:13:11)

  console.log
    prisma:query SELECT SUM("amount") AS "_sum$amount" FROM (SELECT "public"."Payment"."amount" FROM "public"."Payment" WHERE ("public"."Payment"."status" = CAST($1::text AS "public"."PaymentStatus") AND "public"."Payment"."createdAt" >= $2 AND "public"."Payment"."createdAt" <= $3) OFFSET $4) AS "sub"

      at Object.zc (../../node_modules/@prisma/internals/src/logger.ts:13:11)

  console.log
    prisma:query SELECT SUM("amount") AS "_sum$amount" FROM (SELECT "public"."Payment"."amount" FROM "public"."Payment" WHERE ("public"."Payment"."status" = CAST($1::text AS "public"."PaymentStatus") AND "public"."Payment"."createdAt" >= $2 AND "public"."Payment"."createdAt" <= $3) OFFSET $4) AS "sub"

      at Object.zc (../../node_modules/@prisma/internals/src/logger.ts:13:11)

  console.log
    prisma:query SELECT SUM("amount") AS "_sum$amount" FROM (SELECT "public"."Payment"."amount" FROM "public"."Payment" WHERE ("public"."Payment"."status" = CAST($1::text AS "public"."PaymentStatus") AND "public"."Payment"."createdAt" >= $2 AND "public"."Payment"."createdAt" <= $3) OFFSET $4) AS "sub"

      at Object.zc (../../node_modules/@prisma/internals/src/logger.ts:13:11)

2026-01-28 12:27:52 [32minfo[39m: ::ffff:127.0.0.1 - - [28/Jan/2026:06:57:52 +0000] "GET /api/v1/admin/dashboard/stats HTTP/1.1" 200 770 "-" "-"
2026-01-28 12:27:52 [32minfo[39m: ::ffff:127.0.0.1 - - [28/Jan/2026:06:57:52 +0000] "GET /api/v1/admin/dashboard/stats HTTP/1.1" 401 25 "-" "-"
2026-01-28 12:27:52 [31merror[39m: Failed to check token denylist
  console.log
    prisma:query SELECT "public"."User"."id", "public"."User"."email", "public"."User"."password", "public"."User"."name", "public"."User"."nickname", "public"."User"."bio", "public"."User"."age", "public"."User"."gender"::text, "public"."User"."phoneNumber", "public"."User"."address", "public"."User"."status"::text, "public"."User"."statusReason", "public"."User"."preferences", "public"."User"."googleId", "public"."User"."avatarUrl", "public"."User"."createdAt", "public"."User"."updatedAt", "public"."User"."avatarImageId", "public"."User"."deletedAt" FROM "public"."User" WHERE ("public"."User"."id" = $1 AND 1=1) LIMIT $2 OFFSET $3

      at Object.zc (../../node_modules/@prisma/internals/src/logger.ts:13:11)

  console.log
    prisma:query SELECT "public"."UserRole"."userId", "public"."UserRole"."roleId" FROM "public"."UserRole" WHERE "public"."UserRole"."userId" IN ($1) OFFSET $2

      at Object.zc (../../node_modules/@prisma/internals/src/logger.ts:13:11)

  console.log
    prisma:query SELECT "public"."Role"."id", "public"."Role"."name", "public"."Role"."description", "public"."Role"."isSystem", "public"."Role"."createdAt" FROM "public"."Role" WHERE "public"."Role"."id" IN ($1) OFFSET $2

      at Object.zc (../../node_modules/@prisma/internals/src/logger.ts:13:11)

  console.log
    prisma:query SELECT "public"."RolePermission"."roleId", "public"."RolePermission"."permissionId" FROM "public"."RolePermission" WHERE "public"."RolePermission"."roleId" IN ($1) OFFSET $2

      at Object.zc (../../node_modules/@prisma/internals/src/logger.ts:13:11)

  console.log
    prisma:query SELECT "public"."User"."id", "public"."User"."email", "public"."User"."password", "public"."User"."name", "public"."User"."nickname", "public"."User"."bio", "public"."User"."age", "public"."User"."gender"::text, "public"."User"."phoneNumber", "public"."User"."address", "public"."User"."status"::text, "public"."User"."statusReason", "public"."User"."preferences", "public"."User"."googleId", "public"."User"."avatarUrl", "public"."User"."createdAt", "public"."User"."updatedAt", "public"."User"."avatarImageId", "public"."User"."deletedAt" FROM "public"."User" WHERE ("public"."User"."id" = $1 AND 1=1) LIMIT $2 OFFSET $3

      at Object.zc (../../node_modules/@prisma/internals/src/logger.ts:13:11)

  console.log
    prisma:query SELECT "public"."UserRole"."userId", "public"."UserRole"."roleId" FROM "public"."UserRole" WHERE "public"."UserRole"."userId" IN ($1) OFFSET $2

      at Object.zc (../../node_modules/@prisma/internals/src/logger.ts:13:11)

  console.log
    prisma:query SELECT "public"."Role"."id", "public"."Role"."name", "public"."Role"."description", "public"."Role"."isSystem", "public"."Role"."createdAt" FROM "public"."Role" WHERE "public"."Role"."id" IN ($1) OFFSET $2

      at Object.zc (../../node_modules/@prisma/internals/src/logger.ts:13:11)

  console.log
    prisma:query SELECT "public"."RolePermission"."roleId", "public"."RolePermission"."permissionId" FROM "public"."RolePermission" WHERE "public"."RolePermission"."roleId" IN ($1) OFFSET $2

      at Object.zc (../../node_modules/@prisma/internals/src/logger.ts:13:11)

  console.log
    prisma:query SELECT "public"."User"."id", "public"."User"."email", "public"."User"."password", "public"."User"."name", "public"."User"."nickname", "public"."User"."bio", "public"."User"."age", "public"."User"."gender"::text, "public"."User"."phoneNumber", "public"."User"."address", "public"."User"."status"::text, "public"."User"."statusReason", "public"."User"."preferences", "public"."User"."googleId", "public"."User"."avatarUrl", "public"."User"."createdAt", "public"."User"."updatedAt", "public"."User"."avatarImageId", "public"."User"."deletedAt" FROM "public"."User" WHERE ("public"."User"."id" = $1 AND 1=1) LIMIT $2 OFFSET $3

      at Object.zc (../../node_modules/@prisma/internals/src/logger.ts:13:11)

  console.log
    prisma:query SELECT "public"."UserRole"."userId", "public"."UserRole"."roleId" FROM "public"."UserRole" WHERE "public"."UserRole"."userId" IN ($1) OFFSET $2

      at Object.zc (../../node_modules/@prisma/internals/src/logger.ts:13:11)

  console.log
    prisma:query SELECT "public"."Role"."id", "public"."Role"."name", "public"."Role"."description", "public"."Role"."isSystem", "public"."Role"."createdAt" FROM "public"."Role" WHERE "public"."Role"."id" IN ($1) OFFSET $2

      at Object.zc (../../node_modules/@prisma/internals/src/logger.ts:13:11)

  console.log
    prisma:query SELECT "public"."RolePermission"."roleId", "public"."RolePermission"."permissionId" FROM "public"."RolePermission" WHERE "public"."RolePermission"."roleId" IN ($1) OFFSET $2

      at Object.zc (../../node_modules/@prisma/internals/src/logger.ts:13:11)

2026-01-28 12:27:52 [31merror[39m: HttpError: You do not have permission to perform this action (admin:dashboard)
    at new HttpError (C:\Users\akash\Documents\Param_Adventures_Phase1\apps\api\src\utils\httpError.js:32:24)
    at C:\Users\akash\Documents\Param_Adventures_Phase1\apps\api\src\middlewares\require-permission.middleware.ts:58:13
2026-01-28 12:27:52 [32minfo[39m: ::ffff:127.0.0.1 - - [28/Jan/2026:06:57:52 +0000] "GET /api/v1/admin/dashboard/stats HTTP/1.1" 403 174 "-" "-"
2026-01-28 12:27:52 [31merror[39m: Failed to check token denylist
  console.log
    prisma:query SELECT "public"."User"."id", "public"."User"."email", "public"."User"."password", "public"."User"."name", "public"."User"."nickname", "public"."User"."bio", "public"."User"."age", "public"."User"."gender"::text, "public"."User"."phoneNumber", "public"."User"."address", "public"."User"."status"::text, "public"."User"."statusReason", "public"."User"."preferences", "public"."User"."googleId", "public"."User"."avatarUrl", "public"."User"."createdAt", "public"."User"."updatedAt", "public"."User"."avatarImageId", "public"."User"."deletedAt" FROM "public"."User" WHERE ("public"."User"."id" = $1 AND 1=1) LIMIT $2 OFFSET $3

      at Object.zc (../../node_modules/@prisma/internals/src/logger.ts:13:11)

  console.log
    prisma:query SELECT "public"."UserRole"."userId", "public"."UserRole"."roleId" FROM "public"."UserRole" WHERE "public"."UserRole"."userId" IN ($1) OFFSET $2

      at Object.zc (../../node_modules/@prisma/internals/src/logger.ts:13:11)

  console.log
    prisma:query SELECT "public"."Role"."id", "public"."Role"."name", "public"."Role"."description", "public"."Role"."isSystem", "public"."Role"."createdAt" FROM "public"."Role" WHERE "public"."Role"."id" IN ($1) OFFSET $2

      at Object.zc (../../node_modules/@prisma/internals/src/logger.ts:13:11)

  console.log
    prisma:query SELECT "public"."RolePermission"."roleId", "public"."RolePermission"."permissionId" FROM "public"."RolePermission" WHERE "public"."RolePermission"."roleId" IN ($1) OFFSET $2

      at Object.zc (../../node_modules/@prisma/internals/src/logger.ts:13:11)

  console.log
    prisma:query SELECT "public"."Permission"."id", "public"."Permission"."key", "public"."Permission"."description", "public"."Permission"."category", "public"."Permission"."createdAt" FROM "public"."Permission" WHERE "public"."Permission"."id" IN ($1,$2,$3,$4,$5,$6) OFFSET $7

      at Object.zc (../../node_modules/@prisma/internals/src/logger.ts:13:11)

  console.log
    prisma:query SELECT "public"."User"."id", "public"."User"."email", "public"."User"."password", "public"."User"."name", "public"."User"."nickname", "public"."User"."bio", "public"."User"."age", "public"."User"."gender"::text, "public"."User"."phoneNumber", "public"."User"."address", "public"."User"."status"::text, "public"."User"."statusReason", "public"."User"."preferences", "public"."User"."googleId", "public"."User"."avatarUrl", "public"."User"."createdAt", "public"."User"."updatedAt", "public"."User"."avatarImageId", "public"."User"."deletedAt" FROM "public"."User" WHERE ("public"."User"."id" = $1 AND 1=1) LIMIT $2 OFFSET $3

      at Object.zc (../../node_modules/@prisma/internals/src/logger.ts:13:11)

  console.log
    prisma:query SELECT "public"."UserRole"."userId", "public"."UserRole"."roleId" FROM "public"."UserRole" WHERE "public"."UserRole"."userId" IN ($1) OFFSET $2

      at Object.zc (../../node_modules/@prisma/internals/src/logger.ts:13:11)

  console.log
    prisma:query SELECT "public"."Role"."id", "public"."Role"."name", "public"."Role"."description", "public"."Role"."isSystem", "public"."Role"."createdAt" FROM "public"."Role" WHERE "public"."Role"."id" IN ($1) OFFSET $2

      at Object.zc (../../node_modules/@prisma/internals/src/logger.ts:13:11)

  console.log
    prisma:query SELECT "public"."RolePermission"."roleId", "public"."RolePermission"."permissionId" FROM "public"."RolePermission" WHERE "public"."RolePermission"."roleId" IN ($1) OFFSET $2

      at Object.zc (../../node_modules/@prisma/internals/src/logger.ts:13:11)

  console.log
    prisma:query SELECT "public"."Permission"."id", "public"."Permission"."key", "public"."Permission"."description", "public"."Permission"."category", "public"."Permission"."createdAt" FROM "public"."Permission" WHERE "public"."Permission"."id" IN ($1,$2,$3,$4,$5,$6) OFFSET $7

      at Object.zc (../../node_modules/@prisma/internals/src/logger.ts:13:11)

  console.log
    prisma:query SELECT SUM("amount") AS "_sum$amount" FROM (SELECT "public"."Payment"."amount" FROM "public"."Payment" WHERE ("public"."Payment"."status" = CAST($1::text AS "public"."PaymentStatus") AND "public"."Payment"."createdAt" >= $2 AND "public"."Payment"."createdAt" <= $3) OFFSET $4) AS "sub"

      at Object.zc (../../node_modules/@prisma/internals/src/logger.ts:13:11)

  console.log
    prisma:query SELECT SUM("amount") AS "_sum$amount" FROM (SELECT "public"."Payment"."amount" FROM "public"."Payment" WHERE ("public"."Payment"."status" = CAST($1::text AS "public"."PaymentStatus") AND "public"."Payment"."createdAt" >= $2) OFFSET $3) AS "sub"

      at Object.zc (../../node_modules/@prisma/internals/src/logger.ts:13:11)

  console.log
    prisma:query SELECT SUM("totalPrice") AS "_sum$totalPrice" FROM (SELECT "public"."Booking"."totalPrice" FROM "public"."Booking" WHERE "public"."Booking"."status" IN (CAST($1::text AS "public"."BookingStatus"),CAST($2::text AS "public"."BookingStatus")) OFFSET $3) AS "sub"

      at Object.zc (../../node_modules/@prisma/internals/src/logger.ts:13:11)

  console.log
    prisma:query SELECT SUM("amount") AS "_sum$amount" FROM (SELECT "public"."Payment"."amount" FROM "public"."Payment" WHERE ("public"."Payment"."status" = CAST($1::text AS "public"."PaymentStatus") AND "public"."Payment"."createdAt" >= $2 AND "public"."Payment"."createdAt" <= $3) OFFSET $4) AS "sub"

      at Object.zc (../../node_modules/@prisma/internals/src/logger.ts:13:11)

  console.log
    prisma:query SELECT SUM("amount") AS "_sum$amount" FROM (SELECT "public"."Payment"."amount" FROM "public"."Payment" WHERE ("public"."Payment"."status" = CAST($1::text AS "public"."PaymentStatus") AND "public"."Payment"."createdAt" >= $2 AND "public"."Payment"."createdAt" <= $3) OFFSET $4) AS "sub"

      at Object.zc (../../node_modules/@prisma/internals/src/logger.ts:13:11)

  console.log
    prisma:query SELECT SUM("amount") AS "_sum$amount" FROM (SELECT "public"."Payment"."amount" FROM "public"."Payment" WHERE ("public"."Payment"."status" = CAST($1::text AS "public"."PaymentStatus") AND "public"."Payment"."createdAt" >= $2 AND "public"."Payment"."createdAt" <= $3) OFFSET $4) AS "sub"

      at Object.zc (../../node_modules/@prisma/internals/src/logger.ts:13:11)

  console.log
    prisma:query SELECT SUM("amount") AS "_sum$amount" FROM (SELECT "public"."Payment"."amount" FROM "public"."Payment" WHERE ("public"."Payment"."status" = CAST($1::text AS "public"."PaymentStatus") AND "public"."Payment"."createdAt" >= $2 AND "public"."Payment"."createdAt" <= $3) OFFSET $4) AS "sub"

      at Object.zc (../../node_modules/@prisma/internals/src/logger.ts:13:11)

  console.log
    prisma:query SELECT SUM("amount") AS "_sum$amount" FROM (SELECT "public"."Payment"."amount" FROM "public"."Payment" WHERE ("public"."Payment"."status" = CAST($1::text AS "public"."PaymentStatus") AND "public"."Payment"."createdAt" >= $2 AND "public"."Payment"."createdAt" <= $3) OFFSET $4) AS "sub"

      at Object.zc (../../node_modules/@prisma/internals/src/logger.ts:13:11)

  console.log
    prisma:query SELECT SUM("amount") AS "_sum$amount" FROM (SELECT "public"."Payment"."amount" FROM "public"."Payment" WHERE ("public"."Payment"."status" = CAST($1::text AS "public"."PaymentStatus") AND "public"."Payment"."createdAt" >= $2 AND "public"."Payment"."createdAt" <= $3) OFFSET $4) AS "sub"

      at Object.zc (../../node_modules/@prisma/internals/src/logger.ts:13:11)

2026-01-28 12:27:52 [32minfo[39m: ::ffff:127.0.0.1 - - [28/Jan/2026:06:57:52 +0000] "GET /api/v1/admin/analytics/revenue HTTP/1.1" 200 295 "-" "-"
2026-01-28 12:27:52 [31merror[39m: Failed to check token denylist
  console.log
    prisma:query SELECT "public"."User"."id", "public"."User"."email", "public"."User"."password", "public"."User"."name", "public"."User"."nickname", "public"."User"."bio", "public"."User"."age", "public"."User"."gender"::text, "public"."User"."phoneNumber", "public"."User"."address", "public"."User"."status"::text, "public"."User"."statusReason", "public"."User"."preferences", "public"."User"."googleId", "public"."User"."avatarUrl", "public"."User"."createdAt", "public"."User"."updatedAt", "public"."User"."avatarImageId", "public"."User"."deletedAt" FROM "public"."User" WHERE ("public"."User"."id" = $1 AND 1=1) LIMIT $2 OFFSET $3

      at Object.zc (../../node_modules/@prisma/internals/src/logger.ts:13:11)

  console.log
    prisma:query SELECT "public"."UserRole"."userId", "public"."UserRole"."roleId" FROM "public"."UserRole" WHERE "public"."UserRole"."userId" IN ($1) OFFSET $2

      at Object.zc (../../node_modules/@prisma/internals/src/logger.ts:13:11)

  console.log
    prisma:query SELECT "public"."Role"."id", "public"."Role"."name", "public"."Role"."description", "public"."Role"."isSystem", "public"."Role"."createdAt" FROM "public"."Role" WHERE "public"."Role"."id" IN ($1) OFFSET $2

      at Object.zc (../../node_modules/@prisma/internals/src/logger.ts:13:11)

  console.log
    prisma:query SELECT "public"."RolePermission"."roleId", "public"."RolePermission"."permissionId" FROM "public"."RolePermission" WHERE "public"."RolePermission"."roleId" IN ($1) OFFSET $2

      at Object.zc (../../node_modules/@prisma/internals/src/logger.ts:13:11)

  console.log
    prisma:query SELECT "public"."Permission"."id", "public"."Permission"."key", "public"."Permission"."description", "public"."Permission"."category", "public"."Permission"."createdAt" FROM "public"."Permission" WHERE "public"."Permission"."id" IN ($1,$2,$3,$4,$5,$6) OFFSET $7

      at Object.zc (../../node_modules/@prisma/internals/src/logger.ts:13:11)

  console.log
    prisma:query SELECT "public"."User"."id", "public"."User"."email", "public"."User"."password", "public"."User"."name", "public"."User"."nickname", "public"."User"."bio", "public"."User"."age", "public"."User"."gender"::text, "public"."User"."phoneNumber", "public"."User"."address", "public"."User"."status"::text, "public"."User"."statusReason", "public"."User"."preferences", "public"."User"."googleId", "public"."User"."avatarUrl", "public"."User"."createdAt", "public"."User"."updatedAt", "public"."User"."avatarImageId", "public"."User"."deletedAt" FROM "public"."User" WHERE ("public"."User"."id" = $1 AND 1=1) LIMIT $2 OFFSET $3

      at Object.zc (../../node_modules/@prisma/internals/src/logger.ts:13:11)

  console.log
    prisma:query SELECT "public"."UserRole"."userId", "public"."UserRole"."roleId" FROM "public"."UserRole" WHERE "public"."UserRole"."userId" IN ($1) OFFSET $2

      at Object.zc (../../node_modules/@prisma/internals/src/logger.ts:13:11)

  console.log
    prisma:query SELECT "public"."Role"."id", "public"."Role"."name", "public"."Role"."description", "public"."Role"."isSystem", "public"."Role"."createdAt" FROM "public"."Role" WHERE "public"."Role"."id" IN ($1) OFFSET $2

      at Object.zc (../../node_modules/@prisma/internals/src/logger.ts:13:11)

  console.log
    prisma:query SELECT "public"."RolePermission"."roleId", "public"."RolePermission"."permissionId" FROM "public"."RolePermission" WHERE "public"."RolePermission"."roleId" IN ($1) OFFSET $2

      at Object.zc (../../node_modules/@prisma/internals/src/logger.ts:13:11)

  console.log
    prisma:query SELECT "public"."Permission"."id", "public"."Permission"."key", "public"."Permission"."description", "public"."Permission"."category", "public"."Permission"."createdAt" FROM "public"."Permission" WHERE "public"."Permission"."id" IN ($1,$2,$3,$4,$5,$6) OFFSET $7

      at Object.zc (../../node_modules/@prisma/internals/src/logger.ts:13:11)

  console.log
    prisma:query SELECT "public"."Trip"."id", "public"."Trip"."title", "public"."Trip"."slug", "public"."Trip"."description", "public"."Trip"."itinerary", "public"."Trip"."durationDays", "public"."Trip"."difficulty"::text, "public"."Trip"."location", "public"."Trip"."price", "public"."Trip"."status"::text, "public"."Trip"."category"::text, "public"."Trip"."startPoint", "public"."Trip"."endPoint", "public"."Trip"."altitude", "public"."Trip"."distance", "public"."Trip"."itineraryPdf", "public"."Trip"."highlights", "public"."Trip"."inclusions", "public"."Trip"."exclusions", "public"."Trip"."cancellationPolicy", "public"."Trip"."thingsToPack", "public"."Trip"."faqs", "public"."Trip"."seasons", "public"."Trip"."coverImageId", "public"."Trip"."heroImageId", "public"."Trip"."deletedAt", "public"."Trip"."createdById", "public"."Trip"."approvedById", "public"."Trip"."publishedAt", "public"."Trip"."createdAt", "public"."Trip"."updatedAt", "public"."Trip"."capacity", "public"."Trip"."startDate", "public"."Trip"."endDate", "public"."Trip"."managerId", "public"."Trip"."documentation", "public"."Trip"."isFeatured" FROM "public"."Trip" WHERE 1=1 OFFSET $1

      at Object.zc (../../node_modules/@prisma/internals/src/logger.ts:13:11)

  console.log
    prisma:query SELECT "public"."Booking"."id", "public"."Booking"."userId", "public"."Booking"."tripId", "public"."Booking"."status"::text, "public"."Booking"."notes", "public"."Booking"."startDate", "public"."Booking"."guests", "public"."Booking"."guestDetails", "public"."Booking"."totalPrice", "public"."Booking"."createdAt", "public"."Booking"."updatedAt", "public"."Booking"."paymentStatus"::text FROM "public"."Booking" WHERE "public"."Booking"."tripId" IN ($1,$2) OFFSET $3

      at Object.zc (../../node_modules/@prisma/internals/src/logger.ts:13:11)

  console.log
    prisma:query SELECT "public"."Payment"."id", "public"."Payment"."bookingId", "public"."Payment"."provider"::text, "public"."Payment"."providerOrderId", "public"."Payment"."providerPaymentId", "public"."Payment"."razorpayRefundId", "public"."Payment"."rawPayload", "public"."Payment"."proofUrl", "public"."Payment"."amount", "public"."Payment"."currency", "public"."Payment"."refundedAmount", "public"."Payment"."disputeId", "public"."Payment"."status"::text, "public"."Payment"."method"::text, "public"."Payment"."createdAt", "public"."Payment"."updatedAt" FROM "public"."Payment" WHERE ("public"."Payment"."status" = CAST($1::text AS "public"."PaymentStatus") AND "public"."Payment"."bookingId" IN ($2)) OFFSET $3

      at Object.zc (../../node_modules/@prisma/internals/src/logger.ts:13:11)

2026-01-28 12:27:52 [32minfo[39m: ::ffff:127.0.0.1 - - [28/Jan/2026:06:57:52 +0000] "GET /api/v1/admin/analytics/trips HTTP/1.1" 200 229 "-" "-"
2026-01-28 12:27:52 [31merror[39m: Failed to check token denylist
  console.log
    prisma:query SELECT "public"."User"."id", "public"."User"."email", "public"."User"."password", "public"."User"."name", "public"."User"."nickname", "public"."User"."bio", "public"."User"."age", "public"."User"."gender"::text, "public"."User"."phoneNumber", "public"."User"."address", "public"."User"."status"::text, "public"."User"."statusReason", "public"."User"."preferences", "public"."User"."googleId", "public"."User"."avatarUrl", "public"."User"."createdAt", "public"."User"."updatedAt", "public"."User"."avatarImageId", "public"."User"."deletedAt" FROM "public"."User" WHERE ("public"."User"."id" = $1 AND 1=1) LIMIT $2 OFFSET $3

      at Object.zc (../../node_modules/@prisma/internals/src/logger.ts:13:11)

  console.log
    prisma:query SELECT "public"."UserRole"."userId", "public"."UserRole"."roleId" FROM "public"."UserRole" WHERE "public"."UserRole"."userId" IN ($1) OFFSET $2

      at Object.zc (../../node_modules/@prisma/internals/src/logger.ts:13:11)

  console.log
    prisma:query SELECT "public"."Role"."id", "public"."Role"."name", "public"."Role"."description", "public"."Role"."isSystem", "public"."Role"."createdAt" FROM "public"."Role" WHERE "public"."Role"."id" IN ($1) OFFSET $2

      at Object.zc (../../node_modules/@prisma/internals/src/logger.ts:13:11)

  console.log
    prisma:query SELECT "public"."RolePermission"."roleId", "public"."RolePermission"."permissionId" FROM "public"."RolePermission" WHERE "public"."RolePermission"."roleId" IN ($1) OFFSET $2

      at Object.zc (../../node_modules/@prisma/internals/src/logger.ts:13:11)

  console.log
    prisma:query SELECT "public"."Permission"."id", "public"."Permission"."key", "public"."Permission"."description", "public"."Permission"."category", "public"."Permission"."createdAt" FROM "public"."Permission" WHERE "public"."Permission"."id" IN ($1,$2,$3,$4,$5,$6) OFFSET $7

      at Object.zc (../../node_modules/@prisma/internals/src/logger.ts:13:11)

  console.log
    prisma:query SELECT "public"."User"."id", "public"."User"."email", "public"."User"."password", "public"."User"."name", "public"."User"."nickname", "public"."User"."bio", "public"."User"."age", "public"."User"."gender"::text, "public"."User"."phoneNumber", "public"."User"."address", "public"."User"."status"::text, "public"."User"."statusReason", "public"."User"."preferences", "public"."User"."googleId", "public"."User"."avatarUrl", "public"."User"."createdAt", "public"."User"."updatedAt", "public"."User"."avatarImageId", "public"."User"."deletedAt" FROM "public"."User" WHERE ("public"."User"."id" = $1 AND 1=1) LIMIT $2 OFFSET $3

      at Object.zc (../../node_modules/@prisma/internals/src/logger.ts:13:11)

  console.log
    prisma:query SELECT "public"."UserRole"."userId", "public"."UserRole"."roleId" FROM "public"."UserRole" WHERE "public"."UserRole"."userId" IN ($1) OFFSET $2

      at Object.zc (../../node_modules/@prisma/internals/src/logger.ts:13:11)

  console.log
    prisma:query SELECT "public"."Role"."id", "public"."Role"."name", "public"."Role"."description", "public"."Role"."isSystem", "public"."Role"."createdAt" FROM "public"."Role" WHERE "public"."Role"."id" IN ($1) OFFSET $2

      at Object.zc (../../node_modules/@prisma/internals/src/logger.ts:13:11)

  console.log
    prisma:query SELECT "public"."RolePermission"."roleId", "public"."RolePermission"."permissionId" FROM "public"."RolePermission" WHERE "public"."RolePermission"."roleId" IN ($1) OFFSET $2

      at Object.zc (../../node_modules/@prisma/internals/src/logger.ts:13:11)

  console.log
    prisma:query SELECT "public"."Permission"."id", "public"."Permission"."key", "public"."Permission"."description", "public"."Permission"."category", "public"."Permission"."createdAt" FROM "public"."Permission" WHERE "public"."Permission"."id" IN ($1,$2,$3,$4,$5,$6) OFFSET $7

      at Object.zc (../../node_modules/@prisma/internals/src/logger.ts:13:11)

  console.log
    prisma:query SELECT COUNT(*) AS "_count$_all" FROM (SELECT "public"."Booking"."id" FROM "public"."Booking" WHERE 1=1 OFFSET $1) AS "sub"

      at Object.zc (../../node_modules/@prisma/internals/src/logger.ts:13:11)

  console.log
    prisma:query SELECT COUNT(*) AS "_count$_all" FROM (SELECT "public"."Booking"."id" FROM "public"."Booking" WHERE "public"."Booking"."status" = CAST($1::text AS "public"."BookingStatus") OFFSET $2) AS "sub"

      at Object.zc (../../node_modules/@prisma/internals/src/logger.ts:13:11)

  console.log
    prisma:query SELECT COUNT(*) AS "_count$_all" FROM (SELECT "public"."Booking"."id" FROM "public"."Booking" WHERE "public"."Booking"."status" = CAST($1::text AS "public"."BookingStatus") OFFSET $2) AS "sub"

      at Object.zc (../../node_modules/@prisma/internals/src/logger.ts:13:11)

  console.log
    prisma:query SELECT COUNT(*) AS "_count$_all" FROM (SELECT "public"."Booking"."id" FROM "public"."Booking" WHERE "public"."Booking"."createdAt" >= $1 OFFSET $2) AS "sub"

      at Object.zc (../../node_modules/@prisma/internals/src/logger.ts:13:11)

2026-01-28 12:27:52 [32minfo[39m: ::ffff:127.0.0.1 - - [28/Jan/2026:06:57:52 +0000] "GET /api/v1/admin/analytics/bookings HTTP/1.1" 200 77 "-" "-"
2026-01-28 12:27:52 [31merror[39m: Failed to check token denylist
  console.log
    prisma:query SELECT "public"."User"."id", "public"."User"."email", "public"."User"."password", "public"."User"."name", "public"."User"."nickname", "public"."User"."bio", "public"."User"."age", "public"."User"."gender"::text, "public"."User"."phoneNumber", "public"."User"."address", "public"."User"."status"::text, "public"."User"."statusReason", "public"."User"."preferences", "public"."User"."googleId", "public"."User"."avatarUrl", "public"."User"."createdAt", "public"."User"."updatedAt", "public"."User"."avatarImageId", "public"."User"."deletedAt" FROM "public"."User" WHERE ("public"."User"."id" = $1 AND 1=1) LIMIT $2 OFFSET $3

      at Object.zc (../../node_modules/@prisma/internals/src/logger.ts:13:11)

  console.log
    prisma:query SELECT "public"."UserRole"."userId", "public"."UserRole"."roleId" FROM "public"."UserRole" WHERE "public"."UserRole"."userId" IN ($1) OFFSET $2

      at Object.zc (../../node_modules/@prisma/internals/src/logger.ts:13:11)

  console.log
    prisma:query SELECT "public"."Role"."id", "public"."Role"."name", "public"."Role"."description", "public"."Role"."isSystem", "public"."Role"."createdAt" FROM "public"."Role" WHERE "public"."Role"."id" IN ($1) OFFSET $2

      at Object.zc (../../node_modules/@prisma/internals/src/logger.ts:13:11)

  console.log
    prisma:query SELECT "public"."RolePermission"."roleId", "public"."RolePermission"."permissionId" FROM "public"."RolePermission" WHERE "public"."RolePermission"."roleId" IN ($1) OFFSET $2

      at Object.zc (../../node_modules/@prisma/internals/src/logger.ts:13:11)

  console.log
    prisma:query SELECT "public"."Permission"."id", "public"."Permission"."key", "public"."Permission"."description", "public"."Permission"."category", "public"."Permission"."createdAt" FROM "public"."Permission" WHERE "public"."Permission"."id" IN ($1,$2,$3,$4,$5,$6) OFFSET $7

      at Object.zc (../../node_modules/@prisma/internals/src/logger.ts:13:11)

  console.log
    prisma:query SELECT "public"."User"."id", "public"."User"."email", "public"."User"."password", "public"."User"."name", "public"."User"."nickname", "public"."User"."bio", "public"."User"."age", "public"."User"."gender"::text, "public"."User"."phoneNumber", "public"."User"."address", "public"."User"."status"::text, "public"."User"."statusReason", "public"."User"."preferences", "public"."User"."googleId", "public"."User"."avatarUrl", "public"."User"."createdAt", "public"."User"."updatedAt", "public"."User"."avatarImageId", "public"."User"."deletedAt" FROM "public"."User" WHERE ("public"."User"."id" = $1 AND 1=1) LIMIT $2 OFFSET $3

      at Object.zc (../../node_modules/@prisma/internals/src/logger.ts:13:11)

  console.log
    prisma:query SELECT "public"."UserRole"."userId", "public"."UserRole"."roleId" FROM "public"."UserRole" WHERE "public"."UserRole"."userId" IN ($1) OFFSET $2

      at Object.zc (../../node_modules/@prisma/internals/src/logger.ts:13:11)

  console.log
    prisma:query SELECT "public"."Role"."id", "public"."Role"."name", "public"."Role"."description", "public"."Role"."isSystem", "public"."Role"."createdAt" FROM "public"."Role" WHERE "public"."Role"."id" IN ($1) OFFSET $2

      at Object.zc (../../node_modules/@prisma/internals/src/logger.ts:13:11)

  console.log
    prisma:query SELECT "public"."RolePermission"."roleId", "public"."RolePermission"."permissionId" FROM "public"."RolePermission" WHERE "public"."RolePermission"."roleId" IN ($1) OFFSET $2

      at Object.zc (../../node_modules/@prisma/internals/src/logger.ts:13:11)

  console.log
    prisma:query SELECT "public"."Permission"."id", "public"."Permission"."key", "public"."Permission"."description", "public"."Permission"."category", "public"."Permission"."createdAt" FROM "public"."Permission" WHERE "public"."Permission"."id" IN ($1,$2,$3,$4,$5,$6) OFFSET $7

      at Object.zc (../../node_modules/@prisma/internals/src/logger.ts:13:11)

  console.log
    prisma:query SELECT COUNT(*) AS "_count$_all" FROM (SELECT "public"."Payment"."id" FROM "public"."Payment" WHERE "public"."Payment"."status" = CAST($1::text AS "public"."PaymentStatus") OFFSET $2) AS "sub"

      at Object.zc (../../node_modules/@prisma/internals/src/logger.ts:13:11)

  console.log
    prisma:query SELECT COUNT(*) AS "_count$_all" FROM (SELECT "public"."Payment"."id" FROM "public"."Payment" WHERE 1=1 OFFSET $1) AS "sub"

      at Object.zc (../../node_modules/@prisma/internals/src/logger.ts:13:11)

  console.log
    prisma:query SELECT "public"."Payment"."id", "public"."Payment"."rawPayload" FROM "public"."Payment" WHERE "public"."Payment"."status" = CAST($1::text AS "public"."PaymentStatus") OFFSET $2

      at Object.zc (../../node_modules/@prisma/internals/src/logger.ts:13:11)

  console.log
    prisma:query SELECT SUM("amount") AS "_sum$amount" FROM (SELECT "public"."Payment"."amount" FROM "public"."Payment" WHERE "public"."Payment"."status" = CAST($1::text AS "public"."PaymentStatus") OFFSET $2) AS "sub"

      at Object.zc (../../node_modules/@prisma/internals/src/logger.ts:13:11)

  console.log
    prisma:query SELECT COUNT(*) AS "_count$_all" FROM (SELECT "public"."Payment"."id" FROM "public"."Payment" WHERE "public"."Payment"."status" = CAST($1::text AS "public"."PaymentStatus") OFFSET $2) AS "sub"

      at Object.zc (../../node_modules/@prisma/internals/src/logger.ts:13:11)

2026-01-28 12:27:52 [32minfo[39m: ::ffff:127.0.0.1 - - [28/Jan/2026:06:57:52 +0000] "GET /api/v1/admin/analytics/payments HTTP/1.1" 200 151 "-" "-"
2026-01-28 12:27:52 [31merror[39m: Failed to check token denylist
  console.log
    prisma:query SELECT "public"."User"."id", "public"."User"."email", "public"."User"."password", "public"."User"."name", "public"."User"."nickname", "public"."User"."bio", "public"."User"."age", "public"."User"."gender"::text, "public"."User"."phoneNumber", "public"."User"."address", "public"."User"."status"::text, "public"."User"."statusReason", "public"."User"."preferences", "public"."User"."googleId", "public"."User"."avatarUrl", "public"."User"."createdAt", "public"."User"."updatedAt", "public"."User"."avatarImageId", "public"."User"."deletedAt" FROM "public"."User" WHERE ("public"."User"."id" = $1 AND 1=1) LIMIT $2 OFFSET $3

      at Object.zc (../../node_modules/@prisma/internals/src/logger.ts:13:11)

  console.log
    prisma:query SELECT "public"."UserRole"."userId", "public"."UserRole"."roleId" FROM "public"."UserRole" WHERE "public"."UserRole"."userId" IN ($1) OFFSET $2

      at Object.zc (../../node_modules/@prisma/internals/src/logger.ts:13:11)

  console.log
    prisma:query SELECT "public"."Role"."id", "public"."Role"."name", "public"."Role"."description", "public"."Role"."isSystem", "public"."Role"."createdAt" FROM "public"."Role" WHERE "public"."Role"."id" IN ($1) OFFSET $2

      at Object.zc (../../node_modules/@prisma/internals/src/logger.ts:13:11)

  console.log
    prisma:query SELECT "public"."RolePermission"."roleId", "public"."RolePermission"."permissionId" FROM "public"."RolePermission" WHERE "public"."RolePermission"."roleId" IN ($1) OFFSET $2

      at Object.zc (../../node_modules/@prisma/internals/src/logger.ts:13:11)

  console.log
    prisma:query SELECT "public"."Permission"."id", "public"."Permission"."key", "public"."Permission"."description", "public"."Permission"."category", "public"."Permission"."createdAt" FROM "public"."Permission" WHERE "public"."Permission"."id" IN ($1,$2,$3,$4,$5,$6) OFFSET $7

      at Object.zc (../../node_modules/@prisma/internals/src/logger.ts:13:11)

  console.log
    prisma:query SELECT "public"."User"."id", "public"."User"."email", "public"."User"."password", "public"."User"."name", "public"."User"."nickname", "public"."User"."bio", "public"."User"."age", "public"."User"."gender"::text, "public"."User"."phoneNumber", "public"."User"."address", "public"."User"."status"::text, "public"."User"."statusReason", "public"."User"."preferences", "public"."User"."googleId", "public"."User"."avatarUrl", "public"."User"."createdAt", "public"."User"."updatedAt", "public"."User"."avatarImageId", "public"."User"."deletedAt" FROM "public"."User" WHERE ("public"."User"."id" = $1 AND 1=1) LIMIT $2 OFFSET $3

      at Object.zc (../../node_modules/@prisma/internals/src/logger.ts:13:11)

  console.log
    prisma:query SELECT "public"."UserRole"."userId", "public"."UserRole"."roleId" FROM "public"."UserRole" WHERE "public"."UserRole"."userId" IN ($1) OFFSET $2

      at Object.zc (../../node_modules/@prisma/internals/src/logger.ts:13:11)

  console.log
    prisma:query SELECT "public"."Role"."id", "public"."Role"."name", "public"."Role"."description", "public"."Role"."isSystem", "public"."Role"."createdAt" FROM "public"."Role" WHERE "public"."Role"."id" IN ($1) OFFSET $2

      at Object.zc (../../node_modules/@prisma/internals/src/logger.ts:13:11)

  console.log
    prisma:query SELECT "public"."RolePermission"."roleId", "public"."RolePermission"."permissionId" FROM "public"."RolePermission" WHERE "public"."RolePermission"."roleId" IN ($1) OFFSET $2

      at Object.zc (../../node_modules/@prisma/internals/src/logger.ts:13:11)

  console.log
    prisma:query SELECT "public"."Permission"."id", "public"."Permission"."key", "public"."Permission"."description", "public"."Permission"."category", "public"."Permission"."createdAt" FROM "public"."Permission" WHERE "public"."Permission"."id" IN ($1,$2,$3,$4,$5,$6) OFFSET $7

      at Object.zc (../../node_modules/@prisma/internals/src/logger.ts:13:11)

  console.log
    prisma:query SELECT COUNT(*) AS "_count$_all" FROM (SELECT "public"."Trip"."id" FROM "public"."Trip" WHERE "public"."Trip"."status" = CAST($1::text AS "public"."TripStatus") OFFSET $2) AS "sub"

      at Object.zc (../../node_modules/@prisma/internals/src/logger.ts:13:11)

  console.log
    prisma:query SELECT COUNT(*) AS "_count$_all" FROM (SELECT "public"."Blog"."id" FROM "public"."Blog" WHERE "public"."Blog"."status" = CAST($1::text AS "public"."BlogStatus") OFFSET $2) AS "sub"

      at Object.zc (../../node_modules/@prisma/internals/src/logger.ts:13:11)

2026-01-28 12:27:52 [32minfo[39m: ::ffff:127.0.0.1 - - [28/Jan/2026:06:57:52 +0000] "GET /api/v1/admin/analytics/moderation HTTP/1.1" 200 52 "-" "-"
2026-01-28 12:27:52 [31merror[39m: Failed to check token denylist
  console.log
    prisma:query SELECT "public"."User"."id", "public"."User"."email", "public"."User"."password", "public"."User"."name", "public"."User"."nickname", "public"."User"."bio", "public"."User"."age", "public"."User"."gender"::text, "public"."User"."phoneNumber", "public"."User"."address", "public"."User"."status"::text, "public"."User"."statusReason", "public"."User"."preferences", "public"."User"."googleId", "public"."User"."avatarUrl", "public"."User"."createdAt", "public"."User"."updatedAt", "public"."User"."avatarImageId", "public"."User"."deletedAt" FROM "public"."User" WHERE ("public"."User"."id" = $1 AND 1=1) LIMIT $2 OFFSET $3

      at Object.zc (../../node_modules/@prisma/internals/src/logger.ts:13:11)

  console.log
    prisma:query SELECT "public"."UserRole"."userId", "public"."UserRole"."roleId" FROM "public"."UserRole" WHERE "public"."UserRole"."userId" IN ($1) OFFSET $2

      at Object.zc (../../node_modules/@prisma/internals/src/logger.ts:13:11)

  console.log
    prisma:query SELECT "public"."Role"."id", "public"."Role"."name", "public"."Role"."description", "public"."Role"."isSystem", "public"."Role"."createdAt" FROM "public"."Role" WHERE "public"."Role"."id" IN ($1) OFFSET $2

      at Object.zc (../../node_modules/@prisma/internals/src/logger.ts:13:11)

  console.log
    prisma:query SELECT "public"."RolePermission"."roleId", "public"."RolePermission"."permissionId" FROM "public"."RolePermission" WHERE "public"."RolePermission"."roleId" IN ($1) OFFSET $2

      at Object.zc (../../node_modules/@prisma/internals/src/logger.ts:13:11)

  console.log
    prisma:query SELECT "public"."User"."id", "public"."User"."email", "public"."User"."password", "public"."User"."name", "public"."User"."nickname", "public"."User"."bio", "public"."User"."age", "public"."User"."gender"::text, "public"."User"."phoneNumber", "public"."User"."address", "public"."User"."status"::text, "public"."User"."statusReason", "public"."User"."preferences", "public"."User"."googleId", "public"."User"."avatarUrl", "public"."User"."createdAt", "public"."User"."updatedAt", "public"."User"."avatarImageId", "public"."User"."deletedAt" FROM "public"."User" WHERE ("public"."User"."id" = $1 AND 1=1) LIMIT $2 OFFSET $3

      at Object.zc (../../node_modules/@prisma/internals/src/logger.ts:13:11)

  console.log
    prisma:query SELECT "public"."UserRole"."userId", "public"."UserRole"."roleId" FROM "public"."UserRole" WHERE "public"."UserRole"."userId" IN ($1) OFFSET $2

      at Object.zc (../../node_modules/@prisma/internals/src/logger.ts:13:11)

  console.log
    prisma:query SELECT "public"."Role"."id", "public"."Role"."name", "public"."Role"."description", "public"."Role"."isSystem", "public"."Role"."createdAt" FROM "public"."Role" WHERE "public"."Role"."id" IN ($1) OFFSET $2

      at Object.zc (../../node_modules/@prisma/internals/src/logger.ts:13:11)

  console.log
    prisma:query SELECT "public"."RolePermission"."roleId", "public"."RolePermission"."permissionId" FROM "public"."RolePermission" WHERE "public"."RolePermission"."roleId" IN ($1) OFFSET $2

      at Object.zc (../../node_modules/@prisma/internals/src/logger.ts:13:11)

  console.log
    prisma:query SELECT "public"."User"."id", "public"."User"."email", "public"."User"."password", "public"."User"."name", "public"."User"."nickname", "public"."User"."bio", "public"."User"."age", "public"."User"."gender"::text, "public"."User"."phoneNumber", "public"."User"."address", "public"."User"."status"::text, "public"."User"."statusReason", "public"."User"."preferences", "public"."User"."googleId", "public"."User"."avatarUrl", "public"."User"."createdAt", "public"."User"."updatedAt", "public"."User"."avatarImageId", "public"."User"."deletedAt" FROM "public"."User" WHERE ("public"."User"."id" = $1 AND 1=1) LIMIT $2 OFFSET $3

      at Object.zc (../../node_modules/@prisma/internals/src/logger.ts:13:11)

  console.log
    prisma:query SELECT "public"."UserRole"."userId", "public"."UserRole"."roleId" FROM "public"."UserRole" WHERE "public"."UserRole"."userId" IN ($1) OFFSET $2

      at Object.zc (../../node_modules/@prisma/internals/src/logger.ts:13:11)

  console.log
    prisma:query SELECT "public"."Role"."id", "public"."Role"."name", "public"."Role"."description", "public"."Role"."isSystem", "public"."Role"."createdAt" FROM "public"."Role" WHERE "public"."Role"."id" IN ($1) OFFSET $2

      at Object.zc (../../node_modules/@prisma/internals/src/logger.ts:13:11)

  console.log
    prisma:query SELECT "public"."RolePermission"."roleId", "public"."RolePermission"."permissionId" FROM "public"."RolePermission" WHERE "public"."RolePermission"."roleId" IN ($1) OFFSET $2

      at Object.zc (../../node_modules/@prisma/internals/src/logger.ts:13:11)

2026-01-28 12:27:52 [31merror[39m: HttpError: You do not have permission to perform this action (analytics:view)
    at new HttpError (C:\Users\akash\Documents\Param_Adventures_Phase1\apps\api\src\utils\httpError.js:32:24)
    at C:\Users\akash\Documents\Param_Adventures_Phase1\apps\api\src\middlewares\require-permission.middleware.ts:58:13
2026-01-28 12:27:52 [32minfo[39m: ::ffff:127.0.0.1 - - [28/Jan/2026:06:57:52 +0000] "GET /api/v1/admin/analytics/revenue HTTP/1.1" 403 173 "-" "-"
2026-01-28 12:27:52 [32minfo[39m: ::ffff:127.0.0.1 - - [28/Jan/2026:06:57:52 +0000] "GET /api/v1/admin/audit-logs HTTP/1.1" 401 25 "-" "-"
2026-01-28 12:27:52 [31merror[39m: Failed to check token denylist
  console.log
    prisma:query SELECT "public"."User"."id", "public"."User"."email", "public"."User"."password", "public"."User"."name", "public"."User"."nickname", "public"."User"."bio", "public"."User"."age", "public"."User"."gender"::text, "public"."User"."phoneNumber", "public"."User"."address", "public"."User"."status"::text, "public"."User"."statusReason", "public"."User"."preferences", "public"."User"."googleId", "public"."User"."avatarUrl", "public"."User"."createdAt", "public"."User"."updatedAt", "public"."User"."avatarImageId", "public"."User"."deletedAt" FROM "public"."User" WHERE ("public"."User"."id" = $1 AND 1=1) LIMIT $2 OFFSET $3

      at Object.zc (../../node_modules/@prisma/internals/src/logger.ts:13:11)

  console.log
    prisma:query SELECT "public"."UserRole"."userId", "public"."UserRole"."roleId" FROM "public"."UserRole" WHERE "public"."UserRole"."userId" IN ($1) OFFSET $2

      at Object.zc (../../node_modules/@prisma/internals/src/logger.ts:13:11)

  console.log
    prisma:query SELECT "public"."Role"."id", "public"."Role"."name", "public"."Role"."description", "public"."Role"."isSystem", "public"."Role"."createdAt" FROM "public"."Role" WHERE "public"."Role"."id" IN ($1) OFFSET $2

      at Object.zc (../../node_modules/@prisma/internals/src/logger.ts:13:11)

  console.log
    prisma:query SELECT "public"."RolePermission"."roleId", "public"."RolePermission"."permissionId" FROM "public"."RolePermission" WHERE "public"."RolePermission"."roleId" IN ($1) OFFSET $2

      at Object.zc (../../node_modules/@prisma/internals/src/logger.ts:13:11)

  console.log
    prisma:query SELECT "public"."User"."id", "public"."User"."email", "public"."User"."password", "public"."User"."name", "public"."User"."nickname", "public"."User"."bio", "public"."User"."age", "public"."User"."gender"::text, "public"."User"."phoneNumber", "public"."User"."address", "public"."User"."status"::text, "public"."User"."statusReason", "public"."User"."preferences", "public"."User"."googleId", "public"."User"."avatarUrl", "public"."User"."createdAt", "public"."User"."updatedAt", "public"."User"."avatarImageId", "public"."User"."deletedAt" FROM "public"."User" WHERE ("public"."User"."id" = $1 AND 1=1) LIMIT $2 OFFSET $3

      at Object.zc (../../node_modules/@prisma/internals/src/logger.ts:13:11)

  console.log
    prisma:query SELECT "public"."UserRole"."userId", "public"."UserRole"."roleId" FROM "public"."UserRole" WHERE "public"."UserRole"."userId" IN ($1) OFFSET $2

      at Object.zc (../../node_modules/@prisma/internals/src/logger.ts:13:11)

  console.log
    prisma:query SELECT "public"."Role"."id", "public"."Role"."name", "public"."Role"."description", "public"."Role"."isSystem", "public"."Role"."createdAt" FROM "public"."Role" WHERE "public"."Role"."id" IN ($1) OFFSET $2

      at Object.zc (../../node_modules/@prisma/internals/src/logger.ts:13:11)

  console.log
    prisma:query SELECT "public"."RolePermission"."roleId", "public"."RolePermission"."permissionId" FROM "public"."RolePermission" WHERE "public"."RolePermission"."roleId" IN ($1) OFFSET $2

      at Object.zc (../../node_modules/@prisma/internals/src/logger.ts:13:11)

  console.log
    prisma:query SELECT "public"."User"."id", "public"."User"."email", "public"."User"."password", "public"."User"."name", "public"."User"."nickname", "public"."User"."bio", "public"."User"."age", "public"."User"."gender"::text, "public"."User"."phoneNumber", "public"."User"."address", "public"."User"."status"::text, "public"."User"."statusReason", "public"."User"."preferences", "public"."User"."googleId", "public"."User"."avatarUrl", "public"."User"."createdAt", "public"."User"."updatedAt", "public"."User"."avatarImageId", "public"."User"."deletedAt" FROM "public"."User" WHERE ("public"."User"."id" = $1 AND 1=1) LIMIT $2 OFFSET $3

      at Object.zc (../../node_modules/@prisma/internals/src/logger.ts:13:11)

  console.log
    prisma:query SELECT "public"."UserRole"."userId", "public"."UserRole"."roleId" FROM "public"."UserRole" WHERE "public"."UserRole"."userId" IN ($1) OFFSET $2

      at Object.zc (../../node_modules/@prisma/internals/src/logger.ts:13:11)

  console.log
    prisma:query SELECT "public"."Role"."id", "public"."Role"."name", "public"."Role"."description", "public"."Role"."isSystem", "public"."Role"."createdAt" FROM "public"."Role" WHERE "public"."Role"."id" IN ($1) OFFSET $2

      at Object.zc (../../node_modules/@prisma/internals/src/logger.ts:13:11)

  console.log
    prisma:query SELECT "public"."RolePermission"."roleId", "public"."RolePermission"."permissionId" FROM "public"."RolePermission" WHERE "public"."RolePermission"."roleId" IN ($1) OFFSET $2

      at Object.zc (../../node_modules/@prisma/internals/src/logger.ts:13:11)

2026-01-28 12:27:52 [31merror[39m: HttpError: You do not have permission to perform this action (audit:view)
    at new HttpError (C:\Users\akash\Documents\Param_Adventures_Phase1\apps\api\src\utils\httpError.js:32:24)
    at C:\Users\akash\Documents\Param_Adventures_Phase1\apps\api\src\middlewares\require-permission.middleware.ts:58:13
2026-01-28 12:27:52 [32minfo[39m: ::ffff:127.0.0.1 - - [28/Jan/2026:06:57:52 +0000] "GET /api/v1/admin/audit-logs HTTP/1.1" 403 169 "-" "-"
PASS tests/integration/admin-operations.test.ts
  Admin Operations
    GET /admin/users - List users
      ΓêÜ returns users list when user has permission (48 ms)
      ΓêÜ returns 401 without authentication (16 ms)
      ΓêÜ returns 403 without permission (37 ms)
      ΓêÜ filters users by role (42 ms)
    PATCH /admin/users/:id/status - Update user status
      ΓêÜ suspends a user with admin permission (50 ms)
      ΓêÜ returns 400 for invalid status (33 ms)
      ΓêÜ returns 401 without authentication (18 ms)
      ΓêÜ returns 403 without permission (48 ms)
    PATCH /admin/users/:id/unsuspend - Unsuspend user
      ΓêÜ unsuspends a user (86 ms)
      ΓêÜ returns 401 without authentication (13 ms)
      ΓêÜ returns 403 without permission (44 ms)
    DELETE /admin/users/:id - Delete user
      ΓêÜ deletes a user (soft delete) (54 ms)
      ΓêÜ returns 401 without authentication (15 ms)
      ΓêÜ returns 403 without permission (37 ms)
    GET /admin/dashboard - Dashboard stats
      ΓêÜ returns dashboard statistics (125 ms)
      ΓêÜ returns 401 without authentication (13 ms)
      ΓêÜ returns 403 without permission (65 ms)
    GET /admin/analytics/* - Analytics endpoints
      ΓêÜ returns revenue summary (68 ms)
      ΓêÜ returns trip performance (50 ms)
      ΓêÜ returns booking stats (32 ms)
      ΓêÜ returns payment stats (36 ms)
      ΓêÜ returns moderation summary (35 ms)
      ΓêÜ blocks analytics access without permission (41 ms)
    GET /admin/audit-logs - Audit logs
      ΓêÜ returns 401 without authentication (16 ms)
      ΓêÜ returns 403 without permission (33 ms)

warn The configuration property `package.json#prisma` is deprecated and will be removed in Prisma 7. Please migrate to a Prisma config file (e.g., 
`prisma.config.ts`).
For more information, see: https://pris.ly/prisma-config

Loaded Prisma config from prisma.config.ts.

warn The Prisma config file in prisma.config.ts overrides the deprecated `package.json#prisma` property in package.json.
  For more information, see: https://pris.ly/prisma-config

Prisma config detected, skipping environment variable loading.
Prisma schema loaded from prisma\schema.prisma
Datasource "db": PostgreSQL database "param_adventures", schema "public" at "localhost:5433"

57 migrations found in prisma/migrations


No pending migrations to apply.
  console.log
    Sentry Disabled (No DSN)

      at Object.<anonymous> (src/instrument.ts:7:11)

  console.log
    Param Adventures API: Sentry Instrumented ≡ƒö¡

      at Object.<anonymous> (src/instrument.ts:20:9)

2026-01-28 12:27:56 [33mwarn[39m: Google OAuth credentials missing. Social login disabled.
  console.log
    --> Backend Initialized (v1.2.0) - Restore Route Active <--

      at Object.<anonymous> (src/app.ts:52:9)

  console.log
    prisma:info Starting a postgresql pool with 25 connections.

      at Object.zc (../../node_modules/@prisma/internals/src/logger.ts:13:11)

  console.log
    prisma:query DELETE FROM "public"."Image" WHERE 1=1

      at Object.zc (../../node_modules/@prisma/internals/src/logger.ts:13:11)

  console.log
    prisma:query DELETE FROM "public"."Trip" WHERE 1=1

      at Object.zc (../../node_modules/@prisma/internals/src/logger.ts:13:11)

  console.log
    prisma:error 
    Invalid `prisma.trip?.deleteMany()` invocation in
    C:\Users\akash\Documents\Param_Adventures_Phase1\apps\api\tests\integration\media.test.ts:18:26
    
      15 // Clean up existing data
      16 try {
      17   await prisma.image?.deleteMany();
    ΓåÆ 18   await prisma.trip?.deleteMany(
    Foreign key constraint violated on the constraint: `Booking_tripId_fkey`

      at Object.zc (../../node_modules/@prisma/internals/src/logger.ts:13:11)

  console.log
    prisma:query BEGIN

      at Object.zc (../../node_modules/@prisma/internals/src/logger.ts:13:11)

  console.log
    prisma:query SELECT "public"."Role"."id" FROM "public"."Role" WHERE ("public"."Role"."name" = $1 AND 1=1) OFFSET $2

      at Object.zc (../../node_modules/@prisma/internals/src/logger.ts:13:11)

  console.log
    prisma:query SELECT "public"."Role"."id", "public"."Role"."name", "public"."Role"."description", "public"."Role"."isSystem", "public"."Role"."createdAt" FROM "public"."Role" WHERE ("public"."Role"."id" = $1 AND ("public"."Role"."name" = $2 AND 1=1)) LIMIT $3 OFFSET $4

      at Object.zc (../../node_modules/@prisma/internals/src/logger.ts:13:11)

  console.log
    prisma:query SELECT "public"."Role"."id", "public"."Role"."name", "public"."Role"."description", "public"."Role"."isSystem", "public"."Role"."createdAt" FROM "public"."Role" WHERE "public"."Role"."id" = $1 LIMIT $2 OFFSET $3

      at Object.zc (../../node_modules/@prisma/internals/src/logger.ts:13:11)

  console.log
    prisma:query COMMIT

      at Object.zc (../../node_modules/@prisma/internals/src/logger.ts:13:11)

  console.log
    prisma:query BEGIN

      at Object.zc (../../node_modules/@prisma/internals/src/logger.ts:13:11)

  console.log
    prisma:query SELECT "public"."Role"."id" FROM "public"."Role" WHERE ("public"."Role"."name" = $1 AND 1=1) OFFSET $2

      at Object.zc (../../node_modules/@prisma/internals/src/logger.ts:13:11)

  console.log
    prisma:query SELECT "public"."Role"."id", "public"."Role"."name", "public"."Role"."description", "public"."Role"."isSystem", "public"."Role"."createdAt" FROM "public"."Role" WHERE ("public"."Role"."id" = $1 AND ("public"."Role"."name" = $2 AND 1=1)) LIMIT $3 OFFSET $4

      at Object.zc (../../node_modules/@prisma/internals/src/logger.ts:13:11)

  console.log
    prisma:query SELECT "public"."Role"."id", "public"."Role"."name", "public"."Role"."description", "public"."Role"."isSystem", "public"."Role"."createdAt" FROM "public"."Role" WHERE "public"."Role"."id" = $1 LIMIT $2 OFFSET $3

      at Object.zc (../../node_modules/@prisma/internals/src/logger.ts:13:11)

  console.log
    prisma:query COMMIT

      at Object.zc (../../node_modules/@prisma/internals/src/logger.ts:13:11)

  console.log
    prisma:query BEGIN

      at Object.zc (../../node_modules/@prisma/internals/src/logger.ts:13:11)

  console.log
    prisma:query SELECT "public"."Permission"."id" FROM "public"."Permission" WHERE ("public"."Permission"."key" = $1 AND 1=1) OFFSET $2

      at Object.zc (../../node_modules/@prisma/internals/src/logger.ts:13:11)

  console.log
    prisma:query INSERT INTO "public"."Permission" ("id","key","description","createdAt") VALUES ($1,$2,$3,$4) RETURNING "public"."Permission"."id"

      at Object.zc (../../node_modules/@prisma/internals/src/logger.ts:13:11)

  console.log
    prisma:query SELECT "public"."Permission"."id", "public"."Permission"."key", "public"."Permission"."description", "public"."Permission"."category", "public"."Permission"."createdAt" FROM "public"."Permission" WHERE "public"."Permission"."id" = $1 LIMIT $2 OFFSET $3

      at Object.zc (../../node_modules/@prisma/internals/src/logger.ts:13:11)

  console.log
    prisma:query COMMIT

      at Object.zc (../../node_modules/@prisma/internals/src/logger.ts:13:11)

  console.log
    prisma:query BEGIN

      at Object.zc (../../node_modules/@prisma/internals/src/logger.ts:13:11)

  console.log
    prisma:query SELECT "public"."Permission"."id" FROM "public"."Permission" WHERE ("public"."Permission"."key" = $1 AND 1=1) OFFSET $2

      at Object.zc (../../node_modules/@prisma/internals/src/logger.ts:13:11)

  console.log
    prisma:query INSERT INTO "public"."Permission" ("id","key","description","createdAt") VALUES ($1,$2,$3,$4) RETURNING "public"."Permission"."id"

      at Object.zc (../../node_modules/@prisma/internals/src/logger.ts:13:11)

  console.log
    prisma:query SELECT "public"."Permission"."id", "public"."Permission"."key", "public"."Permission"."description", "public"."Permission"."category", "public"."Permission"."createdAt" FROM "public"."Permission" WHERE "public"."Permission"."id" = $1 LIMIT $2 OFFSET $3

      at Object.zc (../../node_modules/@prisma/internals/src/logger.ts:13:11)

  console.log
    prisma:query COMMIT

      at Object.zc (../../node_modules/@prisma/internals/src/logger.ts:13:11)

  console.log
    prisma:query BEGIN

      at Object.zc (../../node_modules/@prisma/internals/src/logger.ts:13:11)

  console.log
    prisma:query SELECT "public"."RolePermission"."roleId", "public"."RolePermission"."permissionId" FROM "public"."RolePermission" WHERE (("public"."RolePermission"."roleId" = $1 AND "public"."RolePermission"."permissionId" = $2) AND 1=1) OFFSET $3

      at Object.zc (../../node_modules/@prisma/internals/src/logger.ts:13:11)

  console.log
    prisma:query INSERT INTO "public"."RolePermission" ("roleId","permissionId") VALUES ($1,$2) RETURNING "public"."RolePermission"."roleId", "public"."RolePermission"."permissionId"

      at Object.zc (../../node_modules/@prisma/internals/src/logger.ts:13:11)

  console.log
    prisma:query SELECT "public"."RolePermission"."roleId", "public"."RolePermission"."permissionId" FROM "public"."RolePermission" WHERE ("public"."RolePermission"."roleId" = $1 AND "public"."RolePermission"."permissionId" = $2) LIMIT $3 OFFSET $4

      at Object.zc (../../node_modules/@prisma/internals/src/logger.ts:13:11)

  console.log
    prisma:query COMMIT

      at Object.zc (../../node_modules/@prisma/internals/src/logger.ts:13:11)

  console.log
    prisma:query BEGIN

      at Object.zc (../../node_modules/@prisma/internals/src/logger.ts:13:11)

  console.log
    prisma:query SELECT "public"."RolePermission"."roleId", "public"."RolePermission"."permissionId" FROM "public"."RolePermission" WHERE (("public"."RolePermission"."roleId" = $1 AND "public"."RolePermission"."permissionId" = $2) AND 1=1) OFFSET $3

      at Object.zc (../../node_modules/@prisma/internals/src/logger.ts:13:11)

  console.log
    prisma:query INSERT INTO "public"."RolePermission" ("roleId","permissionId") VALUES ($1,$2) RETURNING "public"."RolePermission"."roleId", "public"."RolePermission"."permissionId"

      at Object.zc (../../node_modules/@prisma/internals/src/logger.ts:13:11)

  console.log
    prisma:query SELECT "public"."RolePermission"."roleId", "public"."RolePermission"."permissionId" FROM "public"."RolePermission" WHERE ("public"."RolePermission"."roleId" = $1 AND "public"."RolePermission"."permissionId" = $2) LIMIT $3 OFFSET $4

      at Object.zc (../../node_modules/@prisma/internals/src/logger.ts:13:11)

  console.log
    prisma:query COMMIT

      at Object.zc (../../node_modules/@prisma/internals/src/logger.ts:13:11)

  console.log
    prisma:query INSERT INTO "public"."User" ("id","email","password","name","status","preferences","createdAt","updatedAt") VALUES ($1,$2,$3,$4,CAST($5::text AS "public"."UserStatus"),$6,$7,$8) RETURNING "public"."User"."id", "public"."User"."email", "public"."User"."password", "public"."User"."name", "public"."User"."nickname", "public"."User"."bio", "public"."User"."age", "public"."User"."gender"::text, "public"."User"."phoneNumber", "public"."User"."address", "public"."User"."status"::text, "public"."User"."statusReason", "public"."User"."preferences", "public"."User"."googleId", "public"."User"."avatarUrl", "public"."User"."createdAt", "public"."User"."updatedAt", "public"."User"."avatarImageId", "public"."User"."deletedAt"

      at Object.zc (../../node_modules/@prisma/internals/src/logger.ts:13:11)

  console.log
    prisma:query INSERT INTO "public"."UserRole" ("userId","roleId") VALUES ($1,$2) RETURNING "public"."UserRole"."userId", "public"."UserRole"."roleId"

      at Object.zc (../../node_modules/@prisma/internals/src/logger.ts:13:11)

  console.log
    prisma:query INSERT INTO "public"."User" ("id","email","password","name","status","preferences","createdAt","updatedAt") VALUES ($1,$2,$3,$4,CAST($5::text AS "public"."UserStatus"),$6,$7,$8) RETURNING "public"."User"."id", "public"."User"."email", "public"."User"."password", "public"."User"."name", "public"."User"."nickname", "public"."User"."bio", "public"."User"."age", "public"."User"."gender"::text, "public"."User"."phoneNumber", "public"."User"."address", "public"."User"."status"::text, "public"."User"."statusReason", "public"."User"."preferences", "public"."User"."googleId", "public"."User"."avatarUrl", "public"."User"."createdAt", "public"."User"."updatedAt", "public"."User"."avatarImageId", "public"."User"."deletedAt"

      at Object.zc (../../node_modules/@prisma/internals/src/logger.ts:13:11)

  console.log
    prisma:query INSERT INTO "public"."UserRole" ("userId","roleId") VALUES ($1,$2) RETURNING "public"."UserRole"."userId", "public"."UserRole"."roleId"

      at Object.zc (../../node_modules/@prisma/internals/src/logger.ts:13:11)

  console.log
    prisma:query INSERT INTO "public"."Trip" ("id","title","slug","description","itinerary","durationDays","difficulty","location","price","status","category","createdById","createdAt","updatedAt","capacity","startDate","endDate","isFeatured") VALUES ($1,$2,$3,$4,$5,$6,CAST($7::text AS "public"."Difficulty"),$8,$9,CAST($10::text AS "public"."TripStatus"),CAST($11::text AS "public"."TripCategory"),$12,$13,$14,$15,$16,$17,$18) RETURNING "public"."Trip"."id", "public"."Trip"."title", "public"."Trip"."slug", "public"."Trip"."description", "public"."Trip"."itinerary", "public"."Trip"."durationDays", "public"."Trip"."difficulty"::text, "public"."Trip"."location", "public"."Trip"."price", "public"."Trip"."status"::text, "public"."Trip"."category"::text, "public"."Trip"."startPoint", "public"."Trip"."endPoint", "public"."Trip"."altitude", "public"."Trip"."distance", "public"."Trip"."itineraryPdf", "public"."Trip"."highlights", "public"."Trip"."inclusions", "public"."Trip"."exclusions", "public"."Trip"."cancellationPolicy", "public"."Trip"."thingsToPack", "public"."Trip"."faqs", "public"."Trip"."seasons", "public"."Trip"."coverImageId", "public"."Trip"."heroImageId", "public"."Trip"."deletedAt", "public"."Trip"."createdById", "public"."Trip"."approvedById", "public"."Trip"."publishedAt", "public"."Trip"."createdAt", "public"."Trip"."updatedAt", "public"."Trip"."capacity", "public"."Trip"."startDate", "public"."Trip"."endDate", "public"."Trip"."managerId", "public"."Trip"."documentation", "public"."Trip"."isFeatured"

      at Object.zc (../../node_modules/@prisma/internals/src/logger.ts:13:11)

  console.log
    prisma:query INSERT INTO "public"."Image" ("id","originalUrl","mediumUrl","thumbUrl","width","height","size","mimeType","type","duration","uploadedById","createdAt","updatedAt") VALUES ($1,$2,$3,$4,$5,$6,$7,$8,CAST($9::text AS "public"."MediaType"),$10,$11,$12,$13) RETURNING "public"."Image"."id", "public"."Image"."originalUrl", "public"."Image"."mediumUrl", "public"."Image"."thumbUrl", "public"."Image"."width", "public"."Image"."height", "public"."Image"."size", "public"."Image"."mimeType", "public"."Image"."type"::text, "public"."Image"."duration", "public"."Image"."uploadedById", "public"."Image"."createdAt", "public"."Image"."updatedAt"

      at Object.zc (../../node_modules/@prisma/internals/src/logger.ts:13:11)

2026-01-28 12:27:56 [31merror[39m: Failed to check token denylist
  console.log
    prisma:query SELECT "public"."User"."id", "public"."User"."email", "public"."User"."password", "public"."User"."name", "public"."User"."nickname", "public"."User"."bio", "public"."User"."age", "public"."User"."gender"::text, "public"."User"."phoneNumber", "public"."User"."address", "public"."User"."status"::text, "public"."User"."statusReason", "public"."User"."preferences", "public"."User"."googleId", "public"."User"."avatarUrl", "public"."User"."createdAt", "public"."User"."updatedAt", "public"."User"."avatarImageId", "public"."User"."deletedAt" FROM "public"."User" WHERE ("public"."User"."id" = $1 AND 1=1) LIMIT $2 OFFSET $3

      at Object.zc (../../node_modules/@prisma/internals/src/logger.ts:13:11)

  console.log
    prisma:query SELECT "public"."UserRole"."userId", "public"."UserRole"."roleId" FROM "public"."UserRole" WHERE "public"."UserRole"."userId" IN ($1) OFFSET $2

      at Object.zc (../../node_modules/@prisma/internals/src/logger.ts:13:11)

  console.log
    prisma:query SELECT "public"."Role"."id", "public"."Role"."name", "public"."Role"."description", "public"."Role"."isSystem", "public"."Role"."createdAt" FROM "public"."Role" WHERE "public"."Role"."id" IN ($1) OFFSET $2

      at Object.zc (../../node_modules/@prisma/internals/src/logger.ts:13:11)

  console.log
    prisma:query SELECT "public"."RolePermission"."roleId", "public"."RolePermission"."permissionId" FROM "public"."RolePermission" WHERE "public"."RolePermission"."roleId" IN ($1) OFFSET $2

      at Object.zc (../../node_modules/@prisma/internals/src/logger.ts:13:11)

  console.log
    prisma:query SELECT "public"."Permission"."id", "public"."Permission"."key", "public"."Permission"."description", "public"."Permission"."category", "public"."Permission"."createdAt" FROM "public"."Permission" WHERE "public"."Permission"."id" IN ($1,$2,$3,$4,$5,$6,$7,$8) OFFSET $9

      at Object.zc (../../node_modules/@prisma/internals/src/logger.ts:13:11)

  console.log
    prisma:query SELECT "public"."Image"."id", "public"."Image"."originalUrl", "public"."Image"."mediumUrl", "public"."Image"."thumbUrl", "public"."Image"."width", "public"."Image"."height", "public"."Image"."size", "public"."Image"."mimeType", "public"."Image"."type"::text, "public"."Image"."duration", "public"."Image"."uploadedById", "public"."Image"."createdAt", "public"."Image"."updatedAt", COALESCE("aggr_selection_0_Trip"."_aggr_count_tripsCover", 0) AS "_aggr_count_tripsCover", COALESCE("aggr_selection_1_Blog"."_aggr_count_blogsCover", 0) AS "_aggr_count_blogsCover", COALESCE("aggr_selection_2_User"."_aggr_count_userAvatar", 0) AS "_aggr_count_userAvatar", COALESCE("aggr_selection_3_TripGalleryImage"."_aggr_count_tripsGallery", 0) AS "_aggr_count_tripsGallery" FROM "public"."Image" LEFT JOIN (SELECT "public"."Trip"."coverImageId", COUNT(*) AS "_aggr_count_tripsCover" FROM "public"."Trip" WHERE 1=1 GROUP BY "public"."Trip"."coverImageId") AS "aggr_selection_0_Trip" ON ("public"."Image"."id" = "aggr_selection_0_Trip"."coverImageId") LEFT JOIN (SELECT "public"."Blog"."coverImageId", COUNT(*) AS "_aggr_count_blogsCover" FROM "public"."Blog" WHERE 1=1 GROUP BY "public"."Blog"."coverImageId") AS "aggr_selection_1_Blog" ON ("public"."Image"."id" = "aggr_selection_1_Blog"."coverImageId") LEFT JOIN (SELECT "public"."User"."avatarImageId", COUNT(*) AS "_aggr_count_userAvatar" FROM "public"."User" WHERE 1=1 GROUP BY "public"."User"."avatarImageId") AS "aggr_selection_2_User" ON ("public"."Image"."id" = "aggr_selection_2_User"."avatarImageId") LEFT JOIN (SELECT "public"."TripGalleryImage"."imageId", COUNT(*) AS "_aggr_count_tripsGallery" FROM "public"."TripGalleryImage" WHERE 1=1 GROUP BY "public"."TripGalleryImage"."imageId") AS "aggr_selection_3_TripGalleryImage" ON ("public"."Image"."id" = "aggr_selection_3_TripGalleryImage"."imageId") WHERE 1=1 ORDER BY "public"."Image"."createdAt" DESC LIMIT $1 OFFSET $2

      at Object.zc (../../node_modules/@prisma/internals/src/logger.ts:13:11)

  console.log
    prisma:query SELECT COUNT(*) AS "_count$_all" FROM (SELECT "public"."Image"."id" FROM "public"."Image" WHERE 1=1 OFFSET $1) AS "sub"

      at Object.zc (../../node_modules/@prisma/internals/src/logger.ts:13:11)

2026-01-28 12:27:56 [32minfo[39m: ::ffff:127.0.0.1 - - [28/Jan/2026:06:57:56 +0000] "GET /api/v1/media HTTP/1.1" 200 649 "-" "-"
2026-01-28 12:27:56 [32minfo[39m: ::ffff:127.0.0.1 - - [28/Jan/2026:06:57:56 +0000] "GET /api/v1/media HTTP/1.1" 401 25 "-" "-"
2026-01-28 12:27:56 [31merror[39m: Failed to check token denylist
  console.log
    prisma:query SELECT "public"."User"."id", "public"."User"."email", "public"."User"."password", "public"."User"."name", "public"."User"."nickname", "public"."User"."bio", "public"."User"."age", "public"."User"."gender"::text, "public"."User"."phoneNumber", "public"."User"."address", "public"."User"."status"::text, "public"."User"."statusReason", "public"."User"."preferences", "public"."User"."googleId", "public"."User"."avatarUrl", "public"."User"."createdAt", "public"."User"."updatedAt", "public"."User"."avatarImageId", "public"."User"."deletedAt" FROM "public"."User" WHERE ("public"."User"."id" = $1 AND 1=1) LIMIT $2 OFFSET $3

      at Object.zc (../../node_modules/@prisma/internals/src/logger.ts:13:11)

  console.log
    prisma:query SELECT "public"."UserRole"."userId", "public"."UserRole"."roleId" FROM "public"."UserRole" WHERE "public"."UserRole"."userId" IN ($1) OFFSET $2

      at Object.zc (../../node_modules/@prisma/internals/src/logger.ts:13:11)

  console.log
    prisma:query SELECT "public"."Role"."id", "public"."Role"."name", "public"."Role"."description", "public"."Role"."isSystem", "public"."Role"."createdAt" FROM "public"."Role" WHERE "public"."Role"."id" IN ($1) OFFSET $2

      at Object.zc (../../node_modules/@prisma/internals/src/logger.ts:13:11)

  console.log
    prisma:query SELECT "public"."RolePermission"."roleId", "public"."RolePermission"."permissionId" FROM "public"."RolePermission" WHERE "public"."RolePermission"."roleId" IN ($1) OFFSET $2

      at Object.zc (../../node_modules/@prisma/internals/src/logger.ts:13:11)

  console.log
    prisma:query SELECT "public"."Permission"."id", "public"."Permission"."key", "public"."Permission"."description", "public"."Permission"."category", "public"."Permission"."createdAt" FROM "public"."Permission" WHERE "public"."Permission"."id" IN ($1,$2,$3,$4,$5,$6,$7,$8) OFFSET $9

      at Object.zc (../../node_modules/@prisma/internals/src/logger.ts:13:11)

  console.log
    prisma:query SELECT COUNT(*) AS "_count$_all" FROM (SELECT "public"."Image"."id" FROM "public"."Image" WHERE 1=1 OFFSET $1) AS "sub"

      at Object.zc (../../node_modules/@prisma/internals/src/logger.ts:13:11)

  console.log
    prisma:query SELECT "public"."Image"."id", "public"."Image"."originalUrl", "public"."Image"."mediumUrl", "public"."Image"."thumbUrl", "public"."Image"."width", "public"."Image"."height", "public"."Image"."size", "public"."Image"."mimeType", "public"."Image"."type"::text, "public"."Image"."duration", "public"."Image"."uploadedById", "public"."Image"."createdAt", "public"."Image"."updatedAt", COALESCE("aggr_selection_0_Trip"."_aggr_count_tripsCover", 0) AS "_aggr_count_tripsCover", COALESCE("aggr_selection_1_Blog"."_aggr_count_blogsCover", 0) AS "_aggr_count_blogsCover", COALESCE("aggr_selection_2_User"."_aggr_count_userAvatar", 0) AS "_aggr_count_userAvatar", COALESCE("aggr_selection_3_TripGalleryImage"."_aggr_count_tripsGallery", 0) AS "_aggr_count_tripsGallery" FROM "public"."Image" LEFT JOIN (SELECT "public"."Trip"."coverImageId", COUNT(*) AS "_aggr_count_tripsCover" FROM "public"."Trip" WHERE 1=1 GROUP BY "public"."Trip"."coverImageId") AS "aggr_selection_0_Trip" ON ("public"."Image"."id" = "aggr_selection_0_Trip"."coverImageId") LEFT JOIN (SELECT "public"."Blog"."coverImageId", COUNT(*) AS "_aggr_count_blogsCover" FROM "public"."Blog" WHERE 1=1 GROUP BY "public"."Blog"."coverImageId") AS "aggr_selection_1_Blog" ON ("public"."Image"."id" = "aggr_selection_1_Blog"."coverImageId") LEFT JOIN (SELECT "public"."User"."avatarImageId", COUNT(*) AS "_aggr_count_userAvatar" FROM "public"."User" WHERE 1=1 GROUP BY "public"."User"."avatarImageId") AS "aggr_selection_2_User" ON ("public"."Image"."id" = "aggr_selection_2_User"."avatarImageId") LEFT JOIN (SELECT "public"."TripGalleryImage"."imageId", COUNT(*) AS "_aggr_count_tripsGallery" FROM "public"."TripGalleryImage" WHERE 1=1 GROUP BY "public"."TripGalleryImage"."imageId") AS "aggr_selection_3_TripGalleryImage" ON ("public"."Image"."id" = "aggr_selection_3_TripGalleryImage"."imageId") WHERE 1=1 ORDER BY "public"."Image"."createdAt" DESC LIMIT $1 OFFSET $2

      at Object.zc (../../node_modules/@prisma/internals/src/logger.ts:13:11)

2026-01-28 12:27:56 [32minfo[39m: ::ffff:127.0.0.1 - - [28/Jan/2026:06:57:56 +0000] "GET /api/v1/media?page=1&limit=10 HTTP/1.1" 200 649 "-" "-"
2026-01-28 12:27:56 [31merror[39m: Failed to check token denylist
  console.log
    prisma:query SELECT "public"."User"."id", "public"."User"."email", "public"."User"."password", "public"."User"."name", "public"."User"."nickname", "public"."User"."bio", "public"."User"."age", "public"."User"."gender"::text, "public"."User"."phoneNumber", "public"."User"."address", "public"."User"."status"::text, "public"."User"."statusReason", "public"."User"."preferences", "public"."User"."googleId", "public"."User"."avatarUrl", "public"."User"."createdAt", "public"."User"."updatedAt", "public"."User"."avatarImageId", "public"."User"."deletedAt" FROM "public"."User" WHERE ("public"."User"."id" = $1 AND 1=1) LIMIT $2 OFFSET $3

      at Object.zc (../../node_modules/@prisma/internals/src/logger.ts:13:11)

  console.log
    prisma:query SELECT "public"."UserRole"."userId", "public"."UserRole"."roleId" FROM "public"."UserRole" WHERE "public"."UserRole"."userId" IN ($1) OFFSET $2

      at Object.zc (../../node_modules/@prisma/internals/src/logger.ts:13:11)

  console.log
    prisma:query SELECT "public"."Role"."id", "public"."Role"."name", "public"."Role"."description", "public"."Role"."isSystem", "public"."Role"."createdAt" FROM "public"."Role" WHERE "public"."Role"."id" IN ($1) OFFSET $2

      at Object.zc (../../node_modules/@prisma/internals/src/logger.ts:13:11)

  console.log
    prisma:query SELECT "public"."RolePermission"."roleId", "public"."RolePermission"."permissionId" FROM "public"."RolePermission" WHERE "public"."RolePermission"."roleId" IN ($1) OFFSET $2

      at Object.zc (../../node_modules/@prisma/internals/src/logger.ts:13:11)

  console.log
    prisma:query SELECT "public"."Permission"."id", "public"."Permission"."key", "public"."Permission"."description", "public"."Permission"."category", "public"."Permission"."createdAt" FROM "public"."Permission" WHERE "public"."Permission"."id" IN ($1,$2,$3,$4,$5,$6,$7,$8) OFFSET $9

      at Object.zc (../../node_modules/@prisma/internals/src/logger.ts:13:11)

  console.log
    prisma:query SELECT COUNT(*) AS "_count$_all" FROM (SELECT "public"."Image"."id" FROM "public"."Image" WHERE "public"."Image"."type" = CAST($1::text AS "public"."MediaType") OFFSET $2) AS "sub"

      at Object.zc (../../node_modules/@prisma/internals/src/logger.ts:13:11)

  console.log
    prisma:query SELECT "public"."Image"."id", "public"."Image"."originalUrl", "public"."Image"."mediumUrl", "public"."Image"."thumbUrl", "public"."Image"."width", "public"."Image"."height", "public"."Image"."size", "public"."Image"."mimeType", "public"."Image"."type"::text, "public"."Image"."duration", "public"."Image"."uploadedById", "public"."Image"."createdAt", "public"."Image"."updatedAt", COALESCE("aggr_selection_0_Trip"."_aggr_count_tripsCover", 0) AS "_aggr_count_tripsCover", COALESCE("aggr_selection_1_Blog"."_aggr_count_blogsCover", 0) AS "_aggr_count_blogsCover", COALESCE("aggr_selection_2_User"."_aggr_count_userAvatar", 0) AS "_aggr_count_userAvatar", COALESCE("aggr_selection_3_TripGalleryImage"."_aggr_count_tripsGallery", 0) AS "_aggr_count_tripsGallery" FROM "public"."Image" LEFT JOIN (SELECT "public"."Trip"."coverImageId", COUNT(*) AS "_aggr_count_tripsCover" FROM "public"."Trip" WHERE 1=1 GROUP BY "public"."Trip"."coverImageId") AS "aggr_selection_0_Trip" ON ("public"."Image"."id" = "aggr_selection_0_Trip"."coverImageId") LEFT JOIN (SELECT "public"."Blog"."coverImageId", COUNT(*) AS "_aggr_count_blogsCover" FROM "public"."Blog" WHERE 1=1 GROUP BY "public"."Blog"."coverImageId") AS "aggr_selection_1_Blog" ON ("public"."Image"."id" = "aggr_selection_1_Blog"."coverImageId") LEFT JOIN (SELECT "public"."User"."avatarImageId", COUNT(*) AS "_aggr_count_userAvatar" FROM "public"."User" WHERE 1=1 GROUP BY "public"."User"."avatarImageId") AS "aggr_selection_2_User" ON ("public"."Image"."id" = "aggr_selection_2_User"."avatarImageId") LEFT JOIN (SELECT "public"."TripGalleryImage"."imageId", COUNT(*) AS "_aggr_count_tripsGallery" FROM "public"."TripGalleryImage" WHERE 1=1 GROUP BY "public"."TripGalleryImage"."imageId") AS "aggr_selection_3_TripGalleryImage" ON ("public"."Image"."id" = "aggr_selection_3_TripGalleryImage"."imageId") WHERE "public"."Image"."type" = CAST($1::text AS "public"."MediaType") ORDER BY "public"."Image"."createdAt" DESC LIMIT $2 OFFSET $3

      at Object.zc (../../node_modules/@prisma/internals/src/logger.ts:13:11)

2026-01-28 12:27:56 [32minfo[39m: ::ffff:127.0.0.1 - - [28/Jan/2026:06:57:56 +0000] "GET /api/v1/media?type=IMAGE HTTP/1.1" 200 649 "-" "-"
  console.log
    prisma:query INSERT INTO "public"."Image" ("id","originalUrl","mediumUrl","thumbUrl","width","height","size","mimeType","type","duration","uploadedById","createdAt","updatedAt") VALUES ($1,$2,$3,$4,$5,$6,$7,$8,CAST($9::text AS "public"."MediaType"),$10,$11,$12,$13) RETURNING "public"."Image"."id", "public"."Image"."originalUrl", "public"."Image"."mediumUrl", "public"."Image"."thumbUrl", "public"."Image"."width", "public"."Image"."height", "public"."Image"."size", "public"."Image"."mimeType", "public"."Image"."type"::text, "public"."Image"."duration", "public"."Image"."uploadedById", "public"."Image"."createdAt", "public"."Image"."updatedAt"

      at Object.zc (../../node_modules/@prisma/internals/src/logger.ts:13:11)

2026-01-28 12:27:57 [31merror[39m: Failed to check token denylist
  console.log
    prisma:query SELECT "public"."User"."id", "public"."User"."email", "public"."User"."password", "public"."User"."name", "public"."User"."nickname", "public"."User"."bio", "public"."User"."age", "public"."User"."gender"::text, "public"."User"."phoneNumber", "public"."User"."address", "public"."User"."status"::text, "public"."User"."statusReason", "public"."User"."preferences", "public"."User"."googleId", "public"."User"."avatarUrl", "public"."User"."createdAt", "public"."User"."updatedAt", "public"."User"."avatarImageId", "public"."User"."deletedAt" FROM "public"."User" WHERE ("public"."User"."id" = $1 AND 1=1) LIMIT $2 OFFSET $3

      at Object.zc (../../node_modules/@prisma/internals/src/logger.ts:13:11)

  console.log
    prisma:query SELECT "public"."UserRole"."userId", "public"."UserRole"."roleId" FROM "public"."UserRole" WHERE "public"."UserRole"."userId" IN ($1) OFFSET $2

      at Object.zc (../../node_modules/@prisma/internals/src/logger.ts:13:11)

  console.log
    prisma:query SELECT "public"."Role"."id", "public"."Role"."name", "public"."Role"."description", "public"."Role"."isSystem", "public"."Role"."createdAt" FROM "public"."Role" WHERE "public"."Role"."id" IN ($1) OFFSET $2

      at Object.zc (../../node_modules/@prisma/internals/src/logger.ts:13:11)

  console.log
    prisma:query SELECT "public"."RolePermission"."roleId", "public"."RolePermission"."permissionId" FROM "public"."RolePermission" WHERE "public"."RolePermission"."roleId" IN ($1) OFFSET $2

      at Object.zc (../../node_modules/@prisma/internals/src/logger.ts:13:11)

  console.log
    prisma:query SELECT "public"."Permission"."id", "public"."Permission"."key", "public"."Permission"."description", "public"."Permission"."category", "public"."Permission"."createdAt" FROM "public"."Permission" WHERE "public"."Permission"."id" IN ($1,$2,$3,$4,$5,$6,$7,$8) OFFSET $9

      at Object.zc (../../node_modules/@prisma/internals/src/logger.ts:13:11)

  console.log
    prisma:query DELETE FROM "public"."Image" WHERE ("public"."Image"."id" = $1 AND 1=1) RETURNING "public"."Image"."id", "public"."Image"."originalUrl", "public"."Image"."mediumUrl", "public"."Image"."thumbUrl", "public"."Image"."width", "public"."Image"."height", "public"."Image"."size", "public"."Image"."mimeType", "public"."Image"."type"::text, "public"."Image"."duration", "public"."Image"."uploadedById", "public"."Image"."createdAt", "public"."Image"."updatedAt"

      at Object.zc (../../node_modules/@prisma/internals/src/logger.ts:13:11)

2026-01-28 12:27:57 [32minfo[39m: ::ffff:127.0.0.1 - - [28/Jan/2026:06:57:57 +0000] "DELETE /api/v1/media/a22a0c3c-f2b0-4593-b325-6ac0d7984502 HTTP/1.1" 200 16 "-" "-"
2026-01-28 12:27:57 [32minfo[39m: ::ffff:127.0.0.1 - - [28/Jan/2026:06:57:57 +0000] "DELETE /api/v1/media/4559ddff-9453-4cb0-94e6-19c8e407b03b HTTP/1.1" 401 25 "-" "-"
  console.log
    prisma:query INSERT INTO "public"."Image" ("id","originalUrl","mediumUrl","thumbUrl","width","height","size","mimeType","type","duration","uploadedById","createdAt","updatedAt") VALUES ($1,$2,$3,$4,$5,$6,$7,$8,CAST($9::text AS "public"."MediaType"),$10,$11,$12,$13) RETURNING "public"."Image"."id", "public"."Image"."originalUrl", "public"."Image"."mediumUrl", "public"."Image"."thumbUrl", "public"."Image"."width", "public"."Image"."height", "public"."Image"."size", "public"."Image"."mimeType", "public"."Image"."type"::text, "public"."Image"."duration", "public"."Image"."uploadedById", "public"."Image"."createdAt", "public"."Image"."updatedAt"

      at Object.zc (../../node_modules/@prisma/internals/src/logger.ts:13:11)

2026-01-28 12:27:57 [31merror[39m: Failed to check token denylist
  console.log
    prisma:query SELECT "public"."User"."id", "public"."User"."email", "public"."User"."password", "public"."User"."name", "public"."User"."nickname", "public"."User"."bio", "public"."User"."age", "public"."User"."gender"::text, "public"."User"."phoneNumber", "public"."User"."address", "public"."User"."status"::text, "public"."User"."statusReason", "public"."User"."preferences", "public"."User"."googleId", "public"."User"."avatarUrl", "public"."User"."createdAt", "public"."User"."updatedAt", "public"."User"."avatarImageId", "public"."User"."deletedAt" FROM "public"."User" WHERE ("public"."User"."id" = $1 AND 1=1) LIMIT $2 OFFSET $3

      at Object.zc (../../node_modules/@prisma/internals/src/logger.ts:13:11)

  console.log
    prisma:query SELECT "public"."UserRole"."userId", "public"."UserRole"."roleId" FROM "public"."UserRole" WHERE "public"."UserRole"."userId" IN ($1) OFFSET $2

      at Object.zc (../../node_modules/@prisma/internals/src/logger.ts:13:11)

  console.log
    prisma:query SELECT "public"."Role"."id", "public"."Role"."name", "public"."Role"."description", "public"."Role"."isSystem", "public"."Role"."createdAt" FROM "public"."Role" WHERE "public"."Role"."id" IN ($1) OFFSET $2

      at Object.zc (../../node_modules/@prisma/internals/src/logger.ts:13:11)

  console.log
    prisma:query SELECT "public"."RolePermission"."roleId", "public"."RolePermission"."permissionId" FROM "public"."RolePermission" WHERE "public"."RolePermission"."roleId" IN ($1) OFFSET $2

      at Object.zc (../../node_modules/@prisma/internals/src/logger.ts:13:11)

  console.log
    prisma:query SELECT "public"."User"."id", "public"."User"."email", "public"."User"."password", "public"."User"."name", "public"."User"."nickname", "public"."User"."bio", "public"."User"."age", "public"."User"."gender"::text, "public"."User"."phoneNumber", "public"."User"."address", "public"."User"."status"::text, "public"."User"."statusReason", "public"."User"."preferences", "public"."User"."googleId", "public"."User"."avatarUrl", "public"."User"."createdAt", "public"."User"."updatedAt", "public"."User"."avatarImageId", "public"."User"."deletedAt" FROM "public"."User" WHERE ("public"."User"."id" = $1 AND 1=1) LIMIT $2 OFFSET $3

      at Object.zc (../../node_modules/@prisma/internals/src/logger.ts:13:11)

  console.log
    prisma:query SELECT "public"."UserRole"."userId", "public"."UserRole"."roleId" FROM "public"."UserRole" WHERE "public"."UserRole"."userId" IN ($1) OFFSET $2

      at Object.zc (../../node_modules/@prisma/internals/src/logger.ts:13:11)

  console.log
    prisma:query SELECT "public"."Role"."id", "public"."Role"."name", "public"."Role"."description", "public"."Role"."isSystem", "public"."Role"."createdAt" FROM "public"."Role" WHERE "public"."Role"."id" IN ($1) OFFSET $2

      at Object.zc (../../node_modules/@prisma/internals/src/logger.ts:13:11)

  console.log
    prisma:query SELECT "public"."RolePermission"."roleId", "public"."RolePermission"."permissionId" FROM "public"."RolePermission" WHERE "public"."RolePermission"."roleId" IN ($1) OFFSET $2

      at Object.zc (../../node_modules/@prisma/internals/src/logger.ts:13:11)

2026-01-28 12:27:57 [31merror[39m: HttpError: You do not have permission to perform this action (media:delete)
    at new HttpError (C:\Users\akash\Documents\Param_Adventures_Phase1\apps\api\src\utils\httpError.js:32:24)
    at C:\Users\akash\Documents\Param_Adventures_Phase1\apps\api\src\middlewares\require-permission.middleware.ts:58:13
2026-01-28 12:27:57 [32minfo[39m: ::ffff:127.0.0.1 - - [28/Jan/2026:06:57:57 +0000] "DELETE /api/v1/media/700feeb1-b9d6-456d-baeb-9cc77627b8da HTTP/1.1" 403 171 "-" "-"
2026-01-28 12:27:57 [31merror[39m: Failed to check token denylist
  console.log
    prisma:query SELECT "public"."User"."id", "public"."User"."email", "public"."User"."password", "public"."User"."name", "public"."User"."nickname", "public"."User"."bio", "public"."User"."age", "public"."User"."gender"::text, "public"."User"."phoneNumber", "public"."User"."address", "public"."User"."status"::text, "public"."User"."statusReason", "public"."User"."preferences", "public"."User"."googleId", "public"."User"."avatarUrl", "public"."User"."createdAt", "public"."User"."updatedAt", "public"."User"."avatarImageId", "public"."User"."deletedAt" FROM "public"."User" WHERE ("public"."User"."id" = $1 AND 1=1) LIMIT $2 OFFSET $3

      at Object.zc (../../node_modules/@prisma/internals/src/logger.ts:13:11)

  console.log
    prisma:query SELECT "public"."UserRole"."userId", "public"."UserRole"."roleId" FROM "public"."UserRole" WHERE "public"."UserRole"."userId" IN ($1) OFFSET $2

      at Object.zc (../../node_modules/@prisma/internals/src/logger.ts:13:11)

  console.log
    prisma:query SELECT "public"."Role"."id", "public"."Role"."name", "public"."Role"."description", "public"."Role"."isSystem", "public"."Role"."createdAt" FROM "public"."Role" WHERE "public"."Role"."id" IN ($1) OFFSET $2

      at Object.zc (../../node_modules/@prisma/internals/src/logger.ts:13:11)

  console.log
    prisma:query SELECT "public"."RolePermission"."roleId", "public"."RolePermission"."permissionId" FROM "public"."RolePermission" WHERE "public"."RolePermission"."roleId" IN ($1) OFFSET $2

      at Object.zc (../../node_modules/@prisma/internals/src/logger.ts:13:11)

  console.log
    prisma:query SELECT "public"."Permission"."id", "public"."Permission"."key", "public"."Permission"."description", "public"."Permission"."category", "public"."Permission"."createdAt" FROM "public"."Permission" WHERE "public"."Permission"."id" IN ($1,$2,$3,$4,$5,$6,$7,$8) OFFSET $9

      at Object.zc (../../node_modules/@prisma/internals/src/logger.ts:13:11)

  console.log
    prisma:query DELETE FROM "public"."Image" WHERE ("public"."Image"."id" = $1 AND 1=1) RETURNING "public"."Image"."id", "public"."Image"."originalUrl", "public"."Image"."mediumUrl", "public"."Image"."thumbUrl", "public"."Image"."width", "public"."Image"."height", "public"."Image"."size", "public"."Image"."mimeType", "public"."Image"."type"::text, "public"."Image"."duration", "public"."Image"."uploadedById", "public"."Image"."createdAt", "public"."Image"."updatedAt"

      at Object.zc (../../node_modules/@prisma/internals/src/logger.ts:13:11)

  console.log
    prisma:error 
    Invalid `prisma.image.delete()` invocation in
    C:\Users\akash\Documents\Param_Adventures_Phase1\apps\api\src\controllers\media\listMedia.controller.ts:75:44
    
      72 const { id } = req.params;
      73 try {
      74   // 1. Delete from DB first to get the URLs for disk cleanup
    ΓåÆ 75   const media = await prisma.image.delete(
    An operation failed because it depends on one or more records that were required but not found. No record was found for a delete.

      at Object.zc (../../node_modules/@prisma/internals/src/logger.ts:13:11)

  console.error
    Delete media error: PrismaClientKnownRequestError: 
    Invalid `prisma.image.delete()` invocation in
    C:\Users\akash\Documents\Param_Adventures_Phase1\apps\api\src\controllers\media\listMedia.controller.ts:75:44
    
      72 const { id } = req.params;
      73 try {
      74   // 1. Delete from DB first to get the URLs for disk cleanup
    ΓåÆ 75   const media = await prisma.image.delete(
    An operation failed because it depends on one or more records that were required but not found. No record was found for a delete.
        at ei.handleRequestError (C:\Users\akash\Documents\Param_Adventures_Phase1\node_modules\@prisma\client\src\runtime\RequestHandler.ts:228:13)
        at ei.handleAndLogRequestError (C:\Users\akash\Documents\Param_Adventures_Phase1\node_modules\@prisma\client\src\runtime\RequestHandler.ts:174:12)
        at ei.request (C:\Users\akash\Documents\Param_Adventures_Phase1\node_modules\@prisma\client\src\runtime\RequestHandler.ts:143:12)
        at a (C:\Users\akash\Documents\Param_Adventures_Phase1\node_modules\@prisma\client\src\runtime\getPrismaClient.ts:833:24)
        at deleteMedia (C:\Users\akash\Documents\Param_Adventures_Phase1\apps\api\src\controllers\media\listMedia.controller.ts:75:19) {
      code: 'P2025',
      meta: { modelName: 'Image', cause: 'No record was found for a delete.' },
      clientVersion: '6.19.2'
    }

    [0m [90m 105 |[39m     res[33m.[39mjson({ success[33m:[39m [36mtrue[39m })[33m;[39m
     [90m 106 |[39m   } [36mcatch[39m (error[33m:[39m unknown) {
    [31m[1m>[22m[39m[90m 107 |[39m     console[33m.[39merror([32m"Delete media error:"[39m[33m,[39m error)[33m;[39m
     [90m     |[39m             [31m[1m^[22m[39m
     [90m 108 |[39m     [36mif[39m (error [36minstanceof[39m [33mPrisma[39m[33m.[39m[33mPrismaClientKnownRequestError[39m) {
     [90m 109 |[39m       [36mif[39m (error[33m.[39mcode [33m===[39m [32m"P2003"[39m) {
     [90m 110 |[39m         [36mreturn[39m res[33m.[39mstatus([35m400[39m)[33m.[39mjson({[0m

      at deleteMedia (src/controllers/media/listMedia.controller.ts:107:13)

2026-01-28 12:27:57 [32minfo[39m: ::ffff:127.0.0.1 - - [28/Jan/2026:06:57:57 +0000] "DELETE /api/v1/media/non-existent-id-123 HTTP/1.1" 404 28 "-" "-"
  console.log
    prisma:query INSERT INTO "public"."Image" ("id","originalUrl","mediumUrl","thumbUrl","width","height","size","mimeType","type","duration","uploadedById","createdAt","updatedAt") VALUES ($1,$2,$3,$4,$5,$6,$7,$8,CAST($9::text AS "public"."MediaType"),$10,$11,$12,$13) RETURNING "public"."Image"."id", "public"."Image"."originalUrl", "public"."Image"."mediumUrl", "public"."Image"."thumbUrl", "public"."Image"."width", "public"."Image"."height", "public"."Image"."size", "public"."Image"."mimeType", "public"."Image"."type"::text, "public"."Image"."duration", "public"."Image"."uploadedById", "public"."Image"."createdAt", "public"."Image"."updatedAt"

      at Object.zc (../../node_modules/@prisma/internals/src/logger.ts:13:11)

  console.log
    prisma:query UPDATE "public"."Trip" SET "coverImageId" = $1, "updatedAt" = $2 WHERE ("public"."Trip"."id" = $3 AND 1=1) RETURNING "public"."Trip"."id", "public"."Trip"."title", "public"."Trip"."slug", "public"."Trip"."description", "public"."Trip"."itinerary", "public"."Trip"."durationDays", "public"."Trip"."difficulty"::text, "public"."Trip"."location", "public"."Trip"."price", "public"."Trip"."status"::text, "public"."Trip"."category"::text, "public"."Trip"."startPoint", "public"."Trip"."endPoint", "public"."Trip"."altitude", "public"."Trip"."distance", "public"."Trip"."itineraryPdf", "public"."Trip"."highlights", "public"."Trip"."inclusions", "public"."Trip"."exclusions", "public"."Trip"."cancellationPolicy", "public"."Trip"."thingsToPack", "public"."Trip"."faqs", "public"."Trip"."seasons", "public"."Trip"."coverImageId", "public"."Trip"."heroImageId", "public"."Trip"."deletedAt", "public"."Trip"."createdById", "public"."Trip"."approvedById", "public"."Trip"."publishedAt", "public"."Trip"."createdAt", "public"."Trip"."updatedAt", "public"."Trip"."capacity", "public"."Trip"."startDate", "public"."Trip"."endDate", "public"."Trip"."managerId", "public"."Trip"."documentation", "public"."Trip"."isFeatured"

      at Object.zc (../../node_modules/@prisma/internals/src/logger.ts:13:11)

2026-01-28 12:27:57 [31merror[39m: Failed to check token denylist
  console.log
    prisma:query SELECT "public"."User"."id", "public"."User"."email", "public"."User"."password", "public"."User"."name", "public"."User"."nickname", "public"."User"."bio", "public"."User"."age", "public"."User"."gender"::text, "public"."User"."phoneNumber", "public"."User"."address", "public"."User"."status"::text, "public"."User"."statusReason", "public"."User"."preferences", "public"."User"."googleId", "public"."User"."avatarUrl", "public"."User"."createdAt", "public"."User"."updatedAt", "public"."User"."avatarImageId", "public"."User"."deletedAt" FROM "public"."User" WHERE ("public"."User"."id" = $1 AND 1=1) LIMIT $2 OFFSET $3

      at Object.zc (../../node_modules/@prisma/internals/src/logger.ts:13:11)

  console.log
    prisma:query SELECT "public"."UserRole"."userId", "public"."UserRole"."roleId" FROM "public"."UserRole" WHERE "public"."UserRole"."userId" IN ($1) OFFSET $2

      at Object.zc (../../node_modules/@prisma/internals/src/logger.ts:13:11)

  console.log
    prisma:query SELECT "public"."Role"."id", "public"."Role"."name", "public"."Role"."description", "public"."Role"."isSystem", "public"."Role"."createdAt" FROM "public"."Role" WHERE "public"."Role"."id" IN ($1) OFFSET $2

      at Object.zc (../../node_modules/@prisma/internals/src/logger.ts:13:11)

  console.log
    prisma:query SELECT "public"."RolePermission"."roleId", "public"."RolePermission"."permissionId" FROM "public"."RolePermission" WHERE "public"."RolePermission"."roleId" IN ($1) OFFSET $2

      at Object.zc (../../node_modules/@prisma/internals/src/logger.ts:13:11)

  console.log
    prisma:query SELECT "public"."Permission"."id", "public"."Permission"."key", "public"."Permission"."description", "public"."Permission"."category", "public"."Permission"."createdAt" FROM "public"."Permission" WHERE "public"."Permission"."id" IN ($1,$2,$3,$4,$5,$6,$7,$8) OFFSET $9

      at Object.zc (../../node_modules/@prisma/internals/src/logger.ts:13:11)

  console.log
    prisma:query DELETE FROM "public"."Image" WHERE ("public"."Image"."id" = $1 AND 1=1) RETURNING "public"."Image"."id", "public"."Image"."originalUrl", "public"."Image"."mediumUrl", "public"."Image"."thumbUrl", "public"."Image"."width", "public"."Image"."height", "public"."Image"."size", "public"."Image"."mimeType", "public"."Image"."type"::text, "public"."Image"."duration", "public"."Image"."uploadedById", "public"."Image"."createdAt", "public"."Image"."updatedAt"

      at Object.zc (../../node_modules/@prisma/internals/src/logger.ts:13:11)

2026-01-28 12:27:57 [32minfo[39m: ::ffff:127.0.0.1 - - [28/Jan/2026:06:57:57 +0000] "DELETE /api/v1/media/f16c2fd0-a8d3-426a-8937-3b0254274f85 HTTP/1.1" 200 16 "-" "-"
2026-01-28 12:27:57 [32minfo[39m: ::ffff:127.0.0.1 - - [28/Jan/2026:06:57:57 +0000] "POST /api/v1/media/upload HTTP/1.1" 401 25 "-" "-"
2026-01-28 12:27:57 [32minfo[39m: ::ffff:127.0.0.1 - - [28/Jan/2026:06:57:57 +0000] "POST /api/v1/media/trips/d0ae4492-77f6-460a-ad34-ec97669344a8/cover HTTP/1.1" 401 25 "-" "-"
2026-01-28 12:27:57 [31merror[39m: Failed to check token denylist
  console.log
    prisma:query SELECT "public"."User"."id", "public"."User"."email", "public"."User"."password", "public"."User"."name", "public"."User"."nickname", "public"."User"."bio", "public"."User"."age", "public"."User"."gender"::text, "public"."User"."phoneNumber", "public"."User"."address", "public"."User"."status"::text, "public"."User"."statusReason", "public"."User"."preferences", "public"."User"."googleId", "public"."User"."avatarUrl", "public"."User"."createdAt", "public"."User"."updatedAt", "public"."User"."avatarImageId", "public"."User"."deletedAt" FROM "public"."User" WHERE ("public"."User"."id" = $1 AND 1=1) LIMIT $2 OFFSET $3

      at Object.zc (../../node_modules/@prisma/internals/src/logger.ts:13:11)

  console.log
    prisma:query SELECT "public"."UserRole"."userId", "public"."UserRole"."roleId" FROM "public"."UserRole" WHERE "public"."UserRole"."userId" IN ($1) OFFSET $2

      at Object.zc (../../node_modules/@prisma/internals/src/logger.ts:13:11)

  console.log
    prisma:query SELECT "public"."Role"."id", "public"."Role"."name", "public"."Role"."description", "public"."Role"."isSystem", "public"."Role"."createdAt" FROM "public"."Role" WHERE "public"."Role"."id" IN ($1) OFFSET $2

      at Object.zc (../../node_modules/@prisma/internals/src/logger.ts:13:11)

  console.log
    prisma:query SELECT "public"."RolePermission"."roleId", "public"."RolePermission"."permissionId" FROM "public"."RolePermission" WHERE "public"."RolePermission"."roleId" IN ($1) OFFSET $2

      at Object.zc (../../node_modules/@prisma/internals/src/logger.ts:13:11)

  console.log
    prisma:query SELECT "public"."User"."id", "public"."User"."email", "public"."User"."password", "public"."User"."name", "public"."User"."nickname", "public"."User"."bio", "public"."User"."age", "public"."User"."gender"::text, "public"."User"."phoneNumber", "public"."User"."address", "public"."User"."status"::text, "public"."User"."statusReason", "public"."User"."preferences", "public"."User"."googleId", "public"."User"."avatarUrl", "public"."User"."createdAt", "public"."User"."updatedAt", "public"."User"."avatarImageId", "public"."User"."deletedAt" FROM "public"."User" WHERE ("public"."User"."id" = $1 AND 1=1) LIMIT $2 OFFSET $3

      at Object.zc (../../node_modules/@prisma/internals/src/logger.ts:13:11)

  console.log
    prisma:query SELECT "public"."UserRole"."userId", "public"."UserRole"."roleId" FROM "public"."UserRole" WHERE "public"."UserRole"."userId" IN ($1) OFFSET $2

      at Object.zc (../../node_modules/@prisma/internals/src/logger.ts:13:11)

  console.log
    prisma:query SELECT "public"."Role"."id", "public"."Role"."name", "public"."Role"."description", "public"."Role"."isSystem", "public"."Role"."createdAt" FROM "public"."Role" WHERE "public"."Role"."id" IN ($1) OFFSET $2

      at Object.zc (../../node_modules/@prisma/internals/src/logger.ts:13:11)

  console.log
    prisma:query SELECT "public"."RolePermission"."roleId", "public"."RolePermission"."permissionId" FROM "public"."RolePermission" WHERE "public"."RolePermission"."roleId" IN ($1) OFFSET $2

      at Object.zc (../../node_modules/@prisma/internals/src/logger.ts:13:11)

2026-01-28 12:27:57 [31merror[39m: HttpError: You do not have permission to perform this action (trip:edit)
    at new HttpError (C:\Users\akash\Documents\Param_Adventures_Phase1\apps\api\src\utils\httpError.js:32:24)
    at C:\Users\akash\Documents\Param_Adventures_Phase1\apps\api\src\middlewares\require-permission.middleware.ts:58:13
2026-01-28 12:27:57 [32minfo[39m: ::ffff:127.0.0.1 - - [28/Jan/2026:06:57:57 +0000] "POST /api/v1/media/trips/d0ae4492-77f6-460a-ad34-ec97669344a8/cover HTTP/1.1" 403 168 "-" "-"
2026-01-28 12:27:57 [32minfo[39m: ::ffff:127.0.0.1 - - [28/Jan/2026:06:57:57 +0000] "POST /api/v1/media/trips/d0ae4492-77f6-460a-ad34-ec97669344a8/cover/attach HTTP/1.1" 401 25 "-" "-"
2026-01-28 12:27:57 [31merror[39m: Failed to check token denylist
  console.log
    prisma:query SELECT "public"."User"."id", "public"."User"."email", "public"."User"."password", "public"."User"."name", "public"."User"."nickname", "public"."User"."bio", "public"."User"."age", "public"."User"."gender"::text, "public"."User"."phoneNumber", "public"."User"."address", "public"."User"."status"::text, "public"."User"."statusReason", "public"."User"."preferences", "public"."User"."googleId", "public"."User"."avatarUrl", "public"."User"."createdAt", "public"."User"."updatedAt", "public"."User"."avatarImageId", "public"."User"."deletedAt" FROM "public"."User" WHERE ("public"."User"."id" = $1 AND 1=1) LIMIT $2 OFFSET $3

      at Object.zc (../../node_modules/@prisma/internals/src/logger.ts:13:11)

  console.log
    prisma:query SELECT "public"."UserRole"."userId", "public"."UserRole"."roleId" FROM "public"."UserRole" WHERE "public"."UserRole"."userId" IN ($1) OFFSET $2

      at Object.zc (../../node_modules/@prisma/internals/src/logger.ts:13:11)

  console.log
    prisma:query SELECT "public"."Role"."id", "public"."Role"."name", "public"."Role"."description", "public"."Role"."isSystem", "public"."Role"."createdAt" FROM "public"."Role" WHERE "public"."Role"."id" IN ($1) OFFSET $2

      at Object.zc (../../node_modules/@prisma/internals/src/logger.ts:13:11)

  console.log
    prisma:query SELECT "public"."RolePermission"."roleId", "public"."RolePermission"."permissionId" FROM "public"."RolePermission" WHERE "public"."RolePermission"."roleId" IN ($1) OFFSET $2

      at Object.zc (../../node_modules/@prisma/internals/src/logger.ts:13:11)

  console.log
    prisma:query SELECT "public"."User"."id", "public"."User"."email", "public"."User"."password", "public"."User"."name", "public"."User"."nickname", "public"."User"."bio", "public"."User"."age", "public"."User"."gender"::text, "public"."User"."phoneNumber", "public"."User"."address", "public"."User"."status"::text, "public"."User"."statusReason", "public"."User"."preferences", "public"."User"."googleId", "public"."User"."avatarUrl", "public"."User"."createdAt", "public"."User"."updatedAt", "public"."User"."avatarImageId", "public"."User"."deletedAt" FROM "public"."User" WHERE ("public"."User"."id" = $1 AND 1=1) LIMIT $2 OFFSET $3

      at Object.zc (../../node_modules/@prisma/internals/src/logger.ts:13:11)

  console.log
    prisma:query SELECT "public"."UserRole"."userId", "public"."UserRole"."roleId" FROM "public"."UserRole" WHERE "public"."UserRole"."userId" IN ($1) OFFSET $2

      at Object.zc (../../node_modules/@prisma/internals/src/logger.ts:13:11)

  console.log
    prisma:query SELECT "public"."Role"."id", "public"."Role"."name", "public"."Role"."description", "public"."Role"."isSystem", "public"."Role"."createdAt" FROM "public"."Role" WHERE "public"."Role"."id" IN ($1) OFFSET $2

      at Object.zc (../../node_modules/@prisma/internals/src/logger.ts:13:11)

  console.log
    prisma:query SELECT "public"."RolePermission"."roleId", "public"."RolePermission"."permissionId" FROM "public"."RolePermission" WHERE "public"."RolePermission"."roleId" IN ($1) OFFSET $2

      at Object.zc (../../node_modules/@prisma/internals/src/logger.ts:13:11)

2026-01-28 12:27:57 [31merror[39m: HttpError: You do not have permission to perform this action (trip:edit)
    at new HttpError (C:\Users\akash\Documents\Param_Adventures_Phase1\apps\api\src\utils\httpError.js:32:24)
    at C:\Users\akash\Documents\Param_Adventures_Phase1\apps\api\src\middlewares\require-permission.middleware.ts:58:13
2026-01-28 12:27:57 [32minfo[39m: ::ffff:127.0.0.1 - - [28/Jan/2026:06:57:57 +0000] "POST /api/v1/media/trips/d0ae4492-77f6-460a-ad34-ec97669344a8/cover/attach HTTP/1.1" 403 168 "-" "-"
2026-01-28 12:27:57 [32minfo[39m: ::ffff:127.0.0.1 - - [28/Jan/2026:06:57:57 +0000] "POST /api/v1/media/trips/d0ae4492-77f6-460a-ad34-ec97669344a8/gallery HTTP/1.1" 401 25 "-" "-"
2026-01-28 12:27:57 [31merror[39m: Failed to check token denylist
  console.log
    prisma:query SELECT "public"."User"."id", "public"."User"."email", "public"."User"."password", "public"."User"."name", "public"."User"."nickname", "public"."User"."bio", "public"."User"."age", "public"."User"."gender"::text, "public"."User"."phoneNumber", "public"."User"."address", "public"."User"."status"::text, "public"."User"."statusReason", "public"."User"."preferences", "public"."User"."googleId", "public"."User"."avatarUrl", "public"."User"."createdAt", "public"."User"."updatedAt", "public"."User"."avatarImageId", "public"."User"."deletedAt" FROM "public"."User" WHERE ("public"."User"."id" = $1 AND 1=1) LIMIT $2 OFFSET $3

      at Object.zc (../../node_modules/@prisma/internals/src/logger.ts:13:11)

  console.log
    prisma:query SELECT "public"."UserRole"."userId", "public"."UserRole"."roleId" FROM "public"."UserRole" WHERE "public"."UserRole"."userId" IN ($1) OFFSET $2

      at Object.zc (../../node_modules/@prisma/internals/src/logger.ts:13:11)

  console.log
    prisma:query SELECT "public"."Role"."id", "public"."Role"."name", "public"."Role"."description", "public"."Role"."isSystem", "public"."Role"."createdAt" FROM "public"."Role" WHERE "public"."Role"."id" IN ($1) OFFSET $2

      at Object.zc (../../node_modules/@prisma/internals/src/logger.ts:13:11)

  console.log
    prisma:query SELECT "public"."RolePermission"."roleId", "public"."RolePermission"."permissionId" FROM "public"."RolePermission" WHERE "public"."RolePermission"."roleId" IN ($1) OFFSET $2

      at Object.zc (../../node_modules/@prisma/internals/src/logger.ts:13:11)

  console.log
    prisma:query SELECT "public"."User"."id", "public"."User"."email", "public"."User"."password", "public"."User"."name", "public"."User"."nickname", "public"."User"."bio", "public"."User"."age", "public"."User"."gender"::text, "public"."User"."phoneNumber", "public"."User"."address", "public"."User"."status"::text, "public"."User"."statusReason", "public"."User"."preferences", "public"."User"."googleId", "public"."User"."avatarUrl", "public"."User"."createdAt", "public"."User"."updatedAt", "public"."User"."avatarImageId", "public"."User"."deletedAt" FROM "public"."User" WHERE ("public"."User"."id" = $1 AND 1=1) LIMIT $2 OFFSET $3

      at Object.zc (../../node_modules/@prisma/internals/src/logger.ts:13:11)

  console.log
    prisma:query SELECT "public"."UserRole"."userId", "public"."UserRole"."roleId" FROM "public"."UserRole" WHERE "public"."UserRole"."userId" IN ($1) OFFSET $2

      at Object.zc (../../node_modules/@prisma/internals/src/logger.ts:13:11)

  console.log
    prisma:query SELECT "public"."Role"."id", "public"."Role"."name", "public"."Role"."description", "public"."Role"."isSystem", "public"."Role"."createdAt" FROM "public"."Role" WHERE "public"."Role"."id" IN ($1) OFFSET $2

      at Object.zc (../../node_modules/@prisma/internals/src/logger.ts:13:11)

  console.log
    prisma:query SELECT "public"."RolePermission"."roleId", "public"."RolePermission"."permissionId" FROM "public"."RolePermission" WHERE "public"."RolePermission"."roleId" IN ($1) OFFSET $2

      at Object.zc (../../node_modules/@prisma/internals/src/logger.ts:13:11)

2026-01-28 12:27:57 [31merror[39m: HttpError: You do not have permission to perform this action (trip:edit)
    at new HttpError (C:\Users\akash\Documents\Param_Adventures_Phase1\apps\api\src\utils\httpError.js:32:24)
    at C:\Users\akash\Documents\Param_Adventures_Phase1\apps\api\src\middlewares\require-permission.middleware.ts:58:13
2026-01-28 12:27:57 [32minfo[39m: ::ffff:127.0.0.1 - - [28/Jan/2026:06:57:57 +0000] "POST /api/v1/media/trips/d0ae4492-77f6-460a-ad34-ec97669344a8/gallery HTTP/1.1" 403 168 "-" "-"
PASS tests/integration/media.test.ts
  Media Endpoints
    GET /media - List media
      ΓêÜ returns media list with authentication (63 ms)
      ΓêÜ returns 401 without authentication (14 ms)
      ΓêÜ supports pagination parameters (41 ms)
      ΓêÜ supports type filtering (28 ms)
    DELETE /media/:id - Delete media
      ΓêÜ deletes media when user has permission (31 ms)
      ΓêÜ returns 401 without authentication (10 ms)
      ΓêÜ returns 403 when user lacks permission (28 ms)
      ΓêÜ returns 404 for non-existent media (35 ms)
      ΓêÜ returns 400 when media is in use (45 ms)
    POST /media/upload - Upload media
      ΓêÜ returns 401 without authentication (13 ms)
    POST /media/trips/:tripId/cover - Upload trip cover
      ΓêÜ returns 401 without authentication (15 ms)
      ΓêÜ returns 403 without trip:edit permission (35 ms)
    POST /media/trips/:tripId/cover/attach - Attach existing image as cover
      ΓêÜ returns 401 without authentication (22 ms)
      ΓêÜ returns 403 without trip:edit permission (33 ms)
    POST /media/trips/:tripId/gallery - Upload trip gallery images
      ΓêÜ returns 401 without authentication (17 ms)
      ΓêÜ returns 403 without trip:edit permission (31 ms)

warn The configuration property `package.json#prisma` is deprecated and will be removed in Prisma 7. Please migrate to a Prisma config file (e.g., 
`prisma.config.ts`).
For more information, see: https://pris.ly/prisma-config

Loaded Prisma config from prisma.config.ts.

warn The Prisma config file in prisma.config.ts overrides the deprecated `package.json#prisma` property in package.json.
  For more information, see: https://pris.ly/prisma-config

Prisma config detected, skipping environment variable loading.
Prisma schema loaded from prisma\schema.prisma
Datasource "db": PostgreSQL database "param_adventures", schema "public" at "localhost:5433"

57 migrations found in prisma/migrations


No pending migrations to apply.
  console.log
    Sentry Disabled (No DSN)

      at Object.<anonymous> (src/instrument.ts:7:11)

  console.log
    Param Adventures API: Sentry Instrumented ≡ƒö¡

      at Object.<anonymous> (src/instrument.ts:20:9)

2026-01-28 12:28:00 [33mwarn[39m: Google OAuth credentials missing. Social login disabled.
  console.log
    --> Backend Initialized (v1.2.0) - Restore Route Active <--

      at Object.<anonymous> (src/app.ts:52:9)

  console.log
    prisma:info Starting a postgresql pool with 25 connections.

      at Object.zc (../../node_modules/@prisma/internals/src/logger.ts:13:11)

  console.log
    prisma:query DELETE FROM "public"."Review" WHERE 1=1

      at Object.zc (../../node_modules/@prisma/internals/src/logger.ts:13:11)

  console.log
    prisma:query DELETE FROM "public"."Blog" WHERE 1=1

      at Object.zc (../../node_modules/@prisma/internals/src/logger.ts:13:11)

  console.log
    prisma:query DELETE FROM "public"."Image" WHERE 1=1

      at Object.zc (../../node_modules/@prisma/internals/src/logger.ts:13:11)

  console.log
    prisma:query DELETE FROM "public"."Payment" WHERE 1=1

      at Object.zc (../../node_modules/@prisma/internals/src/logger.ts:13:11)

  console.log
    prisma:query DELETE FROM "public"."Booking" WHERE 1=1

      at Object.zc (../../node_modules/@prisma/internals/src/logger.ts:13:11)

  console.log
    prisma:query DELETE FROM "public"."Trip" WHERE 1=1

      at Object.zc (../../node_modules/@prisma/internals/src/logger.ts:13:11)

  console.log
    prisma:query DELETE FROM "public"."UserRole" WHERE 1=1

      at Object.zc (../../node_modules/@prisma/internals/src/logger.ts:13:11)

  console.log
    prisma:query DELETE FROM "public"."User" WHERE 1=1

      at Object.zc (../../node_modules/@prisma/internals/src/logger.ts:13:11)

  console.log
    prisma:query BEGIN

      at Object.zc (../../node_modules/@prisma/internals/src/logger.ts:13:11)

  console.log
    prisma:query SELECT "public"."Role"."id" FROM "public"."Role" WHERE ("public"."Role"."name" = $1 AND 1=1) OFFSET $2

      at Object.zc (../../node_modules/@prisma/internals/src/logger.ts:13:11)

  console.log
    prisma:query SELECT "public"."Role"."id", "public"."Role"."name", "public"."Role"."description", "public"."Role"."isSystem", "public"."Role"."createdAt" FROM "public"."Role" WHERE ("public"."Role"."id" = $1 AND ("public"."Role"."name" = $2 AND 1=1)) LIMIT $3 OFFSET $4

      at Object.zc (../../node_modules/@prisma/internals/src/logger.ts:13:11)

  console.log
    prisma:query SELECT "public"."Role"."id", "public"."Role"."name", "public"."Role"."description", "public"."Role"."isSystem", "public"."Role"."createdAt" FROM "public"."Role" WHERE "public"."Role"."id" = $1 LIMIT $2 OFFSET $3

      at Object.zc (../../node_modules/@prisma/internals/src/logger.ts:13:11)

  console.log
    prisma:query COMMIT

      at Object.zc (../../node_modules/@prisma/internals/src/logger.ts:13:11)

  console.log
    prisma:query BEGIN

      at Object.zc (../../node_modules/@prisma/internals/src/logger.ts:13:11)

  console.log
    prisma:query SELECT "public"."Permission"."id" FROM "public"."Permission" WHERE ("public"."Permission"."key" = $1 AND 1=1) OFFSET $2

      at Object.zc (../../node_modules/@prisma/internals/src/logger.ts:13:11)

  console.log
    prisma:query SELECT "public"."Permission"."id", "public"."Permission"."key", "public"."Permission"."description", "public"."Permission"."category", "public"."Permission"."createdAt" FROM "public"."Permission" WHERE ("public"."Permission"."id" = $1 AND ("public"."Permission"."key" = $2 AND 1=1)) LIMIT $3 OFFSET $4

      at Object.zc (../../node_modules/@prisma/internals/src/logger.ts:13:11)

  console.log
    prisma:query SELECT "public"."Permission"."id", "public"."Permission"."key", "public"."Permission"."description", "public"."Permission"."category", "public"."Permission"."createdAt" FROM "public"."Permission" WHERE "public"."Permission"."id" = $1 LIMIT $2 OFFSET $3

      at Object.zc (../../node_modules/@prisma/internals/src/logger.ts:13:11)

  console.log
    prisma:query COMMIT

      at Object.zc (../../node_modules/@prisma/internals/src/logger.ts:13:11)

  console.log
    prisma:query BEGIN

      at Object.zc (../../node_modules/@prisma/internals/src/logger.ts:13:11)

  console.log
    prisma:query SELECT "public"."RolePermission"."roleId", "public"."RolePermission"."permissionId" FROM "public"."RolePermission" WHERE (("public"."RolePermission"."roleId" = $1 AND "public"."RolePermission"."permissionId" = $2) AND 1=1) OFFSET $3

      at Object.zc (../../node_modules/@prisma/internals/src/logger.ts:13:11)

  console.log
    prisma:query SELECT "public"."RolePermission"."roleId", "public"."RolePermission"."permissionId" FROM "public"."RolePermission" WHERE (("public"."RolePermission"."roleId" = $1 AND "public"."RolePermission"."permissionId" = $2) AND (("public"."RolePermission"."roleId" = $3 AND "public"."RolePermission"."permissionId" = $4) AND 1=1)) LIMIT $5 OFFSET $6

      at Object.zc (../../node_modules/@prisma/internals/src/logger.ts:13:11)

  console.log
    prisma:query SELECT "public"."RolePermission"."roleId", "public"."RolePermission"."permissionId" FROM "public"."RolePermission" WHERE ("public"."RolePermission"."roleId" = $1 AND "public"."RolePermission"."permissionId" = $2) LIMIT $3 OFFSET $4

      at Object.zc (../../node_modules/@prisma/internals/src/logger.ts:13:11)

  console.log
    prisma:query COMMIT

      at Object.zc (../../node_modules/@prisma/internals/src/logger.ts:13:11)

  console.log
    prisma:query INSERT INTO "public"."User" ("id","email","password","name","status","preferences","createdAt","updatedAt") VALUES ($1,$2,$3,$4,CAST($5::text AS "public"."UserStatus"),$6,$7,$8) RETURNING "public"."User"."id", "public"."User"."email", "public"."User"."password", "public"."User"."name", "public"."User"."nickname", "public"."User"."bio", "public"."User"."age", "public"."User"."gender"::text, "public"."User"."phoneNumber", "public"."User"."address", "public"."User"."status"::text, "public"."User"."statusReason", "public"."User"."preferences", "public"."User"."googleId", "public"."User"."avatarUrl", "public"."User"."createdAt", "public"."User"."updatedAt", "public"."User"."avatarImageId", "public"."User"."deletedAt"

      at Object.zc (../../node_modules/@prisma/internals/src/logger.ts:13:11)

  console.log
    prisma:query INSERT INTO "public"."UserRole" ("userId","roleId") VALUES ($1,$2) RETURNING "public"."UserRole"."userId", "public"."UserRole"."roleId"

      at Object.zc (../../node_modules/@prisma/internals/src/logger.ts:13:11)

  console.log
    prisma:query INSERT INTO "public"."Trip" ("id","title","slug","description","itinerary","durationDays","difficulty","location","price","status","category","createdById","createdAt","updatedAt","capacity","startDate","endDate","isFeatured") VALUES ($1,$2,$3,$4,$5,$6,CAST($7::text AS "public"."Difficulty"),$8,$9,CAST($10::text AS "public"."TripStatus"),CAST($11::text AS "public"."TripCategory"),$12,$13,$14,$15,$16,$17,$18) RETURNING "public"."Trip"."id", "public"."Trip"."title", "public"."Trip"."slug", "public"."Trip"."description", "public"."Trip"."itinerary", "public"."Trip"."durationDays", "public"."Trip"."difficulty"::text, "public"."Trip"."location", "public"."Trip"."price", "public"."Trip"."status"::text, "public"."Trip"."category"::text, "public"."Trip"."startPoint", "public"."Trip"."endPoint", "public"."Trip"."altitude", "public"."Trip"."distance", "public"."Trip"."itineraryPdf", "public"."Trip"."highlights", "public"."Trip"."inclusions", "public"."Trip"."exclusions", "public"."Trip"."cancellationPolicy", "public"."Trip"."thingsToPack", "public"."Trip"."faqs", "public"."Trip"."seasons", "public"."Trip"."coverImageId", "public"."Trip"."heroImageId", "public"."Trip"."deletedAt", "public"."Trip"."createdById", "public"."Trip"."approvedById", "public"."Trip"."publishedAt", "public"."Trip"."createdAt", "public"."Trip"."updatedAt", "public"."Trip"."capacity", "public"."Trip"."startDate", "public"."Trip"."endDate", "public"."Trip"."managerId", "public"."Trip"."documentation", "public"."Trip"."isFeatured"

      at Object.zc (../../node_modules/@prisma/internals/src/logger.ts:13:11)

  console.log
    prisma:query INSERT INTO "public"."Booking" ("id","userId","tripId","status","startDate","guests","guestDetails","totalPrice","createdAt","updatedAt","paymentStatus") VALUES ($1,$2,$3,CAST($4::text AS "public"."BookingStatus"),$5,$6,$7,$8,$9,$10,CAST($11::text AS "public"."BookingPaymentStatus")) RETURNING "public"."Booking"."id", "public"."Booking"."userId", "public"."Booking"."tripId", "public"."Booking"."status"::text, "public"."Booking"."notes", "public"."Booking"."startDate", "public"."Booking"."guests", "public"."Booking"."guestDetails", "public"."Booking"."totalPrice", "public"."Booking"."createdAt", "public"."Booking"."updatedAt", "public"."Booking"."paymentStatus"::text

      at Object.zc (../../node_modules/@prisma/internals/src/logger.ts:13:11)

  console.log
    prisma:query INSERT INTO "public"."Payment" ("id","bookingId","provider","providerOrderId","providerPaymentId","amount","currency","refundedAmount","status","method","createdAt","updatedAt") VALUES ($1,$2,CAST($3::text AS "public"."PaymentProvider"),$4,$5,$6,$7,$8,CAST($9::text AS "public"."PaymentStatus"),CAST($10::text AS "public"."PaymentMethod"),$11,$12) RETURNING "public"."Payment"."id", "public"."Payment"."bookingId", "public"."Payment"."provider"::text, "public"."Payment"."providerOrderId", "public"."Payment"."providerPaymentId", "public"."Payment"."razorpayRefundId", "public"."Payment"."rawPayload", "public"."Payment"."proofUrl", "public"."Payment"."amount", "public"."Payment"."currency", "public"."Payment"."refundedAmount", "public"."Payment"."disputeId", "public"."Payment"."status"::text, "public"."Payment"."method"::text, "public"."Payment"."createdAt", "public"."Payment"."updatedAt"

      at Object.zc (../../node_modules/@prisma/internals/src/logger.ts:13:11)

  console.log
    prisma:query INSERT INTO "public"."Booking" ("id","userId","tripId","status","startDate","guests","guestDetails","totalPrice","createdAt","updatedAt","paymentStatus") VALUES ($1,$2,$3,CAST($4::text AS "public"."BookingStatus"),$5,$6,$7,$8,$9,$10,CAST($11::text AS "public"."BookingPaymentStatus")) RETURNING "public"."Booking"."id", "public"."Booking"."userId", "public"."Booking"."tripId", "public"."Booking"."status"::text, "public"."Booking"."notes", "public"."Booking"."startDate", "public"."Booking"."guests", "public"."Booking"."guestDetails", "public"."Booking"."totalPrice", "public"."Booking"."createdAt", "public"."Booking"."updatedAt", "public"."Booking"."paymentStatus"::text

      at Object.zc (../../node_modules/@prisma/internals/src/logger.ts:13:11)

2026-01-28 12:28:01 [31merror[39m: Failed to check token denylist
  console.log
    prisma:query SELECT "public"."User"."id", "public"."User"."email", "public"."User"."password", "public"."User"."name", "public"."User"."nickname", "public"."User"."bio", "public"."User"."age", "public"."User"."gender"::text, "public"."User"."phoneNumber", "public"."User"."address", "public"."User"."status"::text, "public"."User"."statusReason", "public"."User"."preferences", "public"."User"."googleId", "public"."User"."avatarUrl", "public"."User"."createdAt", "public"."User"."updatedAt", "public"."User"."avatarImageId", "public"."User"."deletedAt" FROM "public"."User" WHERE ("public"."User"."id" = $1 AND 1=1) LIMIT $2 OFFSET $3

      at Object.zc (../../node_modules/@prisma/internals/src/logger.ts:13:11)

  console.log
    prisma:query SELECT "public"."UserRole"."userId", "public"."UserRole"."roleId" FROM "public"."UserRole" WHERE "public"."UserRole"."userId" IN ($1) OFFSET $2

      at Object.zc (../../node_modules/@prisma/internals/src/logger.ts:13:11)

  console.log
    prisma:query SELECT "public"."Role"."id", "public"."Role"."name", "public"."Role"."description", "public"."Role"."isSystem", "public"."Role"."createdAt" FROM "public"."Role" WHERE "public"."Role"."id" IN ($1) OFFSET $2

      at Object.zc (../../node_modules/@prisma/internals/src/logger.ts:13:11)

  console.log
    prisma:query SELECT "public"."RolePermission"."roleId", "public"."RolePermission"."permissionId" FROM "public"."RolePermission" WHERE "public"."RolePermission"."roleId" IN ($1) OFFSET $2

      at Object.zc (../../node_modules/@prisma/internals/src/logger.ts:13:11)

  console.log
    prisma:query SELECT "public"."Permission"."id", "public"."Permission"."key", "public"."Permission"."description", "public"."Permission"."category", "public"."Permission"."createdAt" FROM "public"."Permission" WHERE "public"."Permission"."id" IN ($1,$2,$3,$4,$5,$6,$7,$8) OFFSET $9

      at Object.zc (../../node_modules/@prisma/internals/src/logger.ts:13:11)

  console.log
    prisma:query SELECT "public"."User"."id", "public"."User"."email", "public"."User"."password", "public"."User"."name", "public"."User"."nickname", "public"."User"."bio", "public"."User"."age", "public"."User"."gender"::text, "public"."User"."phoneNumber", "public"."User"."address", "public"."User"."status"::text, "public"."User"."statusReason", "public"."User"."preferences", "public"."User"."googleId", "public"."User"."avatarUrl", "public"."User"."createdAt", "public"."User"."updatedAt", "public"."User"."avatarImageId", "public"."User"."deletedAt" FROM "public"."User" WHERE ("public"."User"."id" = $1 AND 1=1) LIMIT $2 OFFSET $3

      at Object.zc (../../node_modules/@prisma/internals/src/logger.ts:13:11)

  console.log
    prisma:query SELECT "public"."UserRole"."userId", "public"."UserRole"."roleId" FROM "public"."UserRole" WHERE "public"."UserRole"."userId" IN ($1) OFFSET $2

      at Object.zc (../../node_modules/@prisma/internals/src/logger.ts:13:11)

  console.log
    prisma:query SELECT "public"."Role"."id", "public"."Role"."name", "public"."Role"."description", "public"."Role"."isSystem", "public"."Role"."createdAt" FROM "public"."Role" WHERE "public"."Role"."id" IN ($1) OFFSET $2

      at Object.zc (../../node_modules/@prisma/internals/src/logger.ts:13:11)

  console.log
    prisma:query SELECT "public"."RolePermission"."roleId", "public"."RolePermission"."permissionId" FROM "public"."RolePermission" WHERE "public"."RolePermission"."roleId" IN ($1) OFFSET $2

      at Object.zc (../../node_modules/@prisma/internals/src/logger.ts:13:11)

  console.log
    prisma:query SELECT "public"."Permission"."id", "public"."Permission"."key", "public"."Permission"."description", "public"."Permission"."category", "public"."Permission"."createdAt" FROM "public"."Permission" WHERE "public"."Permission"."id" IN ($1,$2,$3,$4,$5,$6,$7,$8) OFFSET $9

      at Object.zc (../../node_modules/@prisma/internals/src/logger.ts:13:11)

  console.log
    prisma:query SELECT SUM("amount") AS "_sum$amount" FROM (SELECT "public"."Payment"."amount" FROM "public"."Payment" WHERE ("public"."Payment"."status" = CAST($1::text AS "public"."PaymentStatus") AND "public"."Payment"."createdAt" >= $2) OFFSET $3) AS "sub"

      at Object.zc (../../node_modules/@prisma/internals/src/logger.ts:13:11)

  console.log
    prisma:query SELECT SUM("amount") AS "_sum$amount" FROM (SELECT "public"."Payment"."amount" FROM "public"."Payment" WHERE ("public"."Payment"."status" = CAST($1::text AS "public"."PaymentStatus") AND "public"."Payment"."createdAt" >= $2 AND "public"."Payment"."createdAt" <= $3) OFFSET $4) AS "sub"

      at Object.zc (../../node_modules/@prisma/internals/src/logger.ts:13:11)

  console.log
    prisma:query SELECT SUM("totalPrice") AS "_sum$totalPrice" FROM (SELECT "public"."Booking"."totalPrice" FROM "public"."Booking" WHERE "public"."Booking"."status" IN (CAST($1::text AS "public"."BookingStatus"),CAST($2::text AS "public"."BookingStatus")) OFFSET $3) AS "sub"

      at Object.zc (../../node_modules/@prisma/internals/src/logger.ts:13:11)

  console.log
    prisma:query SELECT SUM("amount") AS "_sum$amount" FROM (SELECT "public"."Payment"."amount" FROM "public"."Payment" WHERE ("public"."Payment"."status" = CAST($1::text AS "public"."PaymentStatus") AND "public"."Payment"."createdAt" >= $2 AND "public"."Payment"."createdAt" <= $3) OFFSET $4) AS "sub"

      at Object.zc (../../node_modules/@prisma/internals/src/logger.ts:13:11)

  console.log
    prisma:query SELECT SUM("amount") AS "_sum$amount" FROM (SELECT "public"."Payment"."amount" FROM "public"."Payment" WHERE ("public"."Payment"."status" = CAST($1::text AS "public"."PaymentStatus") AND "public"."Payment"."createdAt" >= $2 AND "public"."Payment"."createdAt" <= $3) OFFSET $4) AS "sub"

      at Object.zc (../../node_modules/@prisma/internals/src/logger.ts:13:11)

  console.log
    prisma:query SELECT SUM("amount") AS "_sum$amount" FROM (SELECT "public"."Payment"."amount" FROM "public"."Payment" WHERE ("public"."Payment"."status" = CAST($1::text AS "public"."PaymentStatus") AND "public"."Payment"."createdAt" >= $2 AND "public"."Payment"."createdAt" <= $3) OFFSET $4) AS "sub"

      at Object.zc (../../node_modules/@prisma/internals/src/logger.ts:13:11)

  console.log
    prisma:query SELECT SUM("amount") AS "_sum$amount" FROM (SELECT "public"."Payment"."amount" FROM "public"."Payment" WHERE ("public"."Payment"."status" = CAST($1::text AS "public"."PaymentStatus") AND "public"."Payment"."createdAt" >= $2 AND "public"."Payment"."createdAt" <= $3) OFFSET $4) AS "sub"

      at Object.zc (../../node_modules/@prisma/internals/src/logger.ts:13:11)

  console.log
    prisma:query SELECT SUM("amount") AS "_sum$amount" FROM (SELECT "public"."Payment"."amount" FROM "public"."Payment" WHERE ("public"."Payment"."status" = CAST($1::text AS "public"."PaymentStatus") AND "public"."Payment"."createdAt" >= $2 AND "public"."Payment"."createdAt" <= $3) OFFSET $4) AS "sub"

      at Object.zc (../../node_modules/@prisma/internals/src/logger.ts:13:11)

  console.log
    prisma:query SELECT SUM("amount") AS "_sum$amount" FROM (SELECT "public"."Payment"."amount" FROM "public"."Payment" WHERE ("public"."Payment"."status" = CAST($1::text AS "public"."PaymentStatus") AND "public"."Payment"."createdAt" >= $2 AND "public"."Payment"."createdAt" <= $3) OFFSET $4) AS "sub"

      at Object.zc (../../node_modules/@prisma/internals/src/logger.ts:13:11)

2026-01-28 12:28:01 [32minfo[39m: ::ffff:127.0.0.1 - - [28/Jan/2026:06:58:01 +0000] "GET /api/v1/admin/analytics/revenue HTTP/1.1" 200 306 "-" "-"
2026-01-28 12:28:01 [31merror[39m: Failed to check token denylist
  console.log
    prisma:query SELECT "public"."User"."id", "public"."User"."email", "public"."User"."password", "public"."User"."name", "public"."User"."nickname", "public"."User"."bio", "public"."User"."age", "public"."User"."gender"::text, "public"."User"."phoneNumber", "public"."User"."address", "public"."User"."status"::text, "public"."User"."statusReason", "public"."User"."preferences", "public"."User"."googleId", "public"."User"."avatarUrl", "public"."User"."createdAt", "public"."User"."updatedAt", "public"."User"."avatarImageId", "public"."User"."deletedAt" FROM "public"."User" WHERE ("public"."User"."id" = $1 AND 1=1) LIMIT $2 OFFSET $3

      at Object.zc (../../node_modules/@prisma/internals/src/logger.ts:13:11)

  console.log
    prisma:query SELECT "public"."UserRole"."userId", "public"."UserRole"."roleId" FROM "public"."UserRole" WHERE "public"."UserRole"."userId" IN ($1) OFFSET $2

      at Object.zc (../../node_modules/@prisma/internals/src/logger.ts:13:11)

  console.log
    prisma:query SELECT "public"."Role"."id", "public"."Role"."name", "public"."Role"."description", "public"."Role"."isSystem", "public"."Role"."createdAt" FROM "public"."Role" WHERE "public"."Role"."id" IN ($1) OFFSET $2

      at Object.zc (../../node_modules/@prisma/internals/src/logger.ts:13:11)

  console.log
    prisma:query SELECT "public"."RolePermission"."roleId", "public"."RolePermission"."permissionId" FROM "public"."RolePermission" WHERE "public"."RolePermission"."roleId" IN ($1) OFFSET $2

      at Object.zc (../../node_modules/@prisma/internals/src/logger.ts:13:11)

  console.log
    prisma:query SELECT "public"."Permission"."id", "public"."Permission"."key", "public"."Permission"."description", "public"."Permission"."category", "public"."Permission"."createdAt" FROM "public"."Permission" WHERE "public"."Permission"."id" IN ($1,$2,$3,$4,$5,$6,$7,$8) OFFSET $9

      at Object.zc (../../node_modules/@prisma/internals/src/logger.ts:13:11)

  console.log
    prisma:query SELECT "public"."User"."id", "public"."User"."email", "public"."User"."password", "public"."User"."name", "public"."User"."nickname", "public"."User"."bio", "public"."User"."age", "public"."User"."gender"::text, "public"."User"."phoneNumber", "public"."User"."address", "public"."User"."status"::text, "public"."User"."statusReason", "public"."User"."preferences", "public"."User"."googleId", "public"."User"."avatarUrl", "public"."User"."createdAt", "public"."User"."updatedAt", "public"."User"."avatarImageId", "public"."User"."deletedAt" FROM "public"."User" WHERE ("public"."User"."id" = $1 AND 1=1) LIMIT $2 OFFSET $3

      at Object.zc (../../node_modules/@prisma/internals/src/logger.ts:13:11)

  console.log
    prisma:query SELECT "public"."UserRole"."userId", "public"."UserRole"."roleId" FROM "public"."UserRole" WHERE "public"."UserRole"."userId" IN ($1) OFFSET $2

      at Object.zc (../../node_modules/@prisma/internals/src/logger.ts:13:11)

  console.log
    prisma:query SELECT "public"."Role"."id", "public"."Role"."name", "public"."Role"."description", "public"."Role"."isSystem", "public"."Role"."createdAt" FROM "public"."Role" WHERE "public"."Role"."id" IN ($1) OFFSET $2

      at Object.zc (../../node_modules/@prisma/internals/src/logger.ts:13:11)

  console.log
    prisma:query SELECT "public"."RolePermission"."roleId", "public"."RolePermission"."permissionId" FROM "public"."RolePermission" WHERE "public"."RolePermission"."roleId" IN ($1) OFFSET $2

      at Object.zc (../../node_modules/@prisma/internals/src/logger.ts:13:11)

  console.log
    prisma:query SELECT "public"."Permission"."id", "public"."Permission"."key", "public"."Permission"."description", "public"."Permission"."category", "public"."Permission"."createdAt" FROM "public"."Permission" WHERE "public"."Permission"."id" IN ($1,$2,$3,$4,$5,$6,$7,$8) OFFSET $9

      at Object.zc (../../node_modules/@prisma/internals/src/logger.ts:13:11)

  console.log
    prisma:query SELECT COUNT(*) AS "_count$_all" FROM (SELECT "public"."Booking"."id" FROM "public"."Booking" WHERE 1=1 OFFSET $1) AS "sub"

      at Object.zc (../../node_modules/@prisma/internals/src/logger.ts:13:11)

  console.log
    prisma:query SELECT COUNT(*) AS "_count$_all" FROM (SELECT "public"."Booking"."id" FROM "public"."Booking" WHERE "public"."Booking"."createdAt" >= $1 OFFSET $2) AS "sub"

      at Object.zc (../../node_modules/@prisma/internals/src/logger.ts:13:11)

  console.log
    prisma:query SELECT COUNT(*) AS "_count$_all" FROM (SELECT "public"."Booking"."id" FROM "public"."Booking" WHERE "public"."Booking"."status" = CAST($1::text AS "public"."BookingStatus") OFFSET $2) AS "sub"

      at Object.zc (../../node_modules/@prisma/internals/src/logger.ts:13:11)

  console.log
    prisma:query SELECT COUNT(*) AS "_count$_all" FROM (SELECT "public"."Booking"."id" FROM "public"."Booking" WHERE "public"."Booking"."status" = CAST($1::text AS "public"."BookingStatus") OFFSET $2) AS "sub"

      at Object.zc (../../node_modules/@prisma/internals/src/logger.ts:13:11)

2026-01-28 12:28:01 [32minfo[39m: ::ffff:127.0.0.1 - - [28/Jan/2026:06:58:01 +0000] "GET /api/v1/admin/analytics/bookings HTTP/1.1" 200 81 "-" "-"
2026-01-28 12:28:01 [31merror[39m: Failed to check token denylist
  console.log
    prisma:query SELECT "public"."User"."id", "public"."User"."email", "public"."User"."password", "public"."User"."name", "public"."User"."nickname", "public"."User"."bio", "public"."User"."age", "public"."User"."gender"::text, "public"."User"."phoneNumber", "public"."User"."address", "public"."User"."status"::text, "public"."User"."statusReason", "public"."User"."preferences", "public"."User"."googleId", "public"."User"."avatarUrl", "public"."User"."createdAt", "public"."User"."updatedAt", "public"."User"."avatarImageId", "public"."User"."deletedAt" FROM "public"."User" WHERE ("public"."User"."id" = $1 AND 1=1) LIMIT $2 OFFSET $3

      at Object.zc (../../node_modules/@prisma/internals/src/logger.ts:13:11)

  console.log
    prisma:query SELECT "public"."UserRole"."userId", "public"."UserRole"."roleId" FROM "public"."UserRole" WHERE "public"."UserRole"."userId" IN ($1) OFFSET $2

      at Object.zc (../../node_modules/@prisma/internals/src/logger.ts:13:11)

  console.log
    prisma:query SELECT "public"."Role"."id", "public"."Role"."name", "public"."Role"."description", "public"."Role"."isSystem", "public"."Role"."createdAt" FROM "public"."Role" WHERE "public"."Role"."id" IN ($1) OFFSET $2

      at Object.zc (../../node_modules/@prisma/internals/src/logger.ts:13:11)

  console.log
    prisma:query SELECT "public"."RolePermission"."roleId", "public"."RolePermission"."permissionId" FROM "public"."RolePermission" WHERE "public"."RolePermission"."roleId" IN ($1) OFFSET $2

      at Object.zc (../../node_modules/@prisma/internals/src/logger.ts:13:11)

  console.log
    prisma:query SELECT "public"."Permission"."id", "public"."Permission"."key", "public"."Permission"."description", "public"."Permission"."category", "public"."Permission"."createdAt" FROM "public"."Permission" WHERE "public"."Permission"."id" IN ($1,$2,$3,$4,$5,$6,$7,$8) OFFSET $9

      at Object.zc (../../node_modules/@prisma/internals/src/logger.ts:13:11)

  console.log
    prisma:query SELECT "public"."User"."id", "public"."User"."email", "public"."User"."password", "public"."User"."name", "public"."User"."nickname", "public"."User"."bio", "public"."User"."age", "public"."User"."gender"::text, "public"."User"."phoneNumber", "public"."User"."address", "public"."User"."status"::text, "public"."User"."statusReason", "public"."User"."preferences", "public"."User"."googleId", "public"."User"."avatarUrl", "public"."User"."createdAt", "public"."User"."updatedAt", "public"."User"."avatarImageId", "public"."User"."deletedAt" FROM "public"."User" WHERE ("public"."User"."id" = $1 AND 1=1) LIMIT $2 OFFSET $3

      at Object.zc (../../node_modules/@prisma/internals/src/logger.ts:13:11)

  console.log
    prisma:query SELECT "public"."UserRole"."userId", "public"."UserRole"."roleId" FROM "public"."UserRole" WHERE "public"."UserRole"."userId" IN ($1) OFFSET $2

      at Object.zc (../../node_modules/@prisma/internals/src/logger.ts:13:11)

  console.log
    prisma:query SELECT "public"."Role"."id", "public"."Role"."name", "public"."Role"."description", "public"."Role"."isSystem", "public"."Role"."createdAt" FROM "public"."Role" WHERE "public"."Role"."id" IN ($1) OFFSET $2

      at Object.zc (../../node_modules/@prisma/internals/src/logger.ts:13:11)

  console.log
    prisma:query SELECT "public"."RolePermission"."roleId", "public"."RolePermission"."permissionId" FROM "public"."RolePermission" WHERE "public"."RolePermission"."roleId" IN ($1) OFFSET $2

      at Object.zc (../../node_modules/@prisma/internals/src/logger.ts:13:11)

  console.log
    prisma:query SELECT "public"."Permission"."id", "public"."Permission"."key", "public"."Permission"."description", "public"."Permission"."category", "public"."Permission"."createdAt" FROM "public"."Permission" WHERE "public"."Permission"."id" IN ($1,$2,$3,$4,$5,$6,$7,$8) OFFSET $9

      at Object.zc (../../node_modules/@prisma/internals/src/logger.ts:13:11)

  console.log
    prisma:query SELECT "public"."Trip"."id", "public"."Trip"."title", "public"."Trip"."slug", "public"."Trip"."description", "public"."Trip"."itinerary", "public"."Trip"."durationDays", "public"."Trip"."difficulty"::text, "public"."Trip"."location", "public"."Trip"."price", "public"."Trip"."status"::text, "public"."Trip"."category"::text, "public"."Trip"."startPoint", "public"."Trip"."endPoint", "public"."Trip"."altitude", "public"."Trip"."distance", "public"."Trip"."itineraryPdf", "public"."Trip"."highlights", "public"."Trip"."inclusions", "public"."Trip"."exclusions", "public"."Trip"."cancellationPolicy", "public"."Trip"."thingsToPack", "public"."Trip"."faqs", "public"."Trip"."seasons", "public"."Trip"."coverImageId", "public"."Trip"."heroImageId", "public"."Trip"."deletedAt", "public"."Trip"."createdById", "public"."Trip"."approvedById", "public"."Trip"."publishedAt", "public"."Trip"."createdAt", "public"."Trip"."updatedAt", "public"."Trip"."capacity", "public"."Trip"."startDate", "public"."Trip"."endDate", "public"."Trip"."managerId", "public"."Trip"."documentation", "public"."Trip"."isFeatured" FROM "public"."Trip" WHERE 1=1 OFFSET $1

      at Object.zc (../../node_modules/@prisma/internals/src/logger.ts:13:11)

  console.log
    prisma:query SELECT "public"."Booking"."id", "public"."Booking"."userId", "public"."Booking"."tripId", "public"."Booking"."status"::text, "public"."Booking"."notes", "public"."Booking"."startDate", "public"."Booking"."guests", "public"."Booking"."guestDetails", "public"."Booking"."totalPrice", "public"."Booking"."createdAt", "public"."Booking"."updatedAt", "public"."Booking"."paymentStatus"::text FROM "public"."Booking" WHERE "public"."Booking"."tripId" IN ($1) OFFSET $2

      at Object.zc (../../node_modules/@prisma/internals/src/logger.ts:13:11)

  console.log
    prisma:query SELECT "public"."Payment"."id", "public"."Payment"."bookingId", "public"."Payment"."provider"::text, "public"."Payment"."providerOrderId", "public"."Payment"."providerPaymentId", "public"."Payment"."razorpayRefundId", "public"."Payment"."rawPayload", "public"."Payment"."proofUrl", "public"."Payment"."amount", "public"."Payment"."currency", "public"."Payment"."refundedAmount", "public"."Payment"."disputeId", "public"."Payment"."status"::text, "public"."Payment"."method"::text, "public"."Payment"."createdAt", "public"."Payment"."updatedAt" FROM "public"."Payment" WHERE ("public"."Payment"."status" = CAST($1::text AS "public"."PaymentStatus") AND "public"."Payment"."bookingId" IN ($2,$3)) OFFSET $4

      at Object.zc (../../node_modules/@prisma/internals/src/logger.ts:13:11)

2026-01-28 12:28:01 [32minfo[39m: ::ffff:127.0.0.1 - - [28/Jan/2026:06:58:01 +0000] "GET /api/v1/admin/analytics/trips HTTP/1.1" 200 128 "-" "-"
PASS tests/integration/admin_analytics.test.ts
  Admin Analytics Integration
    GET /admin/analytics/revenue
      ΓêÜ should return revenue stats with growth and potential (102 ms)
    GET /admin/analytics/bookings
      ΓêÜ should return booking stats and success rate (41 ms)
    GET /admin/analytics/trips
      ΓêÜ should return trip performance with impact labels (37 ms)

warn The configuration property `package.json#prisma` is deprecated and will be removed in Prisma 7. Please migrate to a Prisma config file (e.g., 
`prisma.config.ts`).
For more information, see: https://pris.ly/prisma-config

Loaded Prisma config from prisma.config.ts.

warn The Prisma config file in prisma.config.ts overrides the deprecated `package.json#prisma` property in package.json.
  For more information, see: https://pris.ly/prisma-config

Prisma config detected, skipping environment variable loading.
Prisma schema loaded from prisma\schema.prisma
Datasource "db": PostgreSQL database "param_adventures", schema "public" at "localhost:5433"

57 migrations found in prisma/migrations


No pending migrations to apply.
  console.log
    Sentry Disabled (No DSN)

      at Object.<anonymous> (src/instrument.ts:7:11)

  console.log
    Param Adventures API: Sentry Instrumented ≡ƒö¡

      at Object.<anonymous> (src/instrument.ts:20:9)

2026-01-28 12:28:04 [33mwarn[39m: Google OAuth credentials missing. Social login disabled.
  console.log
    --> Backend Initialized (v1.2.0) - Restore Route Active <--

      at Object.<anonymous> (src/app.ts:52:9)

  console.log
    prisma:info Starting a postgresql pool with 25 connections.

      at Object.zc (../../node_modules/@prisma/internals/src/logger.ts:13:11)

  console.log
    prisma:query DELETE FROM "public"."Review" WHERE 1=1

      at Object.zc (../../node_modules/@prisma/internals/src/logger.ts:13:11)

  console.log
    prisma:query DELETE FROM "public"."Booking" WHERE 1=1

      at Object.zc (../../node_modules/@prisma/internals/src/logger.ts:13:11)

  console.log
    prisma:error 
    Invalid `prisma.booking?.deleteMany()` invocation in
    C:\Users\akash\Documents\Param_Adventures_Phase1\apps\api\tests\integration\reviews.test.ts:18:29
    
      15 // Clean up existing data
      16 try {
      17   await prisma.review?.deleteMany();
    ΓåÆ 18   await prisma.booking?.deleteMany(
    Foreign key constraint violated on the constraint: `Payment_bookingId_fkey`

      at Object.zc (../../node_modules/@prisma/internals/src/logger.ts:13:11)

  console.log
    prisma:query BEGIN

      at Object.zc (../../node_modules/@prisma/internals/src/logger.ts:13:11)

  console.log
    prisma:query SELECT "public"."Role"."id" FROM "public"."Role" WHERE ("public"."Role"."name" = $1 AND 1=1) OFFSET $2

      at Object.zc (../../node_modules/@prisma/internals/src/logger.ts:13:11)

  console.log
    prisma:query INSERT INTO "public"."Role" ("id","name","isSystem","createdAt") VALUES ($1,$2,$3,$4) RETURNING "public"."Role"."id"

      at Object.zc (../../node_modules/@prisma/internals/src/logger.ts:13:11)

  console.log
    prisma:query SELECT "public"."Role"."id", "public"."Role"."name", "public"."Role"."description", "public"."Role"."isSystem", "public"."Role"."createdAt" FROM "public"."Role" WHERE "public"."Role"."id" = $1 LIMIT $2 OFFSET $3

      at Object.zc (../../node_modules/@prisma/internals/src/logger.ts:13:11)

  console.log
    prisma:query COMMIT

      at Object.zc (../../node_modules/@prisma/internals/src/logger.ts:13:11)

  console.log
    prisma:query BEGIN

      at Object.zc (../../node_modules/@prisma/internals/src/logger.ts:13:11)

  console.log
    prisma:query SELECT "public"."Role"."id" FROM "public"."Role" WHERE ("public"."Role"."name" = $1 AND 1=1) OFFSET $2

      at Object.zc (../../node_modules/@prisma/internals/src/logger.ts:13:11)

  console.log
    prisma:query SELECT "public"."Role"."id", "public"."Role"."name", "public"."Role"."description", "public"."Role"."isSystem", "public"."Role"."createdAt" FROM "public"."Role" WHERE ("public"."Role"."id" = $1 AND ("public"."Role"."name" = $2 AND 1=1)) LIMIT $3 OFFSET $4

      at Object.zc (../../node_modules/@prisma/internals/src/logger.ts:13:11)

  console.log
    prisma:query SELECT "public"."Role"."id", "public"."Role"."name", "public"."Role"."description", "public"."Role"."isSystem", "public"."Role"."createdAt" FROM "public"."Role" WHERE "public"."Role"."id" = $1 LIMIT $2 OFFSET $3

      at Object.zc (../../node_modules/@prisma/internals/src/logger.ts:13:11)

  console.log
    prisma:query COMMIT

      at Object.zc (../../node_modules/@prisma/internals/src/logger.ts:13:11)

  console.log
    prisma:query INSERT INTO "public"."User" ("id","email","password","name","status","preferences","createdAt","updatedAt") VALUES ($1,$2,$3,$4,CAST($5::text AS "public"."UserStatus"),$6,$7,$8) RETURNING "public"."User"."id", "public"."User"."email", "public"."User"."password", "public"."User"."name", "public"."User"."nickname", "public"."User"."bio", "public"."User"."age", "public"."User"."gender"::text, "public"."User"."phoneNumber", "public"."User"."address", "public"."User"."status"::text, "public"."User"."statusReason", "public"."User"."preferences", "public"."User"."googleId", "public"."User"."avatarUrl", "public"."User"."createdAt", "public"."User"."updatedAt", "public"."User"."avatarImageId", "public"."User"."deletedAt"

      at Object.zc (../../node_modules/@prisma/internals/src/logger.ts:13:11)

  console.log
    prisma:query INSERT INTO "public"."UserRole" ("userId","roleId") VALUES ($1,$2) RETURNING "public"."UserRole"."userId", "public"."UserRole"."roleId"

      at Object.zc (../../node_modules/@prisma/internals/src/logger.ts:13:11)

  console.log
    prisma:query INSERT INTO "public"."User" ("id","email","password","name","status","preferences","createdAt","updatedAt") VALUES ($1,$2,$3,$4,CAST($5::text AS "public"."UserStatus"),$6,$7,$8) RETURNING "public"."User"."id", "public"."User"."email", "public"."User"."password", "public"."User"."name", "public"."User"."nickname", "public"."User"."bio", "public"."User"."age", "public"."User"."gender"::text, "public"."User"."phoneNumber", "public"."User"."address", "public"."User"."status"::text, "public"."User"."statusReason", "public"."User"."preferences", "public"."User"."googleId", "public"."User"."avatarUrl", "public"."User"."createdAt", "public"."User"."updatedAt", "public"."User"."avatarImageId", "public"."User"."deletedAt"

      at Object.zc (../../node_modules/@prisma/internals/src/logger.ts:13:11)

  console.log
    prisma:query INSERT INTO "public"."UserRole" ("userId","roleId") VALUES ($1,$2) RETURNING "public"."UserRole"."userId", "public"."UserRole"."roleId"

      at Object.zc (../../node_modules/@prisma/internals/src/logger.ts:13:11)

  console.log
    prisma:query INSERT INTO "public"."Trip" ("id","title","slug","description","itinerary","durationDays","difficulty","location","price","status","category","createdById","createdAt","updatedAt","capacity","startDate","endDate","isFeatured") VALUES ($1,$2,$3,$4,$5,$6,CAST($7::text AS "public"."Difficulty"),$8,$9,CAST($10::text AS "public"."TripStatus"),CAST($11::text AS "public"."TripCategory"),$12,$13,$14,$15,$16,$17,$18) RETURNING "public"."Trip"."id", "public"."Trip"."title", "public"."Trip"."slug", "public"."Trip"."description", "public"."Trip"."itinerary", "public"."Trip"."durationDays", "public"."Trip"."difficulty"::text, "public"."Trip"."location", "public"."Trip"."price", "public"."Trip"."status"::text, "public"."Trip"."category"::text, "public"."Trip"."startPoint", "public"."Trip"."endPoint", "public"."Trip"."altitude", "public"."Trip"."distance", "public"."Trip"."itineraryPdf", "public"."Trip"."highlights", "public"."Trip"."inclusions", "public"."Trip"."exclusions", "public"."Trip"."cancellationPolicy", "public"."Trip"."thingsToPack", "public"."Trip"."faqs", "public"."Trip"."seasons", "public"."Trip"."coverImageId", "public"."Trip"."heroImageId", "public"."Trip"."deletedAt", "public"."Trip"."createdById", "public"."Trip"."approvedById", "public"."Trip"."publishedAt", "public"."Trip"."createdAt", "public"."Trip"."updatedAt", "public"."Trip"."capacity", "public"."Trip"."startDate", "public"."Trip"."endDate", "public"."Trip"."managerId", "public"."Trip"."documentation", "public"."Trip"."isFeatured"

      at Object.zc (../../node_modules/@prisma/internals/src/logger.ts:13:11)

  console.log
    prisma:query INSERT INTO "public"."Booking" ("id","userId","tripId","status","startDate","guests","guestDetails","totalPrice","createdAt","updatedAt","paymentStatus") VALUES ($1,$2,$3,CAST($4::text AS "public"."BookingStatus"),$5,$6,$7,$8,$9,$10,CAST($11::text AS "public"."BookingPaymentStatus")) RETURNING "public"."Booking"."id", "public"."Booking"."userId", "public"."Booking"."tripId", "public"."Booking"."status"::text, "public"."Booking"."notes", "public"."Booking"."startDate", "public"."Booking"."guests", "public"."Booking"."guestDetails", "public"."Booking"."totalPrice", "public"."Booking"."createdAt", "public"."Booking"."updatedAt", "public"."Booking"."paymentStatus"::text

      at Object.zc (../../node_modules/@prisma/internals/src/logger.ts:13:11)

2026-01-28 12:28:05 [31merror[39m: Failed to check token denylist
  console.log
    prisma:query SELECT "public"."User"."id", "public"."User"."email", "public"."User"."password", "public"."User"."name", "public"."User"."nickname", "public"."User"."bio", "public"."User"."age", "public"."User"."gender"::text, "public"."User"."phoneNumber", "public"."User"."address", "public"."User"."status"::text, "public"."User"."statusReason", "public"."User"."preferences", "public"."User"."googleId", "public"."User"."avatarUrl", "public"."User"."createdAt", "public"."User"."updatedAt", "public"."User"."avatarImageId", "public"."User"."deletedAt" FROM "public"."User" WHERE ("public"."User"."id" = $1 AND 1=1) LIMIT $2 OFFSET $3

      at Object.zc (../../node_modules/@prisma/internals/src/logger.ts:13:11)

  console.log
    prisma:query SELECT "public"."UserRole"."userId", "public"."UserRole"."roleId" FROM "public"."UserRole" WHERE "public"."UserRole"."userId" IN ($1) OFFSET $2

      at Object.zc (../../node_modules/@prisma/internals/src/logger.ts:13:11)

  console.log
    prisma:query SELECT "public"."Role"."id", "public"."Role"."name", "public"."Role"."description", "public"."Role"."isSystem", "public"."Role"."createdAt" FROM "public"."Role" WHERE "public"."Role"."id" IN ($1) OFFSET $2

      at Object.zc (../../node_modules/@prisma/internals/src/logger.ts:13:11)

  console.log
    prisma:query SELECT "public"."RolePermission"."roleId", "public"."RolePermission"."permissionId" FROM "public"."RolePermission" WHERE "public"."RolePermission"."roleId" IN ($1) OFFSET $2

      at Object.zc (../../node_modules/@prisma/internals/src/logger.ts:13:11)

  console.log
    prisma:query SELECT "public"."Booking"."id", "public"."Booking"."userId", "public"."Booking"."tripId", "public"."Booking"."status"::text, "public"."Booking"."notes", "public"."Booking"."startDate", "public"."Booking"."guests", "public"."Booking"."guestDetails", "public"."Booking"."totalPrice", "public"."Booking"."createdAt", "public"."Booking"."updatedAt", "public"."Booking"."paymentStatus"::text FROM "public"."Booking" WHERE ("public"."Booking"."userId" = $1 AND "public"."Booking"."tripId" = $2 AND "public"."Booking"."status" = CAST($3::text AS "public"."BookingStatus")) LIMIT $4 OFFSET $5

      at Object.zc (../../node_modules/@prisma/internals/src/logger.ts:13:11)

  console.log
    prisma:query SELECT "public"."Review"."id", "public"."Review"."rating", "public"."Review"."comment", "public"."Review"."userId", "public"."Review"."tripId", "public"."Review"."createdAt" FROM "public"."Review" WHERE (("public"."Review"."userId" = $1 AND "public"."Review"."tripId" = $2) AND 1=1) LIMIT $3 OFFSET $4

      at Object.zc (../../node_modules/@prisma/internals/src/logger.ts:13:11)

  console.log
    prisma:query BEGIN

      at Object.zc (../../node_modules/@prisma/internals/src/logger.ts:13:11)

  console.log
    prisma:query INSERT INTO "public"."Review" ("id","rating","comment","userId","tripId","createdAt") VALUES ($1,$2,$3,$4,$5,$6) RETURNING "public"."Review"."id"

      at Object.zc (../../node_modules/@prisma/internals/src/logger.ts:13:11)

  console.log
    prisma:query SELECT "public"."Review"."id", "public"."Review"."rating", "public"."Review"."comment", "public"."Review"."userId", "public"."Review"."tripId", "public"."Review"."createdAt" FROM "public"."Review" WHERE "public"."Review"."id" = $1 LIMIT $2 OFFSET $3

      at Object.zc (../../node_modules/@prisma/internals/src/logger.ts:13:11)

  console.log
    prisma:query SELECT "public"."User"."id", "public"."User"."name", "public"."User"."avatarImageId" FROM "public"."User" WHERE "public"."User"."id" IN ($1) OFFSET $2

      at Object.zc (../../node_modules/@prisma/internals/src/logger.ts:13:11)

  console.log
    prisma:query COMMIT

      at Object.zc (../../node_modules/@prisma/internals/src/logger.ts:13:11)

2026-01-28 12:28:05 [32minfo[39m: ::ffff:127.0.0.1 - - [28/Jan/2026:06:58:05 +0000] "POST /api/v1/reviews HTTP/1.1" 201 331 "-" "-"
2026-01-28 12:28:05 [32minfo[39m: ::ffff:127.0.0.1 - - [28/Jan/2026:06:58:05 +0000] "POST /api/v1/reviews HTTP/1.1" 401 25 "-" "-"
2026-01-28 12:28:05 [31merror[39m: Failed to check token denylist
  console.log
    prisma:query SELECT "public"."User"."id", "public"."User"."email", "public"."User"."password", "public"."User"."name", "public"."User"."nickname", "public"."User"."bio", "public"."User"."age", "public"."User"."gender"::text, "public"."User"."phoneNumber", "public"."User"."address", "public"."User"."status"::text, "public"."User"."statusReason", "public"."User"."preferences", "public"."User"."googleId", "public"."User"."avatarUrl", "public"."User"."createdAt", "public"."User"."updatedAt", "public"."User"."avatarImageId", "public"."User"."deletedAt" FROM "public"."User" WHERE ("public"."User"."id" = $1 AND 1=1) LIMIT $2 OFFSET $3

      at Object.zc (../../node_modules/@prisma/internals/src/logger.ts:13:11)

  console.log
    prisma:query SELECT "public"."UserRole"."userId", "public"."UserRole"."roleId" FROM "public"."UserRole" WHERE "public"."UserRole"."userId" IN ($1) OFFSET $2

      at Object.zc (../../node_modules/@prisma/internals/src/logger.ts:13:11)

  console.log
    prisma:query SELECT "public"."Role"."id", "public"."Role"."name", "public"."Role"."description", "public"."Role"."isSystem", "public"."Role"."createdAt" FROM "public"."Role" WHERE "public"."Role"."id" IN ($1) OFFSET $2

      at Object.zc (../../node_modules/@prisma/internals/src/logger.ts:13:11)

  console.log
    prisma:query SELECT "public"."RolePermission"."roleId", "public"."RolePermission"."permissionId" FROM "public"."RolePermission" WHERE "public"."RolePermission"."roleId" IN ($1) OFFSET $2

      at Object.zc (../../node_modules/@prisma/internals/src/logger.ts:13:11)

2026-01-28 12:28:05 [33mwarn[39m: Validation failed
2026-01-28 12:28:05 [32minfo[39m: ::ffff:127.0.0.1 - - [28/Jan/2026:06:58:05 +0000] "POST /api/v1/reviews HTTP/1.1" 400 205 "-" "-"
2026-01-28 12:28:05 [31merror[39m: Failed to check token denylist
  console.log
    prisma:query SELECT "public"."User"."id", "public"."User"."email", "public"."User"."password", "public"."User"."name", "public"."User"."nickname", "public"."User"."bio", "public"."User"."age", "public"."User"."gender"::text, "public"."User"."phoneNumber", "public"."User"."address", "public"."User"."status"::text, "public"."User"."statusReason", "public"."User"."preferences", "public"."User"."googleId", "public"."User"."avatarUrl", "public"."User"."createdAt", "public"."User"."updatedAt", "public"."User"."avatarImageId", "public"."User"."deletedAt" FROM "public"."User" WHERE ("public"."User"."id" = $1 AND 1=1) LIMIT $2 OFFSET $3

      at Object.zc (../../node_modules/@prisma/internals/src/logger.ts:13:11)

  console.log
    prisma:query SELECT "public"."UserRole"."userId", "public"."UserRole"."roleId" FROM "public"."UserRole" WHERE "public"."UserRole"."userId" IN ($1) OFFSET $2

      at Object.zc (../../node_modules/@prisma/internals/src/logger.ts:13:11)

  console.log
    prisma:query SELECT "public"."Role"."id", "public"."Role"."name", "public"."Role"."description", "public"."Role"."isSystem", "public"."Role"."createdAt" FROM "public"."Role" WHERE "public"."Role"."id" IN ($1) OFFSET $2

      at Object.zc (../../node_modules/@prisma/internals/src/logger.ts:13:11)

  console.log
    prisma:query SELECT "public"."RolePermission"."roleId", "public"."RolePermission"."permissionId" FROM "public"."RolePermission" WHERE "public"."RolePermission"."roleId" IN ($1) OFFSET $2

      at Object.zc (../../node_modules/@prisma/internals/src/logger.ts:13:11)

2026-01-28 12:28:05 [33mwarn[39m: Validation failed
2026-01-28 12:28:05 [32minfo[39m: ::ffff:127.0.0.1 - - [28/Jan/2026:06:58:05 +0000] "POST /api/v1/reviews HTTP/1.1" 400 185 "-" "-"
  console.log
    prisma:query INSERT INTO "public"."Trip" ("id","title","slug","description","itinerary","durationDays","difficulty","location","price","status","category","createdById","createdAt","updatedAt","capacity","startDate","endDate","isFeatured") VALUES ($1,$2,$3,$4,$5,$6,CAST($7::text AS "public"."Difficulty"),$8,$9,CAST($10::text AS "public"."TripStatus"),CAST($11::text AS "public"."TripCategory"),$12,$13,$14,$15,$16,$17,$18) RETURNING "public"."Trip"."id", "public"."Trip"."title", "public"."Trip"."slug", "public"."Trip"."description", "public"."Trip"."itinerary", "public"."Trip"."durationDays", "public"."Trip"."difficulty"::text, "public"."Trip"."location", "public"."Trip"."price", "public"."Trip"."status"::text, "public"."Trip"."category"::text, "public"."Trip"."startPoint", "public"."Trip"."endPoint", "public"."Trip"."altitude", "public"."Trip"."distance", "public"."Trip"."itineraryPdf", "public"."Trip"."highlights", "public"."Trip"."inclusions", "public"."Trip"."exclusions", "public"."Trip"."cancellationPolicy", "public"."Trip"."thingsToPack", "public"."Trip"."faqs", "public"."Trip"."seasons", "public"."Trip"."coverImageId", "public"."Trip"."heroImageId", "public"."Trip"."deletedAt", "public"."Trip"."createdById", "public"."Trip"."approvedById", "public"."Trip"."publishedAt", "public"."Trip"."createdAt", "public"."Trip"."updatedAt", "public"."Trip"."capacity", "public"."Trip"."startDate", "public"."Trip"."endDate", "public"."Trip"."managerId", "public"."Trip"."documentation", "public"."Trip"."isFeatured"

      at Object.zc (../../node_modules/@prisma/internals/src/logger.ts:13:11)

2026-01-28 12:28:05 [31merror[39m: Failed to check token denylist
  console.log
    prisma:query SELECT "public"."User"."id", "public"."User"."email", "public"."User"."password", "public"."User"."name", "public"."User"."nickname", "public"."User"."bio", "public"."User"."age", "public"."User"."gender"::text, "public"."User"."phoneNumber", "public"."User"."address", "public"."User"."status"::text, "public"."User"."statusReason", "public"."User"."preferences", "public"."User"."googleId", "public"."User"."avatarUrl", "public"."User"."createdAt", "public"."User"."updatedAt", "public"."User"."avatarImageId", "public"."User"."deletedAt" FROM "public"."User" WHERE ("public"."User"."id" = $1 AND 1=1) LIMIT $2 OFFSET $3

      at Object.zc (../../node_modules/@prisma/internals/src/logger.ts:13:11)

  console.log
    prisma:query SELECT "public"."UserRole"."userId", "public"."UserRole"."roleId" FROM "public"."UserRole" WHERE "public"."UserRole"."userId" IN ($1) OFFSET $2

      at Object.zc (../../node_modules/@prisma/internals/src/logger.ts:13:11)

  console.log
    prisma:query SELECT "public"."Role"."id", "public"."Role"."name", "public"."Role"."description", "public"."Role"."isSystem", "public"."Role"."createdAt" FROM "public"."Role" WHERE "public"."Role"."id" IN ($1) OFFSET $2

      at Object.zc (../../node_modules/@prisma/internals/src/logger.ts:13:11)

  console.log
    prisma:query SELECT "public"."RolePermission"."roleId", "public"."RolePermission"."permissionId" FROM "public"."RolePermission" WHERE "public"."RolePermission"."roleId" IN ($1) OFFSET $2

      at Object.zc (../../node_modules/@prisma/internals/src/logger.ts:13:11)

  console.log
    prisma:query SELECT "public"."Booking"."id", "public"."Booking"."userId", "public"."Booking"."tripId", "public"."Booking"."status"::text, "public"."Booking"."notes", "public"."Booking"."startDate", "public"."Booking"."guests", "public"."Booking"."guestDetails", "public"."Booking"."totalPrice", "public"."Booking"."createdAt", "public"."Booking"."updatedAt", "public"."Booking"."paymentStatus"::text FROM "public"."Booking" WHERE ("public"."Booking"."userId" = $1 AND "public"."Booking"."tripId" = $2 AND "public"."Booking"."status" = CAST($3::text AS "public"."BookingStatus")) LIMIT $4 OFFSET $5

      at Object.zc (../../node_modules/@prisma/internals/src/logger.ts:13:11)

2026-01-28 12:28:05 [32minfo[39m: ::ffff:127.0.0.1 - - [28/Jan/2026:06:58:05 +0000] "POST /api/v1/reviews HTTP/1.1" 403 59 "-" "-"
2026-01-28 12:28:05 [31merror[39m: Failed to check token denylist
  console.log
    prisma:query SELECT "public"."User"."id", "public"."User"."email", "public"."User"."password", "public"."User"."name", "public"."User"."nickname", "public"."User"."bio", "public"."User"."age", "public"."User"."gender"::text, "public"."User"."phoneNumber", "public"."User"."address", "public"."User"."status"::text, "public"."User"."statusReason", "public"."User"."preferences", "public"."User"."googleId", "public"."User"."avatarUrl", "public"."User"."createdAt", "public"."User"."updatedAt", "public"."User"."avatarImageId", "public"."User"."deletedAt" FROM "public"."User" WHERE ("public"."User"."id" = $1 AND 1=1) LIMIT $2 OFFSET $3

      at Object.zc (../../node_modules/@prisma/internals/src/logger.ts:13:11)

  console.log
    prisma:query SELECT "public"."UserRole"."userId", "public"."UserRole"."roleId" FROM "public"."UserRole" WHERE "public"."UserRole"."userId" IN ($1) OFFSET $2

      at Object.zc (../../node_modules/@prisma/internals/src/logger.ts:13:11)

  console.log
    prisma:query SELECT "public"."Role"."id", "public"."Role"."name", "public"."Role"."description", "public"."Role"."isSystem", "public"."Role"."createdAt" FROM "public"."Role" WHERE "public"."Role"."id" IN ($1) OFFSET $2

      at Object.zc (../../node_modules/@prisma/internals/src/logger.ts:13:11)

  console.log
    prisma:query SELECT "public"."RolePermission"."roleId", "public"."RolePermission"."permissionId" FROM "public"."RolePermission" WHERE "public"."RolePermission"."roleId" IN ($1) OFFSET $2

      at Object.zc (../../node_modules/@prisma/internals/src/logger.ts:13:11)

  console.log
    prisma:query SELECT "public"."Booking"."id", "public"."Booking"."userId", "public"."Booking"."tripId", "public"."Booking"."status"::text, "public"."Booking"."notes", "public"."Booking"."startDate", "public"."Booking"."guests", "public"."Booking"."guestDetails", "public"."Booking"."totalPrice", "public"."Booking"."createdAt", "public"."Booking"."updatedAt", "public"."Booking"."paymentStatus"::text FROM "public"."Booking" WHERE ("public"."Booking"."userId" = $1 AND "public"."Booking"."tripId" = $2 AND "public"."Booking"."status" = CAST($3::text AS "public"."BookingStatus")) LIMIT $4 OFFSET $5

      at Object.zc (../../node_modules/@prisma/internals/src/logger.ts:13:11)

  console.log
    prisma:query SELECT "public"."Review"."id", "public"."Review"."rating", "public"."Review"."comment", "public"."Review"."userId", "public"."Review"."tripId", "public"."Review"."createdAt" FROM "public"."Review" WHERE (("public"."Review"."userId" = $1 AND "public"."Review"."tripId" = $2) AND 1=1) LIMIT $3 OFFSET $4

      at Object.zc (../../node_modules/@prisma/internals/src/logger.ts:13:11)

2026-01-28 12:28:05 [32minfo[39m: ::ffff:127.0.0.1 - - [28/Jan/2026:06:58:05 +0000] "POST /api/v1/reviews HTTP/1.1" 409 50 "-" "-"
  console.log
    prisma:query SELECT "public"."Review"."id", "public"."Review"."rating", "public"."Review"."comment", "public"."Review"."userId", "public"."Review"."tripId", "public"."Review"."createdAt" FROM "public"."Review" WHERE "public"."Review"."tripId" = $1 ORDER BY "public"."Review"."createdAt" DESC OFFSET $2

      at Object.zc (../../node_modules/@prisma/internals/src/logger.ts:13:11)

  console.log
    prisma:query SELECT "public"."User"."id", "public"."User"."name", "public"."User"."avatarImageId" FROM "public"."User" WHERE "public"."User"."id" IN ($1) OFFSET $2

      at Object.zc (../../node_modules/@prisma/internals/src/logger.ts:13:11)

2026-01-28 12:28:05 [32minfo[39m: ::ffff:127.0.0.1 - - [28/Jan/2026:06:58:05 +0000] "GET /api/v1/reviews/dd4d2921-9c22-4804-9088-bde48a05e2c1 HTTP/1.1" 200 333 "-" "-"
  console.log
    prisma:query INSERT INTO "public"."Trip" ("id","title","slug","description","itinerary","durationDays","difficulty","location","price","status","category","createdById","createdAt","updatedAt","capacity","startDate","endDate","isFeatured") VALUES ($1,$2,$3,$4,$5,$6,CAST($7::text AS "public"."Difficulty"),$8,$9,CAST($10::text AS "public"."TripStatus"),CAST($11::text AS "public"."TripCategory"),$12,$13,$14,$15,$16,$17,$18) RETURNING "public"."Trip"."id", "public"."Trip"."title", "public"."Trip"."slug", "public"."Trip"."description", "public"."Trip"."itinerary", "public"."Trip"."durationDays", "public"."Trip"."difficulty"::text, "public"."Trip"."location", "public"."Trip"."price", "public"."Trip"."status"::text, "public"."Trip"."category"::text, "public"."Trip"."startPoint", "public"."Trip"."endPoint", "public"."Trip"."altitude", "public"."Trip"."distance", "public"."Trip"."itineraryPdf", "public"."Trip"."highlights", "public"."Trip"."inclusions", "public"."Trip"."exclusions", "public"."Trip"."cancellationPolicy", "public"."Trip"."thingsToPack", "public"."Trip"."faqs", "public"."Trip"."seasons", "public"."Trip"."coverImageId", "public"."Trip"."heroImageId", "public"."Trip"."deletedAt", "public"."Trip"."createdById", "public"."Trip"."approvedById", "public"."Trip"."publishedAt", "public"."Trip"."createdAt", "public"."Trip"."updatedAt", "public"."Trip"."capacity", "public"."Trip"."startDate", "public"."Trip"."endDate", "public"."Trip"."managerId", "public"."Trip"."documentation", "public"."Trip"."isFeatured"

      at Object.zc (../../node_modules/@prisma/internals/src/logger.ts:13:11)

  console.log
    prisma:query SELECT "public"."Review"."id", "public"."Review"."rating", "public"."Review"."comment", "public"."Review"."userId", "public"."Review"."tripId", "public"."Review"."createdAt" FROM "public"."Review" WHERE "public"."Review"."tripId" = $1 ORDER BY "public"."Review"."createdAt" DESC OFFSET $2

      at Object.zc (../../node_modules/@prisma/internals/src/logger.ts:13:11)

2026-01-28 12:28:05 [32minfo[39m: ::ffff:127.0.0.1 - - [28/Jan/2026:06:58:05 +0000] "GET /api/v1/reviews/5cc2f460-c007-40cc-97e8-2abad0e93636 HTTP/1.1" 200 2 "-" "-"
  console.log
    prisma:query SELECT "public"."Review"."id", "public"."Review"."rating", "public"."Review"."comment", "public"."Review"."userId", "public"."Review"."tripId", "public"."Review"."createdAt" FROM "public"."Review" WHERE "public"."Review"."rating" >= $1 ORDER BY "public"."Review"."createdAt" DESC LIMIT $2 OFFSET $3

      at Object.zc (../../node_modules/@prisma/internals/src/logger.ts:13:11)

  console.log
    prisma:query SELECT "public"."User"."id", "public"."User"."name", "public"."User"."avatarImageId" FROM "public"."User" WHERE "public"."User"."id" IN ($1) OFFSET $2

      at Object.zc (../../node_modules/@prisma/internals/src/logger.ts:13:11)

  console.log
    prisma:query SELECT "public"."Trip"."id", "public"."Trip"."title", "public"."Trip"."location" FROM "public"."Trip" WHERE "public"."Trip"."id" IN ($1) OFFSET $2

      at Object.zc (../../node_modules/@prisma/internals/src/logger.ts:13:11)

2026-01-28 12:28:05 [32minfo[39m: ::ffff:127.0.0.1 - - [28/Jan/2026:06:58:05 +0000] "GET /api/v1/reviews/featured HTTP/1.1" 200 348 "-" "-"
  console.log
    prisma:query SELECT "public"."Review"."id", "public"."Review"."rating", "public"."Review"."comment", "public"."Review"."userId", "public"."Review"."tripId", "public"."Review"."createdAt" FROM "public"."Review" WHERE "public"."Review"."rating" >= $1 ORDER BY "public"."Review"."createdAt" DESC LIMIT $2 OFFSET $3

      at Object.zc (../../node_modules/@prisma/internals/src/logger.ts:13:11)

  console.log
    prisma:query SELECT "public"."User"."id", "public"."User"."name", "public"."User"."avatarImageId" FROM "public"."User" WHERE "public"."User"."id" IN ($1) OFFSET $2

      at Object.zc (../../node_modules/@prisma/internals/src/logger.ts:13:11)

  console.log
    prisma:query SELECT "public"."Trip"."id", "public"."Trip"."title", "public"."Trip"."location" FROM "public"."Trip" WHERE "public"."Trip"."id" IN ($1) OFFSET $2

      at Object.zc (../../node_modules/@prisma/internals/src/logger.ts:13:11)

2026-01-28 12:28:05 [32minfo[39m: ::ffff:127.0.0.1 - - [28/Jan/2026:06:58:05 +0000] "GET /api/v1/reviews/featured HTTP/1.1" 200 348 "-" "-"
  console.log
    prisma:query INSERT INTO "public"."Trip" ("id","title","slug","description","itinerary","durationDays","difficulty","location","price","status","category","createdById","createdAt","updatedAt","capacity","startDate","endDate","isFeatured") VALUES ($1,$2,$3,$4,$5,$6,CAST($7::text AS "public"."Difficulty"),$8,$9,CAST($10::text AS "public"."TripStatus"),CAST($11::text AS "public"."TripCategory"),$12,$13,$14,$15,$16,$17,$18) RETURNING "public"."Trip"."id", "public"."Trip"."title", "public"."Trip"."slug", "public"."Trip"."description", "public"."Trip"."itinerary", "public"."Trip"."durationDays", "public"."Trip"."difficulty"::text, "public"."Trip"."location", "public"."Trip"."price", "public"."Trip"."status"::text, "public"."Trip"."category"::text, "public"."Trip"."startPoint", "public"."Trip"."endPoint", "public"."Trip"."altitude", "public"."Trip"."distance", "public"."Trip"."itineraryPdf", "public"."Trip"."highlights", "public"."Trip"."inclusions", "public"."Trip"."exclusions", "public"."Trip"."cancellationPolicy", "public"."Trip"."thingsToPack", "public"."Trip"."faqs", "public"."Trip"."seasons", "public"."Trip"."coverImageId", "public"."Trip"."heroImageId", "public"."Trip"."deletedAt", "public"."Trip"."createdById", "public"."Trip"."approvedById", "public"."Trip"."publishedAt", "public"."Trip"."createdAt", "public"."Trip"."updatedAt", "public"."Trip"."capacity", "public"."Trip"."startDate", "public"."Trip"."endDate", "public"."Trip"."managerId", "public"."Trip"."documentation", "public"."Trip"."isFeatured"

      at Object.zc (../../node_modules/@prisma/internals/src/logger.ts:13:11)

  console.log
    prisma:query INSERT INTO "public"."Booking" ("id","userId","tripId","status","startDate","guests","guestDetails","totalPrice","createdAt","updatedAt","paymentStatus") VALUES ($1,$2,$3,CAST($4::text AS "public"."BookingStatus"),$5,$6,$7,$8,$9,$10,CAST($11::text AS "public"."BookingPaymentStatus")) RETURNING "public"."Booking"."id", "public"."Booking"."userId", "public"."Booking"."tripId", "public"."Booking"."status"::text, "public"."Booking"."notes", "public"."Booking"."startDate", "public"."Booking"."guests", "public"."Booking"."guestDetails", "public"."Booking"."totalPrice", "public"."Booking"."createdAt", "public"."Booking"."updatedAt", "public"."Booking"."paymentStatus"::text

      at Object.zc (../../node_modules/@prisma/internals/src/logger.ts:13:11)

2026-01-28 12:28:05 [31merror[39m: Failed to check token denylist
  console.log
    prisma:query SELECT "public"."User"."id", "public"."User"."email", "public"."User"."password", "public"."User"."name", "public"."User"."nickname", "public"."User"."bio", "public"."User"."age", "public"."User"."gender"::text, "public"."User"."phoneNumber", "public"."User"."address", "public"."User"."status"::text, "public"."User"."statusReason", "public"."User"."preferences", "public"."User"."googleId", "public"."User"."avatarUrl", "public"."User"."createdAt", "public"."User"."updatedAt", "public"."User"."avatarImageId", "public"."User"."deletedAt" FROM "public"."User" WHERE ("public"."User"."id" = $1 AND 1=1) LIMIT $2 OFFSET $3

      at Object.zc (../../node_modules/@prisma/internals/src/logger.ts:13:11)

  console.log
    prisma:query SELECT "public"."UserRole"."userId", "public"."UserRole"."roleId" FROM "public"."UserRole" WHERE "public"."UserRole"."userId" IN ($1) OFFSET $2

      at Object.zc (../../node_modules/@prisma/internals/src/logger.ts:13:11)

  console.log
    prisma:query SELECT "public"."Role"."id", "public"."Role"."name", "public"."Role"."description", "public"."Role"."isSystem", "public"."Role"."createdAt" FROM "public"."Role" WHERE "public"."Role"."id" IN ($1) OFFSET $2

      at Object.zc (../../node_modules/@prisma/internals/src/logger.ts:13:11)

  console.log
    prisma:query SELECT "public"."RolePermission"."roleId", "public"."RolePermission"."permissionId" FROM "public"."RolePermission" WHERE "public"."RolePermission"."roleId" IN ($1) OFFSET $2

      at Object.zc (../../node_modules/@prisma/internals/src/logger.ts:13:11)

  console.log
    prisma:query SELECT "public"."Booking"."id", "public"."Booking"."userId", "public"."Booking"."tripId", "public"."Booking"."status"::text, "public"."Booking"."notes", "public"."Booking"."startDate", "public"."Booking"."guests", "public"."Booking"."guestDetails", "public"."Booking"."totalPrice", "public"."Booking"."createdAt", "public"."Booking"."updatedAt", "public"."Booking"."paymentStatus"::text FROM "public"."Booking" WHERE ("public"."Booking"."userId" = $1 AND "public"."Booking"."tripId" = $2 AND "public"."Booking"."status" = CAST($3::text AS "public"."BookingStatus")) LIMIT $4 OFFSET $5

      at Object.zc (../../node_modules/@prisma/internals/src/logger.ts:13:11)

  console.log
    prisma:query SELECT "public"."Review"."id", "public"."Review"."rating", "public"."Review"."comment", "public"."Review"."userId", "public"."Review"."tripId", "public"."Review"."createdAt" FROM "public"."Review" WHERE (("public"."Review"."userId" = $1 AND "public"."Review"."tripId" = $2) AND 1=1) LIMIT $3 OFFSET $4

      at Object.zc (../../node_modules/@prisma/internals/src/logger.ts:13:11)

2026-01-28 12:28:05 [32minfo[39m: ::ffff:127.0.0.1 - - [28/Jan/2026:06:58:05 +0000] "GET /api/v1/reviews/check/e9584d8a-0e91-43d6-ad71-284de6af85ff HTTP/1.1" 200 17 "-" "-"
  console.log
    prisma:query INSERT INTO "public"."Trip" ("id","title","slug","description","itinerary","durationDays","difficulty","location","price","status","category","createdById","createdAt","updatedAt","capacity","startDate","endDate","isFeatured") VALUES ($1,$2,$3,$4,$5,$6,CAST($7::text AS "public"."Difficulty"),$8,$9,CAST($10::text AS "public"."TripStatus"),CAST($11::text AS "public"."TripCategory"),$12,$13,$14,$15,$16,$17,$18) RETURNING "public"."Trip"."id", "public"."Trip"."title", "public"."Trip"."slug", "public"."Trip"."description", "public"."Trip"."itinerary", "public"."Trip"."durationDays", "public"."Trip"."difficulty"::text, "public"."Trip"."location", "public"."Trip"."price", "public"."Trip"."status"::text, "public"."Trip"."category"::text, "public"."Trip"."startPoint", "public"."Trip"."endPoint", "public"."Trip"."altitude", "public"."Trip"."distance", "public"."Trip"."itineraryPdf", "public"."Trip"."highlights", "public"."Trip"."inclusions", "public"."Trip"."exclusions", "public"."Trip"."cancellationPolicy", "public"."Trip"."thingsToPack", "public"."Trip"."faqs", "public"."Trip"."seasons", "public"."Trip"."coverImageId", "public"."Trip"."heroImageId", "public"."Trip"."deletedAt", "public"."Trip"."createdById", "public"."Trip"."approvedById", "public"."Trip"."publishedAt", "public"."Trip"."createdAt", "public"."Trip"."updatedAt", "public"."Trip"."capacity", "public"."Trip"."startDate", "public"."Trip"."endDate", "public"."Trip"."managerId", "public"."Trip"."documentation", "public"."Trip"."isFeatured"

      at Object.zc (../../node_modules/@prisma/internals/src/logger.ts:13:11)

2026-01-28 12:28:05 [31merror[39m: Failed to check token denylist
  console.log
    prisma:query SELECT "public"."User"."id", "public"."User"."email", "public"."User"."password", "public"."User"."name", "public"."User"."nickname", "public"."User"."bio", "public"."User"."age", "public"."User"."gender"::text, "public"."User"."phoneNumber", "public"."User"."address", "public"."User"."status"::text, "public"."User"."statusReason", "public"."User"."preferences", "public"."User"."googleId", "public"."User"."avatarUrl", "public"."User"."createdAt", "public"."User"."updatedAt", "public"."User"."avatarImageId", "public"."User"."deletedAt" FROM "public"."User" WHERE ("public"."User"."id" = $1 AND 1=1) LIMIT $2 OFFSET $3

      at Object.zc (../../node_modules/@prisma/internals/src/logger.ts:13:11)

  console.log
    prisma:query SELECT "public"."UserRole"."userId", "public"."UserRole"."roleId" FROM "public"."UserRole" WHERE "public"."UserRole"."userId" IN ($1) OFFSET $2

      at Object.zc (../../node_modules/@prisma/internals/src/logger.ts:13:11)

  console.log
    prisma:query SELECT "public"."Role"."id", "public"."Role"."name", "public"."Role"."description", "public"."Role"."isSystem", "public"."Role"."createdAt" FROM "public"."Role" WHERE "public"."Role"."id" IN ($1) OFFSET $2

      at Object.zc (../../node_modules/@prisma/internals/src/logger.ts:13:11)

  console.log
    prisma:query SELECT "public"."RolePermission"."roleId", "public"."RolePermission"."permissionId" FROM "public"."RolePermission" WHERE "public"."RolePermission"."roleId" IN ($1) OFFSET $2

      at Object.zc (../../node_modules/@prisma/internals/src/logger.ts:13:11)

  console.log
    prisma:query SELECT "public"."Booking"."id", "public"."Booking"."userId", "public"."Booking"."tripId", "public"."Booking"."status"::text, "public"."Booking"."notes", "public"."Booking"."startDate", "public"."Booking"."guests", "public"."Booking"."guestDetails", "public"."Booking"."totalPrice", "public"."Booking"."createdAt", "public"."Booking"."updatedAt", "public"."Booking"."paymentStatus"::text FROM "public"."Booking" WHERE ("public"."Booking"."userId" = $1 AND "public"."Booking"."tripId" = $2 AND "public"."Booking"."status" = CAST($3::text AS "public"."BookingStatus")) LIMIT $4 OFFSET $5

      at Object.zc (../../node_modules/@prisma/internals/src/logger.ts:13:11)

2026-01-28 12:28:05 [32minfo[39m: ::ffff:127.0.0.1 - - [28/Jan/2026:06:58:05 +0000] "GET /api/v1/reviews/check/0aabb17a-08a0-4bcd-8272-11af4109762d HTTP/1.1" 200 81 "-" "-"
2026-01-28 12:28:05 [31merror[39m: Failed to check token denylist
  console.log
    prisma:query SELECT "public"."User"."id", "public"."User"."email", "public"."User"."password", "public"."User"."name", "public"."User"."nickname", "public"."User"."bio", "public"."User"."age", "public"."User"."gender"::text, "public"."User"."phoneNumber", "public"."User"."address", "public"."User"."status"::text, "public"."User"."statusReason", "public"."User"."preferences", "public"."User"."googleId", "public"."User"."avatarUrl", "public"."User"."createdAt", "public"."User"."updatedAt", "public"."User"."avatarImageId", "public"."User"."deletedAt" FROM "public"."User" WHERE ("public"."User"."id" = $1 AND 1=1) LIMIT $2 OFFSET $3

      at Object.zc (../../node_modules/@prisma/internals/src/logger.ts:13:11)

  console.log
    prisma:query SELECT "public"."UserRole"."userId", "public"."UserRole"."roleId" FROM "public"."UserRole" WHERE "public"."UserRole"."userId" IN ($1) OFFSET $2

      at Object.zc (../../node_modules/@prisma/internals/src/logger.ts:13:11)

  console.log
    prisma:query SELECT "public"."Role"."id", "public"."Role"."name", "public"."Role"."description", "public"."Role"."isSystem", "public"."Role"."createdAt" FROM "public"."Role" WHERE "public"."Role"."id" IN ($1) OFFSET $2

      at Object.zc (../../node_modules/@prisma/internals/src/logger.ts:13:11)

  console.log
    prisma:query SELECT "public"."RolePermission"."roleId", "public"."RolePermission"."permissionId" FROM "public"."RolePermission" WHERE "public"."RolePermission"."roleId" IN ($1) OFFSET $2

      at Object.zc (../../node_modules/@prisma/internals/src/logger.ts:13:11)

  console.log
    prisma:query SELECT "public"."Booking"."id", "public"."Booking"."userId", "public"."Booking"."tripId", "public"."Booking"."status"::text, "public"."Booking"."notes", "public"."Booking"."startDate", "public"."Booking"."guests", "public"."Booking"."guestDetails", "public"."Booking"."totalPrice", "public"."Booking"."createdAt", "public"."Booking"."updatedAt", "public"."Booking"."paymentStatus"::text FROM "public"."Booking" WHERE ("public"."Booking"."userId" = $1 AND "public"."Booking"."tripId" = $2 AND "public"."Booking"."status" = CAST($3::text AS "public"."BookingStatus")) LIMIT $4 OFFSET $5

      at Object.zc (../../node_modules/@prisma/internals/src/logger.ts:13:11)

  console.log
    prisma:query SELECT "public"."Review"."id", "public"."Review"."rating", "public"."Review"."comment", "public"."Review"."userId", "public"."Review"."tripId", "public"."Review"."createdAt" FROM "public"."Review" WHERE (("public"."Review"."userId" = $1 AND "public"."Review"."tripId" = $2) AND 1=1) LIMIT $3 OFFSET $4

      at Object.zc (../../node_modules/@prisma/internals/src/logger.ts:13:11)

2026-01-28 12:28:05 [32minfo[39m: ::ffff:127.0.0.1 - - [28/Jan/2026:06:58:05 +0000] "GET /api/v1/reviews/check/dd4d2921-9c22-4804-9088-bde48a05e2c1 HTTP/1.1" 200 66 "-" "-"
2026-01-28 12:28:05 [32minfo[39m: ::ffff:127.0.0.1 - - [28/Jan/2026:06:58:05 +0000] "GET /api/v1/reviews/check/dd4d2921-9c22-4804-9088-bde48a05e2c1 HTTP/1.1" 401 25 "-" "-"
2026-01-28 12:28:05 [31merror[39m: Failed to check token denylist
  console.log
    prisma:query SELECT "public"."User"."id", "public"."User"."email", "public"."User"."password", "public"."User"."name", "public"."User"."nickname", "public"."User"."bio", "public"."User"."age", "public"."User"."gender"::text, "public"."User"."phoneNumber", "public"."User"."address", "public"."User"."status"::text, "public"."User"."statusReason", "public"."User"."preferences", "public"."User"."googleId", "public"."User"."avatarUrl", "public"."User"."createdAt", "public"."User"."updatedAt", "public"."User"."avatarImageId", "public"."User"."deletedAt" FROM "public"."User" WHERE ("public"."User"."id" = $1 AND 1=1) LIMIT $2 OFFSET $3

      at Object.zc (../../node_modules/@prisma/internals/src/logger.ts:13:11)

  console.log
    prisma:query SELECT "public"."UserRole"."userId", "public"."UserRole"."roleId" FROM "public"."UserRole" WHERE "public"."UserRole"."userId" IN ($1) OFFSET $2

      at Object.zc (../../node_modules/@prisma/internals/src/logger.ts:13:11)

  console.log
    prisma:query SELECT "public"."Role"."id", "public"."Role"."name", "public"."Role"."description", "public"."Role"."isSystem", "public"."Role"."createdAt" FROM "public"."Role" WHERE "public"."Role"."id" IN ($1) OFFSET $2

      at Object.zc (../../node_modules/@prisma/internals/src/logger.ts:13:11)

  console.log
    prisma:query SELECT "public"."RolePermission"."roleId", "public"."RolePermission"."permissionId" FROM "public"."RolePermission" WHERE "public"."RolePermission"."roleId" IN ($1) OFFSET $2

      at Object.zc (../../node_modules/@prisma/internals/src/logger.ts:13:11)

  console.log
    prisma:query SELECT "public"."Review"."id", "public"."Review"."rating", "public"."Review"."comment", "public"."Review"."userId", "public"."Review"."tripId", "public"."Review"."createdAt" FROM "public"."Review" WHERE ("public"."Review"."id" = $1 AND 1=1) LIMIT $2 OFFSET $3

      at Object.zc (../../node_modules/@prisma/internals/src/logger.ts:13:11)

  console.log
    prisma:query DELETE FROM "public"."Review" WHERE ("public"."Review"."id" = $1 AND 1=1) RETURNING "public"."Review"."id", "public"."Review"."rating", "public"."Review"."comment", "public"."Review"."userId", "public"."Review"."tripId", "public"."Review"."createdAt"

      at Object.zc (../../node_modules/@prisma/internals/src/logger.ts:13:11)

2026-01-28 12:28:05 [32minfo[39m: ::ffff:127.0.0.1 - - [28/Jan/2026:06:58:05 +0000] "DELETE /api/v1/reviews/839aea79-4bfa-4922-b2a6-1c2bc93bbad7 HTTP/1.1" 200 41 "-" "-"
  console.log
    prisma:query INSERT INTO "public"."Trip" ("id","title","slug","description","itinerary","durationDays","difficulty","location","price","status","category","createdById","createdAt","updatedAt","capacity","startDate","endDate","isFeatured") VALUES ($1,$2,$3,$4,$5,$6,CAST($7::text AS "public"."Difficulty"),$8,$9,CAST($10::text AS "public"."TripStatus"),CAST($11::text AS "public"."TripCategory"),$12,$13,$14,$15,$16,$17,$18) RETURNING "public"."Trip"."id", "public"."Trip"."title", "public"."Trip"."slug", "public"."Trip"."description", "public"."Trip"."itinerary", "public"."Trip"."durationDays", "public"."Trip"."difficulty"::text, "public"."Trip"."location", "public"."Trip"."price", "public"."Trip"."status"::text, "public"."Trip"."category"::text, "public"."Trip"."startPoint", "public"."Trip"."endPoint", "public"."Trip"."altitude", "public"."Trip"."distance", "public"."Trip"."itineraryPdf", "public"."Trip"."highlights", "public"."Trip"."inclusions", "public"."Trip"."exclusions", "public"."Trip"."cancellationPolicy", "public"."Trip"."thingsToPack", "public"."Trip"."faqs", "public"."Trip"."seasons", "public"."Trip"."coverImageId", "public"."Trip"."heroImageId", "public"."Trip"."deletedAt", "public"."Trip"."createdById", "public"."Trip"."approvedById", "public"."Trip"."publishedAt", "public"."Trip"."createdAt", "public"."Trip"."updatedAt", "public"."Trip"."capacity", "public"."Trip"."startDate", "public"."Trip"."endDate", "public"."Trip"."managerId", "public"."Trip"."documentation", "public"."Trip"."isFeatured"

      at Object.zc (../../node_modules/@prisma/internals/src/logger.ts:13:11)

  console.log
    prisma:query INSERT INTO "public"."Booking" ("id","userId","tripId","status","startDate","guests","guestDetails","totalPrice","createdAt","updatedAt","paymentStatus") VALUES ($1,$2,$3,CAST($4::text AS "public"."BookingStatus"),$5,$6,$7,$8,$9,$10,CAST($11::text AS "public"."BookingPaymentStatus")) RETURNING "public"."Booking"."id", "public"."Booking"."userId", "public"."Booking"."tripId", "public"."Booking"."status"::text, "public"."Booking"."notes", "public"."Booking"."startDate", "public"."Booking"."guests", "public"."Booking"."guestDetails", "public"."Booking"."totalPrice", "public"."Booking"."createdAt", "public"."Booking"."updatedAt", "public"."Booking"."paymentStatus"::text

      at Object.zc (../../node_modules/@prisma/internals/src/logger.ts:13:11)

  console.log
    prisma:query INSERT INTO "public"."Review" ("id","rating","comment","userId","tripId","createdAt") VALUES ($1,$2,$3,$4,$5,$6) RETURNING "public"."Review"."id", "public"."Review"."rating", "public"."Review"."comment", "public"."Review"."userId", "public"."Review"."tripId", "public"."Review"."createdAt"

      at Object.zc (../../node_modules/@prisma/internals/src/logger.ts:13:11)

2026-01-28 12:28:05 [31merror[39m: Failed to check token denylist
  console.log
    prisma:query SELECT "public"."User"."id", "public"."User"."email", "public"."User"."password", "public"."User"."name", "public"."User"."nickname", "public"."User"."bio", "public"."User"."age", "public"."User"."gender"::text, "public"."User"."phoneNumber", "public"."User"."address", "public"."User"."status"::text, "public"."User"."statusReason", "public"."User"."preferences", "public"."User"."googleId", "public"."User"."avatarUrl", "public"."User"."createdAt", "public"."User"."updatedAt", "public"."User"."avatarImageId", "public"."User"."deletedAt" FROM "public"."User" WHERE ("public"."User"."id" = $1 AND 1=1) LIMIT $2 OFFSET $3

      at Object.zc (../../node_modules/@prisma/internals/src/logger.ts:13:11)

  console.log
    prisma:query SELECT "public"."UserRole"."userId", "public"."UserRole"."roleId" FROM "public"."UserRole" WHERE "public"."UserRole"."userId" IN ($1) OFFSET $2

      at Object.zc (../../node_modules/@prisma/internals/src/logger.ts:13:11)

  console.log
    prisma:query SELECT "public"."Role"."id", "public"."Role"."name", "public"."Role"."description", "public"."Role"."isSystem", "public"."Role"."createdAt" FROM "public"."Role" WHERE "public"."Role"."id" IN ($1) OFFSET $2

      at Object.zc (../../node_modules/@prisma/internals/src/logger.ts:13:11)

  console.log
    prisma:query SELECT "public"."RolePermission"."roleId", "public"."RolePermission"."permissionId" FROM "public"."RolePermission" WHERE "public"."RolePermission"."roleId" IN ($1) OFFSET $2

      at Object.zc (../../node_modules/@prisma/internals/src/logger.ts:13:11)

  console.log
    prisma:query SELECT "public"."Review"."id", "public"."Review"."rating", "public"."Review"."comment", "public"."Review"."userId", "public"."Review"."tripId", "public"."Review"."createdAt" FROM "public"."Review" WHERE ("public"."Review"."id" = $1 AND 1=1) LIMIT $2 OFFSET $3

      at Object.zc (../../node_modules/@prisma/internals/src/logger.ts:13:11)

  console.log
    prisma:query DELETE FROM "public"."Review" WHERE ("public"."Review"."id" = $1 AND 1=1) RETURNING "public"."Review"."id", "public"."Review"."rating", "public"."Review"."comment", "public"."Review"."userId", "public"."Review"."tripId", "public"."Review"."createdAt"

      at Object.zc (../../node_modules/@prisma/internals/src/logger.ts:13:11)

2026-01-28 12:28:05 [32minfo[39m: ::ffff:127.0.0.1 - - [28/Jan/2026:06:58:05 +0000] "DELETE /api/v1/reviews/f11b6abb-db40-4508-a7c8-8e96ff6baf53 HTTP/1.1" 200 41 "-" "-"
2026-01-28 12:28:05 [32minfo[39m: ::ffff:127.0.0.1 - - [28/Jan/2026:06:58:05 +0000] "DELETE /api/v1/reviews/some-id HTTP/1.1" 401 25 "-" "-"
2026-01-28 12:28:05 [31merror[39m: Failed to check token denylist
  console.log
    prisma:query SELECT "public"."User"."id", "public"."User"."email", "public"."User"."password", "public"."User"."name", "public"."User"."nickname", "public"."User"."bio", "public"."User"."age", "public"."User"."gender"::text, "public"."User"."phoneNumber", "public"."User"."address", "public"."User"."status"::text, "public"."User"."statusReason", "public"."User"."preferences", "public"."User"."googleId", "public"."User"."avatarUrl", "public"."User"."createdAt", "public"."User"."updatedAt", "public"."User"."avatarImageId", "public"."User"."deletedAt" FROM "public"."User" WHERE ("public"."User"."id" = $1 AND 1=1) LIMIT $2 OFFSET $3

      at Object.zc (../../node_modules/@prisma/internals/src/logger.ts:13:11)

  console.log
    prisma:query SELECT "public"."UserRole"."userId", "public"."UserRole"."roleId" FROM "public"."UserRole" WHERE "public"."UserRole"."userId" IN ($1) OFFSET $2

      at Object.zc (../../node_modules/@prisma/internals/src/logger.ts:13:11)

  console.log
    prisma:query SELECT "public"."Role"."id", "public"."Role"."name", "public"."Role"."description", "public"."Role"."isSystem", "public"."Role"."createdAt" FROM "public"."Role" WHERE "public"."Role"."id" IN ($1) OFFSET $2

      at Object.zc (../../node_modules/@prisma/internals/src/logger.ts:13:11)

  console.log
    prisma:query SELECT "public"."RolePermission"."roleId", "public"."RolePermission"."permissionId" FROM "public"."RolePermission" WHERE "public"."RolePermission"."roleId" IN ($1) OFFSET $2

      at Object.zc (../../node_modules/@prisma/internals/src/logger.ts:13:11)

2026-01-28 12:28:05 [33mwarn[39m: Validation failed
2026-01-28 12:28:05 [32minfo[39m: ::ffff:127.0.0.1 - - [28/Jan/2026:06:58:05 +0000] "DELETE /api/v1/reviews/non-existent-id-123 HTTP/1.1" 400 174 "-" "-"
PASS tests/integration/reviews.test.ts
  Review Endpoints
    POST /reviews - Create review
      ΓêÜ creates a review with valid auth and completed trip (59 ms)
      ΓêÜ returns 401 when not authenticated (27 ms)
      ΓêÜ returns 400 when rating is missing (54 ms)
      ΓêÜ returns 400 when rating is out of range (35 ms)
      ΓêÜ returns 403 when user has not completed the trip (35 ms)
      ΓêÜ returns 409 when user has already reviewed the trip (39 ms)
    GET /reviews/:tripId - Get trip reviews
      ΓêÜ returns reviews for a specific trip (26 ms)
      ΓêÜ returns empty array for trip with no reviews (23 ms)
    GET /reviews/featured - Get featured reviews
      ΓêÜ returns featured reviews without authentication (27 ms)
      ΓêÜ returns high-rated reviews (19 ms)
    GET /reviews/check/:tripId - Check review eligibility
      ΓêÜ returns eligible when user completed trip and not reviewed (38 ms)
      ΓêÜ returns not eligible when user has not completed trip (32 ms)
      ΓêÜ returns not eligible when user already reviewed trip (31 ms)
      ΓêÜ returns 401 when not authenticated (12 ms)
    DELETE /reviews/:id - Delete review
      ΓêÜ deletes review when user is the author (34 ms)
      ΓêÜ deletes review when user is admin (44 ms)
      ΓêÜ returns 401 without authentication (14 ms)
      ΓêÜ returns 404 for non-existent review (25 ms)

warn The configuration property `package.json#prisma` is deprecated and will be removed in Prisma 7. Please migrate to a Prisma config file (e.g., 
`prisma.config.ts`).
For more information, see: https://pris.ly/prisma-config

Loaded Prisma config from prisma.config.ts.

warn The Prisma config file in prisma.config.ts overrides the deprecated `package.json#prisma` property in package.json.
  For more information, see: https://pris.ly/prisma-config

Prisma config detected, skipping environment variable loading.
Prisma schema loaded from prisma\schema.prisma
Datasource "db": PostgreSQL database "param_adventures", schema "public" at "localhost:5433"

57 migrations found in prisma/migrations


No pending migrations to apply.
  console.log
    Sentry Disabled (No DSN)

      at Object.<anonymous> (src/instrument.ts:7:11)

  console.log
    Param Adventures API: Sentry Instrumented ≡ƒö¡

      at Object.<anonymous> (src/instrument.ts:20:9)

2026-01-28 12:28:08 [33mwarn[39m: Google OAuth credentials missing. Social login disabled.
  console.log
    --> Backend Initialized (v1.2.0) - Restore Route Active <--

      at Object.<anonymous> (src/app.ts:52:9)

  console.log
    prisma:info Starting a postgresql pool with 25 connections.

      at Object.zc (../../node_modules/@prisma/internals/src/logger.ts:13:11)

  console.log
    prisma:query DELETE FROM "public"."Payment" WHERE 1=1

      at Object.zc (../../node_modules/@prisma/internals/src/logger.ts:13:11)

  console.log
    prisma:query DELETE FROM "public"."Booking" WHERE 1=1

      at Object.zc (../../node_modules/@prisma/internals/src/logger.ts:13:11)

  console.log
    prisma:query DELETE FROM "public"."Blog" WHERE 1=1

      at Object.zc (../../node_modules/@prisma/internals/src/logger.ts:13:11)

  console.log
    prisma:query DELETE FROM "public"."Trip" WHERE 1=1

      at Object.zc (../../node_modules/@prisma/internals/src/logger.ts:13:11)

  console.log
    prisma:query DELETE FROM "public"."SavedTrip" WHERE 1=1

      at Object.zc (../../node_modules/@prisma/internals/src/logger.ts:13:11)

  console.log
    prisma:query DELETE FROM "public"."Review" WHERE 1=1

      at Object.zc (../../node_modules/@prisma/internals/src/logger.ts:13:11)

  console.log
    prisma:query DELETE FROM "public"."Image" WHERE 1=1

      at Object.zc (../../node_modules/@prisma/internals/src/logger.ts:13:11)

  console.log
    prisma:query DELETE FROM "public"."AuditLog" WHERE 1=1

      at Object.zc (../../node_modules/@prisma/internals/src/logger.ts:13:11)

  console.log
    prisma:query DELETE FROM "public"."UserRole" WHERE 1=1

      at Object.zc (../../node_modules/@prisma/internals/src/logger.ts:13:11)

  console.log
    prisma:query DELETE FROM "public"."RolePermission" WHERE 1=1

      at Object.zc (../../node_modules/@prisma/internals/src/logger.ts:13:11)

  console.log
    prisma:query DELETE FROM "public"."Permission" WHERE 1=1

      at Object.zc (../../node_modules/@prisma/internals/src/logger.ts:13:11)

  console.log
    prisma:query DELETE FROM "public"."Role" WHERE 1=1

      at Object.zc (../../node_modules/@prisma/internals/src/logger.ts:13:11)

  console.log
    prisma:query DELETE FROM "public"."User" WHERE 1=1

      at Object.zc (../../node_modules/@prisma/internals/src/logger.ts:13:11)

  console.log
    prisma:query BEGIN

      at Object.zc (../../node_modules/@prisma/internals/src/logger.ts:13:11)

  console.log
    prisma:query SELECT "public"."Role"."id" FROM "public"."Role" WHERE ("public"."Role"."name" = $1 AND 1=1) OFFSET $2

      at Object.zc (../../node_modules/@prisma/internals/src/logger.ts:13:11)

  console.log
    prisma:query INSERT INTO "public"."Role" ("id","name","isSystem","createdAt") VALUES ($1,$2,$3,$4) RETURNING "public"."Role"."id"

      at Object.zc (../../node_modules/@prisma/internals/src/logger.ts:13:11)

  console.log
    prisma:query SELECT "public"."Role"."id", "public"."Role"."name", "public"."Role"."description", "public"."Role"."isSystem", "public"."Role"."createdAt" FROM "public"."Role" WHERE "public"."Role"."id" = $1 LIMIT $2 OFFSET $3

      at Object.zc (../../node_modules/@prisma/internals/src/logger.ts:13:11)

  console.log
    prisma:query COMMIT

      at Object.zc (../../node_modules/@prisma/internals/src/logger.ts:13:11)

  console.log
    prisma:query BEGIN

      at Object.zc (../../node_modules/@prisma/internals/src/logger.ts:13:11)

  console.log
    prisma:query SELECT "public"."Permission"."id" FROM "public"."Permission" WHERE ("public"."Permission"."key" = $1 AND 1=1) OFFSET $2

      at Object.zc (../../node_modules/@prisma/internals/src/logger.ts:13:11)

  console.log
    prisma:query INSERT INTO "public"."Permission" ("id","key","description","createdAt") VALUES ($1,$2,$3,$4) RETURNING "public"."Permission"."id"

      at Object.zc (../../node_modules/@prisma/internals/src/logger.ts:13:11)

  console.log
    prisma:query SELECT "public"."Permission"."id", "public"."Permission"."key", "public"."Permission"."description", "public"."Permission"."category", "public"."Permission"."createdAt" FROM "public"."Permission" WHERE "public"."Permission"."id" = $1 LIMIT $2 OFFSET $3

      at Object.zc (../../node_modules/@prisma/internals/src/logger.ts:13:11)

  console.log
    prisma:query COMMIT

      at Object.zc (../../node_modules/@prisma/internals/src/logger.ts:13:11)

  console.log
    prisma:query BEGIN

      at Object.zc (../../node_modules/@prisma/internals/src/logger.ts:13:11)

  console.log
    prisma:query SELECT "public"."Permission"."id" FROM "public"."Permission" WHERE ("public"."Permission"."key" = $1 AND 1=1) OFFSET $2

      at Object.zc (../../node_modules/@prisma/internals/src/logger.ts:13:11)

  console.log
    prisma:query INSERT INTO "public"."Permission" ("id","key","description","createdAt") VALUES ($1,$2,$3,$4) RETURNING "public"."Permission"."id"

      at Object.zc (../../node_modules/@prisma/internals/src/logger.ts:13:11)

  console.log
    prisma:query SELECT "public"."Permission"."id", "public"."Permission"."key", "public"."Permission"."description", "public"."Permission"."category", "public"."Permission"."createdAt" FROM "public"."Permission" WHERE "public"."Permission"."id" = $1 LIMIT $2 OFFSET $3

      at Object.zc (../../node_modules/@prisma/internals/src/logger.ts:13:11)

  console.log
    prisma:query COMMIT

      at Object.zc (../../node_modules/@prisma/internals/src/logger.ts:13:11)

  console.log
    prisma:query BEGIN

      at Object.zc (../../node_modules/@prisma/internals/src/logger.ts:13:11)

  console.log
    prisma:query SELECT "public"."Permission"."id" FROM "public"."Permission" WHERE ("public"."Permission"."key" = $1 AND 1=1) OFFSET $2

      at Object.zc (../../node_modules/@prisma/internals/src/logger.ts:13:11)

  console.log
    prisma:query INSERT INTO "public"."Permission" ("id","key","description","createdAt") VALUES ($1,$2,$3,$4) RETURNING "public"."Permission"."id"

      at Object.zc (../../node_modules/@prisma/internals/src/logger.ts:13:11)

  console.log
    prisma:query SELECT "public"."Permission"."id", "public"."Permission"."key", "public"."Permission"."description", "public"."Permission"."category", "public"."Permission"."createdAt" FROM "public"."Permission" WHERE "public"."Permission"."id" = $1 LIMIT $2 OFFSET $3

      at Object.zc (../../node_modules/@prisma/internals/src/logger.ts:13:11)

  console.log
    prisma:query COMMIT

      at Object.zc (../../node_modules/@prisma/internals/src/logger.ts:13:11)

  console.log
    prisma:query BEGIN

      at Object.zc (../../node_modules/@prisma/internals/src/logger.ts:13:11)

  console.log
    prisma:query SELECT "public"."Permission"."id" FROM "public"."Permission" WHERE ("public"."Permission"."key" = $1 AND 1=1) OFFSET $2

      at Object.zc (../../node_modules/@prisma/internals/src/logger.ts:13:11)

  console.log
    prisma:query INSERT INTO "public"."Permission" ("id","key","description","createdAt") VALUES ($1,$2,$3,$4) RETURNING "public"."Permission"."id"

      at Object.zc (../../node_modules/@prisma/internals/src/logger.ts:13:11)

  console.log
    prisma:query SELECT "public"."Permission"."id", "public"."Permission"."key", "public"."Permission"."description", "public"."Permission"."category", "public"."Permission"."createdAt" FROM "public"."Permission" WHERE "public"."Permission"."id" = $1 LIMIT $2 OFFSET $3

      at Object.zc (../../node_modules/@prisma/internals/src/logger.ts:13:11)

  console.log
    prisma:query COMMIT

      at Object.zc (../../node_modules/@prisma/internals/src/logger.ts:13:11)

  console.log
    prisma:query BEGIN

      at Object.zc (../../node_modules/@prisma/internals/src/logger.ts:13:11)

  console.log
    prisma:query SELECT "public"."RolePermission"."roleId", "public"."RolePermission"."permissionId" FROM "public"."RolePermission" WHERE (("public"."RolePermission"."roleId" = $1 AND "public"."RolePermission"."permissionId" = $2) AND 1=1) OFFSET $3

      at Object.zc (../../node_modules/@prisma/internals/src/logger.ts:13:11)

  console.log
    prisma:query INSERT INTO "public"."RolePermission" ("roleId","permissionId") VALUES ($1,$2) RETURNING "public"."RolePermission"."roleId", "public"."RolePermission"."permissionId"

      at Object.zc (../../node_modules/@prisma/internals/src/logger.ts:13:11)

  console.log
    prisma:query SELECT "public"."RolePermission"."roleId", "public"."RolePermission"."permissionId" FROM "public"."RolePermission" WHERE ("public"."RolePermission"."roleId" = $1 AND "public"."RolePermission"."permissionId" = $2) LIMIT $3 OFFSET $4

      at Object.zc (../../node_modules/@prisma/internals/src/logger.ts:13:11)

  console.log
    prisma:query COMMIT

      at Object.zc (../../node_modules/@prisma/internals/src/logger.ts:13:11)

  console.log
    prisma:query BEGIN

      at Object.zc (../../node_modules/@prisma/internals/src/logger.ts:13:11)

  console.log
    prisma:query SELECT "public"."RolePermission"."roleId", "public"."RolePermission"."permissionId" FROM "public"."RolePermission" WHERE (("public"."RolePermission"."roleId" = $1 AND "public"."RolePermission"."permissionId" = $2) AND 1=1) OFFSET $3

      at Object.zc (../../node_modules/@prisma/internals/src/logger.ts:13:11)

  console.log
    prisma:query INSERT INTO "public"."RolePermission" ("roleId","permissionId") VALUES ($1,$2) RETURNING "public"."RolePermission"."roleId", "public"."RolePermission"."permissionId"

      at Object.zc (../../node_modules/@prisma/internals/src/logger.ts:13:11)

  console.log
    prisma:query SELECT "public"."RolePermission"."roleId", "public"."RolePermission"."permissionId" FROM "public"."RolePermission" WHERE ("public"."RolePermission"."roleId" = $1 AND "public"."RolePermission"."permissionId" = $2) LIMIT $3 OFFSET $4

      at Object.zc (../../node_modules/@prisma/internals/src/logger.ts:13:11)

  console.log
    prisma:query COMMIT

      at Object.zc (../../node_modules/@prisma/internals/src/logger.ts:13:11)

  console.log
    prisma:query BEGIN

      at Object.zc (../../node_modules/@prisma/internals/src/logger.ts:13:11)

  console.log
    prisma:query SELECT "public"."RolePermission"."roleId", "public"."RolePermission"."permissionId" FROM "public"."RolePermission" WHERE (("public"."RolePermission"."roleId" = $1 AND "public"."RolePermission"."permissionId" = $2) AND 1=1) OFFSET $3

      at Object.zc (../../node_modules/@prisma/internals/src/logger.ts:13:11)

  console.log
    prisma:query INSERT INTO "public"."RolePermission" ("roleId","permissionId") VALUES ($1,$2) RETURNING "public"."RolePermission"."roleId", "public"."RolePermission"."permissionId"

      at Object.zc (../../node_modules/@prisma/internals/src/logger.ts:13:11)

  console.log
    prisma:query SELECT "public"."RolePermission"."roleId", "public"."RolePermission"."permissionId" FROM "public"."RolePermission" WHERE ("public"."RolePermission"."roleId" = $1 AND "public"."RolePermission"."permissionId" = $2) LIMIT $3 OFFSET $4

      at Object.zc (../../node_modules/@prisma/internals/src/logger.ts:13:11)

  console.log
    prisma:query COMMIT

      at Object.zc (../../node_modules/@prisma/internals/src/logger.ts:13:11)

  console.log
    prisma:query BEGIN

      at Object.zc (../../node_modules/@prisma/internals/src/logger.ts:13:11)

  console.log
    prisma:query SELECT "public"."RolePermission"."roleId", "public"."RolePermission"."permissionId" FROM "public"."RolePermission" WHERE (("public"."RolePermission"."roleId" = $1 AND "public"."RolePermission"."permissionId" = $2) AND 1=1) OFFSET $3

      at Object.zc (../../node_modules/@prisma/internals/src/logger.ts:13:11)

  console.log
    prisma:query INSERT INTO "public"."RolePermission" ("roleId","permissionId") VALUES ($1,$2) RETURNING "public"."RolePermission"."roleId", "public"."RolePermission"."permissionId"

      at Object.zc (../../node_modules/@prisma/internals/src/logger.ts:13:11)

  console.log
    prisma:query SELECT "public"."RolePermission"."roleId", "public"."RolePermission"."permissionId" FROM "public"."RolePermission" WHERE ("public"."RolePermission"."roleId" = $1 AND "public"."RolePermission"."permissionId" = $2) LIMIT $3 OFFSET $4

      at Object.zc (../../node_modules/@prisma/internals/src/logger.ts:13:11)

  console.log
    prisma:query COMMIT

      at Object.zc (../../node_modules/@prisma/internals/src/logger.ts:13:11)

  console.log
    prisma:query INSERT INTO "public"."User" ("id","email","password","name","status","preferences","createdAt","updatedAt") VALUES ($1,$2,$3,$4,CAST($5::text AS "public"."UserStatus"),$6,$7,$8) RETURNING "public"."User"."id", "public"."User"."email", "public"."User"."password", "public"."User"."name", "public"."User"."nickname", "public"."User"."bio", "public"."User"."age", "public"."User"."gender"::text, "public"."User"."phoneNumber", "public"."User"."address", "public"."User"."status"::text, "public"."User"."statusReason", "public"."User"."preferences", "public"."User"."googleId", "public"."User"."avatarUrl", "public"."User"."createdAt", "public"."User"."updatedAt", "public"."User"."avatarImageId", "public"."User"."deletedAt"

      at Object.zc (../../node_modules/@prisma/internals/src/logger.ts:13:11)

  console.log
    prisma:query INSERT INTO "public"."UserRole" ("userId","roleId") VALUES ($1,$2) RETURNING "public"."UserRole"."userId", "public"."UserRole"."roleId"

      at Object.zc (../../node_modules/@prisma/internals/src/logger.ts:13:11)

2026-01-28 12:28:09 [31merror[39m: Failed to check token denylist
  console.log
    prisma:query SELECT "public"."User"."id", "public"."User"."email", "public"."User"."password", "public"."User"."name", "public"."User"."nickname", "public"."User"."bio", "public"."User"."age", "public"."User"."gender"::text, "public"."User"."phoneNumber", "public"."User"."address", "public"."User"."status"::text, "public"."User"."statusReason", "public"."User"."preferences", "public"."User"."googleId", "public"."User"."avatarUrl", "public"."User"."createdAt", "public"."User"."updatedAt", "public"."User"."avatarImageId", "public"."User"."deletedAt" FROM "public"."User" WHERE ("public"."User"."id" = $1 AND 1=1) LIMIT $2 OFFSET $3

      at Object.zc (../../node_modules/@prisma/internals/src/logger.ts:13:11)

  console.log
    prisma:query SELECT "public"."UserRole"."userId", "public"."UserRole"."roleId" FROM "public"."UserRole" WHERE "public"."UserRole"."userId" IN ($1) OFFSET $2

      at Object.zc (../../node_modules/@prisma/internals/src/logger.ts:13:11)

  console.log
    prisma:query SELECT "public"."Role"."id", "public"."Role"."name", "public"."Role"."description", "public"."Role"."isSystem", "public"."Role"."createdAt" FROM "public"."Role" WHERE "public"."Role"."id" IN ($1) OFFSET $2

      at Object.zc (../../node_modules/@prisma/internals/src/logger.ts:13:11)

  console.log
    prisma:query SELECT "public"."RolePermission"."roleId", "public"."RolePermission"."permissionId" FROM "public"."RolePermission" WHERE "public"."RolePermission"."roleId" IN ($1) OFFSET $2

      at Object.zc (../../node_modules/@prisma/internals/src/logger.ts:13:11)

  console.log
    prisma:query SELECT "public"."Permission"."id", "public"."Permission"."key", "public"."Permission"."description", "public"."Permission"."category", "public"."Permission"."createdAt" FROM "public"."Permission" WHERE "public"."Permission"."id" IN ($1,$2,$3,$4) OFFSET $5

      at Object.zc (../../node_modules/@prisma/internals/src/logger.ts:13:11)

  console.log
    prisma:query SELECT "public"."User"."id", "public"."User"."email", "public"."User"."password", "public"."User"."name", "public"."User"."nickname", "public"."User"."bio", "public"."User"."age", "public"."User"."gender"::text, "public"."User"."phoneNumber", "public"."User"."address", "public"."User"."status"::text, "public"."User"."statusReason", "public"."User"."preferences", "public"."User"."googleId", "public"."User"."avatarUrl", "public"."User"."createdAt", "public"."User"."updatedAt", "public"."User"."avatarImageId", "public"."User"."deletedAt" FROM "public"."User" WHERE ("public"."User"."id" = $1 AND 1=1) LIMIT $2 OFFSET $3

      at Object.zc (../../node_modules/@prisma/internals/src/logger.ts:13:11)

  console.log
    prisma:query SELECT "public"."UserRole"."userId", "public"."UserRole"."roleId" FROM "public"."UserRole" WHERE "public"."UserRole"."userId" IN ($1) OFFSET $2

      at Object.zc (../../node_modules/@prisma/internals/src/logger.ts:13:11)

  console.log
    prisma:query SELECT "public"."Role"."id", "public"."Role"."name", "public"."Role"."description", "public"."Role"."isSystem", "public"."Role"."createdAt" FROM "public"."Role" WHERE "public"."Role"."id" IN ($1) OFFSET $2

      at Object.zc (../../node_modules/@prisma/internals/src/logger.ts:13:11)

  console.log
    prisma:query SELECT "public"."RolePermission"."roleId", "public"."RolePermission"."permissionId" FROM "public"."RolePermission" WHERE "public"."RolePermission"."roleId" IN ($1) OFFSET $2

      at Object.zc (../../node_modules/@prisma/internals/src/logger.ts:13:11)

  console.log
    prisma:query SELECT "public"."Permission"."id", "public"."Permission"."key", "public"."Permission"."description", "public"."Permission"."category", "public"."Permission"."createdAt" FROM "public"."Permission" WHERE "public"."Permission"."id" IN ($1,$2,$3,$4) OFFSET $5

      at Object.zc (../../node_modules/@prisma/internals/src/logger.ts:13:11)

  console.log
    prisma:query BEGIN

      at Object.zc (../../node_modules/@prisma/internals/src/logger.ts:13:11)

  console.log
    prisma:query INSERT INTO "public"."Trip" ("id","title","slug","description","itinerary","durationDays","difficulty","location","price","status","category","coverImageId","heroImageId","createdById","createdAt","updatedAt","capacity","startDate","endDate","isFeatured") VALUES ($1,$2,$3,$4,$5,$6,CAST($7::text AS "public"."Difficulty"),$8,$9,CAST($10::text AS "public"."TripStatus"),CAST($11::text AS "public"."TripCategory"),$12,$13,$14,$15,$16,$17,$18,$19,$20) RETURNING "public"."Trip"."id"

      at Object.zc (../../node_modules/@prisma/internals/src/logger.ts:13:11)

  console.log
    prisma:query SELECT "public"."Trip"."id", "public"."Trip"."title", "public"."Trip"."slug", "public"."Trip"."description", "public"."Trip"."itinerary", "public"."Trip"."durationDays", "public"."Trip"."difficulty"::text, "public"."Trip"."location", "public"."Trip"."price", "public"."Trip"."status"::text, "public"."Trip"."category"::text, "public"."Trip"."startPoint", "public"."Trip"."endPoint", "public"."Trip"."altitude", "public"."Trip"."distance", "public"."Trip"."itineraryPdf", "public"."Trip"."highlights", "public"."Trip"."inclusions", "public"."Trip"."exclusions", "public"."Trip"."cancellationPolicy", "public"."Trip"."thingsToPack", "public"."Trip"."faqs", "public"."Trip"."seasons", "public"."Trip"."coverImageId", "public"."Trip"."heroImageId", "public"."Trip"."deletedAt", "public"."Trip"."createdById", "public"."Trip"."approvedById", "public"."Trip"."publishedAt", "public"."Trip"."createdAt", "public"."Trip"."updatedAt", "public"."Trip"."capacity", "public"."Trip"."startDate", "public"."Trip"."endDate", "public"."Trip"."managerId", "public"."Trip"."documentation", "public"."Trip"."isFeatured" FROM "public"."Trip" WHERE "public"."Trip"."id" = $1 LIMIT $2 OFFSET $3

      at Object.zc (../../node_modules/@prisma/internals/src/logger.ts:13:11)

  console.log
    prisma:query SELECT "public"."TripGalleryImage"."tripId", "public"."TripGalleryImage"."imageId", "public"."TripGalleryImage"."order" FROM "public"."TripGalleryImage" WHERE "public"."TripGalleryImage"."tripId" IN ($1) ORDER BY "public"."TripGalleryImage"."order" ASC OFFSET $2

      at Object.zc (../../node_modules/@prisma/internals/src/logger.ts:13:11)

  console.log
    prisma:query COMMIT

      at Object.zc (../../node_modules/@prisma/internals/src/logger.ts:13:11)

  console.log
    prisma:query INSERT INTO "public"."AuditLog" ("id","actorId","action","targetType","targetId","metadata","createdAt") VALUES ($1,$2,CAST($3::text AS "public"."AuditAction"),$4,$5,$6,$7) RETURNING "public"."AuditLog"."id", "public"."AuditLog"."actorId", "public"."AuditLog"."action"::text, "public"."AuditLog"."targetType", "public"."AuditLog"."targetId", "public"."AuditLog"."metadata", "public"."AuditLog"."createdAt"

      at Object.zc (../../node_modules/@prisma/internals/src/logger.ts:13:11)

2026-01-28 12:28:09 [32minfo[39m: ::ffff:127.0.0.1 - - [28/Jan/2026:06:58:09 +0000] "POST /api/v1/trips HTTP/1.1" 201 1021 "-" "-"
2026-01-28 12:28:09 [32minfo[39m: ::ffff:127.0.0.1 - - [28/Jan/2026:06:58:09 +0000] "POST /api/v1/trips HTTP/1.1" 401 25 "-" "-"
  console.log
    prisma:query SELECT "public"."Trip"."id", "public"."Trip"."title", "public"."Trip"."slug", "public"."Trip"."description", "public"."Trip"."itinerary", "public"."Trip"."durationDays", "public"."Trip"."difficulty"::text, "public"."Trip"."location", "public"."Trip"."price", "public"."Trip"."status"::text, "public"."Trip"."category"::text, "public"."Trip"."startPoint", "public"."Trip"."endPoint", "public"."Trip"."altitude", "public"."Trip"."distance", "public"."Trip"."itineraryPdf", "public"."Trip"."highlights", "public"."Trip"."inclusions", "public"."Trip"."exclusions", "public"."Trip"."cancellationPolicy", "public"."Trip"."thingsToPack", "public"."Trip"."faqs", "public"."Trip"."seasons", "public"."Trip"."coverImageId", "public"."Trip"."heroImageId", "public"."Trip"."deletedAt", "public"."Trip"."createdById", "public"."Trip"."approvedById", "public"."Trip"."publishedAt", "public"."Trip"."createdAt", "public"."Trip"."updatedAt", "public"."Trip"."capacity", "public"."Trip"."startDate", "public"."Trip"."endDate", "public"."Trip"."managerId", "public"."Trip"."documentation", "public"."Trip"."isFeatured" FROM "public"."Trip" WHERE "public"."Trip"."status" = CAST($1::text AS "public"."TripStatus") ORDER BY "public"."Trip"."createdAt" DESC LIMIT $2 OFFSET $3

      at Object.zc (../../node_modules/@prisma/internals/src/logger.ts:13:11)

2026-01-28 12:28:09 [33mwarn[39m: Cache set skipped - Redis not connected: trips:public:all
2026-01-28 12:28:09 [32minfo[39m: ::ffff:127.0.0.1 - - [28/Jan/2026:06:58:09 +0000] "GET /api/v1/trips/public HTTP/1.1" 200 179 "-" "-"
  console.log
    prisma:query SELECT MIN("price") AS "_min$price", MIN("durationDays") AS "_min$durationDays", MAX("price") AS "_max$price", MAX("durationDays") AS "_max$durationDays" FROM (SELECT "public"."Trip"."price", "public"."Trip"."durationDays" FROM "public"."Trip" WHERE "public"."Trip"."status" = CAST($1::text AS "public"."TripStatus") OFFSET $2) AS "sub"

      at Object.zc (../../node_modules/@prisma/internals/src/logger.ts:13:11)

2026-01-28 12:28:09 [33mwarn[39m: Cache set skipped - Redis not connected: trips:meta
2026-01-28 12:28:09 [32minfo[39m: ::ffff:127.0.0.1 - - [28/Jan/2026:06:58:09 +0000] "GET /api/v1/trips/public/meta HTTP/1.1" 200 65 "-" "-"
  console.log
    prisma:query SELECT "public"."Trip"."id", "public"."Trip"."title", "public"."Trip"."slug", "public"."Trip"."description", "public"."Trip"."itinerary", "public"."Trip"."durationDays", "public"."Trip"."difficulty"::text, "public"."Trip"."location", "public"."Trip"."price", "public"."Trip"."status"::text, "public"."Trip"."category"::text, "public"."Trip"."startPoint", "public"."Trip"."endPoint", "public"."Trip"."altitude", "public"."Trip"."distance", "public"."Trip"."itineraryPdf", "public"."Trip"."highlights", "public"."Trip"."inclusions", "public"."Trip"."exclusions", "public"."Trip"."cancellationPolicy", "public"."Trip"."thingsToPack", "public"."Trip"."faqs", "public"."Trip"."seasons", "public"."Trip"."coverImageId", "public"."Trip"."heroImageId", "public"."Trip"."deletedAt", "public"."Trip"."createdById", "public"."Trip"."approvedById", "public"."Trip"."publishedAt", "public"."Trip"."createdAt", "public"."Trip"."updatedAt", "public"."Trip"."capacity", "public"."Trip"."startDate", "public"."Trip"."endDate", "public"."Trip"."managerId", "public"."Trip"."documentation", "public"."Trip"."isFeatured" FROM "public"."Trip" WHERE ("public"."Trip"."slug" = $1 AND 1=1) LIMIT $2 OFFSET $3

      at Object.zc (../../node_modules/@prisma/internals/src/logger.ts:13:11)

2026-01-28 12:28:09 [33mwarn[39m: Cache set skipped - Redis not connected: trip:slug:non-existent-slug-123
2026-01-28 12:28:09 [31merror[39m: HttpError: Trip not found
    at new HttpError (C:\Users\akash\Documents\Param_Adventures_Phase1\apps\api\src\utils\httpError.js:32:24)
    at C:\Users\akash\Documents\Param_Adventures_Phase1\apps\api\src\controllers\trips\getTripBySlug.controller.ts:16:11
2026-01-28 12:28:09 [32minfo[39m: ::ffff:127.0.0.1 - - [28/Jan/2026:06:58:09 +0000] "GET /api/v1/trips/public/non-existent-slug-123 HTTP/1.1" 404 121 "-" "-"
2026-01-28 12:28:09 [31merror[39m: Failed to check token denylist
  console.log
    prisma:query SELECT "public"."User"."id", "public"."User"."email", "public"."User"."password", "public"."User"."name", "public"."User"."nickname", "public"."User"."bio", "public"."User"."age", "public"."User"."gender"::text, "public"."User"."phoneNumber", "public"."User"."address", "public"."User"."status"::text, "public"."User"."statusReason", "public"."User"."preferences", "public"."User"."googleId", "public"."User"."avatarUrl", "public"."User"."createdAt", "public"."User"."updatedAt", "public"."User"."avatarImageId", "public"."User"."deletedAt" FROM "public"."User" WHERE ("public"."User"."id" = $1 AND 1=1) LIMIT $2 OFFSET $3

      at Object.zc (../../node_modules/@prisma/internals/src/logger.ts:13:11)

  console.log
    prisma:query SELECT "public"."UserRole"."userId", "public"."UserRole"."roleId" FROM "public"."UserRole" WHERE "public"."UserRole"."userId" IN ($1) OFFSET $2

      at Object.zc (../../node_modules/@prisma/internals/src/logger.ts:13:11)

  console.log
    prisma:query SELECT "public"."Role"."id", "public"."Role"."name", "public"."Role"."description", "public"."Role"."isSystem", "public"."Role"."createdAt" FROM "public"."Role" WHERE "public"."Role"."id" IN ($1) OFFSET $2

      at Object.zc (../../node_modules/@prisma/internals/src/logger.ts:13:11)

  console.log
    prisma:query SELECT "public"."RolePermission"."roleId", "public"."RolePermission"."permissionId" FROM "public"."RolePermission" WHERE "public"."RolePermission"."roleId" IN ($1) OFFSET $2

      at Object.zc (../../node_modules/@prisma/internals/src/logger.ts:13:11)

  console.log
    prisma:query SELECT "public"."Permission"."id", "public"."Permission"."key", "public"."Permission"."description", "public"."Permission"."category", "public"."Permission"."createdAt" FROM "public"."Permission" WHERE "public"."Permission"."id" IN ($1,$2,$3,$4) OFFSET $5

      at Object.zc (../../node_modules/@prisma/internals/src/logger.ts:13:11)

  console.log
    prisma:query SELECT "public"."User"."id", "public"."User"."email", "public"."User"."password", "public"."User"."name", "public"."User"."nickname", "public"."User"."bio", "public"."User"."age", "public"."User"."gender"::text, "public"."User"."phoneNumber", "public"."User"."address", "public"."User"."status"::text, "public"."User"."statusReason", "public"."User"."preferences", "public"."User"."googleId", "public"."User"."avatarUrl", "public"."User"."createdAt", "public"."User"."updatedAt", "public"."User"."avatarImageId", "public"."User"."deletedAt" FROM "public"."User" WHERE ("public"."User"."id" = $1 AND 1=1) LIMIT $2 OFFSET $3

      at Object.zc (../../node_modules/@prisma/internals/src/logger.ts:13:11)

  console.log
    prisma:query SELECT "public"."UserRole"."userId", "public"."UserRole"."roleId" FROM "public"."UserRole" WHERE "public"."UserRole"."userId" IN ($1) OFFSET $2

      at Object.zc (../../node_modules/@prisma/internals/src/logger.ts:13:11)

  console.log
    prisma:query SELECT "public"."Role"."id", "public"."Role"."name", "public"."Role"."description", "public"."Role"."isSystem", "public"."Role"."createdAt" FROM "public"."Role" WHERE "public"."Role"."id" IN ($1) OFFSET $2

      at Object.zc (../../node_modules/@prisma/internals/src/logger.ts:13:11)

  console.log
    prisma:query SELECT "public"."RolePermission"."roleId", "public"."RolePermission"."permissionId" FROM "public"."RolePermission" WHERE "public"."RolePermission"."roleId" IN ($1) OFFSET $2

      at Object.zc (../../node_modules/@prisma/internals/src/logger.ts:13:11)

  console.log
    prisma:query SELECT "public"."Permission"."id", "public"."Permission"."key", "public"."Permission"."description", "public"."Permission"."category", "public"."Permission"."createdAt" FROM "public"."Permission" WHERE "public"."Permission"."id" IN ($1,$2,$3,$4) OFFSET $5

      at Object.zc (../../node_modules/@prisma/internals/src/logger.ts:13:11)

  console.log
    prisma:query SELECT "public"."Trip"."id", "public"."Trip"."title", "public"."Trip"."slug", "public"."Trip"."description", "public"."Trip"."itinerary", "public"."Trip"."durationDays", "public"."Trip"."difficulty"::text, "public"."Trip"."location", "public"."Trip"."price", "public"."Trip"."status"::text, "public"."Trip"."category"::text, "public"."Trip"."startPoint", "public"."Trip"."endPoint", "public"."Trip"."altitude", "public"."Trip"."distance", "public"."Trip"."itineraryPdf", "public"."Trip"."highlights", "public"."Trip"."inclusions", "public"."Trip"."exclusions", "public"."Trip"."cancellationPolicy", "public"."Trip"."thingsToPack", "public"."Trip"."faqs", "public"."Trip"."seasons", "public"."Trip"."coverImageId", "public"."Trip"."heroImageId", "public"."Trip"."deletedAt", "public"."Trip"."createdById", "public"."Trip"."approvedById", "public"."Trip"."publishedAt", "public"."Trip"."createdAt", "public"."Trip"."updatedAt", "public"."Trip"."capacity", "public"."Trip"."startDate", "public"."Trip"."endDate", "public"."Trip"."managerId", "public"."Trip"."documentation", "public"."Trip"."isFeatured" FROM "public"."Trip" WHERE ("public"."Trip"."id" = $1 AND 1=1) LIMIT $2 OFFSET $3

      at Object.zc (../../node_modules/@prisma/internals/src/logger.ts:13:11)

  console.log
    prisma:query BEGIN

      at Object.zc (../../node_modules/@prisma/internals/src/logger.ts:13:11)

  console.log
    prisma:query UPDATE "public"."Trip" SET "title" = $1, "description" = $2, "price" = $3, "updatedAt" = $4 WHERE ("public"."Trip"."id" = $5 AND 1=1) RETURNING "public"."Trip"."id", "public"."Trip"."title", "public"."Trip"."slug", "public"."Trip"."description", "public"."Trip"."itinerary", "public"."Trip"."durationDays", "public"."Trip"."difficulty"::text, "public"."Trip"."location", "public"."Trip"."price", "public"."Trip"."status"::text, "public"."Trip"."category"::text, "public"."Trip"."startPoint", "public"."Trip"."endPoint", "public"."Trip"."altitude", "public"."Trip"."distance", "public"."Trip"."itineraryPdf", "public"."Trip"."highlights", "public"."Trip"."inclusions", "public"."Trip"."exclusions", "public"."Trip"."cancellationPolicy", "public"."Trip"."thingsToPack", "public"."Trip"."faqs", "public"."Trip"."seasons", "public"."Trip"."coverImageId", "public"."Trip"."heroImageId", "public"."Trip"."deletedAt", "public"."Trip"."createdById", "public"."Trip"."approvedById", "public"."Trip"."publishedAt", "public"."Trip"."createdAt", "public"."Trip"."updatedAt", "public"."Trip"."capacity", "public"."Trip"."startDate", "public"."Trip"."endDate", "public"."Trip"."managerId", "public"."Trip"."documentation", "public"."Trip"."isFeatured"

      at Object.zc (../../node_modules/@prisma/internals/src/logger.ts:13:11)

  console.log
    prisma:query SELECT "public"."Trip"."id", "public"."Trip"."title", "public"."Trip"."slug", "public"."Trip"."description", "public"."Trip"."itinerary", "public"."Trip"."durationDays", "public"."Trip"."difficulty"::text, "public"."Trip"."location", "public"."Trip"."price", "public"."Trip"."status"::text, "public"."Trip"."category"::text, "public"."Trip"."startPoint", "public"."Trip"."endPoint", "public"."Trip"."altitude", "public"."Trip"."distance", "public"."Trip"."itineraryPdf", "public"."Trip"."highlights", "public"."Trip"."inclusions", "public"."Trip"."exclusions", "public"."Trip"."cancellationPolicy", "public"."Trip"."thingsToPack", "public"."Trip"."faqs", "public"."Trip"."seasons", "public"."Trip"."coverImageId", "public"."Trip"."heroImageId", "public"."Trip"."deletedAt", "public"."Trip"."createdById", "public"."Trip"."approvedById", "public"."Trip"."publishedAt", "public"."Trip"."createdAt", "public"."Trip"."updatedAt", "public"."Trip"."capacity", "public"."Trip"."startDate", "public"."Trip"."endDate", "public"."Trip"."managerId", "public"."Trip"."documentation", "public"."Trip"."isFeatured" FROM "public"."Trip" WHERE "public"."Trip"."id" = $1 LIMIT $2 OFFSET $3

      at Object.zc (../../node_modules/@prisma/internals/src/logger.ts:13:11)

  console.log
    prisma:query SELECT "public"."TripGalleryImage"."tripId", "public"."TripGalleryImage"."imageId", "public"."TripGalleryImage"."order" FROM "public"."TripGalleryImage" WHERE "public"."TripGalleryImage"."tripId" IN ($1) ORDER BY "public"."TripGalleryImage"."order" ASC OFFSET $2

      at Object.zc (../../node_modules/@prisma/internals/src/logger.ts:13:11)

  console.log
    prisma:query COMMIT

      at Object.zc (../../node_modules/@prisma/internals/src/logger.ts:13:11)

  console.log
    prisma:query INSERT INTO "public"."AuditLog" ("id","actorId","action","targetType","targetId","metadata","createdAt") VALUES ($1,$2,CAST($3::text AS "public"."AuditAction"),$4,$5,$6,$7) RETURNING "public"."AuditLog"."id", "public"."AuditLog"."actorId", "public"."AuditLog"."action"::text, "public"."AuditLog"."targetType", "public"."AuditLog"."targetId", "public"."AuditLog"."metadata", "public"."AuditLog"."createdAt"

      at Object.zc (../../node_modules/@prisma/internals/src/logger.ts:13:11)

2026-01-28 12:28:09 [32minfo[39m: ::ffff:127.0.0.1 - - [28/Jan/2026:06:58:09 +0000] "PUT /api/v1/trips/008d6541-ef08-4b06-8978-02bbb49251c0 HTTP/1.1" 200 1026 "-" "-"
2026-01-28 12:28:09 [32minfo[39m: ::ffff:127.0.0.1 - - [28/Jan/2026:06:58:09 +0000] "PUT /api/v1/trips/008d6541-ef08-4b06-8978-02bbb49251c0 HTTP/1.1" 401 25 "-" "-"
2026-01-28 12:28:09 [31merror[39m: Failed to check token denylist
  console.log
    prisma:query SELECT "public"."User"."id", "public"."User"."email", "public"."User"."password", "public"."User"."name", "public"."User"."nickname", "public"."User"."bio", "public"."User"."age", "public"."User"."gender"::text, "public"."User"."phoneNumber", "public"."User"."address", "public"."User"."status"::text, "public"."User"."statusReason", "public"."User"."preferences", "public"."User"."googleId", "public"."User"."avatarUrl", "public"."User"."createdAt", "public"."User"."updatedAt", "public"."User"."avatarImageId", "public"."User"."deletedAt" FROM "public"."User" WHERE ("public"."User"."id" = $1 AND 1=1) LIMIT $2 OFFSET $3

      at Object.zc (../../node_modules/@prisma/internals/src/logger.ts:13:11)

  console.log
    prisma:query SELECT "public"."UserRole"."userId", "public"."UserRole"."roleId" FROM "public"."UserRole" WHERE "public"."UserRole"."userId" IN ($1) OFFSET $2

      at Object.zc (../../node_modules/@prisma/internals/src/logger.ts:13:11)

  console.log
    prisma:query SELECT "public"."Role"."id", "public"."Role"."name", "public"."Role"."description", "public"."Role"."isSystem", "public"."Role"."createdAt" FROM "public"."Role" WHERE "public"."Role"."id" IN ($1) OFFSET $2

      at Object.zc (../../node_modules/@prisma/internals/src/logger.ts:13:11)

  console.log
    prisma:query SELECT "public"."RolePermission"."roleId", "public"."RolePermission"."permissionId" FROM "public"."RolePermission" WHERE "public"."RolePermission"."roleId" IN ($1) OFFSET $2

      at Object.zc (../../node_modules/@prisma/internals/src/logger.ts:13:11)

  console.log
    prisma:query SELECT "public"."Permission"."id", "public"."Permission"."key", "public"."Permission"."description", "public"."Permission"."category", "public"."Permission"."createdAt" FROM "public"."Permission" WHERE "public"."Permission"."id" IN ($1,$2,$3,$4) OFFSET $5

      at Object.zc (../../node_modules/@prisma/internals/src/logger.ts:13:11)

  console.log
    prisma:query SELECT "public"."User"."id", "public"."User"."email", "public"."User"."password", "public"."User"."name", "public"."User"."nickname", "public"."User"."bio", "public"."User"."age", "public"."User"."gender"::text, "public"."User"."phoneNumber", "public"."User"."address", "public"."User"."status"::text, "public"."User"."statusReason", "public"."User"."preferences", "public"."User"."googleId", "public"."User"."avatarUrl", "public"."User"."createdAt", "public"."User"."updatedAt", "public"."User"."avatarImageId", "public"."User"."deletedAt" FROM "public"."User" WHERE ("public"."User"."id" = $1 AND 1=1) LIMIT $2 OFFSET $3

      at Object.zc (../../node_modules/@prisma/internals/src/logger.ts:13:11)

  console.log
    prisma:query SELECT "public"."UserRole"."userId", "public"."UserRole"."roleId" FROM "public"."UserRole" WHERE "public"."UserRole"."userId" IN ($1) OFFSET $2

      at Object.zc (../../node_modules/@prisma/internals/src/logger.ts:13:11)

  console.log
    prisma:query SELECT "public"."Role"."id", "public"."Role"."name", "public"."Role"."description", "public"."Role"."isSystem", "public"."Role"."createdAt" FROM "public"."Role" WHERE "public"."Role"."id" IN ($1) OFFSET $2

      at Object.zc (../../node_modules/@prisma/internals/src/logger.ts:13:11)

  console.log
    prisma:query SELECT "public"."RolePermission"."roleId", "public"."RolePermission"."permissionId" FROM "public"."RolePermission" WHERE "public"."RolePermission"."roleId" IN ($1) OFFSET $2

      at Object.zc (../../node_modules/@prisma/internals/src/logger.ts:13:11)

  console.log
    prisma:query SELECT "public"."Permission"."id", "public"."Permission"."key", "public"."Permission"."description", "public"."Permission"."category", "public"."Permission"."createdAt" FROM "public"."Permission" WHERE "public"."Permission"."id" IN ($1,$2,$3,$4) OFFSET $5

      at Object.zc (../../node_modules/@prisma/internals/src/logger.ts:13:11)

  console.log
    prisma:query SELECT "public"."Trip"."id", "public"."Trip"."title", "public"."Trip"."slug", "public"."Trip"."description", "public"."Trip"."itinerary", "public"."Trip"."durationDays", "public"."Trip"."difficulty"::text, "public"."Trip"."location", "public"."Trip"."price", "public"."Trip"."status"::text, "public"."Trip"."category"::text, "public"."Trip"."startPoint", "public"."Trip"."endPoint", "public"."Trip"."altitude", "public"."Trip"."distance", "public"."Trip"."itineraryPdf", "public"."Trip"."highlights", "public"."Trip"."inclusions", "public"."Trip"."exclusions", "public"."Trip"."cancellationPolicy", "public"."Trip"."thingsToPack", "public"."Trip"."faqs", "public"."Trip"."seasons", "public"."Trip"."coverImageId", "public"."Trip"."heroImageId", "public"."Trip"."deletedAt", "public"."Trip"."createdById", "public"."Trip"."approvedById", "public"."Trip"."publishedAt", "public"."Trip"."createdAt", "public"."Trip"."updatedAt", "public"."Trip"."capacity", "public"."Trip"."startDate", "public"."Trip"."endDate", "public"."Trip"."managerId", "public"."Trip"."documentation", "public"."Trip"."isFeatured" FROM "public"."Trip" WHERE ("public"."Trip"."id" = $1 AND 1=1) LIMIT $2 OFFSET $3

      at Object.zc (../../node_modules/@prisma/internals/src/logger.ts:13:11)

2026-01-28 12:28:09 [32minfo[39m: ::ffff:127.0.0.1 - - [28/Jan/2026:06:58:09 +0000] "PUT /api/v1/trips/non-existent-id-123 HTTP/1.1" 404 126 "-" "-"
2026-01-28 12:28:09 [31merror[39m: Failed to check token denylist
  console.log
    prisma:query SELECT "public"."User"."id", "public"."User"."email", "public"."User"."password", "public"."User"."name", "public"."User"."nickname", "public"."User"."bio", "public"."User"."age", "public"."User"."gender"::text, "public"."User"."phoneNumber", "public"."User"."address", "public"."User"."status"::text, "public"."User"."statusReason", "public"."User"."preferences", "public"."User"."googleId", "public"."User"."avatarUrl", "public"."User"."createdAt", "public"."User"."updatedAt", "public"."User"."avatarImageId", "public"."User"."deletedAt" FROM "public"."User" WHERE ("public"."User"."id" = $1 AND 1=1) LIMIT $2 OFFSET $3

      at Object.zc (../../node_modules/@prisma/internals/src/logger.ts:13:11)

  console.log
    prisma:query SELECT "public"."UserRole"."userId", "public"."UserRole"."roleId" FROM "public"."UserRole" WHERE "public"."UserRole"."userId" IN ($1) OFFSET $2

      at Object.zc (../../node_modules/@prisma/internals/src/logger.ts:13:11)

  console.log
    prisma:query SELECT "public"."Role"."id", "public"."Role"."name", "public"."Role"."description", "public"."Role"."isSystem", "public"."Role"."createdAt" FROM "public"."Role" WHERE "public"."Role"."id" IN ($1) OFFSET $2

      at Object.zc (../../node_modules/@prisma/internals/src/logger.ts:13:11)

  console.log
    prisma:query SELECT "public"."RolePermission"."roleId", "public"."RolePermission"."permissionId" FROM "public"."RolePermission" WHERE "public"."RolePermission"."roleId" IN ($1) OFFSET $2

      at Object.zc (../../node_modules/@prisma/internals/src/logger.ts:13:11)

  console.log
    prisma:query SELECT "public"."Permission"."id", "public"."Permission"."key", "public"."Permission"."description", "public"."Permission"."category", "public"."Permission"."createdAt" FROM "public"."Permission" WHERE "public"."Permission"."id" IN ($1,$2,$3,$4) OFFSET $5

      at Object.zc (../../node_modules/@prisma/internals/src/logger.ts:13:11)

  console.log
    prisma:query SELECT "public"."User"."id", "public"."User"."email", "public"."User"."password", "public"."User"."name", "public"."User"."nickname", "public"."User"."bio", "public"."User"."age", "public"."User"."gender"::text, "public"."User"."phoneNumber", "public"."User"."address", "public"."User"."status"::text, "public"."User"."statusReason", "public"."User"."preferences", "public"."User"."googleId", "public"."User"."avatarUrl", "public"."User"."createdAt", "public"."User"."updatedAt", "public"."User"."avatarImageId", "public"."User"."deletedAt" FROM "public"."User" WHERE ("public"."User"."id" = $1 AND 1=1) LIMIT $2 OFFSET $3

      at Object.zc (../../node_modules/@prisma/internals/src/logger.ts:13:11)

  console.log
    prisma:query SELECT "public"."UserRole"."userId", "public"."UserRole"."roleId" FROM "public"."UserRole" WHERE "public"."UserRole"."userId" IN ($1) OFFSET $2

      at Object.zc (../../node_modules/@prisma/internals/src/logger.ts:13:11)

  console.log
    prisma:query SELECT "public"."Role"."id", "public"."Role"."name", "public"."Role"."description", "public"."Role"."isSystem", "public"."Role"."createdAt" FROM "public"."Role" WHERE "public"."Role"."id" IN ($1) OFFSET $2

      at Object.zc (../../node_modules/@prisma/internals/src/logger.ts:13:11)

  console.log
    prisma:query SELECT "public"."RolePermission"."roleId", "public"."RolePermission"."permissionId" FROM "public"."RolePermission" WHERE "public"."RolePermission"."roleId" IN ($1) OFFSET $2

      at Object.zc (../../node_modules/@prisma/internals/src/logger.ts:13:11)

  console.log
    prisma:query SELECT "public"."Permission"."id", "public"."Permission"."key", "public"."Permission"."description", "public"."Permission"."category", "public"."Permission"."createdAt" FROM "public"."Permission" WHERE "public"."Permission"."id" IN ($1,$2,$3,$4) OFFSET $5

      at Object.zc (../../node_modules/@prisma/internals/src/logger.ts:13:11)

2026-01-28 12:28:09 [33mwarn[39m: Validation failed
2026-01-28 12:28:09 [32minfo[39m: ::ffff:127.0.0.1 - - [28/Jan/2026:06:58:09 +0000] "POST /api/v1/trips HTTP/1.1" 400 197 "-" "-"
2026-01-28 12:28:09 [32minfo[39m: ::ffff:127.0.0.1 - - [28/Jan/2026:06:58:09 +0000] "DELETE /api/v1/trips/008d6541-ef08-4b06-8978-02bbb49251c0 HTTP/1.1" 401 25 "-" "-"
2026-01-28 12:28:09 [31merror[39m: Failed to check token denylist
  console.log
    prisma:query SELECT "public"."User"."id", "public"."User"."email", "public"."User"."password", "public"."User"."name", "public"."User"."nickname", "public"."User"."bio", "public"."User"."age", "public"."User"."gender"::text, "public"."User"."phoneNumber", "public"."User"."address", "public"."User"."status"::text, "public"."User"."statusReason", "public"."User"."preferences", "public"."User"."googleId", "public"."User"."avatarUrl", "public"."User"."createdAt", "public"."User"."updatedAt", "public"."User"."avatarImageId", "public"."User"."deletedAt" FROM "public"."User" WHERE ("public"."User"."id" = $1 AND 1=1) LIMIT $2 OFFSET $3

      at Object.zc (../../node_modules/@prisma/internals/src/logger.ts:13:11)

  console.log
    prisma:query SELECT "public"."UserRole"."userId", "public"."UserRole"."roleId" FROM "public"."UserRole" WHERE "public"."UserRole"."userId" IN ($1) OFFSET $2

      at Object.zc (../../node_modules/@prisma/internals/src/logger.ts:13:11)

  console.log
    prisma:query SELECT "public"."Role"."id", "public"."Role"."name", "public"."Role"."description", "public"."Role"."isSystem", "public"."Role"."createdAt" FROM "public"."Role" WHERE "public"."Role"."id" IN ($1) OFFSET $2

      at Object.zc (../../node_modules/@prisma/internals/src/logger.ts:13:11)

  console.log
    prisma:query SELECT "public"."RolePermission"."roleId", "public"."RolePermission"."permissionId" FROM "public"."RolePermission" WHERE "public"."RolePermission"."roleId" IN ($1) OFFSET $2

      at Object.zc (../../node_modules/@prisma/internals/src/logger.ts:13:11)

  console.log
    prisma:query SELECT "public"."Permission"."id", "public"."Permission"."key", "public"."Permission"."description", "public"."Permission"."category", "public"."Permission"."createdAt" FROM "public"."Permission" WHERE "public"."Permission"."id" IN ($1,$2,$3,$4) OFFSET $5

      at Object.zc (../../node_modules/@prisma/internals/src/logger.ts:13:11)

  console.log
    prisma:query SELECT "public"."User"."id", "public"."User"."email", "public"."User"."password", "public"."User"."name", "public"."User"."nickname", "public"."User"."bio", "public"."User"."age", "public"."User"."gender"::text, "public"."User"."phoneNumber", "public"."User"."address", "public"."User"."status"::text, "public"."User"."statusReason", "public"."User"."preferences", "public"."User"."googleId", "public"."User"."avatarUrl", "public"."User"."createdAt", "public"."User"."updatedAt", "public"."User"."avatarImageId", "public"."User"."deletedAt" FROM "public"."User" WHERE ("public"."User"."id" = $1 AND 1=1) LIMIT $2 OFFSET $3

      at Object.zc (../../node_modules/@prisma/internals/src/logger.ts:13:11)

  console.log
    prisma:query SELECT "public"."UserRole"."userId", "public"."UserRole"."roleId" FROM "public"."UserRole" WHERE "public"."UserRole"."userId" IN ($1) OFFSET $2

      at Object.zc (../../node_modules/@prisma/internals/src/logger.ts:13:11)

  console.log
    prisma:query SELECT "public"."Role"."id", "public"."Role"."name", "public"."Role"."description", "public"."Role"."isSystem", "public"."Role"."createdAt" FROM "public"."Role" WHERE "public"."Role"."id" IN ($1) OFFSET $2

      at Object.zc (../../node_modules/@prisma/internals/src/logger.ts:13:11)

  console.log
    prisma:query SELECT "public"."RolePermission"."roleId", "public"."RolePermission"."permissionId" FROM "public"."RolePermission" WHERE "public"."RolePermission"."roleId" IN ($1) OFFSET $2

      at Object.zc (../../node_modules/@prisma/internals/src/logger.ts:13:11)

  console.log
    prisma:query SELECT "public"."Permission"."id", "public"."Permission"."key", "public"."Permission"."description", "public"."Permission"."category", "public"."Permission"."createdAt" FROM "public"."Permission" WHERE "public"."Permission"."id" IN ($1,$2,$3,$4) OFFSET $5

      at Object.zc (../../node_modules/@prisma/internals/src/logger.ts:13:11)

  console.log
    prisma:query SELECT "public"."Trip"."id", "public"."Trip"."title", "public"."Trip"."slug", "public"."Trip"."description", "public"."Trip"."itinerary", "public"."Trip"."durationDays", "public"."Trip"."difficulty"::text, "public"."Trip"."location", "public"."Trip"."price", "public"."Trip"."status"::text, "public"."Trip"."category"::text, "public"."Trip"."startPoint", "public"."Trip"."endPoint", "public"."Trip"."altitude", "public"."Trip"."distance", "public"."Trip"."itineraryPdf", "public"."Trip"."highlights", "public"."Trip"."inclusions", "public"."Trip"."exclusions", "public"."Trip"."cancellationPolicy", "public"."Trip"."thingsToPack", "public"."Trip"."faqs", "public"."Trip"."seasons", "public"."Trip"."coverImageId", "public"."Trip"."heroImageId", "public"."Trip"."deletedAt", "public"."Trip"."createdById", "public"."Trip"."approvedById", "public"."Trip"."publishedAt", "public"."Trip"."createdAt", "public"."Trip"."updatedAt", "public"."Trip"."capacity", "public"."Trip"."startDate", "public"."Trip"."endDate", "public"."Trip"."managerId", "public"."Trip"."documentation", "public"."Trip"."isFeatured" FROM "public"."Trip" WHERE ("public"."Trip"."id" = $1 AND 1=1) LIMIT $2 OFFSET $3

      at Object.zc (../../node_modules/@prisma/internals/src/logger.ts:13:11)

2026-01-28 12:28:09 [31merror[39m: HttpError: Trip not found
    at new HttpError (C:\Users\akash\Documents\Param_Adventures_Phase1\apps\api\src\utils\httpError.js:32:24)
    at getTripOrThrowError (C:\Users\akash\Documents\Param_Adventures_Phase1\apps\api\src\utils\entityHelpers.ts:42:11)
    at C:\Users\akash\Documents\Param_Adventures_Phase1\apps\api\src\controllers\trips\deleteTrip.controller.ts:11:16
2026-01-28 12:28:09 [32minfo[39m: ::ffff:127.0.0.1 - - [28/Jan/2026:06:58:09 +0000] "DELETE /api/v1/trips/non-existent-id-456 HTTP/1.1" 404 126 "-" "-"
2026-01-28 12:28:09 [31merror[39m: Failed to check token denylist
  console.log
    prisma:query SELECT "public"."User"."id", "public"."User"."email", "public"."User"."password", "public"."User"."name", "public"."User"."nickname", "public"."User"."bio", "public"."User"."age", "public"."User"."gender"::text, "public"."User"."phoneNumber", "public"."User"."address", "public"."User"."status"::text, "public"."User"."statusReason", "public"."User"."preferences", "public"."User"."googleId", "public"."User"."avatarUrl", "public"."User"."createdAt", "public"."User"."updatedAt", "public"."User"."avatarImageId", "public"."User"."deletedAt" FROM "public"."User" WHERE ("public"."User"."id" = $1 AND 1=1) LIMIT $2 OFFSET $3

      at Object.zc (../../node_modules/@prisma/internals/src/logger.ts:13:11)

  console.log
    prisma:query SELECT "public"."UserRole"."userId", "public"."UserRole"."roleId" FROM "public"."UserRole" WHERE "public"."UserRole"."userId" IN ($1) OFFSET $2

      at Object.zc (../../node_modules/@prisma/internals/src/logger.ts:13:11)

  console.log
    prisma:query SELECT "public"."Role"."id", "public"."Role"."name", "public"."Role"."description", "public"."Role"."isSystem", "public"."Role"."createdAt" FROM "public"."Role" WHERE "public"."Role"."id" IN ($1) OFFSET $2

      at Object.zc (../../node_modules/@prisma/internals/src/logger.ts:13:11)

  console.log
    prisma:query SELECT "public"."RolePermission"."roleId", "public"."RolePermission"."permissionId" FROM "public"."RolePermission" WHERE "public"."RolePermission"."roleId" IN ($1) OFFSET $2

      at Object.zc (../../node_modules/@prisma/internals/src/logger.ts:13:11)

  console.log
    prisma:query SELECT "public"."Permission"."id", "public"."Permission"."key", "public"."Permission"."description", "public"."Permission"."category", "public"."Permission"."createdAt" FROM "public"."Permission" WHERE "public"."Permission"."id" IN ($1,$2,$3,$4) OFFSET $5

      at Object.zc (../../node_modules/@prisma/internals/src/logger.ts:13:11)

  console.log
    prisma:query SELECT "public"."User"."id", "public"."User"."email", "public"."User"."password", "public"."User"."name", "public"."User"."nickname", "public"."User"."bio", "public"."User"."age", "public"."User"."gender"::text, "public"."User"."phoneNumber", "public"."User"."address", "public"."User"."status"::text, "public"."User"."statusReason", "public"."User"."preferences", "public"."User"."googleId", "public"."User"."avatarUrl", "public"."User"."createdAt", "public"."User"."updatedAt", "public"."User"."avatarImageId", "public"."User"."deletedAt" FROM "public"."User" WHERE ("public"."User"."id" = $1 AND 1=1) LIMIT $2 OFFSET $3

      at Object.zc (../../node_modules/@prisma/internals/src/logger.ts:13:11)

  console.log
    prisma:query SELECT "public"."UserRole"."userId", "public"."UserRole"."roleId" FROM "public"."UserRole" WHERE "public"."UserRole"."userId" IN ($1) OFFSET $2

      at Object.zc (../../node_modules/@prisma/internals/src/logger.ts:13:11)

  console.log
    prisma:query SELECT "public"."Role"."id", "public"."Role"."name", "public"."Role"."description", "public"."Role"."isSystem", "public"."Role"."createdAt" FROM "public"."Role" WHERE "public"."Role"."id" IN ($1) OFFSET $2

      at Object.zc (../../node_modules/@prisma/internals/src/logger.ts:13:11)

  console.log
    prisma:query SELECT "public"."RolePermission"."roleId", "public"."RolePermission"."permissionId" FROM "public"."RolePermission" WHERE "public"."RolePermission"."roleId" IN ($1) OFFSET $2

      at Object.zc (../../node_modules/@prisma/internals/src/logger.ts:13:11)

  console.log
    prisma:query SELECT "public"."Permission"."id", "public"."Permission"."key", "public"."Permission"."description", "public"."Permission"."category", "public"."Permission"."createdAt" FROM "public"."Permission" WHERE "public"."Permission"."id" IN ($1,$2,$3,$4) OFFSET $5

      at Object.zc (../../node_modules/@prisma/internals/src/logger.ts:13:11)

  console.log
    prisma:query SELECT "public"."Trip"."id", "public"."Trip"."title", "public"."Trip"."slug", "public"."Trip"."description", "public"."Trip"."itinerary", "public"."Trip"."durationDays", "public"."Trip"."difficulty"::text, "public"."Trip"."location", "public"."Trip"."price", "public"."Trip"."status"::text, "public"."Trip"."category"::text, "public"."Trip"."startPoint", "public"."Trip"."endPoint", "public"."Trip"."altitude", "public"."Trip"."distance", "public"."Trip"."itineraryPdf", "public"."Trip"."highlights", "public"."Trip"."inclusions", "public"."Trip"."exclusions", "public"."Trip"."cancellationPolicy", "public"."Trip"."thingsToPack", "public"."Trip"."faqs", "public"."Trip"."seasons", "public"."Trip"."coverImageId", "public"."Trip"."heroImageId", "public"."Trip"."deletedAt", "public"."Trip"."createdById", "public"."Trip"."approvedById", "public"."Trip"."publishedAt", "public"."Trip"."createdAt", "public"."Trip"."updatedAt", "public"."Trip"."capacity", "public"."Trip"."startDate", "public"."Trip"."endDate", "public"."Trip"."managerId", "public"."Trip"."documentation", "public"."Trip"."isFeatured" FROM "public"."Trip" WHERE 1=1 ORDER BY "public"."Trip"."createdAt" DESC LIMIT $1 OFFSET $2

      at Object.zc (../../node_modules/@prisma/internals/src/logger.ts:13:11)

  console.log
    prisma:query SELECT COUNT(*) AS "_count$_all" FROM (SELECT "public"."Trip"."id" FROM "public"."Trip" WHERE 1=1 OFFSET $1) AS "sub"

      at Object.zc (../../node_modules/@prisma/internals/src/logger.ts:13:11)

2026-01-28 12:28:09 [32minfo[39m: ::ffff:127.0.0.1 - - [28/Jan/2026:06:58:09 +0000] "GET /api/v1/trips/internal HTTP/1.1" 200 1062 "-" "-"
2026-01-28 12:28:09 [32minfo[39m: ::ffff:127.0.0.1 - - [28/Jan/2026:06:58:09 +0000] "GET /api/v1/trips/internal HTTP/1.1" 401 25 "-" "-"
2026-01-28 12:28:09 [31merror[39m: Failed to check token denylist
  console.log
    prisma:query SELECT "public"."User"."id", "public"."User"."email", "public"."User"."password", "public"."User"."name", "public"."User"."nickname", "public"."User"."bio", "public"."User"."age", "public"."User"."gender"::text, "public"."User"."phoneNumber", "public"."User"."address", "public"."User"."status"::text, "public"."User"."statusReason", "public"."User"."preferences", "public"."User"."googleId", "public"."User"."avatarUrl", "public"."User"."createdAt", "public"."User"."updatedAt", "public"."User"."avatarImageId", "public"."User"."deletedAt" FROM "public"."User" WHERE ("public"."User"."id" = $1 AND 1=1) LIMIT $2 OFFSET $3

      at Object.zc (../../node_modules/@prisma/internals/src/logger.ts:13:11)

  console.log
    prisma:query SELECT "public"."UserRole"."userId", "public"."UserRole"."roleId" FROM "public"."UserRole" WHERE "public"."UserRole"."userId" IN ($1) OFFSET $2

      at Object.zc (../../node_modules/@prisma/internals/src/logger.ts:13:11)

  console.log
    prisma:query SELECT "public"."Role"."id", "public"."Role"."name", "public"."Role"."description", "public"."Role"."isSystem", "public"."Role"."createdAt" FROM "public"."Role" WHERE "public"."Role"."id" IN ($1) OFFSET $2

      at Object.zc (../../node_modules/@prisma/internals/src/logger.ts:13:11)

  console.log
    prisma:query SELECT "public"."RolePermission"."roleId", "public"."RolePermission"."permissionId" FROM "public"."RolePermission" WHERE "public"."RolePermission"."roleId" IN ($1) OFFSET $2

      at Object.zc (../../node_modules/@prisma/internals/src/logger.ts:13:11)

  console.log
    prisma:query SELECT "public"."Permission"."id", "public"."Permission"."key", "public"."Permission"."description", "public"."Permission"."category", "public"."Permission"."createdAt" FROM "public"."Permission" WHERE "public"."Permission"."id" IN ($1,$2,$3,$4) OFFSET $5

      at Object.zc (../../node_modules/@prisma/internals/src/logger.ts:13:11)

  console.log
    prisma:query SELECT "public"."User"."id", "public"."User"."email", "public"."User"."password", "public"."User"."name", "public"."User"."nickname", "public"."User"."bio", "public"."User"."age", "public"."User"."gender"::text, "public"."User"."phoneNumber", "public"."User"."address", "public"."User"."status"::text, "public"."User"."statusReason", "public"."User"."preferences", "public"."User"."googleId", "public"."User"."avatarUrl", "public"."User"."createdAt", "public"."User"."updatedAt", "public"."User"."avatarImageId", "public"."User"."deletedAt" FROM "public"."User" WHERE ("public"."User"."id" = $1 AND 1=1) LIMIT $2 OFFSET $3

      at Object.zc (../../node_modules/@prisma/internals/src/logger.ts:13:11)

  console.log
    prisma:query SELECT "public"."UserRole"."userId", "public"."UserRole"."roleId" FROM "public"."UserRole" WHERE "public"."UserRole"."userId" IN ($1) OFFSET $2

      at Object.zc (../../node_modules/@prisma/internals/src/logger.ts:13:11)

  console.log
    prisma:query SELECT "public"."Role"."id", "public"."Role"."name", "public"."Role"."description", "public"."Role"."isSystem", "public"."Role"."createdAt" FROM "public"."Role" WHERE "public"."Role"."id" IN ($1) OFFSET $2

      at Object.zc (../../node_modules/@prisma/internals/src/logger.ts:13:11)

  console.log
    prisma:query SELECT "public"."RolePermission"."roleId", "public"."RolePermission"."permissionId" FROM "public"."RolePermission" WHERE "public"."RolePermission"."roleId" IN ($1) OFFSET $2

      at Object.zc (../../node_modules/@prisma/internals/src/logger.ts:13:11)

  console.log
    prisma:query SELECT "public"."Permission"."id", "public"."Permission"."key", "public"."Permission"."description", "public"."Permission"."category", "public"."Permission"."createdAt" FROM "public"."Permission" WHERE "public"."Permission"."id" IN ($1,$2,$3,$4) OFFSET $5

      at Object.zc (../../node_modules/@prisma/internals/src/logger.ts:13:11)

  console.log
    prisma:query SELECT "public"."Trip"."id", "public"."Trip"."title", "public"."Trip"."slug", "public"."Trip"."description", "public"."Trip"."itinerary", "public"."Trip"."durationDays", "public"."Trip"."difficulty"::text, "public"."Trip"."location", "public"."Trip"."price", "public"."Trip"."status"::text, "public"."Trip"."category"::text, "public"."Trip"."startPoint", "public"."Trip"."endPoint", "public"."Trip"."altitude", "public"."Trip"."distance", "public"."Trip"."itineraryPdf", "public"."Trip"."highlights", "public"."Trip"."inclusions", "public"."Trip"."exclusions", "public"."Trip"."cancellationPolicy", "public"."Trip"."thingsToPack", "public"."Trip"."faqs", "public"."Trip"."seasons", "public"."Trip"."coverImageId", "public"."Trip"."heroImageId", "public"."Trip"."deletedAt", "public"."Trip"."createdById", "public"."Trip"."approvedById", "public"."Trip"."publishedAt", "public"."Trip"."createdAt", "public"."Trip"."updatedAt", "public"."Trip"."capacity", "public"."Trip"."startDate", "public"."Trip"."endDate", "public"."Trip"."managerId", "public"."Trip"."documentation", "public"."Trip"."isFeatured" FROM "public"."Trip" WHERE ("public"."Trip"."id" = $1 AND 1=1) LIMIT $2 OFFSET $3

      at Object.zc (../../node_modules/@prisma/internals/src/logger.ts:13:11)

  console.log
    prisma:query SELECT "public"."TripsOnGuides"."tripId", "public"."TripsOnGuides"."guideId", "public"."TripsOnGuides"."assignedAt", "public"."TripsOnGuides"."updatedAt" FROM "public"."TripsOnGuides" WHERE "public"."TripsOnGuides"."tripId" IN ($1) OFFSET $2

      at Object.zc (../../node_modules/@prisma/internals/src/logger.ts:13:11)

  console.log
    prisma:query SELECT "public"."TripGalleryImage"."tripId", "public"."TripGalleryImage"."imageId", "public"."TripGalleryImage"."order" FROM "public"."TripGalleryImage" WHERE "public"."TripGalleryImage"."tripId" IN ($1) ORDER BY "public"."TripGalleryImage"."order" ASC OFFSET $2

      at Object.zc (../../node_modules/@prisma/internals/src/logger.ts:13:11)

  console.log
    prisma:query SELECT "public"."Booking"."id", "public"."Booking"."userId", "public"."Booking"."tripId", "public"."Booking"."status"::text, "public"."Booking"."notes", "public"."Booking"."startDate", "public"."Booking"."guests", "public"."Booking"."guestDetails", "public"."Booking"."totalPrice", "public"."Booking"."createdAt", "public"."Booking"."updatedAt", "public"."Booking"."paymentStatus"::text FROM "public"."Booking" WHERE ("public"."Booking"."tripId" = $1 AND "public"."Booking"."userId" = $2) LIMIT $3 OFFSET $4

      at Object.zc (../../node_modules/@prisma/internals/src/logger.ts:13:11)

2026-01-28 12:28:09 [32minfo[39m: ::ffff:127.0.0.1 - - [28/Jan/2026:06:58:09 +0000] "GET /api/v1/trips/008d6541-ef08-4b06-8978-02bbb49251c0 HTTP/1.1" 200 926 "-" "-"
2026-01-28 12:28:09 [32minfo[39m: ::ffff:127.0.0.1 - - [28/Jan/2026:06:58:09 +0000] "GET /api/v1/trips/008d6541-ef08-4b06-8978-02bbb49251c0 HTTP/1.1" 401 25 "-" "-"
2026-01-28 12:28:09 [31merror[39m: Failed to check token denylist
  console.log
    prisma:query SELECT "public"."User"."id", "public"."User"."email", "public"."User"."password", "public"."User"."name", "public"."User"."nickname", "public"."User"."bio", "public"."User"."age", "public"."User"."gender"::text, "public"."User"."phoneNumber", "public"."User"."address", "public"."User"."status"::text, "public"."User"."statusReason", "public"."User"."preferences", "public"."User"."googleId", "public"."User"."avatarUrl", "public"."User"."createdAt", "public"."User"."updatedAt", "public"."User"."avatarImageId", "public"."User"."deletedAt" FROM "public"."User" WHERE ("public"."User"."id" = $1 AND 1=1) LIMIT $2 OFFSET $3

      at Object.zc (../../node_modules/@prisma/internals/src/logger.ts:13:11)

  console.log
    prisma:query SELECT "public"."UserRole"."userId", "public"."UserRole"."roleId" FROM "public"."UserRole" WHERE "public"."UserRole"."userId" IN ($1) OFFSET $2

      at Object.zc (../../node_modules/@prisma/internals/src/logger.ts:13:11)

  console.log
    prisma:query SELECT "public"."Role"."id", "public"."Role"."name", "public"."Role"."description", "public"."Role"."isSystem", "public"."Role"."createdAt" FROM "public"."Role" WHERE "public"."Role"."id" IN ($1) OFFSET $2

      at Object.zc (../../node_modules/@prisma/internals/src/logger.ts:13:11)

  console.log
    prisma:query SELECT "public"."RolePermission"."roleId", "public"."RolePermission"."permissionId" FROM "public"."RolePermission" WHERE "public"."RolePermission"."roleId" IN ($1) OFFSET $2

      at Object.zc (../../node_modules/@prisma/internals/src/logger.ts:13:11)

  console.log
    prisma:query SELECT "public"."Permission"."id", "public"."Permission"."key", "public"."Permission"."description", "public"."Permission"."category", "public"."Permission"."createdAt" FROM "public"."Permission" WHERE "public"."Permission"."id" IN ($1,$2,$3,$4) OFFSET $5

      at Object.zc (../../node_modules/@prisma/internals/src/logger.ts:13:11)

  console.log
    prisma:query SELECT "public"."User"."id", "public"."User"."email", "public"."User"."password", "public"."User"."name", "public"."User"."nickname", "public"."User"."bio", "public"."User"."age", "public"."User"."gender"::text, "public"."User"."phoneNumber", "public"."User"."address", "public"."User"."status"::text, "public"."User"."statusReason", "public"."User"."preferences", "public"."User"."googleId", "public"."User"."avatarUrl", "public"."User"."createdAt", "public"."User"."updatedAt", "public"."User"."avatarImageId", "public"."User"."deletedAt" FROM "public"."User" WHERE ("public"."User"."id" = $1 AND 1=1) LIMIT $2 OFFSET $3

      at Object.zc (../../node_modules/@prisma/internals/src/logger.ts:13:11)

  console.log
    prisma:query SELECT "public"."UserRole"."userId", "public"."UserRole"."roleId" FROM "public"."UserRole" WHERE "public"."UserRole"."userId" IN ($1) OFFSET $2

      at Object.zc (../../node_modules/@prisma/internals/src/logger.ts:13:11)

  console.log
    prisma:query SELECT "public"."Role"."id", "public"."Role"."name", "public"."Role"."description", "public"."Role"."isSystem", "public"."Role"."createdAt" FROM "public"."Role" WHERE "public"."Role"."id" IN ($1) OFFSET $2

      at Object.zc (../../node_modules/@prisma/internals/src/logger.ts:13:11)

  console.log
    prisma:query SELECT "public"."RolePermission"."roleId", "public"."RolePermission"."permissionId" FROM "public"."RolePermission" WHERE "public"."RolePermission"."roleId" IN ($1) OFFSET $2

      at Object.zc (../../node_modules/@prisma/internals/src/logger.ts:13:11)

  console.log
    prisma:query SELECT "public"."Permission"."id", "public"."Permission"."key", "public"."Permission"."description", "public"."Permission"."category", "public"."Permission"."createdAt" FROM "public"."Permission" WHERE "public"."Permission"."id" IN ($1,$2,$3,$4) OFFSET $5

      at Object.zc (../../node_modules/@prisma/internals/src/logger.ts:13:11)

  console.log
    prisma:query SELECT "public"."Trip"."id", "public"."Trip"."title", "public"."Trip"."slug", "public"."Trip"."description", "public"."Trip"."itinerary", "public"."Trip"."durationDays", "public"."Trip"."difficulty"::text, "public"."Trip"."location", "public"."Trip"."price", "public"."Trip"."status"::text, "public"."Trip"."category"::text, "public"."Trip"."startPoint", "public"."Trip"."endPoint", "public"."Trip"."altitude", "public"."Trip"."distance", "public"."Trip"."itineraryPdf", "public"."Trip"."highlights", "public"."Trip"."inclusions", "public"."Trip"."exclusions", "public"."Trip"."cancellationPolicy", "public"."Trip"."thingsToPack", "public"."Trip"."faqs", "public"."Trip"."seasons", "public"."Trip"."coverImageId", "public"."Trip"."heroImageId", "public"."Trip"."deletedAt", "public"."Trip"."createdById", "public"."Trip"."approvedById", "public"."Trip"."publishedAt", "public"."Trip"."createdAt", "public"."Trip"."updatedAt", "public"."Trip"."capacity", "public"."Trip"."startDate", "public"."Trip"."endDate", "public"."Trip"."managerId", "public"."Trip"."documentation", "public"."Trip"."isFeatured" FROM "public"."Trip" WHERE ("public"."Trip"."id" = $1 AND 1=1) LIMIT $2 OFFSET $3

      at Object.zc (../../node_modules/@prisma/internals/src/logger.ts:13:11)

2026-01-28 12:28:09 [32minfo[39m: ::ffff:127.0.0.1 - - [28/Jan/2026:06:58:09 +0000] "GET /api/v1/trips/non-existent-id-789 HTTP/1.1" 404 26 "-" "-"
PASS tests/integration/trips.test.ts
  Trip Endpoints
    POST /trips - Create trip
      ΓêÜ creates a trip with valid auth and permissions (77 ms)
      ΓêÜ returns 401 when not authenticated (16 ms)
    GET /trips/public - Get public trips
      ΓêÜ returns published trips without authentication (21 ms)
      ΓêÜ returns metadata for filtering (18 ms)
    GET /trips/public/:slug - Get trip by slug
      ΓêÜ returns 404 for non-existent trip (27 ms)
    PUT /trips/:id - Update trip
      ΓêÜ updates a trip with valid auth (43 ms)
      ΓêÜ returns 401 without authentication (14 ms)
      ΓêÜ returns 404 for non-existent trip (36 ms)
    DELETE /trips/:id - Delete trip
      ΓêÜ deletes a trip with admin auth (32 ms)
      ΓêÜ returns 401 without authentication (11 ms)
      ΓêÜ returns 404 for non-existent trip (35 ms)
    GET /trips/internal - Internal trip list
      ΓêÜ returns all trips for admins (60 ms)
      ΓêÜ returns 401 without authentication (16 ms)
    GET /trips/:id - Get trip by ID
      ΓêÜ returns trip details with authentication (67 ms)
      ΓêÜ returns 401 without authentication (24 ms)
      ΓêÜ returns 404 for non-existent trip (36 ms)

warn The configuration property `package.json#prisma` is deprecated and will be removed in Prisma 7. Please migrate to a Prisma config file (e.g., 
`prisma.config.ts`).
For more information, see: https://pris.ly/prisma-config

Loaded Prisma config from prisma.config.ts.

warn The Prisma config file in prisma.config.ts overrides the deprecated `package.json#prisma` property in package.json.
  For more information, see: https://pris.ly/prisma-config

Prisma config detected, skipping environment variable loading.
Prisma schema loaded from prisma\schema.prisma
Datasource "db": PostgreSQL database "param_adventures", schema "public" at "localhost:5433"

57 migrations found in prisma/migrations


No pending migrations to apply.
  console.log
    Sentry Disabled (No DSN)

      at Object.<anonymous> (src/instrument.ts:7:11)

  console.log
    Param Adventures API: Sentry Instrumented ≡ƒö¡

      at Object.<anonymous> (src/instrument.ts:20:9)

2026-01-28 12:28:12 [33mwarn[39m: Google OAuth credentials missing. Social login disabled.
  console.log
    --> Backend Initialized (v1.2.0) - Restore Route Active <--

      at Object.<anonymous> (src/app.ts:52:9)

  console.log
    prisma:info Starting a postgresql pool with 25 connections.

      at Object.zc (../../node_modules/@prisma/internals/src/logger.ts:13:11)

  console.log
    prisma:query DELETE FROM "public"."Image" WHERE 1=1

      at Object.zc (../../node_modules/@prisma/internals/src/logger.ts:13:11)

  console.log
    prisma:query DELETE FROM "public"."Payment" WHERE 1=1

      at Object.zc (../../node_modules/@prisma/internals/src/logger.ts:13:11)

  console.log
    prisma:query DELETE FROM "public"."Booking" WHERE 1=1

      at Object.zc (../../node_modules/@prisma/internals/src/logger.ts:13:11)

  console.log
    prisma:query DELETE FROM "public"."Trip" WHERE 1=1

      at Object.zc (../../node_modules/@prisma/internals/src/logger.ts:13:11)

  console.log
    prisma:query DELETE FROM "public"."Blog" WHERE 1=1

      at Object.zc (../../node_modules/@prisma/internals/src/logger.ts:13:11)

  console.log
    prisma:query DELETE FROM "public"."UserRole" WHERE 1=1

      at Object.zc (../../node_modules/@prisma/internals/src/logger.ts:13:11)

  console.log
    prisma:query DELETE FROM "public"."User" WHERE 1=1

      at Object.zc (../../node_modules/@prisma/internals/src/logger.ts:13:11)

  console.log
    prisma:query INSERT INTO "public"."User" ("id","email","password","name","status","preferences","createdAt","updatedAt") VALUES ($1,$2,$3,$4,CAST($5::text AS "public"."UserStatus"),$6,$7,$8) RETURNING "public"."User"."id", "public"."User"."email", "public"."User"."password", "public"."User"."name", "public"."User"."nickname", "public"."User"."bio", "public"."User"."age", "public"."User"."gender"::text, "public"."User"."phoneNumber", "public"."User"."address", "public"."User"."status"::text, "public"."User"."statusReason", "public"."User"."preferences", "public"."User"."googleId", "public"."User"."avatarUrl", "public"."User"."createdAt", "public"."User"."updatedAt", "public"."User"."avatarImageId", "public"."User"."deletedAt"

      at Object.zc (../../node_modules/@prisma/internals/src/logger.ts:13:11)

  console.log
    prisma:query INSERT INTO "public"."User" ("id","email","password","name","status","preferences","createdAt","updatedAt") VALUES ($1,$2,$3,$4,CAST($5::text AS "public"."UserStatus"),$6,$7,$8) RETURNING "public"."User"."id", "public"."User"."email", "public"."User"."password", "public"."User"."name", "public"."User"."nickname", "public"."User"."bio", "public"."User"."age", "public"."User"."gender"::text, "public"."User"."phoneNumber", "public"."User"."address", "public"."User"."status"::text, "public"."User"."statusReason", "public"."User"."preferences", "public"."User"."googleId", "public"."User"."avatarUrl", "public"."User"."createdAt", "public"."User"."updatedAt", "public"."User"."avatarImageId", "public"."User"."deletedAt"

      at Object.zc (../../node_modules/@prisma/internals/src/logger.ts:13:11)

  console.log
    prisma:query BEGIN

      at Object.zc (../../node_modules/@prisma/internals/src/logger.ts:13:11)

  console.log
    prisma:query SELECT "public"."Role"."id" FROM "public"."Role" WHERE ("public"."Role"."name" = $1 AND 1=1) OFFSET $2

      at Object.zc (../../node_modules/@prisma/internals/src/logger.ts:13:11)

  console.log
    prisma:query INSERT INTO "public"."Role" ("id","name","description","isSystem","createdAt") VALUES ($1,$2,$3,$4,$5) RETURNING "public"."Role"."id"

      at Object.zc (../../node_modules/@prisma/internals/src/logger.ts:13:11)

  console.log
    prisma:query SELECT "public"."Role"."id", "public"."Role"."name", "public"."Role"."description", "public"."Role"."isSystem", "public"."Role"."createdAt" FROM "public"."Role" WHERE "public"."Role"."id" = $1 LIMIT $2 OFFSET $3

      at Object.zc (../../node_modules/@prisma/internals/src/logger.ts:13:11)

  console.log
    prisma:query COMMIT

      at Object.zc (../../node_modules/@prisma/internals/src/logger.ts:13:11)

  console.log
    prisma:query BEGIN

      at Object.zc (../../node_modules/@prisma/internals/src/logger.ts:13:11)

  console.log
    prisma:query SELECT "public"."UserRole"."userId", "public"."UserRole"."roleId" FROM "public"."UserRole" WHERE (("public"."UserRole"."userId" = $1 AND "public"."UserRole"."roleId" = $2) AND 1=1) OFFSET $3

      at Object.zc (../../node_modules/@prisma/internals/src/logger.ts:13:11)

  console.log
    prisma:query INSERT INTO "public"."UserRole" ("userId","roleId") VALUES ($1,$2) RETURNING "public"."UserRole"."userId", "public"."UserRole"."roleId"

      at Object.zc (../../node_modules/@prisma/internals/src/logger.ts:13:11)

  console.log
    prisma:query SELECT "public"."UserRole"."userId", "public"."UserRole"."roleId" FROM "public"."UserRole" WHERE ("public"."UserRole"."userId" = $1 AND "public"."UserRole"."roleId" = $2) LIMIT $3 OFFSET $4

      at Object.zc (../../node_modules/@prisma/internals/src/logger.ts:13:11)

  console.log
    prisma:query COMMIT

      at Object.zc (../../node_modules/@prisma/internals/src/logger.ts:13:11)

  console.log
    prisma:query INSERT INTO "public"."Trip" ("id","title","slug","description","itinerary","durationDays","difficulty","location","price","status","category","createdById","createdAt","updatedAt","capacity","startDate","endDate","isFeatured") VALUES ($1,$2,$3,$4,$5,$6,CAST($7::text AS "public"."Difficulty"),$8,$9,CAST($10::text AS "public"."TripStatus"),CAST($11::text AS "public"."TripCategory"),$12,$13,$14,$15,$16,$17,$18) RETURNING "public"."Trip"."id", "public"."Trip"."title", "public"."Trip"."slug", "public"."Trip"."description", "public"."Trip"."itinerary", "public"."Trip"."durationDays", "public"."Trip"."difficulty"::text, "public"."Trip"."location", "public"."Trip"."price", "public"."Trip"."status"::text, "public"."Trip"."category"::text, "public"."Trip"."startPoint", "public"."Trip"."endPoint", "public"."Trip"."altitude", "public"."Trip"."distance", "public"."Trip"."itineraryPdf", "public"."Trip"."highlights", "public"."Trip"."inclusions", "public"."Trip"."exclusions", "public"."Trip"."cancellationPolicy", "public"."Trip"."thingsToPack", "public"."Trip"."faqs", "public"."Trip"."seasons", "public"."Trip"."coverImageId", "public"."Trip"."heroImageId", "public"."Trip"."deletedAt", "public"."Trip"."createdById", "public"."Trip"."approvedById", "public"."Trip"."publishedAt", "public"."Trip"."createdAt", "public"."Trip"."updatedAt", "public"."Trip"."capacity", "public"."Trip"."startDate", "public"."Trip"."endDate", "public"."Trip"."managerId", "public"."Trip"."documentation", "public"."Trip"."isFeatured"

      at Object.zc (../../node_modules/@prisma/internals/src/logger.ts:13:11)

  console.log
    prisma:query INSERT INTO "public"."Booking" ("id","userId","tripId","status","startDate","guests","guestDetails","totalPrice","createdAt","updatedAt","paymentStatus") VALUES ($1,$2,$3,CAST($4::text AS "public"."BookingStatus"),$5,$6,$7,$8,$9,$10,CAST($11::text AS "public"."BookingPaymentStatus")) RETURNING "public"."Booking"."id", "public"."Booking"."userId", "public"."Booking"."tripId", "public"."Booking"."status"::text, "public"."Booking"."notes", "public"."Booking"."startDate", "public"."Booking"."guests", "public"."Booking"."guestDetails", "public"."Booking"."totalPrice", "public"."Booking"."createdAt", "public"."Booking"."updatedAt", "public"."Booking"."paymentStatus"::text

      at Object.zc (../../node_modules/@prisma/internals/src/logger.ts:13:11)

2026-01-28 12:28:13 [31merror[39m: Failed to check token denylist
  console.log
    prisma:query SELECT "public"."User"."id", "public"."User"."email", "public"."User"."password", "public"."User"."name", "public"."User"."nickname", "public"."User"."bio", "public"."User"."age", "public"."User"."gender"::text, "public"."User"."phoneNumber", "public"."User"."address", "public"."User"."status"::text, "public"."User"."statusReason", "public"."User"."preferences", "public"."User"."googleId", "public"."User"."avatarUrl", "public"."User"."createdAt", "public"."User"."updatedAt", "public"."User"."avatarImageId", "public"."User"."deletedAt" FROM "public"."User" WHERE ("public"."User"."id" = $1 AND 1=1) LIMIT $2 OFFSET $3

      at Object.zc (../../node_modules/@prisma/internals/src/logger.ts:13:11)

  console.log
    prisma:query SELECT "public"."UserRole"."userId", "public"."UserRole"."roleId" FROM "public"."UserRole" WHERE "public"."UserRole"."userId" IN ($1) OFFSET $2

      at Object.zc (../../node_modules/@prisma/internals/src/logger.ts:13:11)

  console.log
    HIT INITIATE PAYMENT 233eca10-3c5f-406f-8e99-c74afe72b063

      at initiatePayment (src/controllers/payments/initiatePayment.controller.ts:19:11)

  console.log
    prisma:query SELECT "public"."Booking"."id", "public"."Booking"."userId", "public"."Booking"."tripId", "public"."Booking"."status"::text, "public"."Booking"."notes", "public"."Booking"."startDate", "public"."Booking"."guests", "public"."Booking"."guestDetails", "public"."Booking"."totalPrice", "public"."Booking"."createdAt", "public"."Booking"."updatedAt", "public"."Booking"."paymentStatus"::text FROM "public"."Booking" WHERE ("public"."Booking"."id" = $1 AND 1=1) LIMIT $2 OFFSET $3

      at Object.zc (../../node_modules/@prisma/internals/src/logger.ts:13:11)

  console.log
    prisma:query SELECT "public"."Trip"."id", "public"."Trip"."title", "public"."Trip"."slug", "public"."Trip"."description", "public"."Trip"."itinerary", "public"."Trip"."durationDays", "public"."Trip"."difficulty"::text, "public"."Trip"."location", "public"."Trip"."price", "public"."Trip"."status"::text, "public"."Trip"."category"::text, "public"."Trip"."startPoint", "public"."Trip"."endPoint", "public"."Trip"."altitude", "public"."Trip"."distance", "public"."Trip"."itineraryPdf", "public"."Trip"."highlights", "public"."Trip"."inclusions", "public"."Trip"."exclusions", "public"."Trip"."cancellationPolicy", "public"."Trip"."thingsToPack", "public"."Trip"."faqs", "public"."Trip"."seasons", "public"."Trip"."coverImageId", "public"."Trip"."heroImageId", "public"."Trip"."deletedAt", "public"."Trip"."createdById", "public"."Trip"."approvedById", "public"."Trip"."publishedAt", "public"."Trip"."createdAt", "public"."Trip"."updatedAt", "public"."Trip"."capacity", "public"."Trip"."startDate", "public"."Trip"."endDate", "public"."Trip"."managerId", "public"."Trip"."documentation", "public"."Trip"."isFeatured" FROM "public"."Trip" WHERE "public"."Trip"."id" IN ($1) OFFSET $2

      at Object.zc (../../node_modules/@prisma/internals/src/logger.ts:13:11)

  console.log
    prisma:query INSERT INTO "public"."Payment" ("id","bookingId","provider","providerOrderId","rawPayload","amount","currency","refundedAmount","status","method","createdAt","updatedAt") VALUES ($1,$2,CAST($3::text AS "public"."PaymentProvider"),$4,$5,$6,$7,$8,CAST($9::text AS "public"."PaymentStatus"),CAST($10::text AS "public"."PaymentMethod"),$11,$12) RETURNING "public"."Payment"."id", "public"."Payment"."bookingId", "public"."Payment"."provider"::text, "public"."Payment"."providerOrderId", "public"."Payment"."providerPaymentId", "public"."Payment"."razorpayRefundId", "public"."Payment"."rawPayload", "public"."Payment"."proofUrl", "public"."Payment"."amount", "public"."Payment"."currency", "public"."Payment"."refundedAmount", "public"."Payment"."disputeId", "public"."Payment"."status"::text, "public"."Payment"."method"::text, "public"."Payment"."createdAt", "public"."Payment"."updatedAt"

      at Object.zc (../../node_modules/@prisma/internals/src/logger.ts:13:11)

2026-01-28 12:28:13 [32minfo[39m: ::ffff:127.0.0.1 - - [28/Jan/2026:06:58:13 +0000] "POST /api/v1/bookings/233eca10-3c5f-406f-8e99-c74afe72b063/initiate-payment HTTP/1.1" 200 207 "-" "-"
  console.log
    prisma:query SELECT "public"."Payment"."id", "public"."Payment"."bookingId", "public"."Payment"."provider"::text, "public"."Payment"."providerOrderId", "public"."Payment"."providerPaymentId", "public"."Payment"."razorpayRefundId", "public"."Payment"."rawPayload", "public"."Payment"."proofUrl", "public"."Payment"."amount", "public"."Payment"."currency", "public"."Payment"."refundedAmount", "public"."Payment"."disputeId", "public"."Payment"."status"::text, "public"."Payment"."method"::text, "public"."Payment"."createdAt", "public"."Payment"."updatedAt" FROM "public"."Payment" WHERE "public"."Payment"."bookingId" = $1 LIMIT $2 OFFSET $3

      at Object.zc (../../node_modules/@prisma/internals/src/logger.ts:13:11)

  console.log
    prisma:query DELETE FROM "public"."Payment" WHERE 1=1

      at Object.zc (../../node_modules/@prisma/internals/src/logger.ts:13:11)

  console.log
    prisma:query DELETE FROM "public"."Booking" WHERE 1=1

      at Object.zc (../../node_modules/@prisma/internals/src/logger.ts:13:11)

2026-01-28 12:28:13 [31merror[39m: Failed to check token denylist
  console.log
    prisma:query SELECT "public"."User"."id", "public"."User"."email", "public"."User"."password", "public"."User"."name", "public"."User"."nickname", "public"."User"."bio", "public"."User"."age", "public"."User"."gender"::text, "public"."User"."phoneNumber", "public"."User"."address", "public"."User"."status"::text, "public"."User"."statusReason", "public"."User"."preferences", "public"."User"."googleId", "public"."User"."avatarUrl", "public"."User"."createdAt", "public"."User"."updatedAt", "public"."User"."avatarImageId", "public"."User"."deletedAt" FROM "public"."User" WHERE ("public"."User"."id" = $1 AND 1=1) LIMIT $2 OFFSET $3

      at Object.zc (../../node_modules/@prisma/internals/src/logger.ts:13:11)

  console.log
    prisma:query SELECT "public"."UserRole"."userId", "public"."UserRole"."roleId" FROM "public"."UserRole" WHERE "public"."UserRole"."userId" IN ($1) OFFSET $2

      at Object.zc (../../node_modules/@prisma/internals/src/logger.ts:13:11)

  console.log
    HIT INITIATE PAYMENT invalid-booking-id

      at initiatePayment (src/controllers/payments/initiatePayment.controller.ts:19:11)

  console.log
    prisma:query SELECT "public"."Booking"."id", "public"."Booking"."userId", "public"."Booking"."tripId", "public"."Booking"."status"::text, "public"."Booking"."notes", "public"."Booking"."startDate", "public"."Booking"."guests", "public"."Booking"."guestDetails", "public"."Booking"."totalPrice", "public"."Booking"."createdAt", "public"."Booking"."updatedAt", "public"."Booking"."paymentStatus"::text FROM "public"."Booking" WHERE ("public"."Booking"."id" = $1 AND 1=1) LIMIT $2 OFFSET $3

      at Object.zc (../../node_modules/@prisma/internals/src/logger.ts:13:11)

2026-01-28 12:28:13 [31merror[39m: HttpError: Booking not found
    at new HttpError (C:\Users\akash\Documents\Param_Adventures_Phase1\apps\api\src\utils\httpError.js:32:24)
    at initiatePayment (C:\Users\akash\Documents\Param_Adventures_Phase1\apps\api\src\controllers\payments\initiatePayment.controller.ts:31:11)
2026-01-28 12:28:13 [32minfo[39m: ::ffff:127.0.0.1 - - [28/Jan/2026:06:58:13 +0000] "POST /api/v1/bookings/invalid-booking-id/initiate-payment HTTP/1.1" 404 124 "-" "-"
  console.log
    prisma:query DELETE FROM "public"."Payment" WHERE 1=1

      at Object.zc (../../node_modules/@prisma/internals/src/logger.ts:13:11)

  console.log
    prisma:query DELETE FROM "public"."Booking" WHERE 1=1

      at Object.zc (../../node_modules/@prisma/internals/src/logger.ts:13:11)

  console.log
    prisma:query INSERT INTO "public"."Booking" ("id","userId","tripId","status","startDate","guests","guestDetails","totalPrice","createdAt","updatedAt","paymentStatus") VALUES ($1,$2,$3,CAST($4::text AS "public"."BookingStatus"),$5,$6,$7,$8,$9,$10,CAST($11::text AS "public"."BookingPaymentStatus")) RETURNING "public"."Booking"."id", "public"."Booking"."userId", "public"."Booking"."tripId", "public"."Booking"."status"::text, "public"."Booking"."notes", "public"."Booking"."startDate", "public"."Booking"."guests", "public"."Booking"."guestDetails", "public"."Booking"."totalPrice", "public"."Booking"."createdAt", "public"."Booking"."updatedAt", "public"."Booking"."paymentStatus"::text

      at Object.zc (../../node_modules/@prisma/internals/src/logger.ts:13:11)

  console.log
    prisma:query INSERT INTO "public"."Payment" ("id","bookingId","provider","providerOrderId","amount","currency","refundedAmount","status","method","createdAt","updatedAt") VALUES ($1,$2,CAST($3::text AS "public"."PaymentProvider"),$4,$5,$6,$7,CAST($8::text AS "public"."PaymentStatus"),CAST($9::text AS "public"."PaymentMethod"),$10,$11) RETURNING "public"."Payment"."id", "public"."Payment"."bookingId", "public"."Payment"."provider"::text, "public"."Payment"."providerOrderId", "public"."Payment"."providerPaymentId", "public"."Payment"."razorpayRefundId", "public"."Payment"."rawPayload", "public"."Payment"."proofUrl", "public"."Payment"."amount", "public"."Payment"."currency", "public"."Payment"."refundedAmount", "public"."Payment"."disputeId", "public"."Payment"."status"::text, "public"."Payment"."method"::text, "public"."Payment"."createdAt", "public"."Payment"."updatedAt"

      at Object.zc (../../node_modules/@prisma/internals/src/logger.ts:13:11)

2026-01-28 12:28:13 [31merror[39m: Failed to check token denylist
  console.log
    prisma:query SELECT "public"."User"."id", "public"."User"."email", "public"."User"."password", "public"."User"."name", "public"."User"."nickname", "public"."User"."bio", "public"."User"."age", "public"."User"."gender"::text, "public"."User"."phoneNumber", "public"."User"."address", "public"."User"."status"::text, "public"."User"."statusReason", "public"."User"."preferences", "public"."User"."googleId", "public"."User"."avatarUrl", "public"."User"."createdAt", "public"."User"."updatedAt", "public"."User"."avatarImageId", "public"."User"."deletedAt" FROM "public"."User" WHERE ("public"."User"."id" = $1 AND 1=1) LIMIT $2 OFFSET $3

      at Object.zc (../../node_modules/@prisma/internals/src/logger.ts:13:11)

  console.log
    prisma:query SELECT "public"."UserRole"."userId", "public"."UserRole"."roleId" FROM "public"."UserRole" WHERE "public"."UserRole"."userId" IN ($1) OFFSET $2

      at Object.zc (../../node_modules/@prisma/internals/src/logger.ts:13:11)

  console.log
    HIT INITIATE PAYMENT 14e77d9c-d5a8-4725-93f1-4f24bf7f2e3d

      at initiatePayment (src/controllers/payments/initiatePayment.controller.ts:19:11)

  console.log
    prisma:query SELECT "public"."Booking"."id", "public"."Booking"."userId", "public"."Booking"."tripId", "public"."Booking"."status"::text, "public"."Booking"."notes", "public"."Booking"."startDate", "public"."Booking"."guests", "public"."Booking"."guestDetails", "public"."Booking"."totalPrice", "public"."Booking"."createdAt", "public"."Booking"."updatedAt", "public"."Booking"."paymentStatus"::text FROM "public"."Booking" WHERE ("public"."Booking"."id" = $1 AND 1=1) LIMIT $2 OFFSET $3

      at Object.zc (../../node_modules/@prisma/internals/src/logger.ts:13:11)

  console.log
    prisma:query SELECT "public"."Trip"."id", "public"."Trip"."title", "public"."Trip"."slug", "public"."Trip"."description", "public"."Trip"."itinerary", "public"."Trip"."durationDays", "public"."Trip"."difficulty"::text, "public"."Trip"."location", "public"."Trip"."price", "public"."Trip"."status"::text, "public"."Trip"."category"::text, "public"."Trip"."startPoint", "public"."Trip"."endPoint", "public"."Trip"."altitude", "public"."Trip"."distance", "public"."Trip"."itineraryPdf", "public"."Trip"."highlights", "public"."Trip"."inclusions", "public"."Trip"."exclusions", "public"."Trip"."cancellationPolicy", "public"."Trip"."thingsToPack", "public"."Trip"."faqs", "public"."Trip"."seasons", "public"."Trip"."coverImageId", "public"."Trip"."heroImageId", "public"."Trip"."deletedAt", "public"."Trip"."createdById", "public"."Trip"."approvedById", "public"."Trip"."publishedAt", "public"."Trip"."createdAt", "public"."Trip"."updatedAt", "public"."Trip"."capacity", "public"."Trip"."startDate", "public"."Trip"."endDate", "public"."Trip"."managerId", "public"."Trip"."documentation", "public"."Trip"."isFeatured" FROM "public"."Trip" WHERE "public"."Trip"."id" IN ($1) OFFSET $2

      at Object.zc (../../node_modules/@prisma/internals/src/logger.ts:13:11)

2026-01-28 12:28:13 [31merror[39m: HttpError: Booking is already paid
    at new HttpError (C:\Users\akash\Documents\Param_Adventures_Phase1\apps\api\src\utils\httpError.js:32:24)
    at initiatePayment (C:\Users\akash\Documents\Param_Adventures_Phase1\apps\api\src\controllers\payments\initiatePayment.controller.ts:43:11)
2026-01-28 12:28:13 [32minfo[39m: ::ffff:127.0.0.1 - - [28/Jan/2026:06:58:13 +0000] "POST /api/v1/bookings/14e77d9c-d5a8-4725-93f1-4f24bf7f2e3d/initiate-payment HTTP/1.1" 400 134 "-" "-"
  console.log
    prisma:query DELETE FROM "public"."Payment" WHERE 1=1

      at Object.zc (../../node_modules/@prisma/internals/src/logger.ts:13:11)

  console.log
    prisma:query DELETE FROM "public"."Booking" WHERE 1=1

      at Object.zc (../../node_modules/@prisma/internals/src/logger.ts:13:11)

  console.log
    prisma:query INSERT INTO "public"."Booking" ("id","userId","tripId","status","startDate","guests","guestDetails","totalPrice","createdAt","updatedAt","paymentStatus") VALUES ($1,$2,$3,CAST($4::text AS "public"."BookingStatus"),$5,$6,$7,$8,$9,$10,CAST($11::text AS "public"."BookingPaymentStatus")) RETURNING "public"."Booking"."id", "public"."Booking"."userId", "public"."Booking"."tripId", "public"."Booking"."status"::text, "public"."Booking"."notes", "public"."Booking"."startDate", "public"."Booking"."guests", "public"."Booking"."guestDetails", "public"."Booking"."totalPrice", "public"."Booking"."createdAt", "public"."Booking"."updatedAt", "public"."Booking"."paymentStatus"::text

      at Object.zc (../../node_modules/@prisma/internals/src/logger.ts:13:11)

2026-01-28 12:28:13 [31merror[39m: Failed to check token denylist
  console.log
    prisma:query SELECT "public"."User"."id", "public"."User"."email", "public"."User"."password", "public"."User"."name", "public"."User"."nickname", "public"."User"."bio", "public"."User"."age", "public"."User"."gender"::text, "public"."User"."phoneNumber", "public"."User"."address", "public"."User"."status"::text, "public"."User"."statusReason", "public"."User"."preferences", "public"."User"."googleId", "public"."User"."avatarUrl", "public"."User"."createdAt", "public"."User"."updatedAt", "public"."User"."avatarImageId", "public"."User"."deletedAt" FROM "public"."User" WHERE ("public"."User"."id" = $1 AND 1=1) LIMIT $2 OFFSET $3

      at Object.zc (../../node_modules/@prisma/internals/src/logger.ts:13:11)

  console.log
    prisma:query SELECT "public"."UserRole"."userId", "public"."UserRole"."roleId" FROM "public"."UserRole" WHERE "public"."UserRole"."userId" IN ($1) OFFSET $2

      at Object.zc (../../node_modules/@prisma/internals/src/logger.ts:13:11)

  console.log
    HIT INITIATE PAYMENT 5758ee4f-bfc0-4df9-b8bf-78f80a6b6202

      at initiatePayment (src/controllers/payments/initiatePayment.controller.ts:19:11)

  console.log
    prisma:query SELECT "public"."Booking"."id", "public"."Booking"."userId", "public"."Booking"."tripId", "public"."Booking"."status"::text, "public"."Booking"."notes", "public"."Booking"."startDate", "public"."Booking"."guests", "public"."Booking"."guestDetails", "public"."Booking"."totalPrice", "public"."Booking"."createdAt", "public"."Booking"."updatedAt", "public"."Booking"."paymentStatus"::text FROM "public"."Booking" WHERE ("public"."Booking"."id" = $1 AND 1=1) LIMIT $2 OFFSET $3

      at Object.zc (../../node_modules/@prisma/internals/src/logger.ts:13:11)

  console.log
    prisma:query SELECT "public"."Trip"."id", "public"."Trip"."title", "public"."Trip"."slug", "public"."Trip"."description", "public"."Trip"."itinerary", "public"."Trip"."durationDays", "public"."Trip"."difficulty"::text, "public"."Trip"."location", "public"."Trip"."price", "public"."Trip"."status"::text, "public"."Trip"."category"::text, "public"."Trip"."startPoint", "public"."Trip"."endPoint", "public"."Trip"."altitude", "public"."Trip"."distance", "public"."Trip"."itineraryPdf", "public"."Trip"."highlights", "public"."Trip"."inclusions", "public"."Trip"."exclusions", "public"."Trip"."cancellationPolicy", "public"."Trip"."thingsToPack", "public"."Trip"."faqs", "public"."Trip"."seasons", "public"."Trip"."coverImageId", "public"."Trip"."heroImageId", "public"."Trip"."deletedAt", "public"."Trip"."createdById", "public"."Trip"."approvedById", "public"."Trip"."publishedAt", "public"."Trip"."createdAt", "public"."Trip"."updatedAt", "public"."Trip"."capacity", "public"."Trip"."startDate", "public"."Trip"."endDate", "public"."Trip"."managerId", "public"."Trip"."documentation", "public"."Trip"."isFeatured" FROM "public"."Trip" WHERE "public"."Trip"."id" IN ($1) OFFSET $2

      at Object.zc (../../node_modules/@prisma/internals/src/logger.ts:13:11)

2026-01-28 12:28:13 [31merror[39m: HttpError: Cannot pay for a cancelled booking
    at new HttpError (C:\Users\akash\Documents\Param_Adventures_Phase1\apps\api\src\utils\httpError.js:32:24)
    at initiatePayment (C:\Users\akash\Documents\Param_Adventures_Phase1\apps\api\src\controllers\payments\initiatePayment.controller.ts:47:11)
2026-01-28 12:28:13 [32minfo[39m: ::ffff:127.0.0.1 - - [28/Jan/2026:06:58:13 +0000] "POST /api/v1/bookings/5758ee4f-bfc0-4df9-b8bf-78f80a6b6202/initiate-payment HTTP/1.1" 400 145 "-" "-"
  console.log
    prisma:query DELETE FROM "public"."Payment" WHERE 1=1

      at Object.zc (../../node_modules/@prisma/internals/src/logger.ts:13:11)

  console.log
    prisma:query DELETE FROM "public"."Booking" WHERE 1=1

      at Object.zc (../../node_modules/@prisma/internals/src/logger.ts:13:11)

  console.log
    prisma:query INSERT INTO "public"."Booking" ("id","userId","tripId","status","startDate","guests","guestDetails","totalPrice","createdAt","updatedAt","paymentStatus") VALUES ($1,$2,$3,CAST($4::text AS "public"."BookingStatus"),$5,$6,$7,$8,$9,$10,CAST($11::text AS "public"."BookingPaymentStatus")) RETURNING "public"."Booking"."id", "public"."Booking"."userId", "public"."Booking"."tripId", "public"."Booking"."status"::text, "public"."Booking"."notes", "public"."Booking"."startDate", "public"."Booking"."guests", "public"."Booking"."guestDetails", "public"."Booking"."totalPrice", "public"."Booking"."createdAt", "public"."Booking"."updatedAt", "public"."Booking"."paymentStatus"::text

      at Object.zc (../../node_modules/@prisma/internals/src/logger.ts:13:11)

2026-01-28 12:28:13 [31merror[39m: Failed to check token denylist
  console.log
    prisma:query SELECT "public"."User"."id", "public"."User"."email", "public"."User"."password", "public"."User"."name", "public"."User"."nickname", "public"."User"."bio", "public"."User"."age", "public"."User"."gender"::text, "public"."User"."phoneNumber", "public"."User"."address", "public"."User"."status"::text, "public"."User"."statusReason", "public"."User"."preferences", "public"."User"."googleId", "public"."User"."avatarUrl", "public"."User"."createdAt", "public"."User"."updatedAt", "public"."User"."avatarImageId", "public"."User"."deletedAt" FROM "public"."User" WHERE ("public"."User"."id" = $1 AND 1=1) LIMIT $2 OFFSET $3

      at Object.zc (../../node_modules/@prisma/internals/src/logger.ts:13:11)

  console.log
    prisma:query SELECT "public"."UserRole"."userId", "public"."UserRole"."roleId" FROM "public"."UserRole" WHERE "public"."UserRole"."userId" IN ($1) OFFSET $2

      at Object.zc (../../node_modules/@prisma/internals/src/logger.ts:13:11)

  console.log
    HIT INITIATE PAYMENT 9d5d3cb1-f2c3-4009-aa86-b80596fd16b5

      at initiatePayment (src/controllers/payments/initiatePayment.controller.ts:19:11)

  console.log
    prisma:query SELECT "public"."Booking"."id", "public"."Booking"."userId", "public"."Booking"."tripId", "public"."Booking"."status"::text, "public"."Booking"."notes", "public"."Booking"."startDate", "public"."Booking"."guests", "public"."Booking"."guestDetails", "public"."Booking"."totalPrice", "public"."Booking"."createdAt", "public"."Booking"."updatedAt", "public"."Booking"."paymentStatus"::text FROM "public"."Booking" WHERE ("public"."Booking"."id" = $1 AND 1=1) LIMIT $2 OFFSET $3

      at Object.zc (../../node_modules/@prisma/internals/src/logger.ts:13:11)

  console.log
    prisma:query SELECT "public"."Trip"."id", "public"."Trip"."title", "public"."Trip"."slug", "public"."Trip"."description", "public"."Trip"."itinerary", "public"."Trip"."durationDays", "public"."Trip"."difficulty"::text, "public"."Trip"."location", "public"."Trip"."price", "public"."Trip"."status"::text, "public"."Trip"."category"::text, "public"."Trip"."startPoint", "public"."Trip"."endPoint", "public"."Trip"."altitude", "public"."Trip"."distance", "public"."Trip"."itineraryPdf", "public"."Trip"."highlights", "public"."Trip"."inclusions", "public"."Trip"."exclusions", "public"."Trip"."cancellationPolicy", "public"."Trip"."thingsToPack", "public"."Trip"."faqs", "public"."Trip"."seasons", "public"."Trip"."coverImageId", "public"."Trip"."heroImageId", "public"."Trip"."deletedAt", "public"."Trip"."createdById", "public"."Trip"."approvedById", "public"."Trip"."publishedAt", "public"."Trip"."createdAt", "public"."Trip"."updatedAt", "public"."Trip"."capacity", "public"."Trip"."startDate", "public"."Trip"."endDate", "public"."Trip"."managerId", "public"."Trip"."documentation", "public"."Trip"."isFeatured" FROM "public"."Trip" WHERE "public"."Trip"."id" IN ($1) OFFSET $2

      at Object.zc (../../node_modules/@prisma/internals/src/logger.ts:13:11)

2026-01-28 12:28:13 [31merror[39m: Failed to initiate payment
2026-01-28 12:28:13 [31merror[39m: HttpError: Failed to initiate payment with provider
    at new HttpError (C:\Users\akash\Documents\Param_Adventures_Phase1\apps\api\src\utils\httpError.js:32:24)
    at initiatePayment (C:\Users\akash\Documents\Param_Adventures_Phase1\apps\api\src\controllers\payments\initiatePayment.controller.ts:115:11)
2026-01-28 12:28:13 [32minfo[39m: ::ffff:127.0.0.1 - - [28/Jan/2026:06:58:13 +0000] "POST /api/v1/bookings/9d5d3cb1-f2c3-4009-aa86-b80596fd16b5/initiate-payment HTTP/1.1" 500 157 "-" "-"
  console.log
    prisma:query DELETE FROM "public"."Payment" WHERE 1=1

      at Object.zc (../../node_modules/@prisma/internals/src/logger.ts:13:11)

  console.log
    prisma:query DELETE FROM "public"."Booking" WHERE 1=1

      at Object.zc (../../node_modules/@prisma/internals/src/logger.ts:13:11)

  console.log
    prisma:query INSERT INTO "public"."Booking" ("id","userId","tripId","status","startDate","guests","guestDetails","totalPrice","createdAt","updatedAt","paymentStatus") VALUES ($1,$2,$3,CAST($4::text AS "public"."BookingStatus"),$5,$6,$7,$8,$9,$10,CAST($11::text AS "public"."BookingPaymentStatus")) RETURNING "public"."Booking"."id", "public"."Booking"."userId", "public"."Booking"."tripId", "public"."Booking"."status"::text, "public"."Booking"."notes", "public"."Booking"."startDate", "public"."Booking"."guests", "public"."Booking"."guestDetails", "public"."Booking"."totalPrice", "public"."Booking"."createdAt", "public"."Booking"."updatedAt", "public"."Booking"."paymentStatus"::text

      at Object.zc (../../node_modules/@prisma/internals/src/logger.ts:13:11)

  console.log
    prisma:query INSERT INTO "public"."Payment" ("id","bookingId","provider","providerOrderId","amount","currency","refundedAmount","status","method","createdAt","updatedAt") VALUES ($1,$2,CAST($3::text AS "public"."PaymentProvider"),$4,$5,$6,$7,CAST($8::text AS "public"."PaymentStatus"),CAST($9::text AS "public"."PaymentMethod"),$10,$11) RETURNING "public"."Payment"."id", "public"."Payment"."bookingId", "public"."Payment"."provider"::text, "public"."Payment"."providerOrderId", "public"."Payment"."providerPaymentId", "public"."Payment"."razorpayRefundId", "public"."Payment"."rawPayload", "public"."Payment"."proofUrl", "public"."Payment"."amount", "public"."Payment"."currency", "public"."Payment"."refundedAmount", "public"."Payment"."disputeId", "public"."Payment"."status"::text, "public"."Payment"."method"::text, "public"."Payment"."createdAt", "public"."Payment"."updatedAt"

      at Object.zc (../../node_modules/@prisma/internals/src/logger.ts:13:11)

2026-01-28 12:28:13 [31merror[39m: Failed to check token denylist
  console.log
    prisma:query SELECT "public"."User"."id", "public"."User"."email", "public"."User"."password", "public"."User"."name", "public"."User"."nickname", "public"."User"."bio", "public"."User"."age", "public"."User"."gender"::text, "public"."User"."phoneNumber", "public"."User"."address", "public"."User"."status"::text, "public"."User"."statusReason", "public"."User"."preferences", "public"."User"."googleId", "public"."User"."avatarUrl", "public"."User"."createdAt", "public"."User"."updatedAt", "public"."User"."avatarImageId", "public"."User"."deletedAt" FROM "public"."User" WHERE ("public"."User"."id" = $1 AND 1=1) LIMIT $2 OFFSET $3

      at Object.zc (../../node_modules/@prisma/internals/src/logger.ts:13:11)

  console.log
    prisma:query SELECT "public"."UserRole"."userId", "public"."UserRole"."roleId" FROM "public"."UserRole" WHERE "public"."UserRole"."userId" IN ($1) OFFSET $2

      at Object.zc (../../node_modules/@prisma/internals/src/logger.ts:13:11)

  console.log
    prisma:query SELECT "public"."Payment"."id", "public"."Payment"."bookingId", "public"."Payment"."provider"::text, "public"."Payment"."providerOrderId", "public"."Payment"."providerPaymentId", "public"."Payment"."razorpayRefundId", "public"."Payment"."rawPayload", "public"."Payment"."proofUrl", "public"."Payment"."amount", "public"."Payment"."currency", "public"."Payment"."refundedAmount", "public"."Payment"."disputeId", "public"."Payment"."status"::text, "public"."Payment"."method"::text, "public"."Payment"."createdAt", "public"."Payment"."updatedAt" FROM "public"."Payment" WHERE ("public"."Payment"."providerOrderId" = $1 AND 1=1) LIMIT $2 OFFSET $3

      at Object.zc (../../node_modules/@prisma/internals/src/logger.ts:13:11)

  console.log
    prisma:query SELECT "public"."Booking"."id", "public"."Booking"."userId", "public"."Booking"."tripId", "public"."Booking"."status"::text, "public"."Booking"."notes", "public"."Booking"."startDate", "public"."Booking"."guests", "public"."Booking"."guestDetails", "public"."Booking"."totalPrice", "public"."Booking"."createdAt", "public"."Booking"."updatedAt", "public"."Booking"."paymentStatus"::text FROM "public"."Booking" WHERE "public"."Booking"."id" IN ($1) OFFSET $2

      at Object.zc (../../node_modules/@prisma/internals/src/logger.ts:13:11)

  console.log
    prisma:query SELECT "public"."Trip"."id", "public"."Trip"."title", "public"."Trip"."slug", "public"."Trip"."description", "public"."Trip"."itinerary", "public"."Trip"."durationDays", "public"."Trip"."difficulty"::text, "public"."Trip"."location", "public"."Trip"."price", "public"."Trip"."status"::text, "public"."Trip"."category"::text, "public"."Trip"."startPoint", "public"."Trip"."endPoint", "public"."Trip"."altitude", "public"."Trip"."distance", "public"."Trip"."itineraryPdf", "public"."Trip"."highlights", "public"."Trip"."inclusions", "public"."Trip"."exclusions", "public"."Trip"."cancellationPolicy", "public"."Trip"."thingsToPack", "public"."Trip"."faqs", "public"."Trip"."seasons", "public"."Trip"."coverImageId", "public"."Trip"."heroImageId", "public"."Trip"."deletedAt", "public"."Trip"."createdById", "public"."Trip"."approvedById", "public"."Trip"."publishedAt", "public"."Trip"."createdAt", "public"."Trip"."updatedAt", "public"."Trip"."capacity", "public"."Trip"."startDate", "public"."Trip"."endDate", "public"."Trip"."managerId", "public"."Trip"."documentation", "public"."Trip"."isFeatured" FROM "public"."Trip" WHERE "public"."Trip"."id" IN ($1) OFFSET $2

      at Object.zc (../../node_modules/@prisma/internals/src/logger.ts:13:11)

  console.log
    prisma:query BEGIN

      at Object.zc (../../node_modules/@prisma/internals/src/logger.ts:13:11)

  console.log
    prisma:query UPDATE "public"."Payment" SET "status" = CAST($1::text AS "public"."PaymentStatus"), "providerPaymentId" = $2, "updatedAt" = $3 WHERE ("public"."Payment"."id" = $4 AND 1=1) RETURNING "public"."Payment"."id", "public"."Payment"."bookingId", "public"."Payment"."provider"::text, "public"."Payment"."providerOrderId", "public"."Payment"."providerPaymentId", "public"."Payment"."razorpayRefundId", "public"."Payment"."rawPayload", "public"."Payment"."proofUrl", "public"."Payment"."amount", "public"."Payment"."currency", "public"."Payment"."refundedAmount", "public"."Payment"."disputeId", "public"."Payment"."status"::text, "public"."Payment"."method"::text, "public"."Payment"."createdAt", "public"."Payment"."updatedAt"

      at Object.zc (../../node_modules/@prisma/internals/src/logger.ts:13:11)

  console.log
    prisma:query UPDATE "public"."Booking" SET "status" = CAST($1::text AS "public"."BookingStatus"), "paymentStatus" = CAST($2::text AS "public"."BookingPaymentStatus"), "updatedAt" = $3 WHERE ("public"."Booking"."id" = $4 AND 1=1) RETURNING "public"."Booking"."id", "public"."Booking"."userId", "public"."Booking"."tripId", "public"."Booking"."status"::text, "public"."Booking"."notes", "public"."Booking"."startDate", "public"."Booking"."guests", "public"."Booking"."guestDetails", "public"."Booking"."totalPrice", "public"."Booking"."createdAt", "public"."Booking"."updatedAt", "public"."Booking"."paymentStatus"::text

      at Object.zc (../../node_modules/@prisma/internals/src/logger.ts:13:11)

  console.log
    prisma:query COMMIT

      at Object.zc (../../node_modules/@prisma/internals/src/logger.ts:13:11)

2026-01-28 12:28:13 [32minfo[39m: Payment verified successfully
2026-01-28 12:28:13 [32minfo[39m: ::ffff:127.0.0.1 - - [28/Jan/2026:06:58:13 +0000] "POST /api/v1/bookings/f090e286-fe48-45ab-9242-9b697d05426b/verify-payment HTTP/1.1" 200 67 "-" "-"
  console.log
    prisma:query SELECT "public"."Payment"."id", "public"."Payment"."bookingId", "public"."Payment"."provider"::text, "public"."Payment"."providerOrderId", "public"."Payment"."providerPaymentId", "public"."Payment"."razorpayRefundId", "public"."Payment"."rawPayload", "public"."Payment"."proofUrl", "public"."Payment"."amount", "public"."Payment"."currency", "public"."Payment"."refundedAmount", "public"."Payment"."disputeId", "public"."Payment"."status"::text, "public"."Payment"."method"::text, "public"."Payment"."createdAt", "public"."Payment"."updatedAt" FROM "public"."Payment" WHERE ("public"."Payment"."id" = $1 AND 1=1) LIMIT $2 OFFSET $3

      at Object.zc (../../node_modules/@prisma/internals/src/logger.ts:13:11)

  console.log
    prisma:query SELECT "public"."Booking"."id", "public"."Booking"."userId", "public"."Booking"."tripId", "public"."Booking"."status"::text, "public"."Booking"."notes", "public"."Booking"."startDate", "public"."Booking"."guests", "public"."Booking"."guestDetails", "public"."Booking"."totalPrice", "public"."Booking"."createdAt", "public"."Booking"."updatedAt", "public"."Booking"."paymentStatus"::text FROM "public"."Booking" WHERE ("public"."Booking"."id" = $1 AND 1=1) LIMIT $2 OFFSET $3

      at Object.zc (../../node_modules/@prisma/internals/src/logger.ts:13:11)

  console.log
    prisma:query DELETE FROM "public"."Payment" WHERE 1=1

      at Object.zc (../../node_modules/@prisma/internals/src/logger.ts:13:11)

  console.log
    prisma:query DELETE FROM "public"."Booking" WHERE 1=1

      at Object.zc (../../node_modules/@prisma/internals/src/logger.ts:13:11)

  console.log
    prisma:query INSERT INTO "public"."Booking" ("id","userId","tripId","status","startDate","guests","guestDetails","totalPrice","createdAt","updatedAt","paymentStatus") VALUES ($1,$2,$3,CAST($4::text AS "public"."BookingStatus"),$5,$6,$7,$8,$9,$10,CAST($11::text AS "public"."BookingPaymentStatus")) RETURNING "public"."Booking"."id", "public"."Booking"."userId", "public"."Booking"."tripId", "public"."Booking"."status"::text, "public"."Booking"."notes", "public"."Booking"."startDate", "public"."Booking"."guests", "public"."Booking"."guestDetails", "public"."Booking"."totalPrice", "public"."Booking"."createdAt", "public"."Booking"."updatedAt", "public"."Booking"."paymentStatus"::text

      at Object.zc (../../node_modules/@prisma/internals/src/logger.ts:13:11)

  console.log
    prisma:query INSERT INTO "public"."Payment" ("id","bookingId","provider","providerOrderId","amount","currency","refundedAmount","status","method","createdAt","updatedAt") VALUES ($1,$2,CAST($3::text AS "public"."PaymentProvider"),$4,$5,$6,$7,CAST($8::text AS "public"."PaymentStatus"),CAST($9::text AS "public"."PaymentMethod"),$10,$11) RETURNING "public"."Payment"."id", "public"."Payment"."bookingId", "public"."Payment"."provider"::text, "public"."Payment"."providerOrderId", "public"."Payment"."providerPaymentId", "public"."Payment"."razorpayRefundId", "public"."Payment"."rawPayload", "public"."Payment"."proofUrl", "public"."Payment"."amount", "public"."Payment"."currency", "public"."Payment"."refundedAmount", "public"."Payment"."disputeId", "public"."Payment"."status"::text, "public"."Payment"."method"::text, "public"."Payment"."createdAt", "public"."Payment"."updatedAt"

      at Object.zc (../../node_modules/@prisma/internals/src/logger.ts:13:11)

2026-01-28 12:28:13 [31merror[39m: Failed to check token denylist
  console.log
    prisma:query SELECT "public"."User"."id", "public"."User"."email", "public"."User"."password", "public"."User"."name", "public"."User"."nickname", "public"."User"."bio", "public"."User"."age", "public"."User"."gender"::text, "public"."User"."phoneNumber", "public"."User"."address", "public"."User"."status"::text, "public"."User"."statusReason", "public"."User"."preferences", "public"."User"."googleId", "public"."User"."avatarUrl", "public"."User"."createdAt", "public"."User"."updatedAt", "public"."User"."avatarImageId", "public"."User"."deletedAt" FROM "public"."User" WHERE ("public"."User"."id" = $1 AND 1=1) LIMIT $2 OFFSET $3

      at Object.zc (../../node_modules/@prisma/internals/src/logger.ts:13:11)

  console.log
    prisma:query SELECT "public"."UserRole"."userId", "public"."UserRole"."roleId" FROM "public"."UserRole" WHERE "public"."UserRole"."userId" IN ($1) OFFSET $2

      at Object.zc (../../node_modules/@prisma/internals/src/logger.ts:13:11)

2026-01-28 12:28:13 [33mwarn[39m: Signature verification failed. Enqueuing reconciliation.
  console.log
    prisma:query SELECT "public"."Payment"."id", "public"."Payment"."bookingId", "public"."Payment"."provider"::text, "public"."Payment"."providerOrderId", "public"."Payment"."providerPaymentId", "public"."Payment"."razorpayRefundId", "public"."Payment"."rawPayload", "public"."Payment"."proofUrl", "public"."Payment"."amount", "public"."Payment"."currency", "public"."Payment"."refundedAmount", "public"."Payment"."disputeId", "public"."Payment"."status"::text, "public"."Payment"."method"::text, "public"."Payment"."createdAt", "public"."Payment"."updatedAt" FROM "public"."Payment" WHERE ("public"."Payment"."providerOrderId" = $1 AND 1=1) LIMIT $2 OFFSET $3

      at Object.zc (../../node_modules/@prisma/internals/src/logger.ts:13:11)

2026-01-28 12:28:13 [31merror[39m: HttpError: Payment verification failed
    at new HttpError (C:\Users\akash\Documents\Param_Adventures_Phase1\apps\api\src\utils\httpError.js:32:24)
    at verifyPayment (C:\Users\akash\Documents\Param_Adventures_Phase1\apps\api\src\controllers\payments\verifyPayment.controller.ts:36:11)
2026-01-28 12:28:13 [32minfo[39m: ::ffff:127.0.0.1 - - [28/Jan/2026:06:58:13 +0000] "POST /api/v1/bookings/874af79d-5127-406f-8b6b-2aca1aa0a337/verify-payment HTTP/1.1" 400 142 "-" "-"
  console.log
    prisma:query SELECT "public"."Booking"."id", "public"."Booking"."userId", "public"."Booking"."tripId", "public"."Booking"."status"::text, "public"."Booking"."notes", "public"."Booking"."startDate", "public"."Booking"."guests", "public"."Booking"."guestDetails", "public"."Booking"."totalPrice", "public"."Booking"."createdAt", "public"."Booking"."updatedAt", "public"."Booking"."paymentStatus"::text FROM "public"."Booking" WHERE ("public"."Booking"."id" = $1 AND 1=1) LIMIT $2 OFFSET $3

      at Object.zc (../../node_modules/@prisma/internals/src/logger.ts:13:11)

  console.log
    prisma:query DELETE FROM "public"."Payment" WHERE 1=1

      at Object.zc (../../node_modules/@prisma/internals/src/logger.ts:13:11)

  console.log
    prisma:query DELETE FROM "public"."Booking" WHERE 1=1

      at Object.zc (../../node_modules/@prisma/internals/src/logger.ts:13:11)

2026-01-28 12:28:13 [31merror[39m: Failed to check token denylist
  console.log
    prisma:query SELECT "public"."User"."id", "public"."User"."email", "public"."User"."password", "public"."User"."name", "public"."User"."nickname", "public"."User"."bio", "public"."User"."age", "public"."User"."gender"::text, "public"."User"."phoneNumber", "public"."User"."address", "public"."User"."status"::text, "public"."User"."statusReason", "public"."User"."preferences", "public"."User"."googleId", "public"."User"."avatarUrl", "public"."User"."createdAt", "public"."User"."updatedAt", "public"."User"."avatarImageId", "public"."User"."deletedAt" FROM "public"."User" WHERE ("public"."User"."id" = $1 AND 1=1) LIMIT $2 OFFSET $3

      at Object.zc (../../node_modules/@prisma/internals/src/logger.ts:13:11)

  console.log
    prisma:query SELECT "public"."UserRole"."userId", "public"."UserRole"."roleId" FROM "public"."UserRole" WHERE "public"."UserRole"."userId" IN ($1) OFFSET $2

      at Object.zc (../../node_modules/@prisma/internals/src/logger.ts:13:11)

2026-01-28 12:28:13 [31merror[39m: HttpError: Missing required payment fields
    at new HttpError (C:\Users\akash\Documents\Param_Adventures_Phase1\apps\api\src\utils\httpError.js:32:24)
    at verifyPayment (C:\Users\akash\Documents\Param_Adventures_Phase1\apps\api\src\controllers\payments\verifyPayment.controller.ts:23:11)
    at Layer.handleRequest (C:\Users\akash\Documents\Param_Adventures_Phase1\node_modules\router\lib\layer.js:152:17)
    at next (C:\Users\akash\Documents\Param_Adventures_Phase1\node_modules\router\lib\route.js:157:13)
    at requireAuth (C:\Users\akash\Documents\Param_Adventures_Phase1\apps\api\src\middlewares\auth.middleware.ts:153:5)
2026-01-28 12:28:13 [32minfo[39m: ::ffff:127.0.0.1 - - [28/Jan/2026:06:58:13 +0000] "POST /api/v1/bookings/233eca10-3c5f-406f-8e99-c74afe72b063/verify-payment HTTP/1.1" 400 144 "-" "-"
  console.log
    prisma:query DELETE FROM "public"."Payment" WHERE 1=1

      at Object.zc (../../node_modules/@prisma/internals/src/logger.ts:13:11)

  console.log
    prisma:query DELETE FROM "public"."Booking" WHERE 1=1

      at Object.zc (../../node_modules/@prisma/internals/src/logger.ts:13:11)

  console.log
    prisma:query INSERT INTO "public"."Booking" ("id","userId","tripId","status","startDate","guests","guestDetails","totalPrice","createdAt","updatedAt","paymentStatus") VALUES ($1,$2,$3,CAST($4::text AS "public"."BookingStatus"),$5,$6,$7,$8,$9,$10,CAST($11::text AS "public"."BookingPaymentStatus")) RETURNING "public"."Booking"."id", "public"."Booking"."userId", "public"."Booking"."tripId", "public"."Booking"."status"::text, "public"."Booking"."notes", "public"."Booking"."startDate", "public"."Booking"."guests", "public"."Booking"."guestDetails", "public"."Booking"."totalPrice", "public"."Booking"."createdAt", "public"."Booking"."updatedAt", "public"."Booking"."paymentStatus"::text

      at Object.zc (../../node_modules/@prisma/internals/src/logger.ts:13:11)

  console.log
    prisma:query INSERT INTO "public"."Payment" ("id","bookingId","provider","providerOrderId","providerPaymentId","amount","currency","refundedAmount","status","method","createdAt","updatedAt") VALUES ($1,$2,CAST($3::text AS "public"."PaymentProvider"),$4,$5,$6,$7,$8,CAST($9::text AS "public"."PaymentStatus"),CAST($10::text AS "public"."PaymentMethod"),$11,$12) RETURNING "public"."Payment"."id", "public"."Payment"."bookingId", "public"."Payment"."provider"::text, "public"."Payment"."providerOrderId", "public"."Payment"."providerPaymentId", "public"."Payment"."razorpayRefundId", "public"."Payment"."rawPayload", "public"."Payment"."proofUrl", "public"."Payment"."amount", "public"."Payment"."currency", "public"."Payment"."refundedAmount", "public"."Payment"."disputeId", "public"."Payment"."status"::text, "public"."Payment"."method"::text, "public"."Payment"."createdAt", "public"."Payment"."updatedAt"

      at Object.zc (../../node_modules/@prisma/internals/src/logger.ts:13:11)

2026-01-28 12:28:13 [31merror[39m: Failed to check token denylist
  console.log
    prisma:query SELECT "public"."User"."id", "public"."User"."email", "public"."User"."password", "public"."User"."name", "public"."User"."nickname", "public"."User"."bio", "public"."User"."age", "public"."User"."gender"::text, "public"."User"."phoneNumber", "public"."User"."address", "public"."User"."status"::text, "public"."User"."statusReason", "public"."User"."preferences", "public"."User"."googleId", "public"."User"."avatarUrl", "public"."User"."createdAt", "public"."User"."updatedAt", "public"."User"."avatarImageId", "public"."User"."deletedAt" FROM "public"."User" WHERE ("public"."User"."id" = $1 AND 1=1) LIMIT $2 OFFSET $3

      at Object.zc (../../node_modules/@prisma/internals/src/logger.ts:13:11)

  console.log
    prisma:query SELECT "public"."UserRole"."userId", "public"."UserRole"."roleId" FROM "public"."UserRole" WHERE "public"."UserRole"."userId" IN ($1) OFFSET $2

      at Object.zc (../../node_modules/@prisma/internals/src/logger.ts:13:11)

  console.log
    prisma:query SELECT "public"."Role"."id", "public"."Role"."name", "public"."Role"."description", "public"."Role"."isSystem", "public"."Role"."createdAt" FROM "public"."Role" WHERE "public"."Role"."id" IN ($1) OFFSET $2

      at Object.zc (../../node_modules/@prisma/internals/src/logger.ts:13:11)

  console.log
    prisma:query SELECT "public"."RolePermission"."roleId", "public"."RolePermission"."permissionId" FROM "public"."RolePermission" WHERE "public"."RolePermission"."roleId" IN ($1) OFFSET $2

      at Object.zc (../../node_modules/@prisma/internals/src/logger.ts:13:11)

  console.log
    prisma:query SELECT "public"."Booking"."id", "public"."Booking"."userId", "public"."Booking"."tripId", "public"."Booking"."status"::text, "public"."Booking"."notes", "public"."Booking"."startDate", "public"."Booking"."guests", "public"."Booking"."guestDetails", "public"."Booking"."totalPrice", "public"."Booking"."createdAt", "public"."Booking"."updatedAt", "public"."Booking"."paymentStatus"::text FROM "public"."Booking" WHERE ("public"."Booking"."id" = $1 AND 1=1) LIMIT $2 OFFSET $3

      at Object.zc (../../node_modules/@prisma/internals/src/logger.ts:13:11)

  console.log
    prisma:query SELECT "public"."Payment"."id", "public"."Payment"."bookingId", "public"."Payment"."provider"::text, "public"."Payment"."providerOrderId", "public"."Payment"."providerPaymentId", "public"."Payment"."razorpayRefundId", "public"."Payment"."rawPayload", "public"."Payment"."proofUrl", "public"."Payment"."amount", "public"."Payment"."currency", "public"."Payment"."refundedAmount", "public"."Payment"."disputeId", "public"."Payment"."status"::text, "public"."Payment"."method"::text, "public"."Payment"."createdAt", "public"."Payment"."updatedAt" FROM "public"."Payment" WHERE "public"."Payment"."bookingId" IN ($1) OFFSET $2

      at Object.zc (../../node_modules/@prisma/internals/src/logger.ts:13:11)

  console.log
    prisma:query SELECT "public"."Trip"."id", "public"."Trip"."title", "public"."Trip"."slug", "public"."Trip"."description", "public"."Trip"."itinerary", "public"."Trip"."durationDays", "public"."Trip"."difficulty"::text, "public"."Trip"."location", "public"."Trip"."price", "public"."Trip"."status"::text, "public"."Trip"."category"::text, "public"."Trip"."startPoint", "public"."Trip"."endPoint", "public"."Trip"."altitude", "public"."Trip"."distance", "public"."Trip"."itineraryPdf", "public"."Trip"."highlights", "public"."Trip"."inclusions", "public"."Trip"."exclusions", "public"."Trip"."cancellationPolicy", "public"."Trip"."thingsToPack", "public"."Trip"."faqs", "public"."Trip"."seasons", "public"."Trip"."coverImageId", "public"."Trip"."heroImageId", "public"."Trip"."deletedAt", "public"."Trip"."createdById", "public"."Trip"."approvedById", "public"."Trip"."publishedAt", "public"."Trip"."createdAt", "public"."Trip"."updatedAt", "public"."Trip"."capacity", "public"."Trip"."startDate", "public"."Trip"."endDate", "public"."Trip"."managerId", "public"."Trip"."documentation", "public"."Trip"."isFeatured" FROM "public"."Trip" WHERE "public"."Trip"."id" IN ($1) OFFSET $2

      at Object.zc (../../node_modules/@prisma/internals/src/logger.ts:13:11)

  console.log
    prisma:query UPDATE "public"."Payment" SET "razorpayRefundId" = $1, "refundedAmount" = $2, "status" = CAST($3::text AS "public"."PaymentStatus"), "updatedAt" = $4 WHERE ("public"."Payment"."id" = $5 AND 1=1) RETURNING "public"."Payment"."id", "public"."Payment"."bookingId", "public"."Payment"."provider"::text, "public"."Payment"."providerOrderId", "public"."Payment"."providerPaymentId", "public"."Payment"."razorpayRefundId", "public"."Payment"."rawPayload", "public"."Payment"."proofUrl", "public"."Payment"."amount", "public"."Payment"."currency", "public"."Payment"."refundedAmount", "public"."Payment"."disputeId", "public"."Payment"."status"::text, "public"."Payment"."method"::text, "public"."Payment"."createdAt", "public"."Payment"."updatedAt"

      at Object.zc (../../node_modules/@prisma/internals/src/logger.ts:13:11)

  console.log
    prisma:query UPDATE "public"."Booking" SET "status" = CAST($1::text AS "public"."BookingStatus"), "updatedAt" = $2 WHERE ("public"."Booking"."id" = $3 AND 1=1) RETURNING "public"."Booking"."id", "public"."Booking"."userId", "public"."Booking"."tripId", "public"."Booking"."status"::text, "public"."Booking"."notes", "public"."Booking"."startDate", "public"."Booking"."guests", "public"."Booking"."guestDetails", "public"."Booking"."totalPrice", "public"."Booking"."createdAt", "public"."Booking"."updatedAt", "public"."Booking"."paymentStatus"::text

      at Object.zc (../../node_modules/@prisma/internals/src/logger.ts:13:11)

2026-01-28 12:28:13 [32minfo[39m: ::ffff:127.0.0.1 - - [28/Jan/2026:06:58:13 +0000] "POST /api/v1/bookings/f97efbee-21d6-4f8e-830a-c07a8789bfd7/refund HTTP/1.1" 200 284 "-" "-"
  console.log
    prisma:query SELECT "public"."Payment"."id", "public"."Payment"."bookingId", "public"."Payment"."provider"::text, "public"."Payment"."providerOrderId", "public"."Payment"."providerPaymentId", "public"."Payment"."razorpayRefundId", "public"."Payment"."rawPayload", "public"."Payment"."proofUrl", "public"."Payment"."amount", "public"."Payment"."currency", "public"."Payment"."refundedAmount", "public"."Payment"."disputeId", "public"."Payment"."status"::text, "public"."Payment"."method"::text, "public"."Payment"."createdAt", "public"."Payment"."updatedAt" FROM "public"."Payment" WHERE ("public"."Payment"."id" = $1 AND 1=1) LIMIT $2 OFFSET $3

      at Object.zc (../../node_modules/@prisma/internals/src/logger.ts:13:11)

  console.log
    prisma:query SELECT "public"."Booking"."id", "public"."Booking"."userId", "public"."Booking"."tripId", "public"."Booking"."status"::text, "public"."Booking"."notes", "public"."Booking"."startDate", "public"."Booking"."guests", "public"."Booking"."guestDetails", "public"."Booking"."totalPrice", "public"."Booking"."createdAt", "public"."Booking"."updatedAt", "public"."Booking"."paymentStatus"::text FROM "public"."Booking" WHERE ("public"."Booking"."id" = $1 AND 1=1) LIMIT $2 OFFSET $3

      at Object.zc (../../node_modules/@prisma/internals/src/logger.ts:13:11)

  console.log
    prisma:query DELETE FROM "public"."Payment" WHERE 1=1

      at Object.zc (../../node_modules/@prisma/internals/src/logger.ts:13:11)

  console.log
    prisma:query DELETE FROM "public"."Booking" WHERE 1=1

      at Object.zc (../../node_modules/@prisma/internals/src/logger.ts:13:11)

  console.log
    prisma:query INSERT INTO "public"."Booking" ("id","userId","tripId","status","startDate","guests","guestDetails","totalPrice","createdAt","updatedAt","paymentStatus") VALUES ($1,$2,$3,CAST($4::text AS "public"."BookingStatus"),$5,$6,$7,$8,$9,$10,CAST($11::text AS "public"."BookingPaymentStatus")) RETURNING "public"."Booking"."id", "public"."Booking"."userId", "public"."Booking"."tripId", "public"."Booking"."status"::text, "public"."Booking"."notes", "public"."Booking"."startDate", "public"."Booking"."guests", "public"."Booking"."guestDetails", "public"."Booking"."totalPrice", "public"."Booking"."createdAt", "public"."Booking"."updatedAt", "public"."Booking"."paymentStatus"::text

      at Object.zc (../../node_modules/@prisma/internals/src/logger.ts:13:11)

  console.log
    prisma:query INSERT INTO "public"."Payment" ("id","bookingId","provider","providerOrderId","providerPaymentId","amount","currency","refundedAmount","status","method","createdAt","updatedAt") VALUES ($1,$2,CAST($3::text AS "public"."PaymentProvider"),$4,$5,$6,$7,$8,CAST($9::text AS "public"."PaymentStatus"),CAST($10::text AS "public"."PaymentMethod"),$11,$12) RETURNING "public"."Payment"."id", "public"."Payment"."bookingId", "public"."Payment"."provider"::text, "public"."Payment"."providerOrderId", "public"."Payment"."providerPaymentId", "public"."Payment"."razorpayRefundId", "public"."Payment"."rawPayload", "public"."Payment"."proofUrl", "public"."Payment"."amount", "public"."Payment"."currency", "public"."Payment"."refundedAmount", "public"."Payment"."disputeId", "public"."Payment"."status"::text, "public"."Payment"."method"::text, "public"."Payment"."createdAt", "public"."Payment"."updatedAt"

      at Object.zc (../../node_modules/@prisma/internals/src/logger.ts:13:11)

2026-01-28 12:28:13 [31merror[39m: Failed to check token denylist
  console.log
    prisma:query SELECT "public"."User"."id", "public"."User"."email", "public"."User"."password", "public"."User"."name", "public"."User"."nickname", "public"."User"."bio", "public"."User"."age", "public"."User"."gender"::text, "public"."User"."phoneNumber", "public"."User"."address", "public"."User"."status"::text, "public"."User"."statusReason", "public"."User"."preferences", "public"."User"."googleId", "public"."User"."avatarUrl", "public"."User"."createdAt", "public"."User"."updatedAt", "public"."User"."avatarImageId", "public"."User"."deletedAt" FROM "public"."User" WHERE ("public"."User"."id" = $1 AND 1=1) LIMIT $2 OFFSET $3

      at Object.zc (../../node_modules/@prisma/internals/src/logger.ts:13:11)

  console.log
    prisma:query SELECT "public"."UserRole"."userId", "public"."UserRole"."roleId" FROM "public"."UserRole" WHERE "public"."UserRole"."userId" IN ($1) OFFSET $2

      at Object.zc (../../node_modules/@prisma/internals/src/logger.ts:13:11)

2026-01-28 12:28:13 [32minfo[39m: ::ffff:127.0.0.1 - - [28/Jan/2026:06:58:13 +0000] "POST /api/v1/bookings/15507868-65fb-4b22-bfbb-1df65715ea6a/refund HTTP/1.1" 403 21 "-" "-"
  console.log
    prisma:query DELETE FROM "public"."Payment" WHERE 1=1

      at Object.zc (../../node_modules/@prisma/internals/src/logger.ts:13:11)

  console.log
    prisma:query DELETE FROM "public"."Booking" WHERE 1=1

      at Object.zc (../../node_modules/@prisma/internals/src/logger.ts:13:11)

  console.log
    prisma:query INSERT INTO "public"."Booking" ("id","userId","tripId","status","startDate","guests","guestDetails","totalPrice","createdAt","updatedAt","paymentStatus") VALUES ($1,$2,$3,CAST($4::text AS "public"."BookingStatus"),$5,$6,$7,$8,$9,$10,CAST($11::text AS "public"."BookingPaymentStatus")) RETURNING "public"."Booking"."id", "public"."Booking"."userId", "public"."Booking"."tripId", "public"."Booking"."status"::text, "public"."Booking"."notes", "public"."Booking"."startDate", "public"."Booking"."guests", "public"."Booking"."guestDetails", "public"."Booking"."totalPrice", "public"."Booking"."createdAt", "public"."Booking"."updatedAt", "public"."Booking"."paymentStatus"::text

      at Object.zc (../../node_modules/@prisma/internals/src/logger.ts:13:11)

  console.log
    prisma:query INSERT INTO "public"."Payment" ("id","bookingId","provider","providerOrderId","providerPaymentId","amount","currency","refundedAmount","status","method","createdAt","updatedAt") VALUES ($1,$2,CAST($3::text AS "public"."PaymentProvider"),$4,$5,$6,$7,$8,CAST($9::text AS "public"."PaymentStatus"),CAST($10::text AS "public"."PaymentMethod"),$11,$12) RETURNING "public"."Payment"."id", "public"."Payment"."bookingId", "public"."Payment"."provider"::text, "public"."Payment"."providerOrderId", "public"."Payment"."providerPaymentId", "public"."Payment"."razorpayRefundId", "public"."Payment"."rawPayload", "public"."Payment"."proofUrl", "public"."Payment"."amount", "public"."Payment"."currency", "public"."Payment"."refundedAmount", "public"."Payment"."disputeId", "public"."Payment"."status"::text, "public"."Payment"."method"::text, "public"."Payment"."createdAt", "public"."Payment"."updatedAt"

      at Object.zc (../../node_modules/@prisma/internals/src/logger.ts:13:11)

2026-01-28 12:28:13 [31merror[39m: Failed to check token denylist
  console.log
    prisma:query SELECT "public"."User"."id", "public"."User"."email", "public"."User"."password", "public"."User"."name", "public"."User"."nickname", "public"."User"."bio", "public"."User"."age", "public"."User"."gender"::text, "public"."User"."phoneNumber", "public"."User"."address", "public"."User"."status"::text, "public"."User"."statusReason", "public"."User"."preferences", "public"."User"."googleId", "public"."User"."avatarUrl", "public"."User"."createdAt", "public"."User"."updatedAt", "public"."User"."avatarImageId", "public"."User"."deletedAt" FROM "public"."User" WHERE ("public"."User"."id" = $1 AND 1=1) LIMIT $2 OFFSET $3

      at Object.zc (../../node_modules/@prisma/internals/src/logger.ts:13:11)

  console.log
    prisma:query SELECT "public"."UserRole"."userId", "public"."UserRole"."roleId" FROM "public"."UserRole" WHERE "public"."UserRole"."userId" IN ($1) OFFSET $2

      at Object.zc (../../node_modules/@prisma/internals/src/logger.ts:13:11)

  console.log
    prisma:query SELECT "public"."Role"."id", "public"."Role"."name", "public"."Role"."description", "public"."Role"."isSystem", "public"."Role"."createdAt" FROM "public"."Role" WHERE "public"."Role"."id" IN ($1) OFFSET $2

      at Object.zc (../../node_modules/@prisma/internals/src/logger.ts:13:11)

  console.log
    prisma:query SELECT "public"."RolePermission"."roleId", "public"."RolePermission"."permissionId" FROM "public"."RolePermission" WHERE "public"."RolePermission"."roleId" IN ($1) OFFSET $2

      at Object.zc (../../node_modules/@prisma/internals/src/logger.ts:13:11)

  console.log
    prisma:query SELECT "public"."Booking"."id", "public"."Booking"."userId", "public"."Booking"."tripId", "public"."Booking"."status"::text, "public"."Booking"."notes", "public"."Booking"."startDate", "public"."Booking"."guests", "public"."Booking"."guestDetails", "public"."Booking"."totalPrice", "public"."Booking"."createdAt", "public"."Booking"."updatedAt", "public"."Booking"."paymentStatus"::text FROM "public"."Booking" WHERE ("public"."Booking"."id" = $1 AND 1=1) LIMIT $2 OFFSET $3

      at Object.zc (../../node_modules/@prisma/internals/src/logger.ts:13:11)

  console.log
    prisma:query SELECT "public"."Payment"."id", "public"."Payment"."bookingId", "public"."Payment"."provider"::text, "public"."Payment"."providerOrderId", "public"."Payment"."providerPaymentId", "public"."Payment"."razorpayRefundId", "public"."Payment"."rawPayload", "public"."Payment"."proofUrl", "public"."Payment"."amount", "public"."Payment"."currency", "public"."Payment"."refundedAmount", "public"."Payment"."disputeId", "public"."Payment"."status"::text, "public"."Payment"."method"::text, "public"."Payment"."createdAt", "public"."Payment"."updatedAt" FROM "public"."Payment" WHERE "public"."Payment"."bookingId" IN ($1) OFFSET $2

      at Object.zc (../../node_modules/@prisma/internals/src/logger.ts:13:11)

  console.log
    prisma:query SELECT "public"."Trip"."id", "public"."Trip"."title", "public"."Trip"."slug", "public"."Trip"."description", "public"."Trip"."itinerary", "public"."Trip"."durationDays", "public"."Trip"."difficulty"::text, "public"."Trip"."location", "public"."Trip"."price", "public"."Trip"."status"::text, "public"."Trip"."category"::text, "public"."Trip"."startPoint", "public"."Trip"."endPoint", "public"."Trip"."altitude", "public"."Trip"."distance", "public"."Trip"."itineraryPdf", "public"."Trip"."highlights", "public"."Trip"."inclusions", "public"."Trip"."exclusions", "public"."Trip"."cancellationPolicy", "public"."Trip"."thingsToPack", "public"."Trip"."faqs", "public"."Trip"."seasons", "public"."Trip"."coverImageId", "public"."Trip"."heroImageId", "public"."Trip"."deletedAt", "public"."Trip"."createdById", "public"."Trip"."approvedById", "public"."Trip"."publishedAt", "public"."Trip"."createdAt", "public"."Trip"."updatedAt", "public"."Trip"."capacity", "public"."Trip"."startDate", "public"."Trip"."endDate", "public"."Trip"."managerId", "public"."Trip"."documentation", "public"."Trip"."isFeatured" FROM "public"."Trip" WHERE "public"."Trip"."id" IN ($1) OFFSET $2

      at Object.zc (../../node_modules/@prisma/internals/src/logger.ts:13:11)

2026-01-28 12:28:13 [31merror[39m: HttpError: No refundable payment found for this booking
    at new HttpError (C:\Users\akash\Documents\Param_Adventures_Phase1\apps\api\src\utils\httpError.js:32:24)
    at refundBooking (C:\Users\akash\Documents\Param_Adventures_Phase1\apps\api\src\controllers\payments\refundBooking.controller.ts:27:11)
2026-01-28 12:28:13 [32minfo[39m: ::ffff:127.0.0.1 - - [28/Jan/2026:06:58:13 +0000] "POST /api/v1/bookings/7b5b8e65-79ba-4ef0-bcb9-e85cf95a4914/refund HTTP/1.1" 400 153 "-" "-"
  console.log
    prisma:query DELETE FROM "public"."Payment" WHERE 1=1

      at Object.zc (../../node_modules/@prisma/internals/src/logger.ts:13:11)

  console.log
    prisma:query DELETE FROM "public"."Booking" WHERE 1=1

      at Object.zc (../../node_modules/@prisma/internals/src/logger.ts:13:11)

  console.log
    prisma:query INSERT INTO "public"."Booking" ("id","userId","tripId","status","startDate","guests","guestDetails","totalPrice","createdAt","updatedAt","paymentStatus") VALUES ($1,$2,$3,CAST($4::text AS "public"."BookingStatus"),$5,$6,$7,$8,$9,$10,CAST($11::text AS "public"."BookingPaymentStatus")) RETURNING "public"."Booking"."id", "public"."Booking"."userId", "public"."Booking"."tripId", "public"."Booking"."status"::text, "public"."Booking"."notes", "public"."Booking"."startDate", "public"."Booking"."guests", "public"."Booking"."guestDetails", "public"."Booking"."totalPrice", "public"."Booking"."createdAt", "public"."Booking"."updatedAt", "public"."Booking"."paymentStatus"::text

      at Object.zc (../../node_modules/@prisma/internals/src/logger.ts:13:11)

  console.log
    prisma:query INSERT INTO "public"."Payment" ("id","bookingId","provider","providerOrderId","providerPaymentId","amount","currency","refundedAmount","status","method","createdAt","updatedAt") VALUES ($1,$2,CAST($3::text AS "public"."PaymentProvider"),$4,$5,$6,$7,$8,CAST($9::text AS "public"."PaymentStatus"),CAST($10::text AS "public"."PaymentMethod"),$11,$12) RETURNING "public"."Payment"."id", "public"."Payment"."bookingId", "public"."Payment"."provider"::text, "public"."Payment"."providerOrderId", "public"."Payment"."providerPaymentId", "public"."Payment"."razorpayRefundId", "public"."Payment"."rawPayload", "public"."Payment"."proofUrl", "public"."Payment"."amount", "public"."Payment"."currency", "public"."Payment"."refundedAmount", "public"."Payment"."disputeId", "public"."Payment"."status"::text, "public"."Payment"."method"::text, "public"."Payment"."createdAt", "public"."Payment"."updatedAt"

      at Object.zc (../../node_modules/@prisma/internals/src/logger.ts:13:11)

2026-01-28 12:28:13 [31merror[39m: Failed to check token denylist
  console.log
    prisma:query SELECT "public"."User"."id", "public"."User"."email", "public"."User"."password", "public"."User"."name", "public"."User"."nickname", "public"."User"."bio", "public"."User"."age", "public"."User"."gender"::text, "public"."User"."phoneNumber", "public"."User"."address", "public"."User"."status"::text, "public"."User"."statusReason", "public"."User"."preferences", "public"."User"."googleId", "public"."User"."avatarUrl", "public"."User"."createdAt", "public"."User"."updatedAt", "public"."User"."avatarImageId", "public"."User"."deletedAt" FROM "public"."User" WHERE ("public"."User"."id" = $1 AND 1=1) LIMIT $2 OFFSET $3

      at Object.zc (../../node_modules/@prisma/internals/src/logger.ts:13:11)

  console.log
    prisma:query SELECT "public"."UserRole"."userId", "public"."UserRole"."roleId" FROM "public"."UserRole" WHERE "public"."UserRole"."userId" IN ($1) OFFSET $2

      at Object.zc (../../node_modules/@prisma/internals/src/logger.ts:13:11)

  console.log
    prisma:query SELECT "public"."Role"."id", "public"."Role"."name", "public"."Role"."description", "public"."Role"."isSystem", "public"."Role"."createdAt" FROM "public"."Role" WHERE "public"."Role"."id" IN ($1) OFFSET $2

      at Object.zc (../../node_modules/@prisma/internals/src/logger.ts:13:11)

  console.log
    prisma:query SELECT "public"."RolePermission"."roleId", "public"."RolePermission"."permissionId" FROM "public"."RolePermission" WHERE "public"."RolePermission"."roleId" IN ($1) OFFSET $2

      at Object.zc (../../node_modules/@prisma/internals/src/logger.ts:13:11)

  console.log
    prisma:query SELECT "public"."Booking"."id", "public"."Booking"."userId", "public"."Booking"."tripId", "public"."Booking"."status"::text, "public"."Booking"."notes", "public"."Booking"."startDate", "public"."Booking"."guests", "public"."Booking"."guestDetails", "public"."Booking"."totalPrice", "public"."Booking"."createdAt", "public"."Booking"."updatedAt", "public"."Booking"."paymentStatus"::text FROM "public"."Booking" WHERE ("public"."Booking"."id" = $1 AND 1=1) LIMIT $2 OFFSET $3

      at Object.zc (../../node_modules/@prisma/internals/src/logger.ts:13:11)

  console.log
    prisma:query SELECT "public"."Payment"."id", "public"."Payment"."bookingId", "public"."Payment"."provider"::text, "public"."Payment"."providerOrderId", "public"."Payment"."providerPaymentId", "public"."Payment"."razorpayRefundId", "public"."Payment"."rawPayload", "public"."Payment"."proofUrl", "public"."Payment"."amount", "public"."Payment"."currency", "public"."Payment"."refundedAmount", "public"."Payment"."disputeId", "public"."Payment"."status"::text, "public"."Payment"."method"::text, "public"."Payment"."createdAt", "public"."Payment"."updatedAt" FROM "public"."Payment" WHERE "public"."Payment"."bookingId" IN ($1) OFFSET $2

      at Object.zc (../../node_modules/@prisma/internals/src/logger.ts:13:11)

  console.log
    prisma:query SELECT "public"."Trip"."id", "public"."Trip"."title", "public"."Trip"."slug", "public"."Trip"."description", "public"."Trip"."itinerary", "public"."Trip"."durationDays", "public"."Trip"."difficulty"::text, "public"."Trip"."location", "public"."Trip"."price", "public"."Trip"."status"::text, "public"."Trip"."category"::text, "public"."Trip"."startPoint", "public"."Trip"."endPoint", "public"."Trip"."altitude", "public"."Trip"."distance", "public"."Trip"."itineraryPdf", "public"."Trip"."highlights", "public"."Trip"."inclusions", "public"."Trip"."exclusions", "public"."Trip"."cancellationPolicy", "public"."Trip"."thingsToPack", "public"."Trip"."faqs", "public"."Trip"."seasons", "public"."Trip"."coverImageId", "public"."Trip"."heroImageId", "public"."Trip"."deletedAt", "public"."Trip"."createdById", "public"."Trip"."approvedById", "public"."Trip"."publishedAt", "public"."Trip"."createdAt", "public"."Trip"."updatedAt", "public"."Trip"."capacity", "public"."Trip"."startDate", "public"."Trip"."endDate", "public"."Trip"."managerId", "public"."Trip"."documentation", "public"."Trip"."isFeatured" FROM "public"."Trip" WHERE "public"."Trip"."id" IN ($1) OFFSET $2

      at Object.zc (../../node_modules/@prisma/internals/src/logger.ts:13:11)

  console.error
    Refund Controller Error: Error: Razorpay refund failed
        at Object.<anonymous> (C:\Users\akash\Documents\Param_Adventures_Phase1\apps\api\tests\integration\payments.test.ts:540:9)

    [0m [90m 101 |[39m     )[33m;[39m
     [90m 102 |[39m   } [36mcatch[39m (error[33m:[39m any) {
    [31m[1m>[22m[39m[90m 103 |[39m     console[33m.[39merror([32m"Refund Controller Error:"[39m[33m,[39m error)[33m;[39m
     [90m     |[39m             [31m[1m^[22m[39m
     [90m 104 |[39m     [36mthrow[39m [36mnew[39m [33mHttpError[39m(
     [90m 105 |[39m       [35m502[39m[33m,[39m
     [90m 106 |[39m       [32m"GATEWAY_ERROR"[39m[33m,[39m[0m

      at refundBooking (src/controllers/payments/refundBooking.controller.ts:103:13)

2026-01-28 12:28:13 [31merror[39m: HttpError: Refund processing failed
    at new HttpError (C:\Users\akash\Documents\Param_Adventures_Phase1\apps\api\src\utils\httpError.js:32:24)
    at refundBooking (C:\Users\akash\Documents\Param_Adventures_Phase1\apps\api\src\controllers\payments\refundBooking.controller.ts:104:11)
2026-01-28 12:28:13 [32minfo[39m: ::ffff:127.0.0.1 - - [28/Jan/2026:06:58:13 +0000] "POST /api/v1/bookings/8ec1327a-45f0-425e-ae04-6400aa2fc3ba/refund HTTP/1.1" 502 135 "-" "-"
  console.log
    prisma:query DELETE FROM "public"."Payment" WHERE 1=1

      at Object.zc (../../node_modules/@prisma/internals/src/logger.ts:13:11)

  console.log
    prisma:query DELETE FROM "public"."Booking" WHERE 1=1

      at Object.zc (../../node_modules/@prisma/internals/src/logger.ts:13:11)

  console.log
    prisma:query INSERT INTO "public"."Booking" ("id","userId","tripId","status","startDate","guests","guestDetails","totalPrice","createdAt","updatedAt","paymentStatus") VALUES ($1,$2,$3,CAST($4::text AS "public"."BookingStatus"),$5,$6,$7,$8,$9,$10,CAST($11::text AS "public"."BookingPaymentStatus")) RETURNING "public"."Booking"."id", "public"."Booking"."userId", "public"."Booking"."tripId", "public"."Booking"."status"::text, "public"."Booking"."notes", "public"."Booking"."startDate", "public"."Booking"."guests", "public"."Booking"."guestDetails", "public"."Booking"."totalPrice", "public"."Booking"."createdAt", "public"."Booking"."updatedAt", "public"."Booking"."paymentStatus"::text

      at Object.zc (../../node_modules/@prisma/internals/src/logger.ts:13:11)

  console.log
    prisma:query INSERT INTO "public"."Booking" ("id","userId","tripId","status","startDate","guests","guestDetails","totalPrice","createdAt","updatedAt","paymentStatus") VALUES ($1,$2,$3,CAST($4::text AS "public"."BookingStatus"),$5,$6,$7,$8,$9,$10,CAST($11::text AS "public"."BookingPaymentStatus")) RETURNING "public"."Booking"."id", "public"."Booking"."userId", "public"."Booking"."tripId", "public"."Booking"."status"::text, "public"."Booking"."notes", "public"."Booking"."startDate", "public"."Booking"."guests", "public"."Booking"."guestDetails", "public"."Booking"."totalPrice", "public"."Booking"."createdAt", "public"."Booking"."updatedAt", "public"."Booking"."paymentStatus"::text

      at Object.zc (../../node_modules/@prisma/internals/src/logger.ts:13:11)

  console.log
    prisma:query INSERT INTO "public"."Payment" ("id","bookingId","provider","providerOrderId","amount","currency","refundedAmount","status","method","createdAt","updatedAt") VALUES ($1,$2,CAST($3::text AS "public"."PaymentProvider"),$4,$5,$6,$7,CAST($8::text AS "public"."PaymentStatus"),CAST($9::text AS "public"."PaymentMethod"),$10,$11) RETURNING "public"."Payment"."id", "public"."Payment"."bookingId", "public"."Payment"."provider"::text, "public"."Payment"."providerOrderId", "public"."Payment"."providerPaymentId", "public"."Payment"."razorpayRefundId", "public"."Payment"."rawPayload", "public"."Payment"."proofUrl", "public"."Payment"."amount", "public"."Payment"."currency", "public"."Payment"."refundedAmount", "public"."Payment"."disputeId", "public"."Payment"."status"::text, "public"."Payment"."method"::text, "public"."Payment"."createdAt", "public"."Payment"."updatedAt"

      at Object.zc (../../node_modules/@prisma/internals/src/logger.ts:13:11)

  console.log
    prisma:query INSERT INTO "public"."Payment" ("id","bookingId","provider","providerOrderId","amount","currency","refundedAmount","status","method","createdAt","updatedAt") VALUES ($1,$2,CAST($3::text AS "public"."PaymentProvider"),$4,$5,$6,$7,CAST($8::text AS "public"."PaymentStatus"),CAST($9::text AS "public"."PaymentMethod"),$10,$11) RETURNING "public"."Payment"."id", "public"."Payment"."bookingId", "public"."Payment"."provider"::text, "public"."Payment"."providerOrderId", "public"."Payment"."providerPaymentId", "public"."Payment"."razorpayRefundId", "public"."Payment"."rawPayload", "public"."Payment"."proofUrl", "public"."Payment"."amount", "public"."Payment"."currency", "public"."Payment"."refundedAmount", "public"."Payment"."disputeId", "public"."Payment"."status"::text, "public"."Payment"."method"::text, "public"."Payment"."createdAt", "public"."Payment"."updatedAt"

      at Object.zc (../../node_modules/@prisma/internals/src/logger.ts:13:11)

2026-01-28 12:28:14 [31merror[39m: Failed to check token denylist
  console.log
    prisma:query SELECT "public"."User"."id", "public"."User"."email", "public"."User"."password", "public"."User"."name", "public"."User"."nickname", "public"."User"."bio", "public"."User"."age", "public"."User"."gender"::text, "public"."User"."phoneNumber", "public"."User"."address", "public"."User"."status"::text, "public"."User"."statusReason", "public"."User"."preferences", "public"."User"."googleId", "public"."User"."avatarUrl", "public"."User"."createdAt", "public"."User"."updatedAt", "public"."User"."avatarImageId", "public"."User"."deletedAt" FROM "public"."User" WHERE ("public"."User"."id" = $1 AND 1=1) LIMIT $2 OFFSET $3

      at Object.zc (../../node_modules/@prisma/internals/src/logger.ts:13:11)

  console.log
    prisma:query SELECT "public"."UserRole"."userId", "public"."UserRole"."roleId" FROM "public"."UserRole" WHERE "public"."UserRole"."userId" IN ($1) OFFSET $2

      at Object.zc (../../node_modules/@prisma/internals/src/logger.ts:13:11)

  console.log
    prisma:query SELECT "public"."Payment"."id", "public"."Payment"."bookingId", "public"."Payment"."provider"::text, "public"."Payment"."providerOrderId", "public"."Payment"."providerPaymentId", "public"."Payment"."razorpayRefundId", "public"."Payment"."rawPayload", "public"."Payment"."proofUrl", "public"."Payment"."amount", "public"."Payment"."currency", "public"."Payment"."refundedAmount", "public"."Payment"."disputeId", "public"."Payment"."status"::text, "public"."Payment"."method"::text, "public"."Payment"."createdAt", "public"."Payment"."updatedAt" FROM "public"."Payment" WHERE ("public"."Payment"."providerOrderId" = $1 AND 1=1) LIMIT $2 OFFSET $3

      at Object.zc (../../node_modules/@prisma/internals/src/logger.ts:13:11)

  console.log
    prisma:query SELECT "public"."Booking"."id", "public"."Booking"."userId", "public"."Booking"."tripId", "public"."Booking"."status"::text, "public"."Booking"."notes", "public"."Booking"."startDate", "public"."Booking"."guests", "public"."Booking"."guestDetails", "public"."Booking"."totalPrice", "public"."Booking"."createdAt", "public"."Booking"."updatedAt", "public"."Booking"."paymentStatus"::text FROM "public"."Booking" WHERE "public"."Booking"."id" IN ($1) OFFSET $2

      at Object.zc (../../node_modules/@prisma/internals/src/logger.ts:13:11)

  console.log
    prisma:query SELECT "public"."Trip"."id", "public"."Trip"."title", "public"."Trip"."slug", "public"."Trip"."description", "public"."Trip"."itinerary", "public"."Trip"."durationDays", "public"."Trip"."difficulty"::text, "public"."Trip"."location", "public"."Trip"."price", "public"."Trip"."status"::text, "public"."Trip"."category"::text, "public"."Trip"."startPoint", "public"."Trip"."endPoint", "public"."Trip"."altitude", "public"."Trip"."distance", "public"."Trip"."itineraryPdf", "public"."Trip"."highlights", "public"."Trip"."inclusions", "public"."Trip"."exclusions", "public"."Trip"."cancellationPolicy", "public"."Trip"."thingsToPack", "public"."Trip"."faqs", "public"."Trip"."seasons", "public"."Trip"."coverImageId", "public"."Trip"."heroImageId", "public"."Trip"."deletedAt", "public"."Trip"."createdById", "public"."Trip"."approvedById", "public"."Trip"."publishedAt", "public"."Trip"."createdAt", "public"."Trip"."updatedAt", "public"."Trip"."capacity", "public"."Trip"."startDate", "public"."Trip"."endDate", "public"."Trip"."managerId", "public"."Trip"."documentation", "public"."Trip"."isFeatured" FROM "public"."Trip" WHERE "public"."Trip"."id" IN ($1) OFFSET $2

      at Object.zc (../../node_modules/@prisma/internals/src/logger.ts:13:11)

  console.log
    prisma:query BEGIN

      at Object.zc (../../node_modules/@prisma/internals/src/logger.ts:13:11)

  console.log
    prisma:query UPDATE "public"."Payment" SET "status" = CAST($1::text AS "public"."PaymentStatus"), "providerPaymentId" = $2, "updatedAt" = $3 WHERE ("public"."Payment"."id" = $4 AND 1=1) RETURNING "public"."Payment"."id", "public"."Payment"."bookingId", "public"."Payment"."provider"::text, "public"."Payment"."providerOrderId", "public"."Payment"."providerPaymentId", "public"."Payment"."razorpayRefundId", "public"."Payment"."rawPayload", "public"."Payment"."proofUrl", "public"."Payment"."amount", "public"."Payment"."currency", "public"."Payment"."refundedAmount", "public"."Payment"."disputeId", "public"."Payment"."status"::text, "public"."Payment"."method"::text, "public"."Payment"."createdAt", "public"."Payment"."updatedAt"

      at Object.zc (../../node_modules/@prisma/internals/src/logger.ts:13:11)

  console.log
    prisma:query UPDATE "public"."Booking" SET "status" = CAST($1::text AS "public"."BookingStatus"), "paymentStatus" = CAST($2::text AS "public"."BookingPaymentStatus"), "updatedAt" = $3 WHERE ("public"."Booking"."id" = $4 AND 1=1) RETURNING "public"."Booking"."id", "public"."Booking"."userId", "public"."Booking"."tripId", "public"."Booking"."status"::text, "public"."Booking"."notes", "public"."Booking"."startDate", "public"."Booking"."guests", "public"."Booking"."guestDetails", "public"."Booking"."totalPrice", "public"."Booking"."createdAt", "public"."Booking"."updatedAt", "public"."Booking"."paymentStatus"::text

      at Object.zc (../../node_modules/@prisma/internals/src/logger.ts:13:11)

  console.log
    prisma:query COMMIT

      at Object.zc (../../node_modules/@prisma/internals/src/logger.ts:13:11)

2026-01-28 12:28:14 [32minfo[39m: Payment verified successfully
2026-01-28 12:28:14 [32minfo[39m: ::ffff:127.0.0.1 - - [28/Jan/2026:06:58:14 +0000] "POST /api/v1/bookings/8800ce92-7474-4a28-b4fd-57bc57089614/verify-payment HTTP/1.1" 200 67 "-" "-"
2026-01-28 12:28:14 [31merror[39m: Failed to check token denylist
  console.log
    prisma:query SELECT "public"."User"."id", "public"."User"."email", "public"."User"."password", "public"."User"."name", "public"."User"."nickname", "public"."User"."bio", "public"."User"."age", "public"."User"."gender"::text, "public"."User"."phoneNumber", "public"."User"."address", "public"."User"."status"::text, "public"."User"."statusReason", "public"."User"."preferences", "public"."User"."googleId", "public"."User"."avatarUrl", "public"."User"."createdAt", "public"."User"."updatedAt", "public"."User"."avatarImageId", "public"."User"."deletedAt" FROM "public"."User" WHERE ("public"."User"."id" = $1 AND 1=1) LIMIT $2 OFFSET $3

      at Object.zc (../../node_modules/@prisma/internals/src/logger.ts:13:11)

  console.log
    prisma:query SELECT "public"."UserRole"."userId", "public"."UserRole"."roleId" FROM "public"."UserRole" WHERE "public"."UserRole"."userId" IN ($1) OFFSET $2

      at Object.zc (../../node_modules/@prisma/internals/src/logger.ts:13:11)

2026-01-28 12:28:14 [33mwarn[39m: Signature verification failed. Enqueuing reconciliation.
  console.log
    prisma:query SELECT "public"."Payment"."id", "public"."Payment"."bookingId", "public"."Payment"."provider"::text, "public"."Payment"."providerOrderId", "public"."Payment"."providerPaymentId", "public"."Payment"."razorpayRefundId", "public"."Payment"."rawPayload", "public"."Payment"."proofUrl", "public"."Payment"."amount", "public"."Payment"."currency", "public"."Payment"."refundedAmount", "public"."Payment"."disputeId", "public"."Payment"."status"::text, "public"."Payment"."method"::text, "public"."Payment"."createdAt", "public"."Payment"."updatedAt" FROM "public"."Payment" WHERE ("public"."Payment"."providerOrderId" = $1 AND 1=1) LIMIT $2 OFFSET $3

      at Object.zc (../../node_modules/@prisma/internals/src/logger.ts:13:11)

2026-01-28 12:28:14 [31merror[39m: HttpError: Payment verification failed
    at new HttpError (C:\Users\akash\Documents\Param_Adventures_Phase1\apps\api\src\utils\httpError.js:32:24)
    at verifyPayment (C:\Users\akash\Documents\Param_Adventures_Phase1\apps\api\src\controllers\payments\verifyPayment.controller.ts:36:11)
2026-01-28 12:28:14 [32minfo[39m: ::ffff:127.0.0.1 - - [28/Jan/2026:06:58:14 +0000] "POST /api/v1/bookings/2df22bd0-f14a-435e-a1e8-7b5bf932e948/verify-payment HTTP/1.1" 400 142 "-" "-"
  console.log
    prisma:query DELETE FROM "public"."Payment" WHERE 1=1

      at Object.zc (../../node_modules/@prisma/internals/src/logger.ts:13:11)

  console.log
    prisma:query DELETE FROM "public"."Booking" WHERE 1=1

      at Object.zc (../../node_modules/@prisma/internals/src/logger.ts:13:11)

  console.log
    prisma:query INSERT INTO "public"."User" ("id","email","password","name","status","preferences","createdAt","updatedAt") VALUES ($1,$2,$3,$4,CAST($5::text AS "public"."UserStatus"),$6,$7,$8) RETURNING "public"."User"."id", "public"."User"."email", "public"."User"."password", "public"."User"."name", "public"."User"."nickname", "public"."User"."bio", "public"."User"."age", "public"."User"."gender"::text, "public"."User"."phoneNumber", "public"."User"."address", "public"."User"."status"::text, "public"."User"."statusReason", "public"."User"."preferences", "public"."User"."googleId", "public"."User"."avatarUrl", "public"."User"."createdAt", "public"."User"."updatedAt", "public"."User"."avatarImageId", "public"."User"."deletedAt"

      at Object.zc (../../node_modules/@prisma/internals/src/logger.ts:13:11)

  console.log
    prisma:query INSERT INTO "public"."Booking" ("id","userId","tripId","status","startDate","guests","guestDetails","totalPrice","createdAt","updatedAt","paymentStatus") VALUES ($1,$2,$3,CAST($4::text AS "public"."BookingStatus"),$5,$6,$7,$8,$9,$10,CAST($11::text AS "public"."BookingPaymentStatus")) RETURNING "public"."Booking"."id", "public"."Booking"."userId", "public"."Booking"."tripId", "public"."Booking"."status"::text, "public"."Booking"."notes", "public"."Booking"."startDate", "public"."Booking"."guests", "public"."Booking"."guestDetails", "public"."Booking"."totalPrice", "public"."Booking"."createdAt", "public"."Booking"."updatedAt", "public"."Booking"."paymentStatus"::text

      at Object.zc (../../node_modules/@prisma/internals/src/logger.ts:13:11)

2026-01-28 12:28:14 [31merror[39m: Failed to check token denylist
  console.log
    prisma:query SELECT "public"."User"."id", "public"."User"."email", "public"."User"."password", "public"."User"."name", "public"."User"."nickname", "public"."User"."bio", "public"."User"."age", "public"."User"."gender"::text, "public"."User"."phoneNumber", "public"."User"."address", "public"."User"."status"::text, "public"."User"."statusReason", "public"."User"."preferences", "public"."User"."googleId", "public"."User"."avatarUrl", "public"."User"."createdAt", "public"."User"."updatedAt", "public"."User"."avatarImageId", "public"."User"."deletedAt" FROM "public"."User" WHERE ("public"."User"."id" = $1 AND 1=1) LIMIT $2 OFFSET $3

      at Object.zc (../../node_modules/@prisma/internals/src/logger.ts:13:11)

  console.log
    prisma:query SELECT "public"."UserRole"."userId", "public"."UserRole"."roleId" FROM "public"."UserRole" WHERE "public"."UserRole"."userId" IN ($1) OFFSET $2

      at Object.zc (../../node_modules/@prisma/internals/src/logger.ts:13:11)

  console.log
    HIT INITIATE PAYMENT e430eea8-1029-4128-be7d-1217dbceedee

      at initiatePayment (src/controllers/payments/initiatePayment.controller.ts:19:11)

  console.log
    prisma:query SELECT "public"."Booking"."id", "public"."Booking"."userId", "public"."Booking"."tripId", "public"."Booking"."status"::text, "public"."Booking"."notes", "public"."Booking"."startDate", "public"."Booking"."guests", "public"."Booking"."guestDetails", "public"."Booking"."totalPrice", "public"."Booking"."createdAt", "public"."Booking"."updatedAt", "public"."Booking"."paymentStatus"::text FROM "public"."Booking" WHERE ("public"."Booking"."id" = $1 AND 1=1) LIMIT $2 OFFSET $3

      at Object.zc (../../node_modules/@prisma/internals/src/logger.ts:13:11)

  console.log
    prisma:query SELECT "public"."Trip"."id", "public"."Trip"."title", "public"."Trip"."slug", "public"."Trip"."description", "public"."Trip"."itinerary", "public"."Trip"."durationDays", "public"."Trip"."difficulty"::text, "public"."Trip"."location", "public"."Trip"."price", "public"."Trip"."status"::text, "public"."Trip"."category"::text, "public"."Trip"."startPoint", "public"."Trip"."endPoint", "public"."Trip"."altitude", "public"."Trip"."distance", "public"."Trip"."itineraryPdf", "public"."Trip"."highlights", "public"."Trip"."inclusions", "public"."Trip"."exclusions", "public"."Trip"."cancellationPolicy", "public"."Trip"."thingsToPack", "public"."Trip"."faqs", "public"."Trip"."seasons", "public"."Trip"."coverImageId", "public"."Trip"."heroImageId", "public"."Trip"."deletedAt", "public"."Trip"."createdById", "public"."Trip"."approvedById", "public"."Trip"."publishedAt", "public"."Trip"."createdAt", "public"."Trip"."updatedAt", "public"."Trip"."capacity", "public"."Trip"."startDate", "public"."Trip"."endDate", "public"."Trip"."managerId", "public"."Trip"."documentation", "public"."Trip"."isFeatured" FROM "public"."Trip" WHERE "public"."Trip"."id" IN ($1) OFFSET $2

      at Object.zc (../../node_modules/@prisma/internals/src/logger.ts:13:11)

2026-01-28 12:28:14 [31merror[39m: HttpError: You are not authorized to pay for this booking
    at new HttpError (C:\Users\akash\Documents\Param_Adventures_Phase1\apps\api\src\utils\httpError.js:32:24)
    at initiatePayment (C:\Users\akash\Documents\Param_Adventures_Phase1\apps\api\src\controllers\payments\initiatePayment.controller.ts:36:11)
2026-01-28 12:28:14 [32minfo[39m: ::ffff:127.0.0.1 - - [28/Jan/2026:06:58:14 +0000] "POST /api/v1/bookings/e430eea8-1029-4128-be7d-1217dbceedee/initiate-payment HTTP/1.1" 403 153 "-" "-"
  console.log
    prisma:query DELETE FROM "public"."Payment" WHERE 1=1

      at Object.zc (../../node_modules/@prisma/internals/src/logger.ts:13:11)

  console.log
    prisma:query DELETE FROM "public"."Booking" WHERE 1=1

      at Object.zc (../../node_modules/@prisma/internals/src/logger.ts:13:11)

  console.log
    prisma:query DELETE FROM "public"."Image" WHERE 1=1

      at Object.zc (../../node_modules/@prisma/internals/src/logger.ts:13:11)

  console.log
    prisma:query DELETE FROM "public"."Payment" WHERE 1=1

      at Object.zc (../../node_modules/@prisma/internals/src/logger.ts:13:11)

  console.log
    prisma:query DELETE FROM "public"."Booking" WHERE 1=1

      at Object.zc (../../node_modules/@prisma/internals/src/logger.ts:13:11)

  console.log
    prisma:query DELETE FROM "public"."Trip" WHERE 1=1

      at Object.zc (../../node_modules/@prisma/internals/src/logger.ts:13:11)

  console.log
    prisma:query DELETE FROM "public"."Blog" WHERE 1=1

      at Object.zc (../../node_modules/@prisma/internals/src/logger.ts:13:11)

  console.log
    prisma:query DELETE FROM "public"."UserRole" WHERE 1=1

      at Object.zc (../../node_modules/@prisma/internals/src/logger.ts:13:11)

  console.log
    prisma:query DELETE FROM "public"."User" WHERE 1=1

      at Object.zc (../../node_modules/@prisma/internals/src/logger.ts:13:11)

PASS tests/integration/payments.test.ts
  Payment Integration Tests
    POST /bookings/:id/initiate-payment
      ΓêÜ should create Razorpay order for pending booking (72 ms)
      ΓêÜ should reject payment for non-existent booking (48 ms)
      ΓêÜ should reject payment for already paid booking (46 ms)
      ΓêÜ should reject payment for cancelled booking (37 ms)
      ΓêÜ should handle Razorpay order creation failure (48 ms)
    POST /bookings/:id/verify-payment
      ΓêÜ should verify and confirm payment with valid signature (97 ms)
      ΓêÜ should reject payment with invalid signature (64 ms)
      ΓêÜ should reject payment with missing fields (41 ms)
    POST /bookings/:id/refund
      ΓêÜ should process refund for confirmed booking (admin only) (89 ms)
      ΓêÜ should reject refund by non-admin user (52 ms)
      ΓêÜ should reject refund for already refunded payment (64 ms)
      ΓêÜ should handle Razorpay refund failure (51 ms)
    Security Tests
      ΓêÜ should prevent signature replay attack (96 ms)
      ΓêÜ should prevent unauthorized user from accessing others' payments (54 ms)

warn The configuration property `package.json#prisma` is deprecated and will be removed in Prisma 7. Please migrate to a Prisma config file (e.g., 
`prisma.config.ts`).
For more information, see: https://pris.ly/prisma-config

Loaded Prisma config from prisma.config.ts.

warn The Prisma config file in prisma.config.ts overrides the deprecated `package.json#prisma` property in package.json.
  For more information, see: https://pris.ly/prisma-config

Prisma config detected, skipping environment variable loading.
Prisma schema loaded from prisma\schema.prisma
Datasource "db": PostgreSQL database "param_adventures", schema "public" at "localhost:5433"

57 migrations found in prisma/migrations


No pending migrations to apply.
  console.log
    Sentry Disabled (No DSN)

      at Object.<anonymous> (src/instrument.ts:7:11)

  console.log
    Param Adventures API: Sentry Instrumented ≡ƒö¡

      at Object.<anonymous> (src/instrument.ts:20:9)

2026-01-28 12:28:17 [33mwarn[39m: Google OAuth credentials missing. Social login disabled.
  console.log
    --> Backend Initialized (v1.2.0) - Restore Route Active <--

      at Object.<anonymous> (src/app.ts:52:9)

  console.log
    prisma:info Starting a postgresql pool with 25 connections.

      at Object.zc (../../node_modules/@prisma/internals/src/logger.ts:13:11)

  console.log
    prisma:query DELETE FROM "public"."Payment" WHERE 1=1

      at Object.zc (../../node_modules/@prisma/internals/src/logger.ts:13:11)

  console.log
    prisma:query DELETE FROM "public"."Booking" WHERE 1=1

      at Object.zc (../../node_modules/@prisma/internals/src/logger.ts:13:11)

  console.log
    prisma:query DELETE FROM "public"."Blog" WHERE 1=1

      at Object.zc (../../node_modules/@prisma/internals/src/logger.ts:13:11)

  console.log
    prisma:query DELETE FROM "public"."Trip" WHERE 1=1

      at Object.zc (../../node_modules/@prisma/internals/src/logger.ts:13:11)

  console.log
    prisma:query DELETE FROM "public"."User" WHERE 1=1

      at Object.zc (../../node_modules/@prisma/internals/src/logger.ts:13:11)

  console.log
    prisma:query INSERT INTO "public"."User" ("id","email","password","name","status","preferences","createdAt","updatedAt") VALUES ($1,$2,$3,$4,CAST($5::text AS "public"."UserStatus"),$6,$7,$8) RETURNING "public"."User"."id", "public"."User"."email", "public"."User"."password", "public"."User"."name", "public"."User"."nickname", "public"."User"."bio", "public"."User"."age", "public"."User"."gender"::text, "public"."User"."phoneNumber", "public"."User"."address", "public"."User"."status"::text, "public"."User"."statusReason", "public"."User"."preferences", "public"."User"."googleId", "public"."User"."avatarUrl", "public"."User"."createdAt", "public"."User"."updatedAt", "public"."User"."avatarImageId", "public"."User"."deletedAt"

      at Object.zc (../../node_modules/@prisma/internals/src/logger.ts:13:11)

  console.log
    prisma:query INSERT INTO "public"."Trip" ("id","title","slug","description","itinerary","durationDays","difficulty","location","price","status","category","createdById","createdAt","updatedAt","capacity","startDate","endDate","isFeatured") VALUES ($1,$2,$3,$4,$5,$6,CAST($7::text AS "public"."Difficulty"),$8,$9,CAST($10::text AS "public"."TripStatus"),CAST($11::text AS "public"."TripCategory"),$12,$13,$14,$15,$16,$17,$18) RETURNING "public"."Trip"."id", "public"."Trip"."title", "public"."Trip"."slug", "public"."Trip"."description", "public"."Trip"."itinerary", "public"."Trip"."durationDays", "public"."Trip"."difficulty"::text, "public"."Trip"."location", "public"."Trip"."price", "public"."Trip"."status"::text, "public"."Trip"."category"::text, "public"."Trip"."startPoint", "public"."Trip"."endPoint", "public"."Trip"."altitude", "public"."Trip"."distance", "public"."Trip"."itineraryPdf", "public"."Trip"."highlights", "public"."Trip"."inclusions", "public"."Trip"."exclusions", "public"."Trip"."cancellationPolicy", "public"."Trip"."thingsToPack", "public"."Trip"."faqs", "public"."Trip"."seasons", "public"."Trip"."coverImageId", "public"."Trip"."heroImageId", "public"."Trip"."deletedAt", "public"."Trip"."createdById", "public"."Trip"."approvedById", "public"."Trip"."publishedAt", "public"."Trip"."createdAt", "public"."Trip"."updatedAt", "public"."Trip"."capacity", "public"."Trip"."startDate", "public"."Trip"."endDate", "public"."Trip"."managerId", "public"."Trip"."documentation", "public"."Trip"."isFeatured"

      at Object.zc (../../node_modules/@prisma/internals/src/logger.ts:13:11)

2026-01-28 12:28:17 [31merror[39m: HttpError: Missing x-razorpay-signature header
    at new HttpError (C:\Users\akash\Documents\Param_Adventures_Phase1\apps\api\src\utils\httpError.js:32:24)
    at razorpayWebhookHandler (C:\Users\akash\Documents\Param_Adventures_Phase1\apps\api\src\controllers\razorpayWebhook.controller.ts:20:11)
    at Layer.handleRequest (C:\Users\akash\Documents\Param_Adventures_Phase1\node_modules\router\lib\layer.js:152:17)
    at next (C:\Users\akash\Documents\Param_Adventures_Phase1\node_modules\router\lib\route.js:157:13)
    at C:\Users\akash\Documents\Param_Adventures_Phase1\apps\api\node_modules\body-parser\lib\read.js:172:5
    at AsyncResource.runInAsyncScope (node:async_hooks:211:14)
    at invokeCallback (C:\Users\akash\Documents\Param_Adventures_Phase1\apps\api\node_modules\raw-body\index.js:238:16)
    at done (C:\Users\akash\Documents\Param_Adventures_Phase1\apps\api\node_modules\raw-body\index.js:227:7)
    at IncomingMessage.onEnd (C:\Users\akash\Documents\Param_Adventures_Phase1\apps\api\node_modules\raw-body\index.js:287:7)
    at IncomingMessage.emit (node:events:524:28)
    at endReadableNT (node:internal/streams/readable:1698:12)
    at processTicksAndRejections (node:internal/process/task_queues:90:21)
  console.log
    prisma:query DELETE FROM "public"."Payment" WHERE 1=1

      at Object.zc (../../node_modules/@prisma/internals/src/logger.ts:13:11)

  console.log
    prisma:query DELETE FROM "public"."Booking" WHERE 1=1

      at Object.zc (../../node_modules/@prisma/internals/src/logger.ts:13:11)

2026-01-28 12:28:18 [33mwarn[39m: Razorpay webhook signature verification failed
2026-01-28 12:28:18 [31merror[39m: HttpError: Signature verification failed
    at new HttpError (C:\Users\akash\Documents\Param_Adventures_Phase1\apps\api\src\utils\httpError.js:32:24)
    at razorpayWebhookHandler (C:\Users\akash\Documents\Param_Adventures_Phase1\apps\api\src\controllers\razorpayWebhook.controller.ts:31:11)
    at Layer.handleRequest (C:\Users\akash\Documents\Param_Adventures_Phase1\node_modules\router\lib\layer.js:152:17)
    at next (C:\Users\akash\Documents\Param_Adventures_Phase1\node_modules\router\lib\route.js:157:13)
    at C:\Users\akash\Documents\Param_Adventures_Phase1\apps\api\node_modules\body-parser\lib\read.js:172:5
    at AsyncResource.runInAsyncScope (node:async_hooks:211:14)
    at invokeCallback (C:\Users\akash\Documents\Param_Adventures_Phase1\apps\api\node_modules\raw-body\index.js:238:16)
    at done (C:\Users\akash\Documents\Param_Adventures_Phase1\apps\api\node_modules\raw-body\index.js:227:7)
    at IncomingMessage.onEnd (C:\Users\akash\Documents\Param_Adventures_Phase1\apps\api\node_modules\raw-body\index.js:287:7)
    at IncomingMessage.emit (node:events:524:28)
    at endReadableNT (node:internal/streams/readable:1698:12)
    at processTicksAndRejections (node:internal/process/task_queues:90:21)
  console.log
    prisma:query DELETE FROM "public"."Payment" WHERE 1=1

      at Object.zc (../../node_modules/@prisma/internals/src/logger.ts:13:11)

  console.log
    prisma:query DELETE FROM "public"."Booking" WHERE 1=1

      at Object.zc (../../node_modules/@prisma/internals/src/logger.ts:13:11)

  console.log
    prisma:query INSERT INTO "public"."Booking" ("id","userId","tripId","status","startDate","guests","guestDetails","totalPrice","createdAt","updatedAt","paymentStatus") VALUES ($1,$2,$3,CAST($4::text AS "public"."BookingStatus"),$5,$6,$7,$8,$9,$10,CAST($11::text AS "public"."BookingPaymentStatus")) RETURNING "public"."Booking"."id", "public"."Booking"."userId", "public"."Booking"."tripId", "public"."Booking"."status"::text, "public"."Booking"."notes", "public"."Booking"."startDate", "public"."Booking"."guests", "public"."Booking"."guestDetails", "public"."Booking"."totalPrice", "public"."Booking"."createdAt", "public"."Booking"."updatedAt", "public"."Booking"."paymentStatus"::text

      at Object.zc (../../node_modules/@prisma/internals/src/logger.ts:13:11)

  console.log
    prisma:query INSERT INTO "public"."Payment" ("id","bookingId","provider","providerOrderId","amount","currency","refundedAmount","status","method","createdAt","updatedAt") VALUES ($1,$2,CAST($3::text AS "public"."PaymentProvider"),$4,$5,$6,$7,CAST($8::text AS "public"."PaymentStatus"),CAST($9::text AS "public"."PaymentMethod"),$10,$11) RETURNING "public"."Payment"."id", "public"."Payment"."bookingId", "public"."Payment"."provider"::text, "public"."Payment"."providerOrderId", "public"."Payment"."providerPaymentId", "public"."Payment"."razorpayRefundId", "public"."Payment"."rawPayload", "public"."Payment"."proofUrl", "public"."Payment"."amount", "public"."Payment"."currency", "public"."Payment"."refundedAmount", "public"."Payment"."disputeId", "public"."Payment"."status"::text, "public"."Payment"."method"::text, "public"."Payment"."createdAt", "public"."Payment"."updatedAt"

      at Object.zc (../../node_modules/@prisma/internals/src/logger.ts:13:11)

2026-01-28 12:28:18 [32minfo[39m: Processing Razorpay webhook: payment.captured
  console.log
    prisma:query SELECT "public"."Payment"."id", "public"."Payment"."bookingId", "public"."Payment"."provider"::text, "public"."Payment"."providerOrderId", "public"."Payment"."providerPaymentId", "public"."Payment"."razorpayRefundId", "public"."Payment"."rawPayload", "public"."Payment"."proofUrl", "public"."Payment"."amount", "public"."Payment"."currency", "public"."Payment"."refundedAmount", "public"."Payment"."disputeId", "public"."Payment"."status"::text, "public"."Payment"."method"::text, "public"."Payment"."createdAt", "public"."Payment"."updatedAt" FROM "public"."Payment" WHERE ("public"."Payment"."providerOrderId" = $1 AND 1=1) LIMIT $2 OFFSET $3

      at Object.zc (../../node_modules/@prisma/internals/src/logger.ts:13:11)

  console.log
    prisma:query BEGIN

      at Object.zc (../../node_modules/@prisma/internals/src/logger.ts:13:11)

  console.log
    prisma:query SET TRANSACTION ISOLATION LEVEL SERIALIZABLE

      at Object.zc (../../node_modules/@prisma/internals/src/logger.ts:13:11)

  console.log
    prisma:query SELECT "public"."Booking"."id", "public"."Booking"."userId", "public"."Booking"."tripId", "public"."Booking"."status"::text, "public"."Booking"."notes", "public"."Booking"."startDate", "public"."Booking"."guests", "public"."Booking"."guestDetails", "public"."Booking"."totalPrice", "public"."Booking"."createdAt", "public"."Booking"."updatedAt", "public"."Booking"."paymentStatus"::text FROM "public"."Booking" WHERE ("public"."Booking"."id" = $1 AND 1=1) LIMIT $2 OFFSET $3

      at Object.zc (../../node_modules/@prisma/internals/src/logger.ts:13:11)

  console.log
    prisma:query SELECT "public"."Trip"."id", "public"."Trip"."title", "public"."Trip"."slug", "public"."Trip"."description", "public"."Trip"."itinerary", "public"."Trip"."durationDays", "public"."Trip"."difficulty"::text, "public"."Trip"."location", "public"."Trip"."price", "public"."Trip"."status"::text, "public"."Trip"."category"::text, "public"."Trip"."startPoint", "public"."Trip"."endPoint", "public"."Trip"."altitude", "public"."Trip"."distance", "public"."Trip"."itineraryPdf", "public"."Trip"."highlights", "public"."Trip"."inclusions", "public"."Trip"."exclusions", "public"."Trip"."cancellationPolicy", "public"."Trip"."thingsToPack", "public"."Trip"."faqs", "public"."Trip"."seasons", "public"."Trip"."coverImageId", "public"."Trip"."heroImageId", "public"."Trip"."deletedAt", "public"."Trip"."createdById", "public"."Trip"."approvedById", "public"."Trip"."publishedAt", "public"."Trip"."createdAt", "public"."Trip"."updatedAt", "public"."Trip"."capacity", "public"."Trip"."startDate", "public"."Trip"."endDate", "public"."Trip"."managerId", "public"."Trip"."documentation", "public"."Trip"."isFeatured" FROM "public"."Trip" WHERE "public"."Trip"."id" IN ($1) OFFSET $2

      at Object.zc (../../node_modules/@prisma/internals/src/logger.ts:13:11)

  console.log
    prisma:query SELECT COUNT(*) AS "_count$_all" FROM (SELECT "public"."Booking"."id" FROM "public"."Booking" WHERE ("public"."Booking"."tripId" = $1 AND "public"."Booking"."status" = CAST($2::text AS "public"."BookingStatus") AND (NOT "public"."Booking"."id" = $3)) OFFSET $4) AS "sub"

      at Object.zc (../../node_modules/@prisma/internals/src/logger.ts:13:11)

  console.log
    prisma:query UPDATE "public"."Payment" SET "providerPaymentId" = $1, "status" = CAST($2::text AS "public"."PaymentStatus"), "rawPayload" = $3, "method" = CAST($4::text AS "public"."PaymentMethod"), "updatedAt" = $5 WHERE ("public"."Payment"."id" = $6 AND 1=1) RETURNING "public"."Payment"."id", "public"."Payment"."bookingId", "public"."Payment"."provider"::text, "public"."Payment"."providerOrderId", "public"."Payment"."providerPaymentId", "public"."Payment"."razorpayRefundId", "public"."Payment"."rawPayload", "public"."Payment"."proofUrl", "public"."Payment"."amount", "public"."Payment"."currency", "public"."Payment"."refundedAmount", "public"."Payment"."disputeId", "public"."Payment"."status"::text, "public"."Payment"."method"::text, "public"."Payment"."createdAt", "public"."Payment"."updatedAt"

      at Object.zc (../../node_modules/@prisma/internals/src/logger.ts:13:11)

  console.log
    prisma:query UPDATE "public"."Booking" SET "paymentStatus" = CAST($1::text AS "public"."BookingPaymentStatus"), "status" = CAST($2::text AS "public"."BookingStatus"), "updatedAt" = $3 WHERE ("public"."Booking"."id" = $4 AND 1=1) RETURNING "public"."Booking"."id", "public"."Booking"."userId", "public"."Booking"."tripId", "public"."Booking"."status"::text, "public"."Booking"."notes", "public"."Booking"."startDate", "public"."Booking"."guests", "public"."Booking"."guestDetails", "public"."Booking"."totalPrice", "public"."Booking"."createdAt", "public"."Booking"."updatedAt", "public"."Booking"."paymentStatus"::text

      at Object.zc (../../node_modules/@prisma/internals/src/logger.ts:13:11)

  console.log
    prisma:query COMMIT

      at Object.zc (../../node_modules/@prisma/internals/src/logger.ts:13:11)

  console.log
    prisma:query SELECT "public"."Booking"."id", "public"."Booking"."userId", "public"."Booking"."tripId", "public"."Booking"."status"::text, "public"."Booking"."notes", "public"."Booking"."startDate", "public"."Booking"."guests", "public"."Booking"."guestDetails", "public"."Booking"."totalPrice", "public"."Booking"."createdAt", "public"."Booking"."updatedAt", "public"."Booking"."paymentStatus"::text FROM "public"."Booking" WHERE ("public"."Booking"."id" = $1 AND 1=1) LIMIT $2 OFFSET $3

      at Object.zc (../../node_modules/@prisma/internals/src/logger.ts:13:11)

  console.log
    prisma:query SELECT "public"."Trip"."id", "public"."Trip"."title", "public"."Trip"."slug", "public"."Trip"."description", "public"."Trip"."itinerary", "public"."Trip"."durationDays", "public"."Trip"."difficulty"::text, "public"."Trip"."location", "public"."Trip"."price", "public"."Trip"."status"::text, "public"."Trip"."category"::text, "public"."Trip"."startPoint", "public"."Trip"."endPoint", "public"."Trip"."altitude", "public"."Trip"."distance", "public"."Trip"."itineraryPdf", "public"."Trip"."highlights", "public"."Trip"."inclusions", "public"."Trip"."exclusions", "public"."Trip"."cancellationPolicy", "public"."Trip"."thingsToPack", "public"."Trip"."faqs", "public"."Trip"."seasons", "public"."Trip"."coverImageId", "public"."Trip"."heroImageId", "public"."Trip"."deletedAt", "public"."Trip"."createdById", "public"."Trip"."approvedById", "public"."Trip"."publishedAt", "public"."Trip"."createdAt", "public"."Trip"."updatedAt", "public"."Trip"."capacity", "public"."Trip"."startDate", "public"."Trip"."endDate", "public"."Trip"."managerId", "public"."Trip"."documentation", "public"."Trip"."isFeatured" FROM "public"."Trip" WHERE "public"."Trip"."id" IN ($1) OFFSET $2

      at Object.zc (../../node_modules/@prisma/internals/src/logger.ts:13:11)

  console.log
    prisma:query SELECT "public"."Payment"."id", "public"."Payment"."bookingId", "public"."Payment"."provider"::text, "public"."Payment"."providerOrderId", "public"."Payment"."providerPaymentId", "public"."Payment"."razorpayRefundId", "public"."Payment"."rawPayload", "public"."Payment"."proofUrl", "public"."Payment"."amount", "public"."Payment"."currency", "public"."Payment"."refundedAmount", "public"."Payment"."disputeId", "public"."Payment"."status"::text, "public"."Payment"."method"::text, "public"."Payment"."createdAt", "public"."Payment"."updatedAt" FROM "public"."Payment" WHERE ("public"."Payment"."id" = $1 AND 1=1) LIMIT $2 OFFSET $3

      at Object.zc (../../node_modules/@prisma/internals/src/logger.ts:13:11)

  console.log
    prisma:query SELECT "public"."Booking"."id", "public"."Booking"."userId", "public"."Booking"."tripId", "public"."Booking"."status"::text, "public"."Booking"."notes", "public"."Booking"."startDate", "public"."Booking"."guests", "public"."Booking"."guestDetails", "public"."Booking"."totalPrice", "public"."Booking"."createdAt", "public"."Booking"."updatedAt", "public"."Booking"."paymentStatus"::text FROM "public"."Booking" WHERE ("public"."Booking"."id" = $1 AND 1=1) LIMIT $2 OFFSET $3

      at Object.zc (../../node_modules/@prisma/internals/src/logger.ts:13:11)

  console.log
    prisma:query DELETE FROM "public"."Payment" WHERE 1=1

      at Object.zc (../../node_modules/@prisma/internals/src/logger.ts:13:11)

  console.log
    prisma:query DELETE FROM "public"."Booking" WHERE 1=1

      at Object.zc (../../node_modules/@prisma/internals/src/logger.ts:13:11)

  console.log
    prisma:query INSERT INTO "public"."Booking" ("id","userId","tripId","status","startDate","guests","guestDetails","totalPrice","createdAt","updatedAt","paymentStatus") VALUES ($1,$2,$3,CAST($4::text AS "public"."BookingStatus"),$5,$6,$7,$8,$9,$10,CAST($11::text AS "public"."BookingPaymentStatus")) RETURNING "public"."Booking"."id", "public"."Booking"."userId", "public"."Booking"."tripId", "public"."Booking"."status"::text, "public"."Booking"."notes", "public"."Booking"."startDate", "public"."Booking"."guests", "public"."Booking"."guestDetails", "public"."Booking"."totalPrice", "public"."Booking"."createdAt", "public"."Booking"."updatedAt", "public"."Booking"."paymentStatus"::text

      at Object.zc (../../node_modules/@prisma/internals/src/logger.ts:13:11)

  console.log
    prisma:query INSERT INTO "public"."Payment" ("id","bookingId","provider","providerOrderId","amount","currency","refundedAmount","status","method","createdAt","updatedAt") VALUES ($1,$2,CAST($3::text AS "public"."PaymentProvider"),$4,$5,$6,$7,CAST($8::text AS "public"."PaymentStatus"),CAST($9::text AS "public"."PaymentMethod"),$10,$11) RETURNING "public"."Payment"."id", "public"."Payment"."bookingId", "public"."Payment"."provider"::text, "public"."Payment"."providerOrderId", "public"."Payment"."providerPaymentId", "public"."Payment"."razorpayRefundId", "public"."Payment"."rawPayload", "public"."Payment"."proofUrl", "public"."Payment"."amount", "public"."Payment"."currency", "public"."Payment"."refundedAmount", "public"."Payment"."disputeId", "public"."Payment"."status"::text, "public"."Payment"."method"::text, "public"."Payment"."createdAt", "public"."Payment"."updatedAt"

      at Object.zc (../../node_modules/@prisma/internals/src/logger.ts:13:11)

2026-01-28 12:28:18 [32minfo[39m: Processing Razorpay webhook: payment.failed
  console.log
    prisma:query SELECT "public"."Payment"."id", "public"."Payment"."bookingId", "public"."Payment"."provider"::text, "public"."Payment"."providerOrderId", "public"."Payment"."providerPaymentId", "public"."Payment"."razorpayRefundId", "public"."Payment"."rawPayload", "public"."Payment"."proofUrl", "public"."Payment"."amount", "public"."Payment"."currency", "public"."Payment"."refundedAmount", "public"."Payment"."disputeId", "public"."Payment"."status"::text, "public"."Payment"."method"::text, "public"."Payment"."createdAt", "public"."Payment"."updatedAt" FROM "public"."Payment" WHERE ("public"."Payment"."providerOrderId" = $1 AND 1=1) LIMIT $2 OFFSET $3

      at Object.zc (../../node_modules/@prisma/internals/src/logger.ts:13:11)

  console.log
    prisma:query BEGIN

      at Object.zc (../../node_modules/@prisma/internals/src/logger.ts:13:11)

  console.log
    prisma:query UPDATE "public"."Payment" SET "providerPaymentId" = $1, "status" = CAST($2::text AS "public"."PaymentStatus"), "rawPayload" = $3, "updatedAt" = $4 WHERE ("public"."Payment"."id" = $5 AND 1=1) RETURNING "public"."Payment"."id", "public"."Payment"."bookingId", "public"."Payment"."provider"::text, "public"."Payment"."providerOrderId", "public"."Payment"."providerPaymentId", "public"."Payment"."razorpayRefundId", "public"."Payment"."rawPayload", "public"."Payment"."proofUrl", "public"."Payment"."amount", "public"."Payment"."currency", "public"."Payment"."refundedAmount", "public"."Payment"."disputeId", "public"."Payment"."status"::text, "public"."Payment"."method"::text, "public"."Payment"."createdAt", "public"."Payment"."updatedAt"

      at Object.zc (../../node_modules/@prisma/internals/src/logger.ts:13:11)

  console.log
    prisma:query UPDATE "public"."Booking" SET "paymentStatus" = CAST($1::text AS "public"."BookingPaymentStatus"), "updatedAt" = $2 WHERE ("public"."Booking"."id" = $3 AND 1=1) RETURNING "public"."Booking"."id", "public"."Booking"."userId", "public"."Booking"."tripId", "public"."Booking"."status"::text, "public"."Booking"."notes", "public"."Booking"."startDate", "public"."Booking"."guests", "public"."Booking"."guestDetails", "public"."Booking"."totalPrice", "public"."Booking"."createdAt", "public"."Booking"."updatedAt", "public"."Booking"."paymentStatus"::text

      at Object.zc (../../node_modules/@prisma/internals/src/logger.ts:13:11)

  console.log
    prisma:query COMMIT

      at Object.zc (../../node_modules/@prisma/internals/src/logger.ts:13:11)

  console.log
    prisma:query SELECT "public"."Booking"."id", "public"."Booking"."userId", "public"."Booking"."tripId", "public"."Booking"."status"::text, "public"."Booking"."notes", "public"."Booking"."startDate", "public"."Booking"."guests", "public"."Booking"."guestDetails", "public"."Booking"."totalPrice", "public"."Booking"."createdAt", "public"."Booking"."updatedAt", "public"."Booking"."paymentStatus"::text FROM "public"."Booking" WHERE ("public"."Booking"."id" = $1 AND 1=1) LIMIT $2 OFFSET $3

      at Object.zc (../../node_modules/@prisma/internals/src/logger.ts:13:11)

  console.log
    prisma:query SELECT "public"."Trip"."id", "public"."Trip"."title", "public"."Trip"."slug", "public"."Trip"."description", "public"."Trip"."itinerary", "public"."Trip"."durationDays", "public"."Trip"."difficulty"::text, "public"."Trip"."location", "public"."Trip"."price", "public"."Trip"."status"::text, "public"."Trip"."category"::text, "public"."Trip"."startPoint", "public"."Trip"."endPoint", "public"."Trip"."altitude", "public"."Trip"."distance", "public"."Trip"."itineraryPdf", "public"."Trip"."highlights", "public"."Trip"."inclusions", "public"."Trip"."exclusions", "public"."Trip"."cancellationPolicy", "public"."Trip"."thingsToPack", "public"."Trip"."faqs", "public"."Trip"."seasons", "public"."Trip"."coverImageId", "public"."Trip"."heroImageId", "public"."Trip"."deletedAt", "public"."Trip"."createdById", "public"."Trip"."approvedById", "public"."Trip"."publishedAt", "public"."Trip"."createdAt", "public"."Trip"."updatedAt", "public"."Trip"."capacity", "public"."Trip"."startDate", "public"."Trip"."endDate", "public"."Trip"."managerId", "public"."Trip"."documentation", "public"."Trip"."isFeatured" FROM "public"."Trip" WHERE "public"."Trip"."id" IN ($1) OFFSET $2

      at Object.zc (../../node_modules/@prisma/internals/src/logger.ts:13:11)

  console.log
    prisma:query SELECT "public"."Payment"."id", "public"."Payment"."bookingId", "public"."Payment"."provider"::text, "public"."Payment"."providerOrderId", "public"."Payment"."providerPaymentId", "public"."Payment"."razorpayRefundId", "public"."Payment"."rawPayload", "public"."Payment"."proofUrl", "public"."Payment"."amount", "public"."Payment"."currency", "public"."Payment"."refundedAmount", "public"."Payment"."disputeId", "public"."Payment"."status"::text, "public"."Payment"."method"::text, "public"."Payment"."createdAt", "public"."Payment"."updatedAt" FROM "public"."Payment" WHERE "public"."Payment"."providerOrderId" = $1 LIMIT $2 OFFSET $3

      at Object.zc (../../node_modules/@prisma/internals/src/logger.ts:13:11)

  console.log
    prisma:query SELECT "public"."Booking"."id", "public"."Booking"."userId", "public"."Booking"."tripId", "public"."Booking"."status"::text, "public"."Booking"."notes", "public"."Booking"."startDate", "public"."Booking"."guests", "public"."Booking"."guestDetails", "public"."Booking"."totalPrice", "public"."Booking"."createdAt", "public"."Booking"."updatedAt", "public"."Booking"."paymentStatus"::text FROM "public"."Booking" WHERE ("public"."Booking"."id" = $1 AND 1=1) LIMIT $2 OFFSET $3

      at Object.zc (../../node_modules/@prisma/internals/src/logger.ts:13:11)

  console.log
    prisma:query DELETE FROM "public"."Payment" WHERE 1=1

      at Object.zc (../../node_modules/@prisma/internals/src/logger.ts:13:11)

  console.log
    prisma:query DELETE FROM "public"."Booking" WHERE 1=1

      at Object.zc (../../node_modules/@prisma/internals/src/logger.ts:13:11)

  console.log
    prisma:query INSERT INTO "public"."Booking" ("id","userId","tripId","status","startDate","guests","guestDetails","totalPrice","createdAt","updatedAt","paymentStatus") VALUES ($1,$2,$3,CAST($4::text AS "public"."BookingStatus"),$5,$6,$7,$8,$9,$10,CAST($11::text AS "public"."BookingPaymentStatus")) RETURNING "public"."Booking"."id", "public"."Booking"."userId", "public"."Booking"."tripId", "public"."Booking"."status"::text, "public"."Booking"."notes", "public"."Booking"."startDate", "public"."Booking"."guests", "public"."Booking"."guestDetails", "public"."Booking"."totalPrice", "public"."Booking"."createdAt", "public"."Booking"."updatedAt", "public"."Booking"."paymentStatus"::text

      at Object.zc (../../node_modules/@prisma/internals/src/logger.ts:13:11)

  console.log
    prisma:query INSERT INTO "public"."Payment" ("id","bookingId","provider","providerOrderId","providerPaymentId","amount","currency","refundedAmount","status","method","createdAt","updatedAt") VALUES ($1,$2,CAST($3::text AS "public"."PaymentProvider"),$4,$5,$6,$7,$8,CAST($9::text AS "public"."PaymentStatus"),CAST($10::text AS "public"."PaymentMethod"),$11,$12) RETURNING "public"."Payment"."id", "public"."Payment"."bookingId", "public"."Payment"."provider"::text, "public"."Payment"."providerOrderId", "public"."Payment"."providerPaymentId", "public"."Payment"."razorpayRefundId", "public"."Payment"."rawPayload", "public"."Payment"."proofUrl", "public"."Payment"."amount", "public"."Payment"."currency", "public"."Payment"."refundedAmount", "public"."Payment"."disputeId", "public"."Payment"."status"::text, "public"."Payment"."method"::text, "public"."Payment"."createdAt", "public"."Payment"."updatedAt"

      at Object.zc (../../node_modules/@prisma/internals/src/logger.ts:13:11)

2026-01-28 12:28:18 [32minfo[39m: Processing Razorpay webhook: refund.processed
  console.log
    prisma:query SELECT "public"."Payment"."id", "public"."Payment"."bookingId", "public"."Payment"."provider"::text, "public"."Payment"."providerOrderId", "public"."Payment"."providerPaymentId", "public"."Payment"."razorpayRefundId", "public"."Payment"."rawPayload", "public"."Payment"."proofUrl", "public"."Payment"."amount", "public"."Payment"."currency", "public"."Payment"."refundedAmount", "public"."Payment"."disputeId", "public"."Payment"."status"::text, "public"."Payment"."method"::text, "public"."Payment"."createdAt", "public"."Payment"."updatedAt" FROM "public"."Payment" WHERE ("public"."Payment"."providerPaymentId" = $1 AND 1=1) LIMIT $2 OFFSET $3

      at Object.zc (../../node_modules/@prisma/internals/src/logger.ts:13:11)

  console.log
    prisma:query BEGIN

      at Object.zc (../../node_modules/@prisma/internals/src/logger.ts:13:11)

  console.log
    prisma:query UPDATE "public"."Payment" SET "status" = CAST($1::text AS "public"."PaymentStatus"), "rawPayload" = $2, "updatedAt" = $3 WHERE ("public"."Payment"."id" = $4 AND 1=1) RETURNING "public"."Payment"."id", "public"."Payment"."bookingId", "public"."Payment"."provider"::text, "public"."Payment"."providerOrderId", "public"."Payment"."providerPaymentId", "public"."Payment"."razorpayRefundId", "public"."Payment"."rawPayload", "public"."Payment"."proofUrl", "public"."Payment"."amount", "public"."Payment"."currency", "public"."Payment"."refundedAmount", "public"."Payment"."disputeId", "public"."Payment"."status"::text, "public"."Payment"."method"::text, "public"."Payment"."createdAt", "public"."Payment"."updatedAt"

      at Object.zc (../../node_modules/@prisma/internals/src/logger.ts:13:11)

  console.log
    prisma:query UPDATE "public"."Booking" SET "paymentStatus" = CAST($1::text AS "public"."BookingPaymentStatus"), "status" = CAST($2::text AS "public"."BookingStatus"), "updatedAt" = $3 WHERE ("public"."Booking"."id" = $4 AND 1=1) RETURNING "public"."Booking"."id", "public"."Booking"."userId", "public"."Booking"."tripId", "public"."Booking"."status"::text, "public"."Booking"."notes", "public"."Booking"."startDate", "public"."Booking"."guests", "public"."Booking"."guestDetails", "public"."Booking"."totalPrice", "public"."Booking"."createdAt", "public"."Booking"."updatedAt", "public"."Booking"."paymentStatus"::text

      at Object.zc (../../node_modules/@prisma/internals/src/logger.ts:13:11)

  console.log
    prisma:query COMMIT

      at Object.zc (../../node_modules/@prisma/internals/src/logger.ts:13:11)

  console.log
    prisma:query SELECT "public"."Booking"."id", "public"."Booking"."userId", "public"."Booking"."tripId", "public"."Booking"."status"::text, "public"."Booking"."notes", "public"."Booking"."startDate", "public"."Booking"."guests", "public"."Booking"."guestDetails", "public"."Booking"."totalPrice", "public"."Booking"."createdAt", "public"."Booking"."updatedAt", "public"."Booking"."paymentStatus"::text FROM "public"."Booking" WHERE ("public"."Booking"."id" = $1 AND 1=1) LIMIT $2 OFFSET $3

      at Object.zc (../../node_modules/@prisma/internals/src/logger.ts:13:11)

  console.log
    prisma:query SELECT "public"."Trip"."id", "public"."Trip"."title", "public"."Trip"."slug", "public"."Trip"."description", "public"."Trip"."itinerary", "public"."Trip"."durationDays", "public"."Trip"."difficulty"::text, "public"."Trip"."location", "public"."Trip"."price", "public"."Trip"."status"::text, "public"."Trip"."category"::text, "public"."Trip"."startPoint", "public"."Trip"."endPoint", "public"."Trip"."altitude", "public"."Trip"."distance", "public"."Trip"."itineraryPdf", "public"."Trip"."highlights", "public"."Trip"."inclusions", "public"."Trip"."exclusions", "public"."Trip"."cancellationPolicy", "public"."Trip"."thingsToPack", "public"."Trip"."faqs", "public"."Trip"."seasons", "public"."Trip"."coverImageId", "public"."Trip"."heroImageId", "public"."Trip"."deletedAt", "public"."Trip"."createdById", "public"."Trip"."approvedById", "public"."Trip"."publishedAt", "public"."Trip"."createdAt", "public"."Trip"."updatedAt", "public"."Trip"."capacity", "public"."Trip"."startDate", "public"."Trip"."endDate", "public"."Trip"."managerId", "public"."Trip"."documentation", "public"."Trip"."isFeatured" FROM "public"."Trip" WHERE "public"."Trip"."id" IN ($1) OFFSET $2

      at Object.zc (../../node_modules/@prisma/internals/src/logger.ts:13:11)

  console.log
    prisma:query SELECT "public"."Payment"."id", "public"."Payment"."bookingId", "public"."Payment"."provider"::text, "public"."Payment"."providerOrderId", "public"."Payment"."providerPaymentId", "public"."Payment"."razorpayRefundId", "public"."Payment"."rawPayload", "public"."Payment"."proofUrl", "public"."Payment"."amount", "public"."Payment"."currency", "public"."Payment"."refundedAmount", "public"."Payment"."disputeId", "public"."Payment"."status"::text, "public"."Payment"."method"::text, "public"."Payment"."createdAt", "public"."Payment"."updatedAt" FROM "public"."Payment" WHERE "public"."Payment"."providerPaymentId" = $1 LIMIT $2 OFFSET $3

      at Object.zc (../../node_modules/@prisma/internals/src/logger.ts:13:11)

  console.log
    prisma:query SELECT "public"."Booking"."id", "public"."Booking"."userId", "public"."Booking"."tripId", "public"."Booking"."status"::text, "public"."Booking"."notes", "public"."Booking"."startDate", "public"."Booking"."guests", "public"."Booking"."guestDetails", "public"."Booking"."totalPrice", "public"."Booking"."createdAt", "public"."Booking"."updatedAt", "public"."Booking"."paymentStatus"::text FROM "public"."Booking" WHERE ("public"."Booking"."id" = $1 AND 1=1) LIMIT $2 OFFSET $3

      at Object.zc (../../node_modules/@prisma/internals/src/logger.ts:13:11)

  console.log
    prisma:query DELETE FROM "public"."Payment" WHERE 1=1

      at Object.zc (../../node_modules/@prisma/internals/src/logger.ts:13:11)

  console.log
    prisma:query DELETE FROM "public"."Booking" WHERE 1=1

      at Object.zc (../../node_modules/@prisma/internals/src/logger.ts:13:11)

  console.log
    prisma:query DELETE FROM "public"."Payment" WHERE 1=1

      at Object.zc (../../node_modules/@prisma/internals/src/logger.ts:13:11)

  console.log
    prisma:query DELETE FROM "public"."Booking" WHERE 1=1

      at Object.zc (../../node_modules/@prisma/internals/src/logger.ts:13:11)

  console.log
    prisma:query DELETE FROM "public"."Blog" WHERE 1=1

      at Object.zc (../../node_modules/@prisma/internals/src/logger.ts:13:11)

  console.log
    prisma:query DELETE FROM "public"."Trip" WHERE 1=1

      at Object.zc (../../node_modules/@prisma/internals/src/logger.ts:13:11)

  console.log
    prisma:query DELETE FROM "public"."User" WHERE 1=1

      at Object.zc (../../node_modules/@prisma/internals/src/logger.ts:13:11)

PASS tests/integration/webhooks.test.ts
  Razorpay Webhooks
    ΓêÜ returns 400 when signature header is missing (26 ms)
    ΓêÜ rejects invalid signature (22 ms)
    ΓêÜ processes payment.captured and updates booking/payment (69 ms)
    ΓêÜ processes payment.failed and marks failed (49 ms)
    ΓêÜ processes refund.processed and cancels booking (83 ms)

warn The configuration property `package.json#prisma` is deprecated and will be removed in Prisma 7. Please migrate to a Prisma config file (e.g., 
`prisma.config.ts`).
For more information, see: https://pris.ly/prisma-config

Loaded Prisma config from prisma.config.ts.

warn The Prisma config file in prisma.config.ts overrides the deprecated `package.json#prisma` property in package.json.
  For more information, see: https://pris.ly/prisma-config

Prisma config detected, skipping environment variable loading.
Prisma schema loaded from prisma\schema.prisma
Datasource "db": PostgreSQL database "param_adventures", schema "public" at "localhost:5433"

57 migrations found in prisma/migrations


No pending migrations to apply.
  console.log
    Sentry Disabled (No DSN)

      at Object.<anonymous> (src/instrument.ts:7:11)

  console.log
    Param Adventures API: Sentry Instrumented ≡ƒö¡

      at Object.<anonymous> (src/instrument.ts:20:9)

2026-01-28 12:28:21 [33mwarn[39m: Google OAuth credentials missing. Social login disabled.
  console.log
    --> Backend Initialized (v1.2.0) - Restore Route Active <--

      at Object.<anonymous> (src/app.ts:52:9)

2026-01-28 12:28:21 [31merror[39m: Failed to check token denylist
  console.log
    prisma:info Starting a postgresql pool with 25 connections.

      at Object.zc (../../node_modules/@prisma/internals/src/logger.ts:13:11)

  console.log
    prisma:query SELECT "public"."User"."id", "public"."User"."email", "public"."User"."password", "public"."User"."name", "public"."User"."nickname", "public"."User"."bio", "public"."User"."age", "public"."User"."gender"::text, "public"."User"."phoneNumber", "public"."User"."address", "public"."User"."status"::text, "public"."User"."statusReason", "public"."User"."preferences", "public"."User"."googleId", "public"."User"."avatarUrl", "public"."User"."createdAt", "public"."User"."updatedAt", "public"."User"."avatarImageId", "public"."User"."deletedAt" FROM "public"."User" WHERE ("public"."User"."id" = $1 AND 1=1) LIMIT $2 OFFSET $3

      at Object.zc (../../node_modules/@prisma/internals/src/logger.ts:13:11)

  console.log
    prisma:query SELECT "public"."UserRole"."userId", "public"."UserRole"."roleId" FROM "public"."UserRole" WHERE "public"."UserRole"."userId" IN ($1) OFFSET $2

      at Object.zc (../../node_modules/@prisma/internals/src/logger.ts:13:11)

  console.log
    prisma:query BEGIN

      at Object.zc (../../node_modules/@prisma/internals/src/logger.ts:13:11)

  console.log
    prisma:query UPDATE "public"."User" SET "nickname" = $1, "bio" = $2, "preferences" = $3, "updatedAt" = $4 WHERE ("public"."User"."id" = $5 AND 1=1) RETURNING "public"."User"."id", "public"."User"."email", "public"."User"."password", "public"."User"."name", "public"."User"."nickname", "public"."User"."bio", "public"."User"."age", "public"."User"."gender"::text, "public"."User"."phoneNumber", "public"."User"."address", "public"."User"."status"::text, "public"."User"."statusReason", "public"."User"."preferences", "public"."User"."googleId", "public"."User"."avatarUrl", "public"."User"."createdAt", "public"."User"."updatedAt", "public"."User"."avatarImageId", "public"."User"."deletedAt"

      at Object.zc (../../node_modules/@prisma/internals/src/logger.ts:13:11)

  console.log
    prisma:query SELECT "public"."User"."id", "public"."User"."email", "public"."User"."password", "public"."User"."name", "public"."User"."nickname", "public"."User"."bio", "public"."User"."age", "public"."User"."gender"::text, "public"."User"."phoneNumber", "public"."User"."address", "public"."User"."status"::text, "public"."User"."statusReason", "public"."User"."preferences", "public"."User"."googleId", "public"."User"."avatarUrl", "public"."User"."createdAt", "public"."User"."updatedAt", "public"."User"."avatarImageId", "public"."User"."deletedAt" FROM "public"."User" WHERE "public"."User"."id" = $1 LIMIT $2 OFFSET $3

      at Object.zc (../../node_modules/@prisma/internals/src/logger.ts:13:11)

  console.log
    prisma:query COMMIT

      at Object.zc (../../node_modules/@prisma/internals/src/logger.ts:13:11)

  console.log
    prisma:query INSERT INTO "public"."AuditLog" ("id","actorId","action","targetType","targetId","metadata","createdAt") VALUES ($1,$2,CAST($3::text AS "public"."AuditAction"),$4,$5,$6,$7) RETURNING "public"."AuditLog"."id", "public"."AuditLog"."actorId", "public"."AuditLog"."action"::text, "public"."AuditLog"."targetType", "public"."AuditLog"."targetId", "public"."AuditLog"."metadata", "public"."AuditLog"."createdAt"

      at Object.zc (../../node_modules/@prisma/internals/src/logger.ts:13:11)

2026-01-28 12:28:21 [32minfo[39m: ::ffff:127.0.0.1 - - [28/Jan/2026:06:58:21 +0000] "PATCH /api/v1/users/profile HTTP/1.1" 200 604 "-" "-"
2026-01-28 12:28:21 [32minfo[39m: ::ffff:127.0.0.1 - - [28/Jan/2026:06:58:21 +0000] "PATCH /api/v1/users/profile HTTP/1.1" 401 25 "-" "-"
PASS tests/integration/user_profile.test.ts
  User Profile Integration
    ΓêÜ should update user profile (preferences and bio) (91 ms)
    ΓêÜ should return 401 if unauthorized (15 ms)

warn The configuration property `package.json#prisma` is deprecated and will be removed in Prisma 7. Please migrate to a Prisma config file (e.g., 
`prisma.config.ts`).
For more information, see: https://pris.ly/prisma-config

Loaded Prisma config from prisma.config.ts.

warn The Prisma config file in prisma.config.ts overrides the deprecated `package.json#prisma` property in package.json.
  For more information, see: https://pris.ly/prisma-config

Prisma config detected, skipping environment variable loading.
Prisma schema loaded from prisma\schema.prisma
Datasource "db": PostgreSQL database "param_adventures", schema "public" at "localhost:5433"

57 migrations found in prisma/migrations


No pending migrations to apply.
  console.log
    Sentry Disabled (No DSN)

      at Object.<anonymous> (src/instrument.ts:7:11)

  console.log
    Param Adventures API: Sentry Instrumented ≡ƒö¡

      at Object.<anonymous> (src/instrument.ts:20:9)

2026-01-28 12:28:25 [33mwarn[39m: Google OAuth credentials missing. Social login disabled.
  console.log
    --> Backend Initialized (v1.2.0) - Restore Route Active <--

      at Object.<anonymous> (src/app.ts:52:9)

2026-01-28 12:28:25 [31merror[39m: Failed to check token denylist
  console.log
    prisma:info Starting a postgresql pool with 25 connections.

      at Object.zc (../../node_modules/@prisma/internals/src/logger.ts:13:11)

  console.log
    prisma:query SELECT "public"."User"."id", "public"."User"."email", "public"."User"."password", "public"."User"."name", "public"."User"."nickname", "public"."User"."bio", "public"."User"."age", "public"."User"."gender"::text, "public"."User"."phoneNumber", "public"."User"."address", "public"."User"."status"::text, "public"."User"."statusReason", "public"."User"."preferences", "public"."User"."googleId", "public"."User"."avatarUrl", "public"."User"."createdAt", "public"."User"."updatedAt", "public"."User"."avatarImageId", "public"."User"."deletedAt" FROM "public"."User" WHERE ("public"."User"."id" = $1 AND 1=1) LIMIT $2 OFFSET $3

      at Object.zc (../../node_modules/@prisma/internals/src/logger.ts:13:11)

  console.log
    prisma:query SELECT "public"."UserRole"."userId", "public"."UserRole"."roleId" FROM "public"."UserRole" WHERE "public"."UserRole"."userId" IN ($1) OFFSET $2

      at Object.zc (../../node_modules/@prisma/internals/src/logger.ts:13:11)

  console.log
    prisma:query SELECT "public"."Role"."id", "public"."Role"."name", "public"."Role"."description", "public"."Role"."isSystem", "public"."Role"."createdAt" FROM "public"."Role" WHERE "public"."Role"."id" IN ($1) OFFSET $2

      at Object.zc (../../node_modules/@prisma/internals/src/logger.ts:13:11)

  console.log
    prisma:query SELECT "public"."RolePermission"."roleId", "public"."RolePermission"."permissionId" FROM "public"."RolePermission" WHERE "public"."RolePermission"."roleId" IN ($1) OFFSET $2

      at Object.zc (../../node_modules/@prisma/internals/src/logger.ts:13:11)

  console.log
    prisma:query SELECT "public"."Permission"."id", "public"."Permission"."key", "public"."Permission"."description", "public"."Permission"."category", "public"."Permission"."createdAt" FROM "public"."Permission" WHERE "public"."Permission"."id" IN ($1) OFFSET $2

      at Object.zc (../../node_modules/@prisma/internals/src/logger.ts:13:11)

  console.log
    prisma:query SELECT "public"."User"."id", "public"."User"."email", "public"."User"."password", "public"."User"."name", "public"."User"."nickname", "public"."User"."bio", "public"."User"."age", "public"."User"."gender"::text, "public"."User"."phoneNumber", "public"."User"."address", "public"."User"."status"::text, "public"."User"."statusReason", "public"."User"."preferences", "public"."User"."googleId", "public"."User"."avatarUrl", "public"."User"."createdAt", "public"."User"."updatedAt", "public"."User"."avatarImageId", "public"."User"."deletedAt" FROM "public"."User" WHERE ("public"."User"."id" = $1 AND 1=1) LIMIT $2 OFFSET $3

      at Object.zc (../../node_modules/@prisma/internals/src/logger.ts:13:11)

  console.log
    prisma:query SELECT "public"."UserRole"."userId", "public"."UserRole"."roleId" FROM "public"."UserRole" WHERE "public"."UserRole"."userId" IN ($1) OFFSET $2

      at Object.zc (../../node_modules/@prisma/internals/src/logger.ts:13:11)

  console.log
    prisma:query SELECT "public"."Role"."id", "public"."Role"."name", "public"."Role"."description", "public"."Role"."isSystem", "public"."Role"."createdAt" FROM "public"."Role" WHERE "public"."Role"."id" IN ($1) OFFSET $2

      at Object.zc (../../node_modules/@prisma/internals/src/logger.ts:13:11)

  console.log
    prisma:query SELECT "public"."RolePermission"."roleId", "public"."RolePermission"."permissionId" FROM "public"."RolePermission" WHERE "public"."RolePermission"."roleId" IN ($1) OFFSET $2

      at Object.zc (../../node_modules/@prisma/internals/src/logger.ts:13:11)

  console.log
    prisma:query SELECT "public"."Permission"."id", "public"."Permission"."key", "public"."Permission"."description", "public"."Permission"."category", "public"."Permission"."createdAt" FROM "public"."Permission" WHERE "public"."Permission"."id" IN ($1) OFFSET $2

      at Object.zc (../../node_modules/@prisma/internals/src/logger.ts:13:11)

  console.log
    prisma:query SELECT "public"."User"."id", "public"."User"."email", "public"."User"."name", "public"."User"."status"::text, "public"."User"."createdAt", "public"."User"."avatarImageId" FROM "public"."User" WHERE 1=1 OFFSET $1

      at Object.zc (../../node_modules/@prisma/internals/src/logger.ts:13:11)

  console.log
    prisma:query SELECT "public"."UserRole"."userId", "public"."UserRole"."roleId" FROM "public"."UserRole" WHERE "public"."UserRole"."userId" IN ($1,$2) OFFSET $3

      at Object.zc (../../node_modules/@prisma/internals/src/logger.ts:13:11)

  console.log
    prisma:query SELECT "public"."Role"."id", "public"."Role"."name", "public"."Role"."description", "public"."Role"."isSystem", "public"."Role"."createdAt" FROM "public"."Role" WHERE "public"."Role"."id" IN ($1) OFFSET $2

      at Object.zc (../../node_modules/@prisma/internals/src/logger.ts:13:11)

2026-01-28 12:28:25 [32minfo[39m: ::ffff:127.0.0.1 - - [28/Jan/2026:06:58:25 +0000] "GET /api/v1/admin/users HTTP/1.1" 200 424 "-" "-"
  console.log
    prisma:query INSERT INTO "public"."AuditLog" ("id","actorId","action","targetType","metadata","createdAt") VALUES ($1,$2,CAST($3::text AS "public"."AuditAction"),$4,$5,$6) RETURNING "public"."AuditLog"."id", "public"."AuditLog"."actorId", "public"."AuditLog"."action"::text, "public"."AuditLog"."targetType", "public"."AuditLog"."targetId", "public"."AuditLog"."metadata", "public"."AuditLog"."createdAt"

      at Object.zc (../../node_modules/@prisma/internals/src/logger.ts:13:11)

2026-01-28 12:28:25 [31merror[39m: Failed to check token denylist
  console.log
    prisma:query SELECT "public"."User"."id", "public"."User"."email", "public"."User"."password", "public"."User"."name", "public"."User"."nickname", "public"."User"."bio", "public"."User"."age", "public"."User"."gender"::text, "public"."User"."phoneNumber", "public"."User"."address", "public"."User"."status"::text, "public"."User"."statusReason", "public"."User"."preferences", "public"."User"."googleId", "public"."User"."avatarUrl", "public"."User"."createdAt", "public"."User"."updatedAt", "public"."User"."avatarImageId", "public"."User"."deletedAt" FROM "public"."User" WHERE ("public"."User"."id" = $1 AND 1=1) LIMIT $2 OFFSET $3

      at Object.zc (../../node_modules/@prisma/internals/src/logger.ts:13:11)

  console.log
    prisma:query SELECT "public"."UserRole"."userId", "public"."UserRole"."roleId" FROM "public"."UserRole" WHERE "public"."UserRole"."userId" IN ($1) OFFSET $2

      at Object.zc (../../node_modules/@prisma/internals/src/logger.ts:13:11)

  console.log
    prisma:query SELECT "public"."User"."id", "public"."User"."email", "public"."User"."password", "public"."User"."name", "public"."User"."nickname", "public"."User"."bio", "public"."User"."age", "public"."User"."gender"::text, "public"."User"."phoneNumber", "public"."User"."address", "public"."User"."status"::text, "public"."User"."statusReason", "public"."User"."preferences", "public"."User"."googleId", "public"."User"."avatarUrl", "public"."User"."createdAt", "public"."User"."updatedAt", "public"."User"."avatarImageId", "public"."User"."deletedAt" FROM "public"."User" WHERE ("public"."User"."id" = $1 AND 1=1) LIMIT $2 OFFSET $3

      at Object.zc (../../node_modules/@prisma/internals/src/logger.ts:13:11)

  console.log
    prisma:query SELECT "public"."UserRole"."userId", "public"."UserRole"."roleId" FROM "public"."UserRole" WHERE "public"."UserRole"."userId" IN ($1) OFFSET $2

      at Object.zc (../../node_modules/@prisma/internals/src/logger.ts:13:11)

  console.log
    prisma:query SELECT "public"."User"."id", "public"."User"."email", "public"."User"."password", "public"."User"."name", "public"."User"."nickname", "public"."User"."bio", "public"."User"."age", "public"."User"."gender"::text, "public"."User"."phoneNumber", "public"."User"."address", "public"."User"."status"::text, "public"."User"."statusReason", "public"."User"."preferences", "public"."User"."googleId", "public"."User"."avatarUrl", "public"."User"."createdAt", "public"."User"."updatedAt", "public"."User"."avatarImageId", "public"."User"."deletedAt" FROM "public"."User" WHERE ("public"."User"."id" = $1 AND 1=1) LIMIT $2 OFFSET $3

      at Object.zc (../../node_modules/@prisma/internals/src/logger.ts:13:11)

  console.log
    prisma:query SELECT "public"."UserRole"."userId", "public"."UserRole"."roleId" FROM "public"."UserRole" WHERE "public"."UserRole"."userId" IN ($1) OFFSET $2

      at Object.zc (../../node_modules/@prisma/internals/src/logger.ts:13:11)

2026-01-28 12:28:25 [31merror[39m: HttpError: You do not have permission to perform this action (user:list)
    at new HttpError (C:\Users\akash\Documents\Param_Adventures_Phase1\apps\api\src\utils\httpError.js:32:24)
    at C:\Users\akash\Documents\Param_Adventures_Phase1\apps\api\src\middlewares\require-permission.middleware.ts:58:13
2026-01-28 12:28:25 [32minfo[39m: ::ffff:127.0.0.1 - - [28/Jan/2026:06:58:25 +0000] "GET /api/v1/admin/users HTTP/1.1" 403 168 "-" "-"
2026-01-28 12:28:25 [32minfo[39m: ::ffff:127.0.0.1 - - [28/Jan/2026:06:58:25 +0000] "GET /api/v1/admin/users HTTP/1.1" 401 25 "-" "-"
PASS tests/integration/admin.test.ts
  Admin RBAC Integration
    ΓêÜ should allow admin to list users (100 ms)
    ΓêÜ should forbid normal user (32 ms)
    ΓêÜ should require authentication (11 ms)

warn The configuration property `package.json#prisma` is deprecated and will be removed in Prisma 7. Please migrate to a Prisma config file (e.g., 
`prisma.config.ts`).
For more information, see: https://pris.ly/prisma-config

Loaded Prisma config from prisma.config.ts.

warn The Prisma config file in prisma.config.ts overrides the deprecated `package.json#prisma` property in package.json.
  For more information, see: https://pris.ly/prisma-config

Prisma config detected, skipping environment variable loading.
Prisma schema loaded from prisma\schema.prisma
Datasource "db": PostgreSQL database "param_adventures", schema "public" at "localhost:5433"

57 migrations found in prisma/migrations


No pending migrations to apply.
  console.log
    Sentry Disabled (No DSN)

      at Object.<anonymous> (src/instrument.ts:7:11)

  console.log
    Param Adventures API: Sentry Instrumented ≡ƒö¡

      at Object.<anonymous> (src/instrument.ts:20:9)

2026-01-28 12:28:28 [33mwarn[39m: Google OAuth credentials missing. Social login disabled.
  console.log
    --> Backend Initialized (v1.2.0) - Restore Route Active <--

      at Object.<anonymous> (src/app.ts:52:9)

2026-01-28 12:28:29 [31merror[39m: Failed to check token denylist
2026-01-28 12:28:29 [32minfo[39m: ::ffff:127.0.0.1 - - [28/Jan/2026:06:58:29 +0000] "POST /api/v1/trips HTTP/1.1" 201 461 "-" "-"
2026-01-28 12:28:29 [31merror[39m: Failed to check token denylist
2026-01-28 12:28:29 [31merror[39m: HttpError: You do not have permission to perform this action (trip:create)
    at new HttpError (C:\Users\akash\Documents\Param_Adventures_Phase1\apps\api\src\utils\httpError.js:32:24)
    at C:\Users\akash\Documents\Param_Adventures_Phase1\apps\api\src\middlewares\require-permission.middleware.ts:58:13
    at processTicksAndRejections (node:internal/process/task_queues:105:5)
2026-01-28 12:28:29 [32minfo[39m: ::ffff:127.0.0.1 - - [28/Jan/2026:06:58:29 +0000] "POST /api/v1/trips HTTP/1.1" 403 170 "-" "-"
PASS tests/integration/trip_creation.mock.test.ts
  Trip Creation Flow (Mocked)
    ΓêÜ should create a new trip successfully (55 ms)
    ΓêÜ should fail without permission (31 ms)

warn The configuration property `package.json#prisma` is deprecated and will be removed in Prisma 7. Please migrate to a Prisma config file (e.g., 
`prisma.config.ts`).
For more information, see: https://pris.ly/prisma-config

Loaded Prisma config from prisma.config.ts.

warn The Prisma config file in prisma.config.ts overrides the deprecated `package.json#prisma` property in package.json.
  For more information, see: https://pris.ly/prisma-config

Prisma config detected, skipping environment variable loading.
Prisma schema loaded from prisma\schema.prisma
Datasource "db": PostgreSQL database "param_adventures", schema "public" at "localhost:5433"

57 migrations found in prisma/migrations


No pending migrations to apply.
  console.log
    Sentry Disabled (No DSN)

      at Object.<anonymous> (src/instrument.ts:7:11)

  console.log
    Param Adventures API: Sentry Instrumented ≡ƒö¡

      at Object.<anonymous> (src/instrument.ts:20:9)

2026-01-28 12:28:32 [33mwarn[39m: Google OAuth credentials missing. Social login disabled.
  console.log
    --> Backend Initialized (v1.2.0) - Restore Route Active <--

      at Object.<anonymous> (src/app.ts:52:9)

2026-01-28 12:28:33 [32minfo[39m: ::ffff:127.0.0.1 - - [28/Jan/2026:06:58:33 +0000] "POST /api/v1/auth/register HTTP/1.1" 201 187 "-" "-"
  console.warn
    [AuthService] Registration failed: Email existing@example.com already registered

    [0m [90m 19 |[39m     [36mconst[39m existing [33m=[39m [36mawait[39m prisma[33m.[39muser[33m.[39mfindUnique({ where[33m:[39m { email[33m:[39m normalizedEmail } })[33m;[39m
     [90m 20 |[39m     [36mif[39m (existing) {
    [31m[1m>[22m[39m[90m 21 |[39m       console[33m.[39mwarn(
     [90m    |[39m               [31m[1m^[22m[39m
     [90m 22 |[39m         [32m`[AuthService] Registration failed: Email ${normalizedEmail} already registered`[39m[33m,[39m
     [90m 23 |[39m       )[33m;[39m
     [90m 24 |[39m       [36mthrow[39m [36mnew[39m [33mHttpError[39m([35m409[39m[33m,[39m [32m"EMAIL_REGISTERED"[39m[33m,[39m [32m"Email already registered"[39m)[33m;[39m[0m

      at AuthService.register (src/services/auth.service.ts:21:15)
      at src/controllers/auth.controller.ts:50:16

2026-01-28 12:28:33 [31merror[39m: HttpError: Email already registered
    at new HttpError (C:\Users\akash\Documents\Param_Adventures_Phase1\apps\api\src\utils\httpError.js:32:24)
    at AuthService.register (C:\Users\akash\Documents\Param_Adventures_Phase1\apps\api\src\services\auth.service.ts:24:13)
    at processTicksAndRejections (node:internal/process/task_queues:105:5)
    at C:\Users\akash\Documents\Param_Adventures_Phase1\apps\api\src\controllers\auth.controller.ts:50:16
2026-01-28 12:28:33 [32minfo[39m: ::ffff:127.0.0.1 - - [28/Jan/2026:06:58:33 +0000] "POST /api/v1/auth/register HTTP/1.1" 409 138 "-" "-"
PASS tests/integration/registration.mock.test.ts
  User Registration Flow (Mocked)
    ΓêÜ should register a new user successfully (448 ms)
    ΓêÜ should fail if email is already registered (25 ms)

warn The configuration property `package.json#prisma` is deprecated and will be removed in Prisma 7. Please migrate to a Prisma config file (e.g., 
`prisma.config.ts`).
For more information, see: https://pris.ly/prisma-config

Loaded Prisma config from prisma.config.ts.

warn The Prisma config file in prisma.config.ts overrides the deprecated `package.json#prisma` property in package.json.
  For more information, see: https://pris.ly/prisma-config

Prisma config detected, skipping environment variable loading.
Prisma schema loaded from prisma\schema.prisma
Datasource "db": PostgreSQL database "param_adventures", schema "public" at "localhost:5433"

57 migrations found in prisma/migrations


No pending migrations to apply.
  console.log
    Sentry Disabled (No DSN)

      at Object.<anonymous> (src/instrument.ts:7:11)

  console.log
    Param Adventures API: Sentry Instrumented ≡ƒö¡

      at Object.<anonymous> (src/instrument.ts:20:9)

2026-01-28 12:28:36 [33mwarn[39m: Google OAuth credentials missing. Social login disabled.
  console.log
    --> Backend Initialized (v1.2.0) - Restore Route Active <--

      at Object.<anonymous> (src/app.ts:52:9)

2026-01-28 12:28:37 [31merror[39m: Failed to check token denylist
  console.log
    prisma:info Starting a postgresql pool with 25 connections.

      at Object.zc (../../node_modules/@prisma/internals/src/logger.ts:13:11)

  console.log
    prisma:query SELECT "public"."User"."id", "public"."User"."email", "public"."User"."password", "public"."User"."name", "public"."User"."nickname", "public"."User"."bio", "public"."User"."age", "public"."User"."gender"::text, "public"."User"."phoneNumber", "public"."User"."address", "public"."User"."status"::text, "public"."User"."statusReason", "public"."User"."preferences", "public"."User"."googleId", "public"."User"."avatarUrl", "public"."User"."createdAt", "public"."User"."updatedAt", "public"."User"."avatarImageId", "public"."User"."deletedAt" FROM "public"."User" WHERE ("public"."User"."id" = $1 AND 1=1) LIMIT $2 OFFSET $3

      at Object.zc (../../node_modules/@prisma/internals/src/logger.ts:13:11)

  console.log
    prisma:query SELECT "public"."UserRole"."userId", "public"."UserRole"."roleId" FROM "public"."UserRole" WHERE "public"."UserRole"."userId" IN ($1) OFFSET $2

      at Object.zc (../../node_modules/@prisma/internals/src/logger.ts:13:11)

  console.log
    prisma:query SELECT "public"."Role"."id", "public"."Role"."name", "public"."Role"."description", "public"."Role"."isSystem", "public"."Role"."createdAt" FROM "public"."Role" WHERE "public"."Role"."id" IN ($1) OFFSET $2

      at Object.zc (../../node_modules/@prisma/internals/src/logger.ts:13:11)

  console.log
    prisma:query SELECT "public"."RolePermission"."roleId", "public"."RolePermission"."permissionId" FROM "public"."RolePermission" WHERE "public"."RolePermission"."roleId" IN ($1) OFFSET $2

      at Object.zc (../../node_modules/@prisma/internals/src/logger.ts:13:11)

  console.log
    prisma:query SELECT "public"."Permission"."id", "public"."Permission"."key", "public"."Permission"."description", "public"."Permission"."category", "public"."Permission"."createdAt" FROM "public"."Permission" WHERE "public"."Permission"."id" IN ($1) OFFSET $2

      at Object.zc (../../node_modules/@prisma/internals/src/logger.ts:13:11)

  console.log
    prisma:query SELECT "public"."User"."id", "public"."User"."email", "public"."User"."password", "public"."User"."name", "public"."User"."nickname", "public"."User"."bio", "public"."User"."age", "public"."User"."gender"::text, "public"."User"."phoneNumber", "public"."User"."address", "public"."User"."status"::text, "public"."User"."statusReason", "public"."User"."preferences", "public"."User"."googleId", "public"."User"."avatarUrl", "public"."User"."createdAt", "public"."User"."updatedAt", "public"."User"."avatarImageId", "public"."User"."deletedAt" FROM "public"."User" WHERE ("public"."User"."id" = $1 AND 1=1) LIMIT $2 OFFSET $3

      at Object.zc (../../node_modules/@prisma/internals/src/logger.ts:13:11)

  console.log
    prisma:query SELECT "public"."UserRole"."userId", "public"."UserRole"."roleId" FROM "public"."UserRole" WHERE "public"."UserRole"."userId" IN ($1) OFFSET $2

      at Object.zc (../../node_modules/@prisma/internals/src/logger.ts:13:11)

  console.log
    prisma:query SELECT "public"."Role"."id", "public"."Role"."name", "public"."Role"."description", "public"."Role"."isSystem", "public"."Role"."createdAt" FROM "public"."Role" WHERE "public"."Role"."id" IN ($1) OFFSET $2

      at Object.zc (../../node_modules/@prisma/internals/src/logger.ts:13:11)

  console.log
    prisma:query SELECT "public"."RolePermission"."roleId", "public"."RolePermission"."permissionId" FROM "public"."RolePermission" WHERE "public"."RolePermission"."roleId" IN ($1) OFFSET $2

      at Object.zc (../../node_modules/@prisma/internals/src/logger.ts:13:11)

  console.log
    prisma:query SELECT "public"."Permission"."id", "public"."Permission"."key", "public"."Permission"."description", "public"."Permission"."category", "public"."Permission"."createdAt" FROM "public"."Permission" WHERE "public"."Permission"."id" IN ($1) OFFSET $2

      at Object.zc (../../node_modules/@prisma/internals/src/logger.ts:13:11)

  console.log
    prisma:query SELECT "public"."ServerConfiguration"."id", "public"."ServerConfiguration"."category", "public"."ServerConfiguration"."key", "public"."ServerConfiguration"."value", "public"."ServerConfiguration"."description", "public"."ServerConfiguration"."dataType", "public"."ServerConfiguration"."isEncrypted", "public"."ServerConfiguration"."isEnvironmentVar", "public"."ServerConfiguration"."updatedBy", "public"."ServerConfiguration"."createdAt", "public"."ServerConfiguration"."updatedAt" FROM "public"."ServerConfiguration" WHERE 1=1 ORDER BY "public"."ServerConfiguration"."category" ASC, "public"."ServerConfiguration"."key" ASC OFFSET $1

      at Object.zc (../../node_modules/@prisma/internals/src/logger.ts:13:11)

2026-01-28 12:28:37 [33mwarn[39m: Cache set skipped - Redis not connected: server_config:all
2026-01-28 12:28:37 [32minfo[39m: ::ffff:127.0.0.1 - - [28/Jan/2026:06:58:37 +0000] "GET /api/v1/admin/server-config HTTP/1.1" 200 775 "-" "-"
2026-01-28 12:28:37 [31merror[39m: Failed to check token denylist
  console.log
    prisma:query SELECT "public"."User"."id", "public"."User"."email", "public"."User"."password", "public"."User"."name", "public"."User"."nickname", "public"."User"."bio", "public"."User"."age", "public"."User"."gender"::text, "public"."User"."phoneNumber", "public"."User"."address", "public"."User"."status"::text, "public"."User"."statusReason", "public"."User"."preferences", "public"."User"."googleId", "public"."User"."avatarUrl", "public"."User"."createdAt", "public"."User"."updatedAt", "public"."User"."avatarImageId", "public"."User"."deletedAt" FROM "public"."User" WHERE ("public"."User"."id" = $1 AND 1=1) LIMIT $2 OFFSET $3

      at Object.zc (../../node_modules/@prisma/internals/src/logger.ts:13:11)

  console.log
    prisma:query SELECT "public"."UserRole"."userId", "public"."UserRole"."roleId" FROM "public"."UserRole" WHERE "public"."UserRole"."userId" IN ($1) OFFSET $2

      at Object.zc (../../node_modules/@prisma/internals/src/logger.ts:13:11)

  console.log
    prisma:query SELECT "public"."Role"."id", "public"."Role"."name", "public"."Role"."description", "public"."Role"."isSystem", "public"."Role"."createdAt" FROM "public"."Role" WHERE "public"."Role"."id" IN ($1) OFFSET $2

      at Object.zc (../../node_modules/@prisma/internals/src/logger.ts:13:11)

  console.log
    prisma:query SELECT "public"."RolePermission"."roleId", "public"."RolePermission"."permissionId" FROM "public"."RolePermission" WHERE "public"."RolePermission"."roleId" IN ($1) OFFSET $2

      at Object.zc (../../node_modules/@prisma/internals/src/logger.ts:13:11)

  console.log
    prisma:query SELECT "public"."Permission"."id", "public"."Permission"."key", "public"."Permission"."description", "public"."Permission"."category", "public"."Permission"."createdAt" FROM "public"."Permission" WHERE "public"."Permission"."id" IN ($1) OFFSET $2

      at Object.zc (../../node_modules/@prisma/internals/src/logger.ts:13:11)

  console.log
    prisma:query SELECT "public"."User"."id", "public"."User"."email", "public"."User"."password", "public"."User"."name", "public"."User"."nickname", "public"."User"."bio", "public"."User"."age", "public"."User"."gender"::text, "public"."User"."phoneNumber", "public"."User"."address", "public"."User"."status"::text, "public"."User"."statusReason", "public"."User"."preferences", "public"."User"."googleId", "public"."User"."avatarUrl", "public"."User"."createdAt", "public"."User"."updatedAt", "public"."User"."avatarImageId", "public"."User"."deletedAt" FROM "public"."User" WHERE ("public"."User"."id" = $1 AND 1=1) LIMIT $2 OFFSET $3

      at Object.zc (../../node_modules/@prisma/internals/src/logger.ts:13:11)

  console.log
    prisma:query SELECT "public"."UserRole"."userId", "public"."UserRole"."roleId" FROM "public"."UserRole" WHERE "public"."UserRole"."userId" IN ($1) OFFSET $2

      at Object.zc (../../node_modules/@prisma/internals/src/logger.ts:13:11)

  console.log
    prisma:query SELECT "public"."Role"."id", "public"."Role"."name", "public"."Role"."description", "public"."Role"."isSystem", "public"."Role"."createdAt" FROM "public"."Role" WHERE "public"."Role"."id" IN ($1) OFFSET $2

      at Object.zc (../../node_modules/@prisma/internals/src/logger.ts:13:11)

  console.log
    prisma:query SELECT "public"."RolePermission"."roleId", "public"."RolePermission"."permissionId" FROM "public"."RolePermission" WHERE "public"."RolePermission"."roleId" IN ($1) OFFSET $2

      at Object.zc (../../node_modules/@prisma/internals/src/logger.ts:13:11)

  console.log
    prisma:query SELECT "public"."Permission"."id", "public"."Permission"."key", "public"."Permission"."description", "public"."Permission"."category", "public"."Permission"."createdAt" FROM "public"."Permission" WHERE "public"."Permission"."id" IN ($1) OFFSET $2

      at Object.zc (../../node_modules/@prisma/internals/src/logger.ts:13:11)

  console.log
    prisma:query SELECT "public"."ServerConfiguration"."id", "public"."ServerConfiguration"."category", "public"."ServerConfiguration"."key", "public"."ServerConfiguration"."value", "public"."ServerConfiguration"."description", "public"."ServerConfiguration"."dataType", "public"."ServerConfiguration"."isEncrypted", "public"."ServerConfiguration"."isEnvironmentVar", "public"."ServerConfiguration"."updatedBy", "public"."ServerConfiguration"."createdAt", "public"."ServerConfiguration"."updatedAt" FROM "public"."ServerConfiguration" WHERE (("public"."ServerConfiguration"."category" = $1 AND "public"."ServerConfiguration"."key" = $2) AND 1=1) LIMIT $3 OFFSET $4

      at Object.zc (../../node_modules/@prisma/internals/src/logger.ts:13:11)

  console.log
    prisma:query INSERT INTO "public"."ServerConfiguration" ("id","category","key","value","dataType","isEncrypted","isEnvironmentVar","updatedBy","createdAt","updatedAt") VALUES ($1,$2,$3,$4,$5,$6,$7,$8,$9,$10) ON CONFLICT ("category","key") DO UPDATE SET "value" = $11, "dataType" = $12, "isEncrypted" = $13, "updatedBy" = $14, "updatedAt" = $15 WHERE (("public"."ServerConfiguration"."category" = $16 AND "public"."ServerConfiguration"."key" = $17) AND 1=1) RETURNING "public"."ServerConfiguration"."id", "public"."ServerConfiguration"."category", "public"."ServerConfiguration"."key", "public"."ServerConfiguration"."value", "public"."ServerConfiguration"."description", "public"."ServerConfiguration"."dataType", "public"."ServerConfiguration"."isEncrypted", "public"."ServerConfiguration"."isEnvironmentVar", "public"."ServerConfiguration"."updatedBy", "public"."ServerConfiguration"."createdAt", "public"."ServerConfiguration"."updatedAt"

      at Object.zc (../../node_modules/@prisma/internals/src/logger.ts:13:11)

  console.log
    prisma:query INSERT INTO "public"."AuditLog" ("id","actorId","action","targetType","targetId","metadata","createdAt") VALUES ($1,$2,CAST($3::text AS "public"."AuditAction"),$4,$5,$6,$7) RETURNING "public"."AuditLog"."id", "public"."AuditLog"."actorId", "public"."AuditLog"."action"::text, "public"."AuditLog"."targetType", "public"."AuditLog"."targetId", "public"."AuditLog"."metadata", "public"."AuditLog"."createdAt"

      at Object.zc (../../node_modules/@prisma/internals/src/logger.ts:13:11)

2026-01-28 12:28:37 [32minfo[39m: ::ffff:127.0.0.1 - - [28/Jan/2026:06:58:37 +0000] "PUT /api/v1/admin/server-config HTTP/1.1" 200 445 "-" "-"
2026-01-28 12:28:37 [31merror[39m: Failed to check token denylist
  console.log
    prisma:query SELECT "public"."User"."id", "public"."User"."email", "public"."User"."password", "public"."User"."name", "public"."User"."nickname", "public"."User"."bio", "public"."User"."age", "public"."User"."gender"::text, "public"."User"."phoneNumber", "public"."User"."address", "public"."User"."status"::text, "public"."User"."statusReason", "public"."User"."preferences", "public"."User"."googleId", "public"."User"."avatarUrl", "public"."User"."createdAt", "public"."User"."updatedAt", "public"."User"."avatarImageId", "public"."User"."deletedAt" FROM "public"."User" WHERE ("public"."User"."id" = $1 AND 1=1) LIMIT $2 OFFSET $3

      at Object.zc (../../node_modules/@prisma/internals/src/logger.ts:13:11)

  console.log
    prisma:query SELECT "public"."UserRole"."userId", "public"."UserRole"."roleId" FROM "public"."UserRole" WHERE "public"."UserRole"."userId" IN ($1) OFFSET $2

      at Object.zc (../../node_modules/@prisma/internals/src/logger.ts:13:11)

  console.log
    prisma:query SELECT "public"."Role"."id", "public"."Role"."name", "public"."Role"."description", "public"."Role"."isSystem", "public"."Role"."createdAt" FROM "public"."Role" WHERE "public"."Role"."id" IN ($1) OFFSET $2

      at Object.zc (../../node_modules/@prisma/internals/src/logger.ts:13:11)

  console.log
    prisma:query SELECT "public"."RolePermission"."roleId", "public"."RolePermission"."permissionId" FROM "public"."RolePermission" WHERE "public"."RolePermission"."roleId" IN ($1) OFFSET $2

      at Object.zc (../../node_modules/@prisma/internals/src/logger.ts:13:11)

  console.log
    prisma:query SELECT "public"."Permission"."id", "public"."Permission"."key", "public"."Permission"."description", "public"."Permission"."category", "public"."Permission"."createdAt" FROM "public"."Permission" WHERE "public"."Permission"."id" IN ($1) OFFSET $2

      at Object.zc (../../node_modules/@prisma/internals/src/logger.ts:13:11)

  console.log
    prisma:query SELECT "public"."User"."id", "public"."User"."email", "public"."User"."password", "public"."User"."name", "public"."User"."nickname", "public"."User"."bio", "public"."User"."age", "public"."User"."gender"::text, "public"."User"."phoneNumber", "public"."User"."address", "public"."User"."status"::text, "public"."User"."statusReason", "public"."User"."preferences", "public"."User"."googleId", "public"."User"."avatarUrl", "public"."User"."createdAt", "public"."User"."updatedAt", "public"."User"."avatarImageId", "public"."User"."deletedAt" FROM "public"."User" WHERE ("public"."User"."id" = $1 AND 1=1) LIMIT $2 OFFSET $3

      at Object.zc (../../node_modules/@prisma/internals/src/logger.ts:13:11)

  console.log
    prisma:query SELECT "public"."UserRole"."userId", "public"."UserRole"."roleId" FROM "public"."UserRole" WHERE "public"."UserRole"."userId" IN ($1) OFFSET $2

      at Object.zc (../../node_modules/@prisma/internals/src/logger.ts:13:11)

  console.log
    prisma:query SELECT "public"."Role"."id", "public"."Role"."name", "public"."Role"."description", "public"."Role"."isSystem", "public"."Role"."createdAt" FROM "public"."Role" WHERE "public"."Role"."id" IN ($1) OFFSET $2

      at Object.zc (../../node_modules/@prisma/internals/src/logger.ts:13:11)

  console.log
    prisma:query SELECT "public"."RolePermission"."roleId", "public"."RolePermission"."permissionId" FROM "public"."RolePermission" WHERE "public"."RolePermission"."roleId" IN ($1) OFFSET $2

      at Object.zc (../../node_modules/@prisma/internals/src/logger.ts:13:11)

  console.log
    prisma:query SELECT "public"."Permission"."id", "public"."Permission"."key", "public"."Permission"."description", "public"."Permission"."category", "public"."Permission"."createdAt" FROM "public"."Permission" WHERE "public"."Permission"."id" IN ($1) OFFSET $2

      at Object.zc (../../node_modules/@prisma/internals/src/logger.ts:13:11)

  console.log
    prisma:query SELECT "public"."ServerConfiguration"."id", "public"."ServerConfiguration"."category", "public"."ServerConfiguration"."key", "public"."ServerConfiguration"."value", "public"."ServerConfiguration"."description", "public"."ServerConfiguration"."dataType", "public"."ServerConfiguration"."isEncrypted", "public"."ServerConfiguration"."isEnvironmentVar", "public"."ServerConfiguration"."updatedBy", "public"."ServerConfiguration"."createdAt", "public"."ServerConfiguration"."updatedAt" FROM "public"."ServerConfiguration" WHERE (("public"."ServerConfiguration"."category" = $1 AND "public"."ServerConfiguration"."key" = $2) AND 1=1) LIMIT $3 OFFSET $4

      at Object.zc (../../node_modules/@prisma/internals/src/logger.ts:13:11)

2026-01-28 12:28:37 [32minfo[39m: ::ffff:127.0.0.1 - - [28/Jan/2026:06:58:37 +0000] "PUT /api/v1/admin/server-config HTTP/1.1" 403 193 "-" "-"
PASS tests/integration/server-config.test.ts
  Admin Server Configuration API
    ΓêÜ returns grouped configs for an authorized admin (87 ms)
    ΓêÜ updates a non-env config and persists the value (57 ms)
    ΓêÜ rejects updates to environment-controlled configs (30 ms)

warn The configuration property `package.json#prisma` is deprecated and will be removed in Prisma 7. Please migrate to a Prisma config file (e.g., 
`prisma.config.ts`).
For more information, see: https://pris.ly/prisma-config

Loaded Prisma config from prisma.config.ts.

warn The Prisma config file in prisma.config.ts overrides the deprecated `package.json#prisma` property in package.json.
  For more information, see: https://pris.ly/prisma-config

Prisma config detected, skipping environment variable loading.
Prisma schema loaded from prisma\schema.prisma
Datasource "db": PostgreSQL database "param_adventures", schema "public" at "localhost:5433"

57 migrations found in prisma/migrations


No pending migrations to apply.
PASS tests/unit/trip.service.test.ts
  TripService
    createTrip
      ΓêÜ creates a trip with valid data (2 ms)
      ΓêÜ handles gallery creation when provided (1 ms)
      ΓêÜ handles missing dates gracefully (1 ms)
      ΓêÜ logs audit event after successful creation (5 ms)
      ΓêÜ propagates creation errors (11 ms)
    getTripBySlug
      ΓêÜ retrieves trip by slug with all relations (2 ms)
      ΓêÜ returns null when trip not found (2 ms)
      ΓêÜ includes ordered gallery items (1 ms)
      ΓêÜ propagates database errors (1 ms)
    updateTrip
      ΓêÜ updates trip with new data (1 ms)
      ΓêÜ updates trip dates (1 ms)
      ΓêÜ replaces gallery when provided (1 ms)
      ΓêÜ handles partial updates without dates (1 ms)
      ΓêÜ propagates update errors (1 ms)

warn The configuration property `package.json#prisma` is deprecated and will be removed in Prisma 7. Please migrate to a Prisma config file (e.g., 
`prisma.config.ts`).
For more information, see: https://pris.ly/prisma-config

Loaded Prisma config from prisma.config.ts.

warn The Prisma config file in prisma.config.ts overrides the deprecated `package.json#prisma` property in package.json.
  For more information, see: https://pris.ly/prisma-config

Prisma config detected, skipping environment variable loading.
Prisma schema loaded from prisma\schema.prisma
Datasource "db": PostgreSQL database "param_adventures", schema "public" at "localhost:5433"

57 migrations found in prisma/migrations


No pending migrations to apply.
  console.log
    Sentry Disabled (No DSN)

      at Object.<anonymous> (src/instrument.ts:7:11)

  console.log
    Param Adventures API: Sentry Instrumented ≡ƒö¡

      at Object.<anonymous> (src/instrument.ts:20:9)

2026-01-28 12:28:43 [33mwarn[39m: Google OAuth credentials missing. Social login disabled.
  console.log
    --> Backend Initialized (v1.2.0) - Restore Route Active <--

      at Object.<anonymous> (src/app.ts:52:9)

2026-01-28 12:28:43 [31merror[39m: Failed to check token denylist
  console.log
    prisma:info Starting a postgresql pool with 25 connections.

      at Object.zc (../../node_modules/@prisma/internals/src/logger.ts:13:11)

  console.log
    prisma:query SELECT "public"."User"."id", "public"."User"."email", "public"."User"."password", "public"."User"."name", "public"."User"."nickname", "public"."User"."bio", "public"."User"."age", "public"."User"."gender"::text, "public"."User"."phoneNumber", "public"."User"."address", "public"."User"."status"::text, "public"."User"."statusReason", "public"."User"."preferences", "public"."User"."googleId", "public"."User"."avatarUrl", "public"."User"."createdAt", "public"."User"."updatedAt", "public"."User"."avatarImageId", "public"."User"."deletedAt" FROM "public"."User" WHERE ("public"."User"."id" = $1 AND 1=1) LIMIT $2 OFFSET $3

      at Object.zc (../../node_modules/@prisma/internals/src/logger.ts:13:11)

  console.log
    prisma:query SELECT "public"."UserRole"."userId", "public"."UserRole"."roleId" FROM "public"."UserRole" WHERE "public"."UserRole"."userId" IN ($1) OFFSET $2

      at Object.zc (../../node_modules/@prisma/internals/src/logger.ts:13:11)

  console.log
    prisma:query SELECT "public"."Trip"."id", "public"."Trip"."title", "public"."Trip"."slug", "public"."Trip"."description", "public"."Trip"."itinerary", "public"."Trip"."durationDays", "public"."Trip"."difficulty"::text, "public"."Trip"."location", "public"."Trip"."price", "public"."Trip"."status"::text, "public"."Trip"."category"::text, "public"."Trip"."startPoint", "public"."Trip"."endPoint", "public"."Trip"."altitude", "public"."Trip"."distance", "public"."Trip"."itineraryPdf", "public"."Trip"."highlights", "public"."Trip"."inclusions", "public"."Trip"."exclusions", "public"."Trip"."cancellationPolicy", "public"."Trip"."thingsToPack", "public"."Trip"."faqs", "public"."Trip"."seasons", "public"."Trip"."coverImageId", "public"."Trip"."heroImageId", "public"."Trip"."deletedAt", "public"."Trip"."createdById", "public"."Trip"."approvedById", "public"."Trip"."publishedAt", "public"."Trip"."createdAt", "public"."Trip"."updatedAt", "public"."Trip"."capacity", "public"."Trip"."startDate", "public"."Trip"."endDate", "public"."Trip"."managerId", "public"."Trip"."documentation", "public"."Trip"."isFeatured" FROM "public"."Trip" WHERE ("public"."Trip"."id" = $1 AND 1=1) LIMIT $2 OFFSET $3

      at Object.zc (../../node_modules/@prisma/internals/src/logger.ts:13:11)

  console.log
    prisma:query BEGIN

      at Object.zc (../../node_modules/@prisma/internals/src/logger.ts:13:11)

  console.log
    prisma:query INSERT INTO "public"."Booking" ("id","userId","tripId","status","startDate","guests","guestDetails","totalPrice","createdAt","updatedAt","paymentStatus") VALUES ($1,$2,$3,CAST($4::text AS "public"."BookingStatus"),$5,$6,$7,$8,$9,$10,CAST($11::text AS "public"."BookingPaymentStatus")) RETURNING "public"."Booking"."id"

      at Object.zc (../../node_modules/@prisma/internals/src/logger.ts:13:11)

  console.log
    prisma:query SELECT "public"."Booking"."id", "public"."Booking"."userId", "public"."Booking"."tripId", "public"."Booking"."status"::text, "public"."Booking"."notes", "public"."Booking"."startDate", "public"."Booking"."guests", "public"."Booking"."guestDetails", "public"."Booking"."totalPrice", "public"."Booking"."createdAt", "public"."Booking"."updatedAt", "public"."Booking"."paymentStatus"::text FROM "public"."Booking" WHERE "public"."Booking"."id" = $1 LIMIT $2 OFFSET $3

      at Object.zc (../../node_modules/@prisma/internals/src/logger.ts:13:11)

  console.log
    prisma:query SELECT "public"."Trip"."id", "public"."Trip"."title", "public"."Trip"."slug" FROM "public"."Trip" WHERE "public"."Trip"."id" IN ($1) OFFSET $2

      at Object.zc (../../node_modules/@prisma/internals/src/logger.ts:13:11)

  console.log
    prisma:query COMMIT

      at Object.zc (../../node_modules/@prisma/internals/src/logger.ts:13:11)

2026-01-28 12:28:43 [32minfo[39m: ::ffff:127.0.0.1 - - [28/Jan/2026:06:58:43 +0000] "POST /api/v1/bookings HTTP/1.1" 201 538 "-" "-"
2026-01-28 12:28:43 [31merror[39m: Failed to check token denylist
  console.log
    prisma:query SELECT "public"."User"."id", "public"."User"."email", "public"."User"."password", "public"."User"."name", "public"."User"."nickname", "public"."User"."bio", "public"."User"."age", "public"."User"."gender"::text, "public"."User"."phoneNumber", "public"."User"."address", "public"."User"."status"::text, "public"."User"."statusReason", "public"."User"."preferences", "public"."User"."googleId", "public"."User"."avatarUrl", "public"."User"."createdAt", "public"."User"."updatedAt", "public"."User"."avatarImageId", "public"."User"."deletedAt" FROM "public"."User" WHERE ("public"."User"."id" = $1 AND 1=1) LIMIT $2 OFFSET $3

      at Object.zc (../../node_modules/@prisma/internals/src/logger.ts:13:11)

  console.log
    prisma:query SELECT "public"."UserRole"."userId", "public"."UserRole"."roleId" FROM "public"."UserRole" WHERE "public"."UserRole"."userId" IN ($1) OFFSET $2

      at Object.zc (../../node_modules/@prisma/internals/src/logger.ts:13:11)

  console.log
    prisma:query BEGIN

      at Object.zc (../../node_modules/@prisma/internals/src/logger.ts:13:11)

  console.log
    prisma:query SELECT COUNT(*) AS "_count$_all" FROM (SELECT "public"."Booking"."id" FROM "public"."Booking" WHERE "public"."Booking"."userId" = $1 OFFSET $2) AS "sub"

      at Object.zc (../../node_modules/@prisma/internals/src/logger.ts:13:11)

  console.log
    prisma:query SELECT "public"."Booking"."id", "public"."Booking"."userId", "public"."Booking"."tripId", "public"."Booking"."status"::text, "public"."Booking"."notes", "public"."Booking"."startDate", "public"."Booking"."guests", "public"."Booking"."guestDetails", "public"."Booking"."totalPrice", "public"."Booking"."createdAt", "public"."Booking"."updatedAt", "public"."Booking"."paymentStatus"::text FROM "public"."Booking" WHERE "public"."Booking"."userId" = $1 ORDER BY "public"."Booking"."createdAt" DESC LIMIT $2 OFFSET $3

      at Object.zc (../../node_modules/@prisma/internals/src/logger.ts:13:11)

  console.log
    prisma:query SELECT "public"."Trip"."id", "public"."Trip"."title", "public"."Trip"."slug", "public"."Trip"."location", "public"."Trip"."coverImageId" FROM "public"."Trip" WHERE "public"."Trip"."id" IN ($1) OFFSET $2

      at Object.zc (../../node_modules/@prisma/internals/src/logger.ts:13:11)

  console.log
    prisma:query SELECT "public"."Payment"."id", "public"."Payment"."bookingId", "public"."Payment"."provider"::text, "public"."Payment"."providerOrderId", "public"."Payment"."providerPaymentId", "public"."Payment"."razorpayRefundId", "public"."Payment"."rawPayload", "public"."Payment"."proofUrl", "public"."Payment"."amount", "public"."Payment"."currency", "public"."Payment"."refundedAmount", "public"."Payment"."disputeId", "public"."Payment"."status"::text, "public"."Payment"."method"::text, "public"."Payment"."createdAt", "public"."Payment"."updatedAt" FROM "public"."Payment" WHERE "public"."Payment"."bookingId" IN ($1) OFFSET $2

      at Object.zc (../../node_modules/@prisma/internals/src/logger.ts:13:11)

  console.log
    prisma:query COMMIT

      at Object.zc (../../node_modules/@prisma/internals/src/logger.ts:13:11)

2026-01-28 12:28:43 [32minfo[39m: ::ffff:127.0.0.1 - - [28/Jan/2026:06:58:43 +0000] "GET /api/v1/bookings/me HTTP/1.1" 200 669 "-" "-"
2026-01-28 12:28:43 [31merror[39m: Failed to check token denylist
  console.log
    prisma:query SELECT "public"."User"."id", "public"."User"."email", "public"."User"."password", "public"."User"."name", "public"."User"."nickname", "public"."User"."bio", "public"."User"."age", "public"."User"."gender"::text, "public"."User"."phoneNumber", "public"."User"."address", "public"."User"."status"::text, "public"."User"."statusReason", "public"."User"."preferences", "public"."User"."googleId", "public"."User"."avatarUrl", "public"."User"."createdAt", "public"."User"."updatedAt", "public"."User"."avatarImageId", "public"."User"."deletedAt" FROM "public"."User" WHERE ("public"."User"."id" = $1 AND 1=1) LIMIT $2 OFFSET $3

      at Object.zc (../../node_modules/@prisma/internals/src/logger.ts:13:11)

  console.log
    prisma:query SELECT "public"."UserRole"."userId", "public"."UserRole"."roleId" FROM "public"."UserRole" WHERE "public"."UserRole"."userId" IN ($1) OFFSET $2

      at Object.zc (../../node_modules/@prisma/internals/src/logger.ts:13:11)

  console.log
    prisma:query SELECT "public"."Trip"."id", "public"."Trip"."title", "public"."Trip"."slug", "public"."Trip"."description", "public"."Trip"."itinerary", "public"."Trip"."durationDays", "public"."Trip"."difficulty"::text, "public"."Trip"."location", "public"."Trip"."price", "public"."Trip"."status"::text, "public"."Trip"."category"::text, "public"."Trip"."startPoint", "public"."Trip"."endPoint", "public"."Trip"."altitude", "public"."Trip"."distance", "public"."Trip"."itineraryPdf", "public"."Trip"."highlights", "public"."Trip"."inclusions", "public"."Trip"."exclusions", "public"."Trip"."cancellationPolicy", "public"."Trip"."thingsToPack", "public"."Trip"."faqs", "public"."Trip"."seasons", "public"."Trip"."coverImageId", "public"."Trip"."heroImageId", "public"."Trip"."deletedAt", "public"."Trip"."createdById", "public"."Trip"."approvedById", "public"."Trip"."publishedAt", "public"."Trip"."createdAt", "public"."Trip"."updatedAt", "public"."Trip"."capacity", "public"."Trip"."startDate", "public"."Trip"."endDate", "public"."Trip"."managerId", "public"."Trip"."documentation", "public"."Trip"."isFeatured" FROM "public"."Trip" WHERE ("public"."Trip"."id" = $1 AND 1=1) LIMIT $2 OFFSET $3

      at Object.zc (../../node_modules/@prisma/internals/src/logger.ts:13:11)

2026-01-28 12:28:43 [31merror[39m: HttpError: Trip not found
    at new HttpError (C:\Users\akash\Documents\Param_Adventures_Phase1\apps\api\src\utils\httpError.js:32:24)
    at BookingService.createBooking (C:\Users\akash\Documents\Param_Adventures_Phase1\apps\api\src\services\booking.service.ts:22:13)
    at C:\Users\akash\Documents\Param_Adventures_Phase1\apps\api\src\controllers\bookings\createBooking.controller.ts:14:19
2026-01-28 12:28:43 [32minfo[39m: ::ffff:127.0.0.1 - - [28/Jan/2026:06:58:43 +0000] "POST /api/v1/bookings HTTP/1.1" 404 121 "-" "-"
2026-01-28 12:28:44 [31merror[39m: Failed to check token denylist
  console.log
    prisma:query SELECT "public"."User"."id", "public"."User"."email", "public"."User"."password", "public"."User"."name", "public"."User"."nickname", "public"."User"."bio", "public"."User"."age", "public"."User"."gender"::text, "public"."User"."phoneNumber", "public"."User"."address", "public"."User"."status"::text, "public"."User"."statusReason", "public"."User"."preferences", "public"."User"."googleId", "public"."User"."avatarUrl", "public"."User"."createdAt", "public"."User"."updatedAt", "public"."User"."avatarImageId", "public"."User"."deletedAt" FROM "public"."User" WHERE ("public"."User"."id" = $1 AND 1=1) LIMIT $2 OFFSET $3

      at Object.zc (../../node_modules/@prisma/internals/src/logger.ts:13:11)

  console.log
    prisma:query SELECT "public"."UserRole"."userId", "public"."UserRole"."roleId" FROM "public"."UserRole" WHERE "public"."UserRole"."userId" IN ($1) OFFSET $2

      at Object.zc (../../node_modules/@prisma/internals/src/logger.ts:13:11)

  console.log
    prisma:query SELECT "public"."Booking"."id", "public"."Booking"."userId", "public"."Booking"."tripId", "public"."Booking"."status"::text, "public"."Booking"."notes", "public"."Booking"."startDate", "public"."Booking"."guests", "public"."Booking"."guestDetails", "public"."Booking"."totalPrice", "public"."Booking"."createdAt", "public"."Booking"."updatedAt", "public"."Booking"."paymentStatus"::text FROM "public"."Booking" WHERE ("public"."Booking"."id" = $1 AND 1=1) LIMIT $2 OFFSET $3

      at Object.zc (../../node_modules/@prisma/internals/src/logger.ts:13:11)

  console.log
    prisma:query SELECT "public"."Payment"."id", "public"."Payment"."bookingId", "public"."Payment"."provider"::text, "public"."Payment"."providerOrderId", "public"."Payment"."providerPaymentId", "public"."Payment"."razorpayRefundId", "public"."Payment"."rawPayload", "public"."Payment"."proofUrl", "public"."Payment"."amount", "public"."Payment"."currency", "public"."Payment"."refundedAmount", "public"."Payment"."disputeId", "public"."Payment"."status"::text, "public"."Payment"."method"::text, "public"."Payment"."createdAt", "public"."Payment"."updatedAt" FROM "public"."Payment" WHERE "public"."Payment"."bookingId" IN ($1) OFFSET $2

      at Object.zc (../../node_modules/@prisma/internals/src/logger.ts:13:11)

  console.log
    prisma:query UPDATE "public"."Booking" SET "status" = CAST($1::text AS "public"."BookingStatus"), "paymentStatus" = CAST($2::text AS "public"."BookingPaymentStatus"), "updatedAt" = $3 WHERE ("public"."Booking"."id" = $4 AND 1=1) RETURNING "public"."Booking"."id", "public"."Booking"."userId", "public"."Booking"."tripId", "public"."Booking"."status"::text, "public"."Booking"."notes", "public"."Booking"."startDate", "public"."Booking"."guests", "public"."Booking"."guestDetails", "public"."Booking"."totalPrice", "public"."Booking"."createdAt", "public"."Booking"."updatedAt", "public"."Booking"."paymentStatus"::text

      at Object.zc (../../node_modules/@prisma/internals/src/logger.ts:13:11)

2026-01-28 12:28:44 [32minfo[39m: ::ffff:127.0.0.1 - - [28/Jan/2026:06:58:44 +0000] "POST /api/v1/bookings/eb0d32f2-c852-4f7a-8078-8abfa8c8c543/cancel HTTP/1.1" 200 491 "-" "-"
  console.warn
    Failed to close queue in tests: TypeError: queue_1.notificationQueue.close is not a function
        at Object.<anonymous> (C:\Users\akash\Documents\Param_Adventures_Phase1\apps\api\tests\integration\booking.test.ts:91:31)

    [0m [90m 91 |[39m       [36mawait[39m notificationQueue[33m.[39mclose()[33m;[39m
     [90m 92 |[39m     } [36mcatch[39m (e) {
    [31m[1m>[22m[39m[90m 93 |[39m       console[33m.[39mwarn([32m"Failed to close queue in tests:"[39m[33m,[39m e)[33m;[39m
     [90m    |[39m               [31m[1m^[22m[39m
     [90m 94 |[39m     }
     [90m 95 |[39m   })[33m;[39m
     [90m 96 |[39m[0m

      at Object.<anonymous> (tests/integration/booking.test.ts:93:15)

PASS tests/integration/booking.test.ts
  Booking Integration
    ΓêÜ should create a new booking (77 ms)
    ΓêÜ should get user's bookings (37 ms)
    ΓêÜ should fail to create booking for non-existent trip (33 ms)
    ΓêÜ should cancel a booking (38 ms)

warn The configuration property `package.json#prisma` is deprecated and will be removed in Prisma 7. Please migrate to a Prisma config file (e.g., 
`prisma.config.ts`).
For more information, see: https://pris.ly/prisma-config

Loaded Prisma config from prisma.config.ts.

warn The Prisma config file in prisma.config.ts overrides the deprecated `package.json#prisma` property in package.json.
  For more information, see: https://pris.ly/prisma-config

Prisma config detected, skipping environment variable loading.
Prisma schema loaded from prisma\schema.prisma
Datasource "db": PostgreSQL database "param_adventures", schema "public" at "localhost:5433"

57 migrations found in prisma/migrations


No pending migrations to apply.
  console.log
    Sentry Disabled (No DSN)

      at Object.<anonymous> (src/instrument.ts:7:11)

  console.log
    Param Adventures API: Sentry Instrumented ≡ƒö¡

      at Object.<anonymous> (src/instrument.ts:20:9)

2026-01-28 12:28:46 [33mwarn[39m: Google OAuth credentials missing. Social login disabled.
  console.log
    --> Backend Initialized (v1.2.0) - Restore Route Active <--

      at Object.<anonymous> (src/app.ts:52:9)

  console.log
    prisma:info Starting a postgresql pool with 25 connections.

      at Object.zc (../../node_modules/@prisma/internals/src/logger.ts:13:11)

  console.log
    prisma:query SELECT 1

      at Object.zc (../../node_modules/@prisma/internals/src/logger.ts:13:11)

2026-01-28 12:28:47 [32minfo[39m: ::ffff:127.0.0.1 - - [28/Jan/2026:06:58:47 +0000] "GET /health HTTP/1.1" 200 83 "-" "-"
PASS tests/integration/health.test.ts
  GET /health
    ΓêÜ should return 200 OK (65 ms)

warn The configuration property `package.json#prisma` is deprecated and will be removed in Prisma 7. Please migrate to a Prisma config file (e.g., 
`prisma.config.ts`).
For more information, see: https://pris.ly/prisma-config

Loaded Prisma config from prisma.config.ts.

warn The Prisma config file in prisma.config.ts overrides the deprecated `package.json#prisma` property in package.json.
  For more information, see: https://pris.ly/prisma-config

Prisma config detected, skipping environment variable loading.
Prisma schema loaded from prisma\schema.prisma
Datasource "db": PostgreSQL database "param_adventures", schema "public" at "localhost:5433"

57 migrations found in prisma/migrations


No pending migrations to apply.
  console.log
    Γ£ë∩╕Å Notification sent: msg_123

      at NotificationService.sendEmail (src/services/notification.service.ts:87:15)

  console.error
    Γ¥î Failed to send email notification: Error: SMTP error
        at Object.<anonymous> (C:\Users\akash\Documents\Param_Adventures_Phase1\apps\api\tests\unit\notification.service.test.ts:47:21)
        at Promise.then.completed (C:\Users\akash\Documents\Param_Adventures_Phase1\node_modules\jest-circus\build\utils.js:298:28)
        at new Promise (<anonymous>)
        at callAsyncCircusFn (C:\Users\akash\Documents\Param_Adventures_Phase1\node_modules\jest-circus\build\utils.js:231:10)
        at _callCircusTest (C:\Users\akash\Documents\Param_Adventures_Phase1\node_modules\jest-circus\build\run.js:316:40)
        at _runTest (C:\Users\akash\Documents\Param_Adventures_Phase1\node_modules\jest-circus\build\run.js:252:3)
        at _runTestsForDescribeBlock (C:\Users\akash\Documents\Param_Adventures_Phase1\node_modules\jest-circus\build\run.js:126:9)
        at _runTestsForDescribeBlock (C:\Users\akash\Documents\Param_Adventures_Phase1\node_modules\jest-circus\build\run.js:121:9)
        at _runTestsForDescribeBlock (C:\Users\akash\Documents\Param_Adventures_Phase1\node_modules\jest-circus\build\run.js:121:9)
        at run (C:\Users\akash\Documents\Param_Adventures_Phase1\node_modules\jest-circus\build\run.js:71:3)
        at runAndTransformResultsToJestFormat (C:\Users\akash\Documents\Param_Adventures_Phase1\node_modules\jest-circus\build\legacy-code-todo-rewrite\jestAdapterInit.js:122:21)
        at jestAdapter (C:\Users\akash\Documents\Param_Adventures_Phase1\node_modules\jest-circus\build\legacy-code-todo-rewrite\jestAdapter.js:79:19)
        at runTestInternal (C:\Users\akash\Documents\Param_Adventures_Phase1\node_modules\jest-runner\build\runTest.js:367:16)
        at runTest (C:\Users\akash\Documents\Param_Adventures_Phase1\node_modules\jest-runner\build\runTest.js:444:34)

    [0m [90m 91 |[39m       [36mreturn[39m info[33m;[39m
     [90m 92 |[39m     } [36mcatch[39m (error) {
    [31m[1m>[22m[39m[90m 93 |[39m       console[33m.[39merror([32m"Γ¥î Failed to send email notification:"[39m[33m,[39m error)[33m;[39m
     [90m    |[39m               [31m[1m^[22m[39m
     [90m 94 |[39m       [36mthrow[39m error[33m;[39m
     [90m 95 |[39m     }
     [90m 96 |[39m   }[0m

      at NotificationService.sendEmail (src/services/notification.service.ts:93:15)
      at Object.<anonymous> (tests/unit/notification.service.test.ts:50:7)

  console.log
    Γ£ë∩╕Å Notification sent: msg_123

      at NotificationService.sendEmail (src/services/notification.service.ts:87:15)

  console.log
    Γ£ë∩╕Å Notification sent: msg_123

      at NotificationService.sendEmail (src/services/notification.service.ts:87:15)

  console.log
    Γ£ë∩╕Å Notification sent: msg_123

      at NotificationService.sendEmail (src/services/notification.service.ts:87:15)

  console.log
    Γ£ë∩╕Å Notification sent: msg_123

      at NotificationService.sendEmail (src/services/notification.service.ts:87:15)

  console.log
    Γ£ë∩╕Å Notification sent: msg_123

      at NotificationService.sendEmail (src/services/notification.service.ts:87:15)

  console.log
    Γ£ë∩╕Å Notification sent: msg_123

      at NotificationService.sendEmail (src/services/notification.service.ts:87:15)

  console.log
    Γ£ë∩╕Å Notification sent: msg_123

      at NotificationService.sendEmail (src/services/notification.service.ts:87:15)

PASS tests/unit/notification.service.test.ts
  notificationService
    sendEmail
      ΓêÜ sends email with provided options (5 ms)
      ΓêÜ throws error on send failure (9 ms)
    sendBookingConfirmation
      ΓêÜ sends booking confirmation email with trip details (2 ms)
    sendPaymentSuccess
      ΓêÜ sends payment success email with booking confirmation (1 ms)
    sendRefundEmail
      ΓêÜ sends refund notification with amount and reference (1 ms)
    sendPaymentInitiated
      ΓêÜ sends payment initiated notification with order details (2 ms)
    sendPaymentFailed
      ΓêÜ sends payment failed notification with failure reason (2 ms)
    sendAssignmentNotification
      ΓêÜ sends assignment notification with role details (2 ms)
    sendPasswordResetEmail
      ΓêÜ sends password reset email with reset link (1 ms)

warn The configuration property `package.json#prisma` is deprecated and will be removed in Prisma 7. Please migrate to a Prisma config file (e.g., 
`prisma.config.ts`).
For more information, see: https://pris.ly/prisma-config

Loaded Prisma config from prisma.config.ts.

warn The Prisma config file in prisma.config.ts overrides the deprecated `package.json#prisma` property in package.json.
  For more information, see: https://pris.ly/prisma-config

Prisma config detected, skipping environment variable loading.
Prisma schema loaded from prisma\schema.prisma
Datasource "db": PostgreSQL database "param_adventures", schema "public" at "localhost:5433"

57 migrations found in prisma/migrations


No pending migrations to apply.
PASS tests/integration/simple.test.ts
  Simple Test
    ΓêÜ should pass (1 ms)

warn The configuration property `package.json#prisma` is deprecated and will be removed in Prisma 7. Please migrate to a Prisma config file (e.g., 
`prisma.config.ts`).
For more information, see: https://pris.ly/prisma-config

Loaded Prisma config from prisma.config.ts.

warn The Prisma config file in prisma.config.ts overrides the deprecated `package.json#prisma` property in package.json.
  For more information, see: https://pris.ly/prisma-config

Prisma config detected, skipping environment variable loading.
Prisma schema loaded from prisma\schema.prisma
Datasource "db": PostgreSQL database "param_adventures", schema "public" at "localhost:5433"

57 migrations found in prisma/migrations


No pending migrations to apply.
PASS tests/unit/razorpay.service.test.ts
  RazorpayService
    createOrder
      ΓêÜ should create order with valid amount and receipt (2 ms)
      ΓêÜ should handle Razorpay API errors (8 ms)
    verifyPaymentSignature
      ΓêÜ should verify valid signature (1 ms)
      ΓêÜ should reject invalid signature (1 ms)
      ΓêÜ should reject tampered order ID
    verifyWebhookSignature
      ΓêÜ should verify valid webhook signature (1 ms)
      ΓêÜ should reject tampered webhook body (1 ms)
      ΓêÜ should prevent replay attacks (different body) (1 ms)
    refundPayment
      ΓêÜ should process full refund successfully (1 ms)
      ΓêÜ should process refund with notes (1 ms)
      ΓêÜ should handle refund errors (1 ms)
    Edge Cases
      ΓêÜ should handle network timeout (1 ms)
      ΓêÜ should handle concurrent order creation (1 ms)
    Security Tests
      ΓêÜ should not log sensitive data in errors (1 ms)
      ΓêÜ should validate signature timing attack resistance (1 ms)

warn The configuration property `package.json#prisma` is deprecated and will be removed in Prisma 7. Please migrate to a Prisma config file (e.g., 
`prisma.config.ts`).
For more information, see: https://pris.ly/prisma-config

Loaded Prisma config from prisma.config.ts.

warn The Prisma config file in prisma.config.ts overrides the deprecated `package.json#prisma` property in package.json.
  For more information, see: https://pris.ly/prisma-config

Prisma config detected, skipping environment variable loading.
Prisma schema loaded from prisma\schema.prisma
Datasource "db": PostgreSQL database "param_adventures", schema "public" at "localhost:5433"

57 migrations found in prisma/migrations


No pending migrations to apply.
  console.log
      Query 1: Get published trips with gallery

      at Object.log (tests/unit/query-performance.test.ts:28:15)

  console.log
    prisma:info Starting a postgresql pool with 25 connections.

      at Object.zc (../../node_modules/@prisma/internals/src/logger.ts:13:11)

  console.log
    prisma:query SELECT "public"."Trip"."id", "public"."Trip"."title", "public"."Trip"."slug", "public"."Trip"."price", "public"."Trip"."durationDays", "public"."Trip"."coverImageId", COALESCE("aggr_selection_0_Review"."_aggr_count_reviews", 0) AS "_aggr_count_reviews", COALESCE("aggr_selection_1_Booking"."_aggr_count_bookings", 0) AS "_aggr_count_bookings" FROM "public"."Trip" LEFT JOIN (SELECT "public"."Review"."tripId", COUNT(*) AS "_aggr_count_reviews" FROM "public"."Review" WHERE 1=1 GROUP BY "public"."Review"."tripId") AS "aggr_selection_0_Review" ON ("public"."Trip"."id" = "aggr_selection_0_Review"."tripId") LEFT JOIN (SELECT "public"."Booking"."tripId", COUNT(*) AS "_aggr_count_bookings" FROM "public"."Booking" WHERE 1=1 GROUP BY "public"."Booking"."tripId") AS "aggr_selection_1_Booking" ON ("public"."Trip"."id" = "aggr_selection_1_Booking"."tripId") WHERE "public"."Trip"."status" = CAST($1::text AS "public"."TripStatus") ORDER BY "public"."Trip"."id" ASC LIMIT $2 OFFSET $3

      at Object.zc (../../node_modules/@prisma/internals/src/logger.ts:13:11)

  console.log
    prisma:query SELECT "public"."TripGalleryImage"."tripId", "public"."TripGalleryImage"."imageId", "public"."TripGalleryImage"."order" FROM "public"."TripGalleryImage" WHERE "public"."TripGalleryImage"."tripId" IN ($1) ORDER BY "public"."TripGalleryImage"."order" ASC LIMIT $2 OFFSET $3

      at Object.zc (../../node_modules/@prisma/internals/src/logger.ts:13:11)

  console.log
      Γ£à Single query executed (no N+1)

      at Object.<anonymous> (tests/unit/query-performance.test.ts:74:15)

  console.log
      Query 1: Get trip by slug with all relations

      at Object.log (tests/unit/query-performance.test.ts:28:15)

  console.log
    prisma:query SELECT "public"."Trip"."id", "public"."Trip"."title", "public"."Trip"."slug", "public"."Trip"."description", "public"."Trip"."itinerary", "public"."Trip"."durationDays", "public"."Trip"."difficulty"::text, "public"."Trip"."location", "public"."Trip"."price", "public"."Trip"."status"::text, "public"."Trip"."category"::text, "public"."Trip"."startPoint", "public"."Trip"."endPoint", "public"."Trip"."altitude", "public"."Trip"."distance", "public"."Trip"."itineraryPdf", "public"."Trip"."highlights", "public"."Trip"."inclusions", "public"."Trip"."exclusions", "public"."Trip"."cancellationPolicy", "public"."Trip"."thingsToPack", "public"."Trip"."faqs", "public"."Trip"."seasons", "public"."Trip"."coverImageId", "public"."Trip"."heroImageId", "public"."Trip"."deletedAt", "public"."Trip"."createdById", "public"."Trip"."approvedById", "public"."Trip"."publishedAt", "public"."Trip"."createdAt", "public"."Trip"."updatedAt", "public"."Trip"."capacity", "public"."Trip"."startDate", "public"."Trip"."endDate", "public"."Trip"."managerId", "public"."Trip"."documentation", "public"."Trip"."isFeatured" FROM "public"."Trip" WHERE ("public"."Trip"."slug" = $1 AND 1=1) LIMIT $2 OFFSET $3

      at Object.zc (../../node_modules/@prisma/internals/src/logger.ts:13:11)

  console.log
      Γ£à Minimal queries (1) - no N+1 detected

      at Object.<anonymous> (tests/unit/query-performance.test.ts:129:15)

  console.log
      Query 1: Get user bookings with trip and payment info

      at Object.log (tests/unit/query-performance.test.ts:28:15)

  console.log
    prisma:query SELECT "public"."Booking"."id", "public"."Booking"."userId", "public"."Booking"."tripId", "public"."Booking"."status"::text, "public"."Booking"."notes", "public"."Booking"."startDate", "public"."Booking"."guests", "public"."Booking"."guestDetails", "public"."Booking"."totalPrice", "public"."Booking"."createdAt", "public"."Booking"."updatedAt", "public"."Booking"."paymentStatus"::text FROM "public"."Booking" WHERE "public"."Booking"."userId" = $1 ORDER BY "public"."Booking"."createdAt" DESC OFFSET $2

      at Object.zc (../../node_modules/@prisma/internals/src/logger.ts:13:11)

  console.log
      Γ£à Single query with includes (no N+1)

      at Object.<anonymous> (tests/unit/query-performance.test.ts:174:15)

  console.log
      Query 1: Get booking with all related data

      at Object.log (tests/unit/query-performance.test.ts:28:15)

  console.log
    prisma:query SELECT "public"."Booking"."id", "public"."Booking"."userId", "public"."Booking"."tripId", "public"."Booking"."status"::text, "public"."Booking"."notes", "public"."Booking"."startDate", "public"."Booking"."guests", "public"."Booking"."guestDetails", "public"."Booking"."totalPrice", "public"."Booking"."createdAt", "public"."Booking"."updatedAt", "public"."Booking"."paymentStatus"::text FROM "public"."Booking" WHERE ("public"."Booking"."id" = $1 AND 1=1) LIMIT $2 OFFSET $3

      at Object.zc (../../node_modules/@prisma/internals/src/logger.ts:13:11)

  console.log
      Γ£à Queries optimized with includes

      at Object.<anonymous> (tests/unit/query-performance.test.ts:204:15)

  console.log
      Query 1: Get user with bookings and reviews

      at Object.log (tests/unit/query-performance.test.ts:28:15)

  console.log
    prisma:query SELECT "public"."User"."id", "public"."User"."email", "public"."User"."password", "public"."User"."name", "public"."User"."nickname", "public"."User"."bio", "public"."User"."age", "public"."User"."gender"::text, "public"."User"."phoneNumber", "public"."User"."address", "public"."User"."status"::text, "public"."User"."statusReason", "public"."User"."preferences", "public"."User"."googleId", "public"."User"."avatarUrl", "public"."User"."createdAt", "public"."User"."updatedAt", "public"."User"."avatarImageId", "public"."User"."deletedAt" FROM "public"."User" WHERE ("public"."User"."id" = $1 AND 1=1) LIMIT $2 OFFSET $3

      at Object.zc (../../node_modules/@prisma/internals/src/logger.ts:13:11)

  console.log
      Γ£à User with relations fetched efficiently

      at Object.<anonymous> (tests/unit/query-performance.test.ts:239:15)

  console.log
      Query 1: Get published blogs with author

      at Object.log (tests/unit/query-performance.test.ts:28:15)

  console.log
    prisma:query SELECT "public"."Blog"."id", "public"."Blog"."title", "public"."Blog"."slug", "public"."Blog"."excerpt", "public"."Blog"."authorId", "public"."Blog"."coverImageId", "public"."Blog"."createdAt" FROM "public"."Blog" WHERE "public"."Blog"."status" = CAST($1::text AS "public"."BlogStatus") ORDER BY "public"."Blog"."createdAt" DESC LIMIT $2 OFFSET $3

      at Object.zc (../../node_modules/@prisma/internals/src/logger.ts:13:11)

  console.log
      Γ£à Blogs fetched with field selection (no content)

      at Object.<anonymous> (tests/unit/query-performance.test.ts:272:15)

  console.log
      Query 1: Get booking statistics

      at Object.log (tests/unit/query-performance.test.ts:28:15)

  console.log
    prisma:query SELECT COUNT(*) AS "_count$_all", SUM("totalPrice") AS "_sum$totalPrice", AVG("totalPrice") AS "_avg$totalPrice" FROM (SELECT "public"."Booking"."id", "public"."Booking"."totalPrice" FROM "public"."Booking" WHERE "public"."Booking"."createdAt" >= $1 OFFSET $2) AS "sub"

      at Object.zc (../../node_modules/@prisma/internals/src/logger.ts:13:11)

  console.log
      Γ£à Aggregation query optimized

      at Object.<anonymous> (tests/unit/query-performance.test.ts:299:15)

  console.log
      Query 1: Get grouped sales data

      at Object.log (tests/unit/query-performance.test.ts:28:15)

  console.log
    prisma:query SELECT SUM("public"."Booking"."totalPrice") AS "_sum$totalPrice", COUNT(*) AS "_count$_all", "public"."Booking"."createdAt" FROM "public"."Booking" WHERE ("public"."Booking"."status" = CAST($1::text AS "public"."BookingStatus") AND "public"."Booking"."createdAt" >= $2) GROUP BY "public"."Booking"."createdAt" OFFSET $3

      at Object.zc (../../node_modules/@prisma/internals/src/logger.ts:13:11)

  console.log
      Γ£à Monthly sales grouped efficiently

      at Object.<anonymous> (tests/unit/query-performance.test.ts:322:15)

  console.log
      Query 1: Trip by slug

      at Object.log (tests/unit/query-performance.test.ts:28:15)

  console.log
    prisma:query SELECT "public"."Trip"."id", "public"."Trip"."title", "public"."Trip"."slug", "public"."Trip"."description", "public"."Trip"."itinerary", "public"."Trip"."durationDays", "public"."Trip"."difficulty"::text, "public"."Trip"."location", "public"."Trip"."price", "public"."Trip"."status"::text, "public"."Trip"."category"::text, "public"."Trip"."startPoint", "public"."Trip"."endPoint", "public"."Trip"."altitude", "public"."Trip"."distance", "public"."Trip"."itineraryPdf", "public"."Trip"."highlights", "public"."Trip"."inclusions", "public"."Trip"."exclusions", "public"."Trip"."cancellationPolicy", "public"."Trip"."thingsToPack", "public"."Trip"."faqs", "public"."Trip"."seasons", "public"."Trip"."coverImageId", "public"."Trip"."heroImageId", "public"."Trip"."deletedAt", "public"."Trip"."createdById", "public"."Trip"."approvedById", "public"."Trip"."publishedAt", "public"."Trip"."createdAt", "public"."Trip"."updatedAt", "public"."Trip"."capacity", "public"."Trip"."startDate", "public"."Trip"."endDate", "public"."Trip"."managerId", "public"."Trip"."documentation", "public"."Trip"."isFeatured" FROM "public"."Trip" WHERE ("public"."Trip"."slug" = $1 AND 1=1) LIMIT $2 OFFSET $3

      at Object.zc (../../node_modules/@prisma/internals/src/logger.ts:13:11)

  console.log
      Query 2: Published trips

      at Object.log (tests/unit/query-performance.test.ts:28:15)

  console.log
    prisma:query SELECT "public"."Trip"."id", "public"."Trip"."title", "public"."Trip"."slug", "public"."Trip"."description", "public"."Trip"."itinerary", "public"."Trip"."durationDays", "public"."Trip"."difficulty"::text, "public"."Trip"."location", "public"."Trip"."price", "public"."Trip"."status"::text, "public"."Trip"."category"::text, "public"."Trip"."startPoint", "public"."Trip"."endPoint", "public"."Trip"."altitude", "public"."Trip"."distance", "public"."Trip"."itineraryPdf", "public"."Trip"."highlights", "public"."Trip"."inclusions", "public"."Trip"."exclusions", "public"."Trip"."cancellationPolicy", "public"."Trip"."thingsToPack", "public"."Trip"."faqs", "public"."Trip"."seasons", "public"."Trip"."coverImageId", "public"."Trip"."heroImageId", "public"."Trip"."deletedAt", "public"."Trip"."createdById", "public"."Trip"."approvedById", "public"."Trip"."publishedAt", "public"."Trip"."createdAt", "public"."Trip"."updatedAt", "public"."Trip"."capacity", "public"."Trip"."startDate", "public"."Trip"."endDate", "public"."Trip"."managerId", "public"."Trip"."documentation", "public"."Trip"."isFeatured" FROM "public"."Trip" WHERE "public"."Trip"."status" = CAST($1::text AS "public"."TripStatus") ORDER BY "public"."Trip"."id" ASC LIMIT $2 OFFSET $3

      at Object.zc (../../node_modules/@prisma/internals/src/logger.ts:13:11)

  console.log
      Query 3: Trips by category

      at Object.log (tests/unit/query-performance.test.ts:28:15)

  console.log
    prisma:query SELECT "public"."Trip"."id", "public"."Trip"."title", "public"."Trip"."slug", "public"."Trip"."description", "public"."Trip"."itinerary", "public"."Trip"."durationDays", "public"."Trip"."difficulty"::text, "public"."Trip"."location", "public"."Trip"."price", "public"."Trip"."status"::text, "public"."Trip"."category"::text, "public"."Trip"."startPoint", "public"."Trip"."endPoint", "public"."Trip"."altitude", "public"."Trip"."distance", "public"."Trip"."itineraryPdf", "public"."Trip"."highlights", "public"."Trip"."inclusions", "public"."Trip"."exclusions", "public"."Trip"."cancellationPolicy", "public"."Trip"."thingsToPack", "public"."Trip"."faqs", "public"."Trip"."seasons", "public"."Trip"."coverImageId", "public"."Trip"."heroImageId", "public"."Trip"."deletedAt", "public"."Trip"."createdById", "public"."Trip"."approvedById", "public"."Trip"."publishedAt", "public"."Trip"."createdAt", "public"."Trip"."updatedAt", "public"."Trip"."capacity", "public"."Trip"."startDate", "public"."Trip"."endDate", "public"."Trip"."managerId", "public"."Trip"."documentation", "public"."Trip"."isFeatured" FROM "public"."Trip" WHERE "public"."Trip"."category" = CAST($1::text AS "public"."TripCategory") ORDER BY "public"."Trip"."id" ASC LIMIT $2 OFFSET $3

      at Object.zc (../../node_modules/@prisma/internals/src/logger.ts:13:11)

  console.log
      Γ£à 3 indexed queries executed

      at Object.<anonymous> (tests/unit/query-performance.test.ts:370:15)

  console.log
      Query 1: Get active users

      at Object.log (tests/unit/query-performance.test.ts:28:15)

  console.log
    prisma:query SELECT "public"."User"."id", "public"."User"."name", "public"."User"."email" FROM "public"."User" WHERE "public"."User"."status" = CAST($1::text AS "public"."UserStatus") ORDER BY "public"."User"."id" ASC LIMIT $2 OFFSET $3

      at Object.zc (../../node_modules/@prisma/internals/src/logger.ts:13:11)

  console.log
      Γ£à User status index working

      at Object.<anonymous> (tests/unit/query-performance.test.ts:384:15)

  console.log
      Query 1: Batch update trip statuses

      at Object.log (tests/unit/query-performance.test.ts:28:15)

  console.log
    prisma:query BEGIN

      at Object.zc (../../node_modules/@prisma/internals/src/logger.ts:13:11)

  console.log
    prisma:query UPDATE "public"."Trip" SET "status" = CAST($1::text AS "public"."TripStatus"), "updatedAt" = $2 WHERE "public"."Trip"."id" IN ($3,$4,$5)

      at Object.zc (../../node_modules/@prisma/internals/src/logger.ts:13:11)

  console.log
    prisma:query COMMIT

      at Object.zc (../../node_modules/@prisma/internals/src/logger.ts:13:11)

  console.log
      Γ£à Batch update uses single query

      at Object.<anonymous> (tests/unit/query-performance.test.ts:407:15)

  console.log
      Query 1: Batch delete bookings

      at Object.log (tests/unit/query-performance.test.ts:28:15)

  console.log
    prisma:query DELETE FROM "public"."Booking" WHERE "public"."Booking"."id" IN ($1,$2,$3)

      at Object.zc (../../node_modules/@prisma/internals/src/logger.ts:13:11)

  console.log
      Γ£à Batch delete uses single query

      at Object.<anonymous> (tests/unit/query-performance.test.ts:423:15)

  console.log
      Query 1: Fetch page with cursor pagination

      at Object.log (tests/unit/query-performance.test.ts:28:15)

  console.log
    prisma:query SELECT "public"."Trip"."id", "public"."Trip"."title", "public"."Trip"."slug", "public"."Trip"."description", "public"."Trip"."itinerary", "public"."Trip"."durationDays", "public"."Trip"."difficulty"::text, "public"."Trip"."location", "public"."Trip"."price", "public"."Trip"."status"::text, "public"."Trip"."category"::text, "public"."Trip"."startPoint", "public"."Trip"."endPoint", "public"."Trip"."altitude", "public"."Trip"."distance", "public"."Trip"."itineraryPdf", "public"."Trip"."highlights", "public"."Trip"."inclusions", "public"."Trip"."exclusions", "public"."Trip"."cancellationPolicy", "public"."Trip"."thingsToPack", "public"."Trip"."faqs", "public"."Trip"."seasons", "public"."Trip"."coverImageId", "public"."Trip"."heroImageId", "public"."Trip"."deletedAt", "public"."Trip"."createdById", "public"."Trip"."approvedById", "public"."Trip"."publishedAt", "public"."Trip"."createdAt", "public"."Trip"."updatedAt", "public"."Trip"."capacity", "public"."Trip"."startDate", "public"."Trip"."endDate", "public"."Trip"."managerId", "public"."Trip"."documentation", "public"."Trip"."isFeatured" FROM "public"."Trip" WHERE "public"."Trip"."status" = CAST($1::text AS "public"."TripStatus") ORDER BY "public"."Trip"."createdAt" DESC LIMIT $2 OFFSET $3

      at Object.zc (../../node_modules/@prisma/internals/src/logger.ts:13:11)

  console.log
      Γ£à Pagination efficient (single query)

      at Object.<anonymous> (tests/unit/query-performance.test.ts:445:15)

  console.log


      at Object.<anonymous> (tests/unit/query-performance.test.ts:455:15)

  console.log
    ΓòÉΓòÉΓòÉΓòÉΓòÉΓòÉΓòÉΓòÉΓòÉΓòÉΓòÉΓòÉΓòÉΓòÉΓòÉΓòÉΓòÉΓòÉΓòÉΓòÉΓòÉΓòÉΓòÉΓòÉΓòÉΓòÉΓòÉΓòÉΓòÉΓòÉΓòÉΓòÉΓòÉΓòÉΓòÉΓòÉΓòÉΓòÉΓòÉΓòÉΓòÉΓòÉΓòÉΓòÉΓòÉΓòÉΓòÉΓòÉΓòÉΓòÉΓòÉΓòÉΓòÉΓòÉΓòÉΓòÉΓòÉΓòÉΓòÉ

      at Object.<anonymous> (tests/unit/query-performance.test.ts:456:15)

  console.log
      QUERY PERFORMANCE TEST SUMMARY - OPT-016

      at Object.<anonymous> (tests/unit/query-performance.test.ts:457:15)

  console.log
    ΓòÉΓòÉΓòÉΓòÉΓòÉΓòÉΓòÉΓòÉΓòÉΓòÉΓòÉΓòÉΓòÉΓòÉΓòÉΓòÉΓòÉΓòÉΓòÉΓòÉΓòÉΓòÉΓòÉΓòÉΓòÉΓòÉΓòÉΓòÉΓòÉΓòÉΓòÉΓòÉΓòÉΓòÉΓòÉΓòÉΓòÉΓòÉΓòÉΓòÉΓòÉΓòÉΓòÉΓòÉΓòÉΓòÉΓòÉΓòÉΓòÉΓòÉΓòÉΓòÉΓòÉΓòÉΓòÉΓòÉΓòÉΓòÉΓòÉ

      at Object.<anonymous> (tests/unit/query-performance.test.ts:458:15)

  console.log


      at Object.<anonymous> (tests/unit/query-performance.test.ts:459:15)

  console.log
      Γ£à All key services verified for N+1 prevention

      at Object.<anonymous> (tests/unit/query-performance.test.ts:460:15)

  console.log
      Γ£à Query optimization confirmed:

      at Object.<anonymous> (tests/unit/query-performance.test.ts:461:15)

  console.log
         - Trip queries: uses include/select

      at Object.<anonymous> (tests/unit/query-performance.test.ts:462:15)

  console.log
         - Booking queries: eager loads relations

      at Object.<anonymous> (tests/unit/query-performance.test.ts:463:15)

  console.log
         - User queries: prevents nested N+1

      at Object.<anonymous> (tests/unit/query-performance.test.ts:464:15)

  console.log
         - Analytics: uses aggregation/groupBy

      at Object.<anonymous> (tests/unit/query-performance.test.ts:465:15)

  console.log


      at Object.<anonymous> (tests/unit/query-performance.test.ts:466:15)

  console.log
      Γ£à Database indexes verified:

      at Object.<anonymous> (tests/unit/query-performance.test.ts:467:15)

  console.log
         - Trip (status, slug, category, isFeatured)

      at Object.<anonymous> (tests/unit/query-performance.test.ts:468:15)

  console.log
         - User (status, createdAt)

      at Object.<anonymous> (tests/unit/query-performance.test.ts:469:15)

  console.log
         - Booking (tripId, userId)

      at Object.<anonymous> (tests/unit/query-performance.test.ts:470:15)

  console.log
         - Blog (status, authorId)

      at Object.<anonymous> (tests/unit/query-performance.test.ts:471:15)

  console.log
         - Review (tripId)

      at Object.<anonymous> (tests/unit/query-performance.test.ts:472:15)

  console.log


      at Object.<anonymous> (tests/unit/query-performance.test.ts:473:15)

  console.log
      Γ£à Batch operations optimized:

      at Object.<anonymous> (tests/unit/query-performance.test.ts:474:15)

  console.log
         - updateMany uses single query

      at Object.<anonymous> (tests/unit/query-performance.test.ts:475:15)

  console.log
         - deleteMany uses single query

      at Object.<anonymous> (tests/unit/query-performance.test.ts:476:15)

  console.log
         - No loop-based updates

      at Object.<anonymous> (tests/unit/query-performance.test.ts:477:15)

  console.log


      at Object.<anonymous> (tests/unit/query-performance.test.ts:478:15)

  console.log
      Γ£à Pagination optimized:

      at Object.<anonymous> (tests/unit/query-performance.test.ts:479:15)

  console.log
         - Cursor pagination ready

      at Object.<anonymous> (tests/unit/query-performance.test.ts:480:15)

  console.log
         - Single query per page request

      at Object.<anonymous> (tests/unit/query-performance.test.ts:481:15)

  console.log


      at Object.<anonymous> (tests/unit/query-performance.test.ts:482:15)

  console.log
    ΓòÉΓòÉΓòÉΓòÉΓòÉΓòÉΓòÉΓòÉΓòÉΓòÉΓòÉΓòÉΓòÉΓòÉΓòÉΓòÉΓòÉΓòÉΓòÉΓòÉΓòÉΓòÉΓòÉΓòÉΓòÉΓòÉΓòÉΓòÉΓòÉΓòÉΓòÉΓòÉΓòÉΓòÉΓòÉΓòÉΓòÉΓòÉΓòÉΓòÉΓòÉΓòÉΓòÉΓòÉΓòÉΓòÉΓòÉΓòÉΓòÉΓòÉΓòÉΓòÉΓòÉΓòÉΓòÉΓòÉΓòÉΓòÉΓòÉ

      at Object.<anonymous> (tests/unit/query-performance.test.ts:483:15)

  console.log


      at Object.<anonymous> (tests/unit/query-performance.test.ts:484:15)

PASS tests/unit/query-performance.test.ts
  Query Performance Tests - OPT-016
    Trip Service Queries
      ΓêÜ getPublicTrips should use select/include (no N+1) (31 ms)
      ΓêÜ getTripBySlug should prevent N+1 with proper includes (17 ms)
    Booking Service Queries
      ΓêÜ getBookings should use select with relations (no N+1) (7 ms)
      ΓêÜ getBookingById should eagerly load all relations (7 ms)
    User Service Queries
      ΓêÜ getUserWithRelations should not trigger N+1 (17 ms)
    Blog Service Queries
      ΓêÜ getBlogs should use select to limit fields (performance) (13 ms)
    Analytics Query Optimization
      ΓêÜ getBookingStats should use aggregation (no N+1) (14 ms)
      ΓêÜ getMonthlySalesData should batch queries (14 ms)
    Database Index Verification
      ΓêÜ Trip queries should use indexed columns (status, slug) (29 ms)
      ΓêÜ User status queries should use index (12 ms)
    Batch Operations (No N+1)
      ΓêÜ updateMultipleTripsStatus should use batch update (15 ms)
      ΓêÜ deleteMultipleRecords should use batch delete (11 ms)
    Pagination Query Efficiency
      ΓêÜ cursor-based pagination should be efficient (15 ms)
    Performance Summary
      ΓêÜ should summarize all optimizations (53 ms)

warn The configuration property `package.json#prisma` is deprecated and will be removed in Prisma 7. Please migrate to a Prisma config file (e.g., 
`prisma.config.ts`).
For more information, see: https://pris.ly/prisma-config

Loaded Prisma config from prisma.config.ts.

warn The Prisma config file in prisma.config.ts overrides the deprecated `package.json#prisma` property in package.json.
  For more information, see: https://pris.ly/prisma-config

Prisma config detected, skipping environment variable loading.
Prisma schema loaded from prisma\schema.prisma
Datasource "db": PostgreSQL database "param_adventures", schema "public" at "localhost:5433"

57 migrations found in prisma/migrations


No pending migrations to apply.
PASS tests/unit/inquiry.controller.test.ts
  InquiryController
    createInquiry
      ΓêÜ should create inquiry and return 201 on success (13 ms)

warn The configuration property `package.json#prisma` is deprecated and will be removed in Prisma 7. Please migrate to a Prisma config file (e.g., 
`prisma.config.ts`).
For more information, see: https://pris.ly/prisma-config

Loaded Prisma config from prisma.config.ts.

warn The Prisma config file in prisma.config.ts overrides the deprecated `package.json#prisma` property in package.json.
  For more information, see: https://pris.ly/prisma-config

Prisma config detected, skipping environment variable loading.
Prisma schema loaded from prisma\schema.prisma
Datasource "db": PostgreSQL database "param_adventures", schema "public" at "localhost:5433"

57 migrations found in prisma/migrations


No pending migrations to apply.
PASS tests/integration/mock_check.test.ts
  Mock Check
    ΓêÜ should have a mocked prisma (3 ms)

warn The configuration property `package.json#prisma` is deprecated and will be removed in Prisma 7. Please migrate to a Prisma config file (e.g., 
`prisma.config.ts`).
For more information, see: https://pris.ly/prisma-config

Loaded Prisma config from prisma.config.ts.

warn The Prisma config file in prisma.config.ts overrides the deprecated `package.json#prisma` property in package.json.
  For more information, see: https://pris.ly/prisma-config

Prisma config detected, skipping environment variable loading.
Prisma schema loaded from prisma\schema.prisma
Datasource "db": PostgreSQL database "param_adventures", schema "public" at "localhost:5433"

57 migrations found in prisma/migrations


No pending migrations to apply.
  console.log
    [AuthService] Linked Google account google123 to existing user 2

      at AuthService.socialLogin (src/services/auth.service.ts:81:17)

  console.log
    [AuthService] Created new user user3 via Google login

      at AuthService.socialLogin (src/services/auth.service.ts:94:17)

PASS tests/unit/auth.service.test.ts
  AuthService
    register
      ΓêÜ should register successfully (2 ms)
    login
      ΓêÜ should login successfully (1 ms)
      ΓêÜ should fail with invalid creds (15 ms)
    socialLogin
      ΓêÜ should login user if googleId exists (3 ms)
      ΓêÜ should link googleId to existing user with matching email and login (9 ms)
      ΓêÜ should create new user if neither googleId nor email exists and login (4 ms)

warn The configuration property `package.json#prisma` is deprecated and will be removed in Prisma 7. Please migrate to a Prisma config file (e.g., 
`prisma.config.ts`).
For more information, see: https://pris.ly/prisma-config

Loaded Prisma config from prisma.config.ts.

warn The Prisma config file in prisma.config.ts overrides the deprecated `package.json#prisma` property in package.json.
  For more information, see: https://pris.ly/prisma-config

Prisma config detected, skipping environment variable loading.
Prisma schema loaded from prisma\schema.prisma
Datasource "db": PostgreSQL database "param_adventures", schema "public" at "localhost:5433"

57 migrations found in prisma/migrations


No pending migrations to apply.
PASS tests/unit/blog.service.test.ts
  BlogService
    createBlog
      ΓêÜ creates a blog with valid data (2 ms)
      ΓêÜ throws error when tripId is missing (18 ms)
      ΓêÜ throws error when user has not completed the trip (1 ms)
      ΓêÜ generates slug from title (3 ms)
      ΓêÜ logs audit event after successful creation (1 ms)
      ΓêÜ propagates creation errors (4 ms)
    getBlogById
      ΓêÜ retrieves blog by ID with all relations (1 ms)
      ΓêÜ filters by PUBLISHED status for public users
      ΓêÜ allows author to view own drafts (1 ms)
      ΓêÜ allows admin to view all blogs (1 ms)
    getBlogBySlug
      ΓêÜ retrieves blog by slug (1 ms)
      ΓêÜ filters by PUBLISHED status for public users
      ΓêÜ allows admin to view all statuses (1 ms)
      ΓêÜ returns null for invalid slug (1 ms)
    updateBlog
      ΓêÜ updates blog with new data (1 ms)
      ΓêÜ regenerates slug when title changes (6 ms)
      ΓêÜ reverts to PENDING_REVIEW if blog was APPROVED (1 ms)
      ΓêÜ throws error when blog not found or not owned by user (1 ms)
      ΓêÜ propagates update errors (1 ms)
    submitForReview
      ΓêÜ changes status to PENDING_REVIEW (1 ms)
      ΓêÜ validates author ownership (1 ms)
    approveBlog
      ΓêÜ changes status to APPROVED (1 ms)
      ΓêÜ logs audit event (1 ms)
      ΓêÜ propagates errors (1 ms)
    rejectBlog
      ΓêÜ changes status to REJECTED (1 ms)
      ΓêÜ logs rejection reason in audit (1 ms)
    publishBlog
      ΓêÜ changes status to PUBLISHED (2 ms)
      ΓêÜ throws error when blog not found (1 ms)
    deleteBlog
      ΓêÜ deletes blog when user is author (1 ms)
      ΓêÜ deletes blog when user is admin (1 ms)
      ΓêÜ throws error when user is not author or admin (1 ms)
    listBlogs
      ΓêÜ returns paginated blog list (2 ms)
      ΓêÜ filters by status when provided (1 ms)
      ΓêÜ filters by authorId when provided (1 ms)
      ΓêÜ allows admin to view all blogs (1 ms)

warn The configuration property `package.json#prisma` is deprecated and will be removed in Prisma 7. Please migrate to a Prisma config file (e.g., 
`prisma.config.ts`).
For more information, see: https://pris.ly/prisma-config

Loaded Prisma config from prisma.config.ts.

warn The Prisma config file in prisma.config.ts overrides the deprecated `package.json#prisma` property in package.json.
  For more information, see: https://pris.ly/prisma-config

Prisma config detected, skipping environment variable loading.
Prisma schema loaded from prisma\schema.prisma
Datasource "db": PostgreSQL database "param_adventures", schema "public" at "localhost:5433"

57 migrations found in prisma/migrations


No pending migrations to apply.
PASS tests/unit/media.service.test.ts
  MediaService
    createImage
      ΓêÜ creates an image record with valid file (3 ms)
      ΓêÜ throws error when no file is provided (13 ms)
      ΓêÜ creates image with custom media type (3 ms)
      ΓêÜ handles files without width/height (1 ms)
    setTripCoverImage
      ΓêÜ updates trip cover image (1 ms)
    listMedia
      ΓêÜ returns paginated media list (2 ms)
      ΓêÜ filters media by type (1 ms)
      ΓêÜ ignores filter when type is ALL (1 ms)
      ΓêÜ calculates pagination correctly (7 ms)
      ΓêÜ uses default pagination values (1 ms)
    deleteMedia
      ΓêÜ deletes media successfully (1 ms)
      ΓêÜ throws error when media is in use (P2003) (2 ms)
      ΓêÜ throws error when media not found (P2025) (1 ms)
      ΓêÜ propagates other database errors (2 ms)
      ΓêÜ throws HttpError when media not found by findUnique (1 ms)
      ΓêÜ logs warning when Cloudinary cleanup fails (1 ms)
    getMediaById
      ΓêÜ retrieves media item with usage statistics (2 ms)
      ΓêÜ throws error when media not found (3 ms)

warn The configuration property `package.json#prisma` is deprecated and will be removed in Prisma 7. Please migrate to a Prisma config file (e.g., 
`prisma.config.ts`).
For more information, see: https://pris.ly/prisma-config

Loaded Prisma config from prisma.config.ts.

warn The Prisma config file in prisma.config.ts overrides the deprecated `package.json#prisma` property in package.json.
  For more information, see: https://pris.ly/prisma-config

Prisma config detected, skipping environment variable loading.
Prisma schema loaded from prisma\schema.prisma
Datasource "db": PostgreSQL database "param_adventures", schema "public" at "localhost:5433"

57 migrations found in prisma/migrations


No pending migrations to apply.
PASS tests/unit/payment.service.test.ts
  paymentService.reconcilePayment
    ΓêÜ logs and returns when payment is missing (2 ms)
    ΓêÜ logs and returns when providerPaymentId is missing (1 ms)
    ΓêÜ returns early for final statuses (1 ms)
    ΓêÜ updates payment and booking when remote status is captured (1 ms)
    ΓêÜ marks payment failed when remote status is failed (1 ms)
    ΓêÜ propagates errors from fetchPayment for retry (7 ms)
    ΓêÜ should throw error on network timeout during fetchPayment (Edge Case) (1 ms)

warn The configuration property `package.json#prisma` is deprecated and will be removed in Prisma 7. Please migrate to a Prisma config file (e.g., 
`prisma.config.ts`).
For more information, see: https://pris.ly/prisma-config

Loaded Prisma config from prisma.config.ts.

warn The Prisma config file in prisma.config.ts overrides the deprecated `package.json#prisma` property in package.json.
  For more information, see: https://pris.ly/prisma-config

Prisma config detected, skipping environment variable loading.
Prisma schema loaded from prisma\schema.prisma
Datasource "db": PostgreSQL database "param_adventures", schema "public" at "localhost:5433"

57 migrations found in prisma/migrations


No pending migrations to apply.
PASS tests/unit/admin.service.test.ts
  AdminService
    getDashboardStats
      ΓêÜ retrieves dashboard statistics (6 ms)
      ΓêÜ handles empty recent activity (5 ms)
    listUsers
      ΓêÜ lists all users without filter (7 ms)
      ΓêÜ filters users by role (4 ms)
      ΓêÜ returns empty array when no users found (3 ms)
    updateUserStatus
      ΓêÜ updates user status to SUSPENDED (5 ms)
      ΓêÜ throws error for invalid status (36 ms)
      ΓêÜ updates user status without reason (4 ms)
    deleteUser
      ΓêÜ soft deletes a user (7 ms)
      ΓêÜ creates audit log on deletion (7 ms)
    unsuspendUser
      ΓêÜ unsuspends a user and sets status to ACTIVE (8 ms)
      ΓêÜ clears status reason on unsuspend (20 ms)
    getModerationSummary
      ΓêÜ returns moderation summary with counts (3 ms)
      ΓêÜ handles zero pending items (2 ms)
    getUserById
      ΓêÜ retrieves user details with roles and activity counts (4 ms)
      ΓêÜ throws error when user not found (3 ms)
      ΓêÜ includes status reason if present (3 ms)

warn The configuration property `package.json#prisma` is deprecated and will be removed in Prisma 7. Please migrate to a Prisma config file (e.g., 
`prisma.config.ts`).
For more information, see: https://pris.ly/prisma-config

Loaded Prisma config from prisma.config.ts.

warn The Prisma config file in prisma.config.ts overrides the deprecated `package.json#prisma` property in package.json.
  For more information, see: https://pris.ly/prisma-config

Prisma config detected, skipping environment variable loading.
Prisma schema loaded from prisma\schema.prisma
Datasource "db": PostgreSQL database "param_adventures", schema "public" at "localhost:5433"

57 migrations found in prisma/migrations


No pending migrations to apply.
FAIL tests/unit/review.service.test.ts
  ΓùÅ Test suite failed to run

    [96mtests/unit/review.service.test.ts[0m:[93m48[0m:[93m55[0m - [91merror[0m[90m TS2345: [0mArgument of type '{ tripId: string; rating: number; 
comment: string; }' is not assignable to parameter of type 'ReviewUncheckedCreateInput'.
      Property 'userId' is missing in type '{ tripId: string; rating: number; comment: string; }' but required in type 'ReviewUncheckedCreateInput'.

    [7m48[0m       const result = await reviewService.createReview(reviewData, userId);
    [7m  [0m [91m                                                      ~~~~~~~~~~[0m

      [96m../../node_modules/.prisma/client/index.d.ts[0m:[93m30201[0m:[93m5[0m
        [7m30201[0m     userId: string
        [7m     [0m [96m    ~~~~~~[0m
        'userId' is declared here.
    [96mtests/unit/review.service.test.ts[0m:[93m88[0m:[93m47[0m - [91merror[0m[90m TS2345: [0mArgument of type '{ rating: number; }' is not 
assignable to parameter of type 'ReviewUncheckedCreateInput'.
      Type '{ rating: number; }' is missing the following properties from type 'ReviewUncheckedCreateInput': userId, tripId

    [7m88[0m       await expect(reviewService.createReview(reviewData, userId)).rejects.toThrow(
    [7m  [0m [91m                                              ~~~~~~~~~~[0m
    [96mtests/unit/review.service.test.ts[0m:[93m99[0m:[93m47[0m - [91merror[0m[90m TS2345: [0mArgument of type '{ tripId: string; }' is not 
assignable to parameter of type 'ReviewUncheckedCreateInput'.
      Type '{ tripId: string; }' is missing the following properties from type 'ReviewUncheckedCreateInput': rating, userId

    [7m99[0m       await expect(reviewService.createReview(reviewData, userId)).rejects.toThrow(
    [7m  [0m [91m                                              ~~~~~~~~~~[0m
    [96mtests/unit/review.service.test.ts[0m:[93m111[0m:[93m47[0m - [91merror[0m[90m TS2345: [0mArgument of type '{ tripId: string; rating: number; 
}' is not assignable to parameter of type 'ReviewUncheckedCreateInput'.
      Property 'userId' is missing in type '{ tripId: string; rating: number; }' but required in type 'ReviewUncheckedCreateInput'.

    [7m111[0m       await expect(reviewService.createReview(reviewData, userId)).rejects.toThrow(
    [7m   [0m [91m                                              ~~~~~~~~~~[0m

      [96m../../node_modules/.prisma/client/index.d.ts[0m:[93m30201[0m:[93m5[0m
        [7m30201[0m     userId: string
        [7m     [0m [96m    ~~~~~~[0m
        'userId' is declared here.
    [96mtests/unit/review.service.test.ts[0m:[93m123[0m:[93m47[0m - [91merror[0m[90m TS2345: [0mArgument of type '{ tripId: string; rating: number; 
}' is not assignable to parameter of type 'ReviewUncheckedCreateInput'.
      Property 'userId' is missing in type '{ tripId: string; rating: number; }' but required in type 'ReviewUncheckedCreateInput'.

    [7m123[0m       await expect(reviewService.createReview(reviewDataLow, userId)).rejects.toThrow(
    [7m   [0m [91m                                              ~~~~~~~~~~~~~[0m

      [96m../../node_modules/.prisma/client/index.d.ts[0m:[93m30201[0m:[93m5[0m
        [7m30201[0m     userId: string
        [7m     [0m [96m    ~~~~~~[0m
        'userId' is declared here.
    [96mtests/unit/review.service.test.ts[0m:[93m137[0m:[93m47[0m - [91merror[0m[90m TS2345: [0mArgument of type '{ tripId: string; rating: number; 
}' is not assignable to parameter of type 'ReviewUncheckedCreateInput'.
      Property 'userId' is missing in type '{ tripId: string; rating: number; }' but required in type 'ReviewUncheckedCreateInput'.

    [7m137[0m       await expect(reviewService.createReview(reviewData, userId)).rejects.toThrow(
    [7m   [0m [91m                                              ~~~~~~~~~~[0m

      [96m../../node_modules/.prisma/client/index.d.ts[0m:[93m30201[0m:[93m5[0m
        [7m30201[0m     userId: string
        [7m     [0m [96m    ~~~~~~[0m
        'userId' is declared here.
    [96mtests/unit/review.service.test.ts[0m:[93m160[0m:[93m47[0m - [91merror[0m[90m TS2345: [0mArgument of type '{ tripId: string; rating: number; 
}' is not assignable to parameter of type 'ReviewUncheckedCreateInput'.
      Property 'userId' is missing in type '{ tripId: string; rating: number; }' but required in type 'ReviewUncheckedCreateInput'.

    [7m160[0m       await expect(reviewService.createReview(reviewData, userId)).rejects.toThrow(
    [7m   [0m [91m                                              ~~~~~~~~~~[0m

      [96m../../node_modules/.prisma/client/index.d.ts[0m:[93m30201[0m:[93m5[0m
        [7m30201[0m     userId: string
        [7m     [0m [96m    ~~~~~~[0m
        'userId' is declared here.
    [96mtests/unit/review.service.test.ts[0m:[93m177[0m:[93m47[0m - [91merror[0m[90m TS2345: [0mArgument of type '{ tripId: string; rating: number; 
}' is not assignable to parameter of type 'ReviewUncheckedCreateInput'.
      Property 'userId' is missing in type '{ tripId: string; rating: number; }' but required in type 'ReviewUncheckedCreateInput'.

    [7m177[0m       await expect(reviewService.createReview(reviewData, userId)).rejects.toThrow(
    [7m   [0m [91m                                              ~~~~~~~~~~[0m

      [96m../../node_modules/.prisma/client/index.d.ts[0m:[93m30201[0m:[93m5[0m
        [7m30201[0m     userId: string
        [7m     [0m [96m    ~~~~~~[0m
        'userId' is declared here.

Summary of all failing tests
FAIL tests/unit/user.service.test.ts (8.697 s)
  ΓùÅ UserService ΓÇ║ updateProfile ΓÇ║ should update user profile with all fields

    expect(jest.fn()).toHaveBeenCalledWith(...expected)

    - Expected
    + Received

    @@ -1,10 +1,14 @@
      Object {
        "data": Object {
          "address": "456 New St",
          "age": 30,
    -     "avatarImageId": "img-456",
    +     "avatarImage": Object {
    +       "connect": Object {
    +         "id": "img-456",
    +       },
    +     },
          "bio": "Updated bio",
          "gender": "FEMALE",
          "name": "Updated Name",
          "nickname": "NewNick",
          "phoneNumber": "+9876543210",,

    Number of calls: 1

    [0m [90m 297 |[39m
     [90m 298 |[39m       expect(result)[33m.[39mtoEqual(mockUpdatedUser)[33m;[39m
    [31m[1m>[22m[39m[90m 299 |[39m       expect(prisma[33m.[39muser[33m.[39mupdate)[33m.[39mtoHaveBeenCalledWith({
     [90m     |[39m                                  [31m[1m^[22m[39m
     [90m 300 |[39m         where[33m:[39m { id[33m:[39m [32m"user-123"[39m }[33m,[39m
     [90m 301 |[39m         data[33m:[39m {
     [90m 302 |[39m           name[33m:[39m [32m"Updated Name"[39m[33m,[39m[0m

      at Object.<anonymous> (tests/unit/user.service.test.ts:299:34)

FAIL tests/unit/booking.service.test.ts
  ΓùÅ BookingService ΓÇ║ createBooking ΓÇ║ should create a booking successfully

    expect(jest.fn()).toHaveBeenCalled()

    Expected number of calls: >= 1
    Received number of calls:    0

    [0m [90m 66 |[39m       expect(result[33m.[39mtotalPrice)[33m.[39mtoBe([35m200[39m)[33m;[39m
     [90m 67 |[39m       expect(prismaMock[33m.[39mbooking[33m.[39mcreate)[33m.[39mtoHaveBeenCalled()[33m;[39m
    [31m[1m>[22m[39m[90m 68 |[39m       expect(notificationQueue[33m.[39madd)[33m.[39mtoHaveBeenCalled()[33m;[39m
     [90m    |[39m                                     [31m[1m^[22m[39m
     [90m 69 |[39m     })[33m;[39m
     [90m 70 |[39m
     [90m 71 |[39m     it([32m"should throw error if trip not found"[39m[33m,[39m [36masync[39m () [33m=>[39m {[0m

      at Object.<anonymous> (tests/unit/booking.service.test.ts:68:37)

FAIL tests/unit/review.service.test.ts
  ΓùÅ Test suite failed to run

    [96mtests/unit/review.service.test.ts[0m:[93m48[0m:[93m55[0m - [91merror[0m[90m TS2345: [0mArgument of type '{ tripId: string; rating: number; 
comment: string; }' is not assignable to parameter of type 'ReviewUncheckedCreateInput'.
      Property 'userId' is missing in type '{ tripId: string; rating: number; comment: string; }' but required in type 'ReviewUncheckedCreateInput'.

    [7m48[0m       const result = await reviewService.createReview(reviewData, userId);
    [7m  [0m [91m                                                      ~~~~~~~~~~[0m

      [96m../../node_modules/.prisma/client/index.d.ts[0m:[93m30201[0m:[93m5[0m
        [7m30201[0m     userId: string
        [7m     [0m [96m    ~~~~~~[0m
        'userId' is declared here.
    [96mtests/unit/review.service.test.ts[0m:[93m88[0m:[93m47[0m - [91merror[0m[90m TS2345: [0mArgument of type '{ rating: number; }' is not 
assignable to parameter of type 'ReviewUncheckedCreateInput'.
      Type '{ rating: number; }' is missing the following properties from type 'ReviewUncheckedCreateInput': userId, tripId

    [7m88[0m       await expect(reviewService.createReview(reviewData, userId)).rejects.toThrow(
    [7m  [0m [91m                                              ~~~~~~~~~~[0m
    [96mtests/unit/review.service.test.ts[0m:[93m99[0m:[93m47[0m - [91merror[0m[90m TS2345: [0mArgument of type '{ tripId: string; }' is not 
assignable to parameter of type 'ReviewUncheckedCreateInput'.
      Type '{ tripId: string; }' is missing the following properties from type 'ReviewUncheckedCreateInput': rating, userId

    [7m99[0m       await expect(reviewService.createReview(reviewData, userId)).rejects.toThrow(
    [7m  [0m [91m                                              ~~~~~~~~~~[0m
    [96mtests/unit/review.service.test.ts[0m:[93m111[0m:[93m47[0m - [91merror[0m[90m TS2345: [0mArgument of type '{ tripId: string; rating: number; 
}' is not assignable to parameter of type 'ReviewUncheckedCreateInput'.
      Property 'userId' is missing in type '{ tripId: string; rating: number; }' but required in type 'ReviewUncheckedCreateInput'.

    [7m111[0m       await expect(reviewService.createReview(reviewData, userId)).rejects.toThrow(
    [7m   [0m [91m                                              ~~~~~~~~~~[0m

      [96m../../node_modules/.prisma/client/index.d.ts[0m:[93m30201[0m:[93m5[0m
        [7m30201[0m     userId: string
        [7m     [0m [96m    ~~~~~~[0m
        'userId' is declared here.
    [96mtests/unit/review.service.test.ts[0m:[93m123[0m:[93m47[0m - [91merror[0m[90m TS2345: [0mArgument of type '{ tripId: string; rating: number; 
}' is not assignable to parameter of type 'ReviewUncheckedCreateInput'.
      Property 'userId' is missing in type '{ tripId: string; rating: number; }' but required in type 'ReviewUncheckedCreateInput'.

    [7m123[0m       await expect(reviewService.createReview(reviewDataLow, userId)).rejects.toThrow(
    [7m   [0m [91m                                              ~~~~~~~~~~~~~[0m

      [96m../../node_modules/.prisma/client/index.d.ts[0m:[93m30201[0m:[93m5[0m
        [7m30201[0m     userId: string
        [7m     [0m [96m    ~~~~~~[0m
        'userId' is declared here.
    [96mtests/unit/review.service.test.ts[0m:[93m137[0m:[93m47[0m - [91merror[0m[90m TS2345: [0mArgument of type '{ tripId: string; rating: number; 
}' is not assignable to parameter of type 'ReviewUncheckedCreateInput'.
      Property 'userId' is missing in type '{ tripId: string; rating: number; }' but required in type 'ReviewUncheckedCreateInput'.

    [7m137[0m       await expect(reviewService.createReview(reviewData, userId)).rejects.toThrow(
    [7m   [0m [91m                                              ~~~~~~~~~~[0m

      [96m../../node_modules/.prisma/client/index.d.ts[0m:[93m30201[0m:[93m5[0m
        [7m30201[0m     userId: string
        [7m     [0m [96m    ~~~~~~[0m
        'userId' is declared here.
    [96mtests/unit/review.service.test.ts[0m:[93m160[0m:[93m47[0m - [91merror[0m[90m TS2345: [0mArgument of type '{ tripId: string; rating: number; 
}' is not assignable to parameter of type 'ReviewUncheckedCreateInput'.
      Property 'userId' is missing in type '{ tripId: string; rating: number; }' but required in type 'ReviewUncheckedCreateInput'.

    [7m160[0m       await expect(reviewService.createReview(reviewData, userId)).rejects.toThrow(
    [7m   [0m [91m                                              ~~~~~~~~~~[0m

      [96m../../node_modules/.prisma/client/index.d.ts[0m:[93m30201[0m:[93m5[0m
        [7m30201[0m     userId: string
        [7m     [0m [96m    ~~~~~~[0m
        'userId' is declared here.
    [96mtests/unit/review.service.test.ts[0m:[93m177[0m:[93m47[0m - [91merror[0m[90m TS2345: [0mArgument of type '{ tripId: string; rating: number; 
}' is not assignable to parameter of type 'ReviewUncheckedCreateInput'.
      Property 'userId' is missing in type '{ tripId: string; rating: number; }' but required in type 'ReviewUncheckedCreateInput'.

    [7m177[0m       await expect(reviewService.createReview(reviewData, userId)).rejects.toThrow(
    [7m   [0m [91m                                              ~~~~~~~~~~[0m

      [96m../../node_modules/.prisma/client/index.d.ts[0m:[93m30201[0m:[93m5[0m
        [7m30201[0m     userId: string
        [7m     [0m [96m    ~~~~~~[0m
        'userId' is declared here.


Test Suites: 3 failed, 30 passed, 33 total
Tests:       2 failed, 351 passed, 353 total
Snapshots:   0 total
Time:        133.361 s
Ran all test suites.

Running global teardown...
Global teardown complete.
npm error Lifecycle script `test:ci` failed with error:
npm error code 1
npm error path C:\Users\akash\Documents\Param_Adventures_Phase1\apps\api
npm error workspace api@1.0.0
npm error location C:\Users\akash\Documents\Param_Adventures_Phase1\apps\api
npm error command failed
npm error command C:\WINDOWS\system32\cmd.exe /d /s /c jest --ci --runInBand --forceExit --detectOpenHandles --config jest.config.js
